Archive member included to satisfy reference by file (symbol)

C:/Users/admin/workspace_v8/tivac_EK-TM4C123GXL_Wire/Debug\libtivac_EK-TM4C123GXL_Wire.a(Wire.o)
                              ./ModBus_Serial_Slave.o (TwoWire::write(unsigned char const*, unsigned int))
C:/Users/admin/workspace_v8/tivac_EK-TM4C123GXL_ModbusSerial/Debug\libtivac_EK-TM4C123GXL_ModbusSerial.a(ModbusSerial.o)
                              ./ModBus_Serial_Slave.o (ModbusSerial::ModbusSerial())
C:/Users/admin/workspace_v8/tivac_EK-TM4C123GXL_Modbus/Debug\libtivac_EK-TM4C123GXL_Modbus.a(Modbus.o)
                              C:/Users/admin/workspace_v8/tivac_EK-TM4C123GXL_ModbusSerial/Debug\libtivac_EK-TM4C123GXL_ModbusSerial.a(ModbusSerial.o) (Modbus::Modbus())
C:/Users/admin/workspace_v8/tivac_EK-TM4C123GXL_core/Debug\libtivac_EK-TM4C123GXL_core.a(startup_gcc.o)
                              (ResetISR)
C:/Users/admin/workspace_v8/tivac_EK-TM4C123GXL_core/Debug\libtivac_EK-TM4C123GXL_core.a(WInterrupts.o)
                              C:/Users/admin/workspace_v8/tivac_EK-TM4C123GXL_core/Debug\libtivac_EK-TM4C123GXL_core.a(startup_gcc.o) (GPIOAIntHandler)
C:/Users/admin/workspace_v8/tivac_EK-TM4C123GXL_core/Debug\libtivac_EK-TM4C123GXL_core.a(wiring.o)
                              ./ModBus_Serial_Slave.o (delay)
C:/Users/admin/workspace_v8/tivac_EK-TM4C123GXL_core/Debug\libtivac_EK-TM4C123GXL_core.a(wiring_digital.o)
                              ./ModBus_Serial_Slave.o (pinMode)
C:/Users/admin/workspace_v8/tivac_EK-TM4C123GXL_core/Debug\libtivac_EK-TM4C123GXL_core.a(HardwareSerial.o)
                              C:/Users/admin/workspace_v8/tivac_EK-TM4C123GXL_ModbusSerial/Debug\libtivac_EK-TM4C123GXL_ModbusSerial.a(ModbusSerial.o) (HardwareSerial::begin(unsigned long))
C:/Users/admin/workspace_v8/tivac_EK-TM4C123GXL_core/Debug\libtivac_EK-TM4C123GXL_core.a(main.o)
                              C:/Users/admin/workspace_v8/tivac_EK-TM4C123GXL_core/Debug\libtivac_EK-TM4C123GXL_core.a(startup_gcc.o) (_init)
C:/Users/admin/workspace_v8/tivac_EK-TM4C123GXL_core/Debug\libtivac_EK-TM4C123GXL_core.a(Print.o)
                              C:/Users/admin/workspace_v8/tivac_EK-TM4C123GXL_core/Debug\libtivac_EK-TM4C123GXL_core.a(HardwareSerial.o) (Print::write(unsigned char const*, unsigned int))
C:/Users/admin/workspace_v8/tivac_EK-TM4C123GXL_core/Debug\libtivac_EK-TM4C123GXL_core.a(new.o)
                              C:/Users/admin/workspace_v8/tivac_EK-TM4C123GXL_core/Debug\libtivac_EK-TM4C123GXL_core.a(Print.o) (__cxa_pure_virtual)
C:/Users/admin/AppData/Local/Energia15/packages/energia/hardware/tivac/1.0.3/system/driverlib\libdriverlib.a(eeprom.o)
                              C:/Users/admin/workspace_v8/tivac_EK-TM4C123GXL_core/Debug\libtivac_EK-TM4C123GXL_core.a(main.o) (EEPROMMassErase)
C:/Users/admin/AppData/Local/Energia15/packages/energia/hardware/tivac/1.0.3/system/driverlib\libdriverlib.a(gpio.o)
                              C:/Users/admin/workspace_v8/tivac_EK-TM4C123GXL_core/Debug\libtivac_EK-TM4C123GXL_core.a(wiring_digital.o) (GPIOPadConfigSet)
C:/Users/admin/AppData/Local/Energia15/packages/energia/hardware/tivac/1.0.3/system/driverlib\libdriverlib.a(i2c.o)
                              C:/Users/admin/workspace_v8/tivac_EK-TM4C123GXL_Wire/Debug\libtivac_EK-TM4C123GXL_Wire.a(Wire.o) (I2CSlaveEnable)
C:/Users/admin/AppData/Local/Energia15/packages/energia/hardware/tivac/1.0.3/system/driverlib\libdriverlib.a(interrupt.o)
                              C:/Users/admin/AppData/Local/Energia15/packages/energia/hardware/tivac/1.0.3/system/driverlib\libdriverlib.a(gpio.o) (IntRegister)
C:/Users/admin/AppData/Local/Energia15/packages/energia/hardware/tivac/1.0.3/system/driverlib\libdriverlib.a(sysctl.o)
                              C:/Users/admin/AppData/Local/Energia15/packages/energia/hardware/tivac/1.0.3/system/driverlib\libdriverlib.a(eeprom.o) (SysCtlPeripheralReset)
C:/Users/admin/AppData/Local/Energia15/packages/energia/hardware/tivac/1.0.3/system/driverlib\libdriverlib.a(cpu.o)
                              C:/Users/admin/AppData/Local/Energia15/packages/energia/hardware/tivac/1.0.3/system/driverlib\libdriverlib.a(interrupt.o) (CPUcpsid)
c:/users/admin/appdata/local/energia15/packages/energia/tools/arm-none-eabi-gcc/6.3.1-20170620/bin/../lib/gcc/arm-none-eabi/6.3.1/../../../../arm-none-eabi/lib/thumb/v7e-m/fpv4-sp/hard\libc_nano.a(lib_a-malloc.o)
                              C:/Users/admin/workspace_v8/tivac_EK-TM4C123GXL_ModbusSerial/Debug\libtivac_EK-TM4C123GXL_ModbusSerial.a(ModbusSerial.o) (malloc)
c:/users/admin/appdata/local/energia15/packages/energia/tools/arm-none-eabi-gcc/6.3.1-20170620/bin/../lib/gcc/arm-none-eabi/6.3.1/../../../../arm-none-eabi/lib/thumb/v7e-m/fpv4-sp/hard\libc_nano.a(lib_a-nano-freer.o)
[...]
Memory Configuration

Name             Origin             Length             Attributes
flash            0x00000000         0x00040000         xr
ram              0x20000000         0x00008000         xrw
*default*        0x00000000         0xffffffff

Linker script and memory map

LOAD ./ModBus_Serial_Slave.o
START GROUP

.text           0x00000000     0x251c
                0x00000000                . = ALIGN (0x4)
                0x00000000                _text = .
 *(.isr_vector)
 .isr_vector    0x00000000      0x26c C:/Users/admin/workspace_v8/tivac_EK-TM4C123GXL_core/Debug\libtivac_EK-TM4C123GXL_core.a(startup_gcc.o)
                0x00000000                g_pfnVectors
 *(.text .text* .gnu.linkonce.t.*)
 .text.setup    0x0000026c       0xa8 ./ModBus_Serial_Slave.o
                0x0000026c                setup
 .text.startup._GLOBAL__sub_I_modbus
                0x00000314        0xc ./ModBus_Serial_Slave.o
 .text.loop     0x00000320       0x9c ./ModBus_Serial_Slave.o
                0x00000320                loop
 .text._ZN5Print17availableForWriteEv
                0x000003bc        0x4 C:/Users/admin/workspace_v8/tivac_EK-TM4C123GXL_Wire/Debug\libtivac_EK-TM4C123GXL_Wire.a(Wire.o)
                0x000003bc                Print::availableForWrite()
 .text._ZN7TwoWire5writeEPKhj
                0x000003c0       0x20 C:/Users/admin/workspace_v8/tivac_EK-TM4C123GXL_Wire/Debug\libtivac_EK-TM4C123GXL_Wire.a(Wire.o)
                0x000003c0                TwoWire::write(unsigned char const*, unsigned int)
 .text._ZN7TwoWire9availableEv
                0x000003e0       0x20 C:/Users/admin/workspace_v8/tivac_EK-TM4C123GXL_Wire/Debug\libtivac_EK-TM4C123GXL_Wire.a(Wire.o)
                0x000003e0                TwoWire::available()
 .text._ZN7TwoWire4readEv
                0x00000400       0x3c C:/Users/admin/workspace_v8/tivac_EK-TM4C123GXL_Wire/Debug\libtivac_EK-TM4C123GXL_Wire.a(Wire.o)
                0x00000400                TwoWire::read()
 .text._ZN7TwoWire4peekEv
                0x0000043c       0x24 C:/Users/admin/workspace_v8/tivac_EK-TM4C123GXL_Wire/Debug\libtivac_EK-TM4C123GXL_Wire.a(Wire.o)
                0x0000043c                TwoWire::peek()
 .text._ZN7TwoWire5flushEv
                0x00000460       0x1c C:/Users/admin/workspace_v8/tivac_EK-TM4C123GXL_Wire/Debug\libtivac_EK-TM4C123GXL_Wire.a(Wire.o)
                0x00000460                TwoWire::flush()
 .text._ZN7TwoWire5writeEh
                0x0000047c       0x80 C:/Users/admin/workspace_v8/tivac_EK-TM4C123GXL_Wire/Debug\libtivac_EK-TM4C123GXL_Wire.a(Wire.o)
                0x0000047c                TwoWire::write(unsigned char)
 .text._Z8getErrorh
                0x000004fc       0x18 C:/Users/admin/workspace_v8/tivac_EK-TM4C123GXL_Wire/Debug\libtivac_EK-TM4C123GXL_Wire.a(Wire.o)
                0x000004fc                getError(unsigned char)
 .text._ZN7TwoWire10sendTxDataEmh
                0x00000514       0x7c C:/Users/admin/workspace_v8/tivac_EK-TM4C123GXL_Wire/Debug\libtivac_EK-TM4C123GXL_Wire.a(Wire.o)
                0x00000514                TwoWire::sendTxData(unsigned long, unsigned char)
 .text._ZN7TwoWire9forceStopEv
                0x00000590       0xe4 C:/Users/admin/workspace_v8/tivac_EK-TM4C123GXL_Wire/Debug\libtivac_EK-TM4C123GXL_Wire.a(Wire.o)
                0x00000590                TwoWire::forceStop()
 .text._ZN7TwoWire5beginEv
                0x00000674      0x1ac C:/Users/admin/workspace_v8/tivac_EK-TM4C123GXL_Wire/Debug\libtivac_EK-TM4C123GXL_Wire.a(Wire.o)
                0x00000674                TwoWire::begin()
 .text._ZN7TwoWire5beginEh
                0x00000820       0xfc C:/Users/admin/workspace_v8/tivac_EK-TM4C123GXL_Wire/Debug\libtivac_EK-TM4C123GXL_Wire.a(Wire.o)
                0x00000820                TwoWire::begin(unsigned char)
 .text._ZN7TwoWire17beginTransmissionEi
                0x0000091c       0x14 C:/Users/admin/workspace_v8/tivac_EK-TM4C123GXL_Wire/Debug\libtivac_EK-TM4C123GXL_Wire.a(Wire.o)
                0x0000091c                TwoWire::beginTransmission(int)
 .text._ZN7TwoWire15endTransmissionEh
                0x00000930      0x130 C:/Users/admin/workspace_v8/tivac_EK-TM4C123GXL_Wire/Debug\libtivac_EK-TM4C123GXL_Wire.a(Wire.o)
                0x00000930                TwoWire::endTransmission(unsigned char)
 .text._ZN7TwoWire15endTransmissionEv
                0x00000a60        0x6 C:/Users/admin/workspace_v8/tivac_EK-TM4C123GXL_Wire/Debug\libtivac_EK-TM4C123GXL_Wire.a(Wire.o)
                0x00000a60                TwoWire::endTransmission()
 *fill*         0x00000a66        0x2 
 .text._ZN7TwoWire13I2CIntHandlerEv
                0x00000a68      0x158 C:/Users/admin/workspace_v8/tivac_EK-TM4C123GXL_Wire/Debug\libtivac_EK-TM4C123GXL_Wire.a(Wire.o)
                0x00000a68                TwoWire::I2CIntHandler()
 .text.I2CIntHandler
                0x00000bc0        0xc C:/Users/admin/workspace_v8/tivac_EK-TM4C123GXL_Wire/Debug\libtivac_EK-TM4C123GXL_Wire.a(Wire.o)
                0x00000bc0                I2CIntHandler
 .text._ZN7TwoWire9setModuleEm
                0x00000bcc       0x1c C:/Users/admin/workspace_v8/tivac_EK-TM4C123GXL_Wire/Debug\libtivac_EK-TM4C123GXL_Wire.a(Wire.o)
                0x00000bcc                TwoWire::setModule(unsigned long)
 .text.startup._GLOBAL__sub_I__ZN7TwoWire8rxBufferE
                0x00000be8       0x1c C:/Users/admin/workspace_v8/tivac_EK-TM4C123GXL_Wire/Debug\libtivac_EK-TM4C123GXL_Wire.a(Wire.o)
 .text._ZN12ModbusSerialC2Ev
                0x00000c04        0xc C:/Users/admin/workspace_v8/tivac_EK-TM4C123GXL_ModbusSerial/Debug\libtivac_EK-TM4C123GXL_ModbusSerial.a(ModbusSerial.o)
                0x00000c04                ModbusSerial::ModbusSerial()
                0x00000c04                ModbusSerial::ModbusSerial()
 .text._ZN12ModbusSerial10setSlaveIdEh
                0x00000c10        0x8 C:/Users/admin/workspace_v8/tivac_EK-TM4C123GXL_ModbusSerial/Debug\libtivac_EK-TM4C123GXL_ModbusSerial.a(ModbusSerial.o)
                0x00000c10                ModbusSerial::setSlaveId(unsigned char)
 .text._ZN12ModbusSerial6configEP14HardwareSerialli
                0x00000c18       0x5c C:/Users/admin/workspace_v8/tivac_EK-TM4C123GXL_ModbusSerial/Debug\libtivac_EK-TM4C123GXL_ModbusSerial.a(ModbusSerial.o)
                0x00000c18                ModbusSerial::config(HardwareSerial*, long, int)
 .text._ZN6ModbusC2Ev
                0x00000c74        0x8 C:/Users/admin/workspace_v8/tivac_EK-TM4C123GXL_Modbus/Debug\libtivac_EK-TM4C123GXL_Modbus.a(Modbus.o)
                0x00000c74                Modbus::Modbus()
                0x00000c74                Modbus::Modbus()
 .text._ZN6Modbus6addRegEjj
                0x00000c7c       0x26 C:/Users/admin/workspace_v8/tivac_EK-TM4C123GXL_Modbus/Debug\libtivac_EK-TM4C123GXL_Modbus.a(Modbus.o)
                0x00000c7c                Modbus::addReg(unsigned int, unsigned int)
 .text._ZN6Modbus7addHregEjj
                0x00000ca2        0xa C:/Users/admin/workspace_v8/tivac_EK-TM4C123GXL_Modbus/Debug\libtivac_EK-TM4C123GXL_Modbus.a(Modbus.o)
                0x00000ca2                Modbus::addHreg(unsigned int, unsigned int)
 .text._ZN6Modbus7addIregEjj
                0x00000cac        0xa C:/Users/admin/workspace_v8/tivac_EK-TM4C123GXL_Modbus/Debug\libtivac_EK-TM4C123GXL_Modbus.a(Modbus.o)
                0x00000cac                Modbus::addIreg(unsigned int, unsigned int)
 .text.NmiSR    0x00000cb6        0x2 C:/Users/admin/workspace_v8/tivac_EK-TM4C123GXL_core/Debug\libtivac_EK-TM4C123GXL_core.a(startup_gcc.o)
 .text.FaultISR
                0x00000cb8        0x2 C:/Users/admin/workspace_v8/tivac_EK-TM4C123GXL_core/Debug\libtivac_EK-TM4C123GXL_core.a(startup_gcc.o)
 .text.IntDefaultHandler
                0x00000cba        0x2 C:/Users/admin/workspace_v8/tivac_EK-TM4C123GXL_core/Debug\libtivac_EK-TM4C123GXL_core.a(startup_gcc.o)
 .text.ResetISR
                0x00000cbc       0x98 C:/Users/admin/workspace_v8/tivac_EK-TM4C123GXL_core/Debug\libtivac_EK-TM4C123GXL_core.a(startup_gcc.o)
                0x00000cbc                ResetISR
 .text.ToneIntHandler
                0x00000d54        0x2 C:/Users/admin/workspace_v8/tivac_EK-TM4C123GXL_core/Debug\libtivac_EK-TM4C123GXL_core.a(startup_gcc.o)
                0x00000d54                ToneIntHandler
 *fill*         0x00000d56        0x2 
 .text._sbrk    0x00000d58       0x28 C:/Users/admin/workspace_v8/tivac_EK-TM4C123GXL_core/Debug\libtivac_EK-TM4C123GXL_core.a(startup_gcc.o)
                0x00000d58                _sbrk
 .text.GPIOXIntHandler
                0x00000d80       0x30 C:/Users/admin/workspace_v8/tivac_EK-TM4C123GXL_core/Debug\libtivac_EK-TM4C123GXL_core.a(WInterrupts.o)
                0x00000d80                GPIOXIntHandler
 .text.GPIOAIntHandler
                0x00000db0       0x10 C:/Users/admin/workspace_v8/tivac_EK-TM4C123GXL_core/Debug\libtivac_EK-TM4C123GXL_core.a(WInterrupts.o)
                0x00000db0                GPIOAIntHandler
 .text.GPIOBIntHandler
                0x00000dc0       0x10 C:/Users/admin/workspace_v8/tivac_EK-TM4C123GXL_core/Debug\libtivac_EK-TM4C123GXL_core.a(WInterrupts.o)
                0x00000dc0                GPIOBIntHandler
 .text.GPIOCIntHandler
                0x00000dd0       0x10 C:/Users/admin/workspace_v8/tivac_EK-TM4C123GXL_core/Debug\libtivac_EK-TM4C123GXL_core.a(WInterrupts.o)
                0x00000dd0                GPIOCIntHandler
 .text.GPIODIntHandler
                0x00000de0       0x10 C:/Users/admin/workspace_v8/tivac_EK-TM4C123GXL_core/Debug\libtivac_EK-TM4C123GXL_core.a(WInterrupts.o)
                0x00000de0                GPIODIntHandler
 .text.GPIOEIntHandler
                0x00000df0       0x10 C:/Users/admin/workspace_v8/tivac_EK-TM4C123GXL_core/Debug\libtivac_EK-TM4C123GXL_core.a(WInterrupts.o)
                0x00000df0                GPIOEIntHandler
 .text.GPIOFIntHandler
                0x00000e00       0x10 C:/Users/admin/workspace_v8/tivac_EK-TM4C123GXL_core/Debug\libtivac_EK-TM4C123GXL_core.a(WInterrupts.o)
                0x00000e00                GPIOFIntHandler
 .text.GPIOGIntHandler
                0x00000e10       0x10 C:/Users/admin/workspace_v8/tivac_EK-TM4C123GXL_core/Debug\libtivac_EK-TM4C123GXL_core.a(WInterrupts.o)
                0x00000e10                GPIOGIntHandler
 .text.GPIOHIntHandler
                0x00000e20       0x10 C:/Users/admin/workspace_v8/tivac_EK-TM4C123GXL_core/Debug\libtivac_EK-TM4C123GXL_core.a(WInterrupts.o)
                0x00000e20                GPIOHIntHandler
 .text.GPIOJIntHandler
                0x00000e30       0x10 C:/Users/admin/workspace_v8/tivac_EK-TM4C123GXL_core/Debug\libtivac_EK-TM4C123GXL_core.a(WInterrupts.o)
                0x00000e30                GPIOJIntHandler
 .text.GPIOKIntHandler
                0x00000e40       0x10 C:/Users/admin/workspace_v8/tivac_EK-TM4C123GXL_core/Debug\libtivac_EK-TM4C123GXL_core.a(WInterrupts.o)
                0x00000e40                GPIOKIntHandler
 .text.GPIOLIntHandler
                0x00000e50       0x10 C:/Users/admin/workspace_v8/tivac_EK-TM4C123GXL_core/Debug\libtivac_EK-TM4C123GXL_core.a(WInterrupts.o)
                0x00000e50                GPIOLIntHandler
 .text.GPIOMIntHandler
                0x00000e60       0x10 C:/Users/admin/workspace_v8/tivac_EK-TM4C123GXL_core/Debug\libtivac_EK-TM4C123GXL_core.a(WInterrupts.o)
                0x00000e60                GPIOMIntHandler
 .text.GPIONIntHandler
                0x00000e70       0x10 C:/Users/admin/workspace_v8/tivac_EK-TM4C123GXL_core/Debug\libtivac_EK-TM4C123GXL_core.a(WInterrupts.o)
                0x00000e70                GPIONIntHandler
 .text.GPIOPIntHandler
                0x00000e80       0x10 C:/Users/admin/workspace_v8/tivac_EK-TM4C123GXL_core/Debug\libtivac_EK-TM4C123GXL_core.a(WInterrupts.o)
                0x00000e80                GPIOPIntHandler
 .text.GPIOQIntHandler
                0x00000e90       0x10 C:/Users/admin/workspace_v8/tivac_EK-TM4C123GXL_core/Debug\libtivac_EK-TM4C123GXL_core.a(WInterrupts.o)
                0x00000e90                GPIOQIntHandler
 .text.timerInit
                0x00000ea0       0x58 C:/Users/admin/workspace_v8/tivac_EK-TM4C123GXL_core/Debug\libtivac_EK-TM4C123GXL_core.a(wiring.o)
                0x00000ea0                timerInit
 .text.delay    0x00000ef8       0x18 C:/Users/admin/workspace_v8/tivac_EK-TM4C123GXL_core/Debug\libtivac_EK-TM4C123GXL_core.a(wiring.o)
                0x00000ef8                delay
 .text.delayMicroseconds
                0x00000f10       0x50 C:/Users/admin/workspace_v8/tivac_EK-TM4C123GXL_core/Debug\libtivac_EK-TM4C123GXL_core.a(wiring.o)
                0x00000f10                delayMicroseconds
 .text.SysTickIntHandler
                0x00000f60       0x28 C:/Users/admin/workspace_v8/tivac_EK-TM4C123GXL_core/Debug\libtivac_EK-TM4C123GXL_core.a(wiring.o)
                0x00000f60                SysTickIntHandler
 .text.pinMode  0x00000f88       0xa8 C:/Users/admin/workspace_v8/tivac_EK-TM4C123GXL_core/Debug\libtivac_EK-TM4C123GXL_core.a(wiring_digital.o)
                0x00000f88                pinMode
 .text.digitalWrite
                0x00001030       0x3c C:/Users/admin/workspace_v8/tivac_EK-TM4C123GXL_core/Debug\libtivac_EK-TM4C123GXL_core.a(wiring_digital.o)
                0x00001030                digitalWrite
 .text._ZN14HardwareSerial9availableEv
                0x0000106c       0x12 C:/Users/admin/workspace_v8/tivac_EK-TM4C123GXL_core/Debug\libtivac_EK-TM4C123GXL_core.a(HardwareSerial.o)
                0x0000106c                HardwareSerial::available()
 .text._ZN14HardwareSerial4peekEv
                0x0000107e       0x12 C:/Users/admin/workspace_v8/tivac_EK-TM4C123GXL_core/Debug\libtivac_EK-TM4C123GXL_core.a(HardwareSerial.o)
                0x0000107e                HardwareSerial::peek()
 .text._ZN14HardwareSerial4readEv
                0x00001090       0x26 C:/Users/admin/workspace_v8/tivac_EK-TM4C123GXL_core/Debug\libtivac_EK-TM4C123GXL_core.a(HardwareSerial.o)
                0x00001090                HardwareSerial::read()
 *fill*         0x000010b6        0x2 
 .text._ZN14HardwareSerial5flushEv
                0x000010b8       0x2c C:/Users/admin/workspace_v8/tivac_EK-TM4C123GXL_core/Debug\libtivac_EK-TM4C123GXL_core.a(HardwareSerial.o)
                0x000010b8                HardwareSerial::flush()
 .text._ZN14HardwareSerialC2Ev
                0x000010e4       0x30 C:/Users/admin/workspace_v8/tivac_EK-TM4C123GXL_core/Debug\libtivac_EK-TM4C123GXL_core.a(HardwareSerial.o)
                0x000010e4                HardwareSerial::HardwareSerial()
                0x000010e4                HardwareSerial::HardwareSerial()
 .text._ZN14HardwareSerialC2Em
                0x00001114       0x30 C:/Users/admin/workspace_v8/tivac_EK-TM4C123GXL_core/Debug\libtivac_EK-TM4C123GXL_core.a(HardwareSerial.o)
                0x00001114                HardwareSerial::HardwareSerial(unsigned long)
                0x00001114                HardwareSerial::HardwareSerial(unsigned long)
 .text._ZN14HardwareSerial8flushAllEv
                0x00001144       0x34 C:/Users/admin/workspace_v8/tivac_EK-TM4C123GXL_core/Debug\libtivac_EK-TM4C123GXL_core.a(HardwareSerial.o)
                0x00001144                HardwareSerial::flushAll()
 .text._ZN14HardwareSerial13primeTransmitEm
                0x00001178       0x80 C:/Users/admin/workspace_v8/tivac_EK-TM4C123GXL_core/Debug\libtivac_EK-TM4C123GXL_core.a(HardwareSerial.o)
                0x00001178                HardwareSerial::primeTransmit(unsigned long)
 .text._ZN14HardwareSerial5writeEh
                0x000011f8       0x5c C:/Users/admin/workspace_v8/tivac_EK-TM4C123GXL_core/Debug\libtivac_EK-TM4C123GXL_core.a(HardwareSerial.o)
                0x000011f8                HardwareSerial::write(unsigned char)
 .text._ZN14HardwareSerial5beginEm
                0x00001254      0x110 C:/Users/admin/workspace_v8/tivac_EK-TM4C123GXL_core/Debug\libtivac_EK-TM4C123GXL_core.a(HardwareSerial.o)
                0x00001254                HardwareSerial::begin(unsigned long)
 .text._ZN14HardwareSerial14UARTIntHandlerEv
                0x00001364       0xcc C:/Users/admin/workspace_v8/tivac_EK-TM4C123GXL_core/Debug\libtivac_EK-TM4C123GXL_core.a(HardwareSerial.o)
                0x00001364                HardwareSerial::UARTIntHandler()
 .text.UARTIntHandler
                0x00001430        0xc C:/Users/admin/workspace_v8/tivac_EK-TM4C123GXL_core/Debug\libtivac_EK-TM4C123GXL_core.a(HardwareSerial.o)
                0x00001430                UARTIntHandler
 .text.UARTIntHandler1
                0x0000143c        0xc C:/Users/admin/workspace_v8/tivac_EK-TM4C123GXL_core/Debug\libtivac_EK-TM4C123GXL_core.a(HardwareSerial.o)
                0x0000143c                UARTIntHandler1
 .text.UARTIntHandler2
                0x00001448        0xc C:/Users/admin/workspace_v8/tivac_EK-TM4C123GXL_core/Debug\libtivac_EK-TM4C123GXL_core.a(HardwareSerial.o)
                0x00001448                UARTIntHandler2
 .text.UARTIntHandler3
                0x00001454        0xc C:/Users/admin/workspace_v8/tivac_EK-TM4C123GXL_core/Debug\libtivac_EK-TM4C123GXL_core.a(HardwareSerial.o)
                0x00001454                UARTIntHandler3
 .text.UARTIntHandler4
                0x00001460        0xc C:/Users/admin/workspace_v8/tivac_EK-TM4C123GXL_core/Debug\libtivac_EK-TM4C123GXL_core.a(HardwareSerial.o)
                0x00001460                UARTIntHandler4
 .text.UARTIntHandler5
                0x0000146c        0xc C:/Users/admin/workspace_v8/tivac_EK-TM4C123GXL_core/Debug\libtivac_EK-TM4C123GXL_core.a(HardwareSerial.o)
                0x0000146c                UARTIntHandler5
 .text.UARTIntHandler6
                0x00001478        0xc C:/Users/admin/workspace_v8/tivac_EK-TM4C123GXL_core/Debug\libtivac_EK-TM4C123GXL_core.a(HardwareSerial.o)
                0x00001478                UARTIntHandler6
 .text.UARTIntHandler7
                0x00001484        0xc C:/Users/admin/workspace_v8/tivac_EK-TM4C123GXL_core/Debug\libtivac_EK-TM4C123GXL_core.a(HardwareSerial.o)
                0x00001484                UARTIntHandler7
 .text._Z11serialEventv
                0x00001490        0x2 C:/Users/admin/workspace_v8/tivac_EK-TM4C123GXL_core/Debug\libtivac_EK-TM4C123GXL_core.a(HardwareSerial.o)
                0x00001490                serialEvent()
 .text._Z12serialEvent1v
                0x00001492        0x2 C:/Users/admin/workspace_v8/tivac_EK-TM4C123GXL_core/Debug\libtivac_EK-TM4C123GXL_core.a(HardwareSerial.o)
                0x00001492                serialEvent1()
 .text._Z12serialEvent2v
                0x00001494        0x2 C:/Users/admin/workspace_v8/tivac_EK-TM4C123GXL_core/Debug\libtivac_EK-TM4C123GXL_core.a(HardwareSerial.o)
                0x00001494                serialEvent2()
 .text._Z12serialEvent3v
                0x00001496        0x2 C:/Users/admin/workspace_v8/tivac_EK-TM4C123GXL_core/Debug\libtivac_EK-TM4C123GXL_core.a(HardwareSerial.o)
                0x00001496                serialEvent3()
 .text._Z12serialEvent4v
                0x00001498        0x2 C:/Users/admin/workspace_v8/tivac_EK-TM4C123GXL_core/Debug\libtivac_EK-TM4C123GXL_core.a(HardwareSerial.o)
                0x00001498                serialEvent4()
 .text._Z12serialEvent5v
                0x0000149a        0x2 C:/Users/admin/workspace_v8/tivac_EK-TM4C123GXL_core/Debug\libtivac_EK-TM4C123GXL_core.a(HardwareSerial.o)
                0x0000149a                serialEvent5()
 .text._Z12serialEvent6v
                0x0000149c        0x2 C:/Users/admin/workspace_v8/tivac_EK-TM4C123GXL_core/Debug\libtivac_EK-TM4C123GXL_core.a(HardwareSerial.o)
                0x0000149c                serialEvent6()
 .text._Z12serialEvent7v
                0x0000149e        0x2 C:/Users/admin/workspace_v8/tivac_EK-TM4C123GXL_core/Debug\libtivac_EK-TM4C123GXL_core.a(HardwareSerial.o)
                0x0000149e                serialEvent7()
 .text._Z14serialEventRunv
                0x000014a0       0x84 C:/Users/admin/workspace_v8/tivac_EK-TM4C123GXL_core/Debug\libtivac_EK-TM4C123GXL_core.a(HardwareSerial.o)
                0x000014a0                serialEventRun()
 .text.startup._GLOBAL__sub_I__ZN14HardwareSerialC2Ev
                0x00001524       0x64 C:/Users/admin/workspace_v8/tivac_EK-TM4C123GXL_core/Debug\libtivac_EK-TM4C123GXL_core.a(HardwareSerial.o)
 .text._init    0x00001588      0x140 C:/Users/admin/workspace_v8/tivac_EK-TM4C123GXL_core/Debug\libtivac_EK-TM4C123GXL_core.a(main.o)
                0x00001588                _init
 .text.startup.main
                0x000016c8       0x1c C:/Users/admin/workspace_v8/tivac_EK-TM4C123GXL_core/Debug\libtivac_EK-TM4C123GXL_core.a(main.o)
                0x000016c8                main
 .text._ZN5Print5writeEPKhj
                0x000016e4       0x2c C:/Users/admin/workspace_v8/tivac_EK-TM4C123GXL_core/Debug\libtivac_EK-TM4C123GXL_core.a(Print.o)
                0x000016e4                Print::write(unsigned char const*, unsigned int)
 .text._EEPROMWaitForDone
                0x00001710       0x10 C:/Users/admin/AppData/Local/Energia15/packages/energia/hardware/tivac/1.0.3/system/driverlib\libdriverlib.a(eeprom.o)
 .text._EEPROMSectorMaskClear
                0x00001720       0x34 C:/Users/admin/AppData/Local/Energia15/packages/energia/hardware/tivac/1.0.3/system/driverlib\libdriverlib.a(eeprom.o)
 .text.EEPROMMassErase
                0x00001754       0x58 C:/Users/admin/AppData/Local/Energia15/packages/energia/hardware/tivac/1.0.3/system/driverlib\libdriverlib.a(eeprom.o)
                0x00001754                EEPROMMassErase
 .text.GPIOPadConfigSet
                0x000017ac      0x130 C:/Users/admin/AppData/Local/Energia15/packages/energia/hardware/tivac/1.0.3/system/driverlib\libdriverlib.a(gpio.o)
                0x000017ac                GPIOPadConfigSet
 .text.GPIOIntStatus
                0x000018dc        0xe C:/Users/admin/AppData/Local/Energia15/packages/energia/hardware/tivac/1.0.3/system/driverlib\libdriverlib.a(gpio.o)
                0x000018dc                GPIOIntStatus
 .text.GPIOIntClear
                0x000018ea        0x6 C:/Users/admin/AppData/Local/Energia15/packages/energia/hardware/tivac/1.0.3/system/driverlib\libdriverlib.a(gpio.o)
                0x000018ea                GPIOIntClear
 .text.I2CSlaveEnable
                0x000018f0       0x10 C:/Users/admin/AppData/Local/Energia15/packages/energia/hardware/tivac/1.0.3/system/driverlib\libdriverlib.a(i2c.o)
                0x000018f0                I2CSlaveEnable
 .text.I2CSlaveInit
                0x00001900       0x10 C:/Users/admin/AppData/Local/Energia15/packages/energia/hardware/tivac/1.0.3/system/driverlib\libdriverlib.a(i2c.o)
                0x00001900                I2CSlaveInit
 .text.I2CSlaveIntEnableEx
                0x00001910        0xc C:/Users/admin/AppData/Local/Energia15/packages/energia/hardware/tivac/1.0.3/system/driverlib\libdriverlib.a(i2c.o)
                0x00001910                I2CSlaveIntEnableEx
 .text.I2CSlaveStatus
                0x0000191c        0x6 C:/Users/admin/AppData/Local/Energia15/packages/energia/hardware/tivac/1.0.3/system/driverlib\libdriverlib.a(i2c.o)
                0x0000191c                I2CSlaveStatus
 .text.I2CSlaveDataPut
                0x00001922        0x6 C:/Users/admin/AppData/Local/Energia15/packages/energia/hardware/tivac/1.0.3/system/driverlib\libdriverlib.a(i2c.o)
                0x00001922                I2CSlaveDataPut
 .text.I2CSlaveDataGet
                0x00001928        0x6 C:/Users/admin/AppData/Local/Energia15/packages/energia/hardware/tivac/1.0.3/system/driverlib\libdriverlib.a(i2c.o)
                0x00001928                I2CSlaveDataGet
 .text.SysCtlPeripheralReset
                0x0000192e       0x3a C:/Users/admin/AppData/Local/Energia15/packages/energia/hardware/tivac/1.0.3/system/driverlib\libdriverlib.a(sysctl.o)
                0x0000192e                SysCtlPeripheralReset
 .text.SysCtlLDODeepSleepSet
                0x00001968        0xc C:/Users/admin/AppData/Local/Energia15/packages/energia/hardware/tivac/1.0.3/system/driverlib\libdriverlib.a(sysctl.o)
                0x00001968                SysCtlLDODeepSleepSet
 .text.SysCtlDeepSleepPowerSet
                0x00001974        0xc C:/Users/admin/AppData/Local/Energia15/packages/energia/hardware/tivac/1.0.3/system/driverlib\libdriverlib.a(sysctl.o)
                0x00001974                SysCtlDeepSleepPowerSet
 .text.SysCtlDelay
                0x00001980        0x8 C:/Users/admin/AppData/Local/Energia15/packages/energia/hardware/tivac/1.0.3/system/driverlib\libdriverlib.a(sysctl.o)
                0x00001980                SysCtlDelay
 .text.malloc   0x00001988       0x10 c:/users/admin/appdata/local/energia15/packages/energia/tools/arm-none-eabi-gcc/6.3.1-20170620/bin/../lib/gcc/arm-none-eabi/6.3.1/../../../../arm-none-eabi/lib/thumb/v7e-m/fpv4-sp/hard\libc_nano.a(lib_a-malloc.o)
                0x00001988                malloc
 .text.free     0x00001998       0x10 c:/users/admin/appdata/local/energia15/packages/energia/tools/arm-none-eabi-gcc/6.3.1-20170620/bin/../lib/gcc/arm-none-eabi/6.3.1/../../../../arm-none-eabi/lib/thumb/v7e-m/fpv4-sp/hard\libc_nano.a(lib_a-malloc.o)
                0x00001998                free
 .text._free_r  0x000019a8       0x9c c:/users/admin/appdata/local/energia15/packages/energia/tools/arm-none-eabi-gcc/6.3.1-20170620/bin/../lib/gcc/arm-none-eabi/6.3.1/../../../../arm-none-eabi/lib/thumb/v7e-m/fpv4-sp/hard\libc_nano.a(lib_a-nano-freer.o)
                0x000019a8                _free_r
 .text._malloc_r
                0x00001a44       0xbc c:/users/admin/appdata/local/energia15/packages/energia/tools/arm-none-eabi-gcc/6.3.1-20170620/bin/../lib/gcc/arm-none-eabi/6.3.1/../../../../arm-none-eabi/lib/thumb/v7e-m/fpv4-sp/hard\libc_nano.a(lib_a-nano-mallocr.o)
                0x00001a44                _malloc_r
 .text._sbrk_r  0x00001b00       0x20 c:/users/admin/appdata/local/energia15/packages/energia/tools/arm-none-eabi-gcc/6.3.1-20170620/bin/../lib/gcc/arm-none-eabi/6.3.1/../../../../arm-none-eabi/lib/thumb/v7e-m/fpv4-sp/hard\libc_nano.a(lib_a-sbrkr.o)
                0x00001b00                _sbrk_r
 .text.__malloc_lock
                0x00001b20        0x2 c:/users/admin/appdata/local/energia15/packages/energia/tools/arm-none-eabi-gcc/6.3.1-20170620/bin/../lib/gcc/arm-none-eabi/6.3.1/../../../../arm-none-eabi/lib/thumb/v7e-m/fpv4-sp/hard\libc_nano.a(lib_a-mlock.o)
                0x00001b20                __malloc_lock
 .text.__malloc_unlock
                0x00001b22        0x2 c:/users/admin/appdata/local/energia15/packages/energia/tools/arm-none-eabi-gcc/6.3.1-20170620/bin/../lib/gcc/arm-none-eabi/6.3.1/../../../../arm-none-eabi/lib/thumb/v7e-m/fpv4-sp/hard\libc_nano.a(lib_a-mlock.o)
                0x00001b22                __malloc_unlock
 .text          0x00001b24      0x370 c:/users/admin/appdata/local/energia15/packages/energia/tools/arm-none-eabi-gcc/6.3.1-20170620/bin/../lib/gcc/arm-none-eabi/6.3.1/thumb/v7e-m/fpv4-sp/hard\libgcc.a(_arm_addsubdf3.o)
                0x00001b24                __aeabi_drsub
                0x00001b2c                __aeabi_dsub
                0x00001b2c                __subdf3
                0x00001b30                __aeabi_dadd
                0x00001b30                __adddf3
                0x00001da8                __floatunsidf
                0x00001da8                __aeabi_ui2d
                0x00001dc8                __floatsidf
                0x00001dc8                __aeabi_i2d
                0x00001dec                __aeabi_f2d
                0x00001dec                __extendsfdf2
                0x00001e28                __floatundidf
                0x00001e28                __aeabi_ul2d
                0x00001e38                __floatdidf
                0x00001e38                __aeabi_l2d
 .text          0x00001e94      0x424 c:/users/admin/appdata/local/energia15/packages/energia/tools/arm-none-eabi-gcc/6.3.1-20170620/bin/../lib/gcc/arm-none-eabi/6.3.1/thumb/v7e-m/fpv4-sp/hard\libgcc.a(_arm_muldivdf3.o)
                0x00001e94                __aeabi_dmul
                0x00001e94                __muldf3
                0x000020e8                __divdf3
                0x000020e8                __aeabi_ddiv
 .text          0x000022b8       0x40 c:/users/admin/appdata/local/energia15/packages/energia/tools/arm-none-eabi-gcc/6.3.1-20170620/bin/../lib/gcc/arm-none-eabi/6.3.1/thumb/v7e-m/fpv4-sp/hard\libgcc.a(_arm_fixunsdfsi.o)
                0x000022b8                __aeabi_d2uiz
                0x000022b8                __fixunsdfsi
 *(.glue_7t)
 .glue_7t       0x000022f8        0x0 linker stubs
 *(.glue_7)
 .glue_7        0x000022f8        0x0 linker stubs
 *(.rodata .rodata* .gnu.linkonce.r.*)
 .rodata._ZL10g_uli2cInt
                0x000022f8       0x10 C:/Users/admin/workspace_v8/tivac_EK-TM4C123GXL_Wire/Debug\libtivac_EK-TM4C123GXL_Wire.a(Wire.o)
 .rodata._ZL11g_uli2cBase
                0x00002308       0x10 C:/Users/admin/workspace_v8/tivac_EK-TM4C123GXL_Wire/Debug\libtivac_EK-TM4C123GXL_Wire.a(Wire.o)
 .rodata._ZL13g_uli2cConfig
                0x00002318       0x20 C:/Users/admin/workspace_v8/tivac_EK-TM4C123GXL_Wire/Debug\libtivac_EK-TM4C123GXL_Wire.a(Wire.o)
 .rodata._ZL13g_uli2cPeriph
                0x00002338       0x10 C:/Users/admin/workspace_v8/tivac_EK-TM4C123GXL_Wire/Debug\libtivac_EK-TM4C123GXL_Wire.a(Wire.o)
 .rodata._ZL14g_uli2cSCLPins
                0x00002348       0x10 C:/Users/admin/workspace_v8/tivac_EK-TM4C123GXL_Wire/Debug\libtivac_EK-TM4C123GXL_Wire.a(Wire.o)
 .rodata._ZL14g_uli2cSDAPins
                0x00002358       0x10 C:/Users/admin/workspace_v8/tivac_EK-TM4C123GXL_Wire/Debug\libtivac_EK-TM4C123GXL_Wire.a(Wire.o)
 .rodata._ZL16g_uli2cSlaveBase
                0x00002368       0x10 C:/Users/admin/workspace_v8/tivac_EK-TM4C123GXL_Wire/Debug\libtivac_EK-TM4C123GXL_Wire.a(Wire.o)
 .rodata._ZTV7TwoWire
                0x00002378       0x24 C:/Users/admin/workspace_v8/tivac_EK-TM4C123GXL_Wire/Debug\libtivac_EK-TM4C123GXL_Wire.a(Wire.o)
                0x00002378                vtable for TwoWire
 .rodata.digital_pin_to_bit_mask
                0x0000239c       0x29 C:/Users/admin/workspace_v8/tivac_EK-TM4C123GXL_core/Debug\libtivac_EK-TM4C123GXL_core.a(wiring_digital.o)
                0x0000239c                digital_pin_to_bit_mask
 .rodata.digital_pin_to_port
                0x000023c5       0x29 C:/Users/admin/workspace_v8/tivac_EK-TM4C123GXL_core/Debug\libtivac_EK-TM4C123GXL_core.a(wiring_digital.o)
                0x000023c5                digital_pin_to_port
 *fill*         0x000023ee        0x2 
 .rodata.port_to_base
                0x000023f0       0x1c C:/Users/admin/workspace_v8/tivac_EK-TM4C123GXL_core/Debug\libtivac_EK-TM4C123GXL_core.a(wiring_digital.o)
                0x000023f0                port_to_base
 .rodata._ZL11g_ulUARTInt
                0x0000240c       0x20 C:/Users/admin/workspace_v8/tivac_EK-TM4C123GXL_core/Debug\libtivac_EK-TM4C123GXL_core.a(HardwareSerial.o)
 .rodata._ZL12g_ulUARTBase
                0x0000242c       0x20 C:/Users/admin/workspace_v8/tivac_EK-TM4C123GXL_core/Debug\libtivac_EK-TM4C123GXL_core.a(HardwareSerial.o)
 .rodata._ZL12g_ulUARTPins
                0x0000244c       0x20 C:/Users/admin/workspace_v8/tivac_EK-TM4C123GXL_core/Debug\libtivac_EK-TM4C123GXL_core.a(HardwareSerial.o)
 .rodata._ZL12g_ulUARTPort
                0x0000246c       0x20 C:/Users/admin/workspace_v8/tivac_EK-TM4C123GXL_core/Debug\libtivac_EK-TM4C123GXL_core.a(HardwareSerial.o)
 .rodata._ZL14g_ulUARTConfig
                0x0000248c       0x40 C:/Users/admin/workspace_v8/tivac_EK-TM4C123GXL_core/Debug\libtivac_EK-TM4C123GXL_core.a(HardwareSerial.o)
 .rodata._ZL14g_ulUARTPeriph
                0x000024cc       0x20 C:/Users/admin/workspace_v8/tivac_EK-TM4C123GXL_core/Debug\libtivac_EK-TM4C123GXL_core.a(HardwareSerial.o)
 .rodata._ZTV14HardwareSerial
                0x000024ec       0x24 C:/Users/admin/workspace_v8/tivac_EK-TM4C123GXL_core/Debug\libtivac_EK-TM4C123GXL_core.a(HardwareSerial.o)
                0x000024ec                vtable for HardwareSerial
 *(.ARM.extab* .gnu.linkonce.armextab.*)
                0x00002510                . = ALIGN (0x4)
 *(.init)
                0x00002510                . = ALIGN (0x4)
                0x00002510                __preinit_array_start = .
 *(SORT(.preinit_array*))
 *(.preinit_array)
                0x00002510                __preinit_array_end = .
                0x00002510                . = ALIGN (0x4)
                0x00002510                __init_array_start = .
 *(SORT(.init_array.*))
 *(.init_array)
 .init_array    0x00002510        0x4 ./ModBus_Serial_Slave.o
 .init_array    0x00002514        0x4 C:/Users/admin/workspace_v8/tivac_EK-TM4C123GXL_Wire/Debug\libtivac_EK-TM4C123GXL_Wire.a(Wire.o)
 .init_array    0x00002518        0x4 C:/Users/admin/workspace_v8/tivac_EK-TM4C123GXL_core/Debug\libtivac_EK-TM4C123GXL_core.a(HardwareSerial.o)
                0x0000251c                __init_array_end = .
                0x0000251c                . = ALIGN (0x4)
 *(.fini)
                0x0000251c                . = ALIGN (0x4)
                0x0000251c                __fini_array_start = .
 *(.fini_array)
 *(SORT(.fini_array.*))
                0x0000251c                __fini_array_end = .
                0x0000251c                . = ALIGN (0x4)
                0x0000251c                _etext = .

.vfp11_veneer   0x0000251c        0x0
 .vfp11_veneer  0x0000251c        0x0 linker stubs

.v4_bx          0x0000251c        0x0
 .v4_bx         0x0000251c        0x0 linker stubs

.iplt           0x0000251c        0x0
 .iplt          0x0000251c        0x0 ./ModBus_Serial_Slave.o

.rel.dyn        0x0000251c        0x0
 .rel.iplt      0x0000251c        0x0 ./ModBus_Serial_Slave.o

.data           0x20000000       0x68 load address 0x0000251c
                0x20000000                . = ALIGN (0x4)
                0x20000000                _data = .
 *(vtable)
 *(.data .data* .gnu.linkonce.d.*)
 .data._ZN7TwoWire9i2cModuleE
                0x20000000        0x1 C:/Users/admin/workspace_v8/tivac_EK-TM4C123GXL_Wire/Debug\libtivac_EK-TM4C123GXL_Wire.a(Wire.o)
                0x20000000                TwoWire::i2cModule
 *fill*         0x20000001        0x3 
 .data._impure_ptr
                0x20000004        0x4 c:/users/admin/appdata/local/energia15/packages/energia/tools/arm-none-eabi-gcc/6.3.1-20170620/bin/../lib/gcc/arm-none-eabi/6.3.1/../../../../arm-none-eabi/lib/thumb/v7e-m/fpv4-sp/hard\libc_nano.a(lib_a-impure.o)
                0x20000004                _impure_ptr
 .data.impure_data
                0x20000008       0x60 c:/users/admin/appdata/local/energia15/packages/energia/tools/arm-none-eabi-gcc/6.3.1-20170620/bin/../lib/gcc/arm-none-eabi/6.3.1/../../../../arm-none-eabi/lib/thumb/v7e-m/fpv4-sp/hard\libc_nano.a(lib_a-impure.o)
                0x20000068                _edata = .

.igot.plt       0x20000068        0x0 load address 0x00002584
 .igot.plt      0x20000068        0x0 ./ModBus_Serial_Slave.o

.bss            0x20000068      0x4a8 load address 0x00002584
                0x20000068                . = ALIGN (0x4)
                0x20000068                _bss = .
 *(.bss .bss*)
 .bss.modbus    0x20000068       0x2c ./ModBus_Serial_Slave.o
                0x20000068                modbus
 .bss.Wire      0x20000094       0x10 C:/Users/admin/workspace_v8/tivac_EK-TM4C123GXL_Wire/Debug\libtivac_EK-TM4C123GXL_Wire.a(Wire.o)
                0x20000094                Wire
 .bss._ZN7TwoWire11rxReadIndexE
                0x200000a4        0x1 C:/Users/admin/workspace_v8/tivac_EK-TM4C123GXL_Wire/Debug\libtivac_EK-TM4C123GXL_Wire.a(Wire.o)
                0x200000a4                TwoWire::rxReadIndex
 .bss._ZN7TwoWire11txReadIndexE
                0x200000a5        0x1 C:/Users/admin/workspace_v8/tivac_EK-TM4C123GXL_Wire/Debug\libtivac_EK-TM4C123GXL_Wire.a(Wire.o)
                0x200000a5                TwoWire::txReadIndex
 .bss._ZN7TwoWire12currentStateE
                0x200000a6        0x1 C:/Users/admin/workspace_v8/tivac_EK-TM4C123GXL_Wire/Debug\libtivac_EK-TM4C123GXL_Wire.a(Wire.o)
                0x200000a6                TwoWire::currentState
 .bss._ZN7TwoWire12rxWriteIndexE
                0x200000a7        0x1 C:/Users/admin/workspace_v8/tivac_EK-TM4C123GXL_Wire/Debug\libtivac_EK-TM4C123GXL_Wire.a(Wire.o)
                0x200000a7                TwoWire::rxWriteIndex
 .bss._ZN7TwoWire12slaveAddressE
                0x200000a8        0x1 C:/Users/admin/workspace_v8/tivac_EK-TM4C123GXL_Wire/Debug\libtivac_EK-TM4C123GXL_Wire.a(Wire.o)
                0x200000a8                TwoWire::slaveAddress
 .bss._ZN7TwoWire12transmittingE
                0x200000a9        0x1 C:/Users/admin/workspace_v8/tivac_EK-TM4C123GXL_Wire/Debug\libtivac_EK-TM4C123GXL_Wire.a(Wire.o)
                0x200000a9                TwoWire::transmitting
 .bss._ZN7TwoWire12txWriteIndexE
                0x200000aa        0x1 C:/Users/admin/workspace_v8/tivac_EK-TM4C123GXL_Wire/Debug\libtivac_EK-TM4C123GXL_Wire.a(Wire.o)
                0x200000aa                TwoWire::txWriteIndex
 *fill*         0x200000ab        0x1 
 .bss._ZN7TwoWire14user_onReceiveE
                0x200000ac        0x4 C:/Users/admin/workspace_v8/tivac_EK-TM4C123GXL_Wire/Debug\libtivac_EK-TM4C123GXL_Wire.a(Wire.o)
                0x200000ac                TwoWire::user_onReceive
 .bss._ZN7TwoWire14user_onRequestE
                0x200000b0        0x4 C:/Users/admin/workspace_v8/tivac_EK-TM4C123GXL_Wire/Debug\libtivac_EK-TM4C123GXL_Wire.a(Wire.o)
                0x200000b0                TwoWire::user_onRequest
 .bss._ZN7TwoWire8rxBufferE
                0x200000b4       0x40 C:/Users/admin/workspace_v8/tivac_EK-TM4C123GXL_Wire/Debug\libtivac_EK-TM4C123GXL_Wire.a(Wire.o)
                0x200000b4                TwoWire::rxBuffer
 .bss._ZN7TwoWire8txBufferE
                0x200000f4       0x40 C:/Users/admin/workspace_v8/tivac_EK-TM4C123GXL_Wire/Debug\libtivac_EK-TM4C123GXL_Wire.a(Wire.o)
                0x200000f4                TwoWire::txBuffer
 .bss._ZN7TwoWire9txAddressE
                0x20000134        0x1 C:/Users/admin/workspace_v8/tivac_EK-TM4C123GXL_Wire/Debug\libtivac_EK-TM4C123GXL_Wire.a(Wire.o)
                0x20000134                TwoWire::txAddress
 *fill*         0x20000135        0x3 
 .bss.heap_end.7693
                0x20000138        0x4 C:/Users/admin/workspace_v8/tivac_EK-TM4C123GXL_core/Debug\libtivac_EK-TM4C123GXL_core.a(startup_gcc.o)
 .bss.cbFuncsA  0x2000013c       0x20 C:/Users/admin/workspace_v8/tivac_EK-TM4C123GXL_core/Debug\libtivac_EK-TM4C123GXL_core.a(WInterrupts.o)
 .bss.cbFuncsB  0x2000015c       0x20 C:/Users/admin/workspace_v8/tivac_EK-TM4C123GXL_core/Debug\libtivac_EK-TM4C123GXL_core.a(WInterrupts.o)
 .bss.cbFuncsC  0x2000017c       0x20 C:/Users/admin/workspace_v8/tivac_EK-TM4C123GXL_core/Debug\libtivac_EK-TM4C123GXL_core.a(WInterrupts.o)
 .bss.cbFuncsD  0x2000019c       0x20 C:/Users/admin/workspace_v8/tivac_EK-TM4C123GXL_core/Debug\libtivac_EK-TM4C123GXL_core.a(WInterrupts.o)
 .bss.cbFuncsE  0x200001bc       0x20 C:/Users/admin/workspace_v8/tivac_EK-TM4C123GXL_core/Debug\libtivac_EK-TM4C123GXL_core.a(WInterrupts.o)
 .bss.cbFuncsF  0x200001dc       0x20 C:/Users/admin/workspace_v8/tivac_EK-TM4C123GXL_core/Debug\libtivac_EK-TM4C123GXL_core.a(WInterrupts.o)
 .bss.cbFuncsG  0x200001fc       0x20 C:/Users/admin/workspace_v8/tivac_EK-TM4C123GXL_core/Debug\libtivac_EK-TM4C123GXL_core.a(WInterrupts.o)
 .bss.cbFuncsH  0x2000021c       0x20 C:/Users/admin/workspace_v8/tivac_EK-TM4C123GXL_core/Debug\libtivac_EK-TM4C123GXL_core.a(WInterrupts.o)
 .bss.cbFuncsJ  0x2000023c       0x20 C:/Users/admin/workspace_v8/tivac_EK-TM4C123GXL_core/Debug\libtivac_EK-TM4C123GXL_core.a(WInterrupts.o)
 .bss.cbFuncsK  0x2000025c       0x20 C:/Users/admin/workspace_v8/tivac_EK-TM4C123GXL_core/Debug\libtivac_EK-TM4C123GXL_core.a(WInterrupts.o)
 .bss.cbFuncsL  0x2000027c       0x20 C:/Users/admin/workspace_v8/tivac_EK-TM4C123GXL_core/Debug\libtivac_EK-TM4C123GXL_core.a(WInterrupts.o)
 .bss.cbFuncsM  0x2000029c       0x20 C:/Users/admin/workspace_v8/tivac_EK-TM4C123GXL_core/Debug\libtivac_EK-TM4C123GXL_core.a(WInterrupts.o)
 .bss.cbFuncsN  0x200002bc       0x20 C:/Users/admin/workspace_v8/tivac_EK-TM4C123GXL_core/Debug\libtivac_EK-TM4C123GXL_core.a(WInterrupts.o)
 .bss.cbFuncsP  0x200002dc       0x20 C:/Users/admin/workspace_v8/tivac_EK-TM4C123GXL_core/Debug\libtivac_EK-TM4C123GXL_core.a(WInterrupts.o)
 .bss.cbFuncsQ  0x200002fc       0x20 C:/Users/admin/workspace_v8/tivac_EK-TM4C123GXL_core/Debug\libtivac_EK-TM4C123GXL_core.a(WInterrupts.o)
 .bss.SysTickCbFuncs
                0x2000031c       0x20 C:/Users/admin/workspace_v8/tivac_EK-TM4C123GXL_core/Debug\libtivac_EK-TM4C123GXL_core.a(wiring.o)
 .bss.milliseconds
                0x2000033c        0x4 C:/Users/admin/workspace_v8/tivac_EK-TM4C123GXL_core/Debug\libtivac_EK-TM4C123GXL_core.a(wiring.o)
 .bss.Serial    0x20000340       0x38 C:/Users/admin/workspace_v8/tivac_EK-TM4C123GXL_core/Debug\libtivac_EK-TM4C123GXL_core.a(HardwareSerial.o)
                0x20000340                Serial
 .bss.Serial1   0x20000378       0x38 C:/Users/admin/workspace_v8/tivac_EK-TM4C123GXL_core/Debug\libtivac_EK-TM4C123GXL_core.a(HardwareSerial.o)
                0x20000378                Serial1
 .bss.Serial2   0x200003b0       0x38 C:/Users/admin/workspace_v8/tivac_EK-TM4C123GXL_core/Debug\libtivac_EK-TM4C123GXL_core.a(HardwareSerial.o)
                0x200003b0                Serial2
 .bss.Serial3   0x200003e8       0x38 C:/Users/admin/workspace_v8/tivac_EK-TM4C123GXL_core/Debug\libtivac_EK-TM4C123GXL_core.a(HardwareSerial.o)
                0x200003e8                Serial3
 .bss.Serial4   0x20000420       0x38 C:/Users/admin/workspace_v8/tivac_EK-TM4C123GXL_core/Debug\libtivac_EK-TM4C123GXL_core.a(HardwareSerial.o)
                0x20000420                Serial4
 .bss.Serial5   0x20000458       0x38 C:/Users/admin/workspace_v8/tivac_EK-TM4C123GXL_core/Debug\libtivac_EK-TM4C123GXL_core.a(HardwareSerial.o)
                0x20000458                Serial5
 .bss.Serial6   0x20000490       0x38 C:/Users/admin/workspace_v8/tivac_EK-TM4C123GXL_core/Debug\libtivac_EK-TM4C123GXL_core.a(HardwareSerial.o)
                0x20000490                Serial6
 .bss.Serial7   0x200004c8       0x38 C:/Users/admin/workspace_v8/tivac_EK-TM4C123GXL_core/Debug\libtivac_EK-TM4C123GXL_core.a(HardwareSerial.o)
                0x200004c8                Serial7
 .bss.__malloc_free_list
                0x20000500        0x4 c:/users/admin/appdata/local/energia15/packages/energia/tools/arm-none-eabi-gcc/6.3.1-20170620/bin/../lib/gcc/arm-none-eabi/6.3.1/../../../../arm-none-eabi/lib/thumb/v7e-m/fpv4-sp/hard\libc_nano.a(lib_a-nano-mallocr.o)
                0x20000500                __malloc_free_list
 .bss.__malloc_sbrk_start
                0x20000504        0x4 c:/users/admin/appdata/local/energia15/packages/energia/tools/arm-none-eabi-gcc/6.3.1-20170620/bin/../lib/gcc/arm-none-eabi/6.3.1/../../../../arm-none-eabi/lib/thumb/v7e-m/fpv4-sp/hard\libc_nano.a(lib_a-nano-mallocr.o)
                0x20000504                __malloc_sbrk_start
 *(COMMON)
 COMMON         0x20000508        0x4 c:/users/admin/appdata/local/energia15/packages/energia/tools/arm-none-eabi-gcc/6.3.1-20170620/bin/../lib/gcc/arm-none-eabi/6.3.1/../../../../arm-none-eabi/lib/thumb/v7e-m/fpv4-sp/hard\libc_nano.a(lib_a-reent.o)
                0x20000508                errno
                0x2000050c                . = ALIGN (0x4)
                0x2000050c                _ebss = .
                0x20000510                . = ALIGN (0x8)
 *fill*         0x2000050c        0x4 
                [!provide]                PROVIDE (__exidx_start, .)

.ARM.exidx
 *(.ARM.exidx* .gnu.linkonce.armexidx.*)
                [!provide]                PROVIDE (__exidx_end, .)
                0x20000510                . = ALIGN (0x4)
                0x20000510                _end = .
                0x20000510                PROVIDE (end, _end)
                0x20008000                PROVIDE (_estack, (ORIGIN (ram) + LENGTH (ram)))
LOAD C:/Users/admin/workspace_v8/tivac_EK-TM4C123GXL_Wire/Debug\libtivac_EK-TM4C123GXL_Wire.a
LOAD C:/Users/admin/workspace_v8/tivac_EK-TM4C123GXL_ModbusSerial/Debug\libtivac_EK-TM4C123GXL_ModbusSerial.a
LOAD C:/Users/admin/workspace_v8/tivac_EK-TM4C123GXL_Modbus/Debug\libtivac_EK-TM4C123GXL_Modbus.a
LOAD C:/Users/admin/workspace_v8/tivac_EK-TM4C123GXL_core/Debug\libtivac_EK-TM4C123GXL_core.a
LOAD C:/Users/admin/AppData/Local/Energia15/packages/energia/hardware/tivac/1.0.3/system/driverlib\libdriverlib.a
LOAD c:/users/admin/appdata/local/energia15/packages/energia/tools/arm-none-eabi-gcc/6.3.1-20170620/bin/../lib/gcc/arm-none-eabi/6.3.1/../../../../arm-none-eabi/lib/thumb/v7e-m/fpv4-sp/hard\libm.a
LOAD c:/users/admin/appdata/local/energia15/packages/energia/tools/arm-none-eabi-gcc/6.3.1-20170620/bin/../lib/gcc/arm-none-eabi/6.3.1/../../../../arm-none-eabi/lib/thumb/v7e-m/fpv4-sp/hard\libc_nano.a
LOAD c:/users/admin/appdata/local/energia15/packages/energia/tools/arm-none-eabi-gcc/6.3.1-20170620/bin/../lib/gcc/arm-none-eabi/6.3.1/thumb/v7e-m/fpv4-sp/hard\libgcc.a
END GROUP
OUTPUT(ModBus_Serial_Slave.out elf32-littlearm)

.debug_info     0x00000000    0x1bc33
 .debug_info    0x00000000     0x6882 ./ModBus_Serial_Slave.o
 .debug_info    0x00006882     0x3c47 C:/Users/admin/workspace_v8/tivac_EK-TM4C123GXL_Wire/Debug\libtivac_EK-TM4C123GXL_Wire.a(Wire.o)
 .debug_info    0x0000a4c9     0x3368 C:/Users/admin/workspace_v8/tivac_EK-TM4C123GXL_ModbusSerial/Debug\libtivac_EK-TM4C123GXL_ModbusSerial.a(ModbusSerial.o)
 .debug_info    0x0000d831     0x24ec C:/Users/admin/workspace_v8/tivac_EK-TM4C123GXL_Modbus/Debug\libtivac_EK-TM4C123GXL_Modbus.a(Modbus.o)
 .debug_info    0x0000fd1d     0x1276 C:/Users/admin/workspace_v8/tivac_EK-TM4C123GXL_core/Debug\libtivac_EK-TM4C123GXL_core.a(startup_gcc.o)
 .debug_info    0x00010f93      0xfa9 C:/Users/admin/workspace_v8/tivac_EK-TM4C123GXL_core/Debug\libtivac_EK-TM4C123GXL_core.a(WInterrupts.o)
 .debug_info    0x00011f3c      0xe8b C:/Users/admin/workspace_v8/tivac_EK-TM4C123GXL_core/Debug\libtivac_EK-TM4C123GXL_core.a(wiring.o)
 .debug_info    0x00012dc7      0xe06 C:/Users/admin/workspace_v8/tivac_EK-TM4C123GXL_core/Debug\libtivac_EK-TM4C123GXL_core.a(wiring_digital.o)
 .debug_info    0x00013bcd     0x354a C:/Users/admin/workspace_v8/tivac_EK-TM4C123GXL_core/Debug\libtivac_EK-TM4C123GXL_core.a(HardwareSerial.o)
 .debug_info    0x00017117     0x13a5 C:/Users/admin/workspace_v8/tivac_EK-TM4C123GXL_core/Debug\libtivac_EK-TM4C123GXL_core.a(main.o)
 .debug_info    0x000184bc     0x3777 C:/Users/admin/workspace_v8/tivac_EK-TM4C123GXL_core/Debug\libtivac_EK-TM4C123GXL_core.a(Print.o)

.debug_abbrev   0x00000000     0x33ab
 .debug_abbrev  0x00000000      0x550 ./ModBus_Serial_Slave.o
 .debug_abbrev  0x00000550      0x7df C:/Users/admin/workspace_v8/tivac_EK-TM4C123GXL_Wire/Debug\libtivac_EK-TM4C123GXL_Wire.a(Wire.o)
 .debug_abbrev  0x00000d2f      0x58c C:/Users/admin/workspace_v8/tivac_EK-TM4C123GXL_ModbusSerial/Debug\libtivac_EK-TM4C123GXL_ModbusSerial.a(ModbusSerial.o)
 .debug_abbrev  0x000012bb      0x55d C:/Users/admin/workspace_v8/tivac_EK-TM4C123GXL_Modbus/Debug\libtivac_EK-TM4C123GXL_Modbus.a(Modbus.o)
 .debug_abbrev  0x00001818      0x300 C:/Users/admin/workspace_v8/tivac_EK-TM4C123GXL_core/Debug\libtivac_EK-TM4C123GXL_core.a(startup_gcc.o)
 .debug_abbrev  0x00001b18      0x2a2 C:/Users/admin/workspace_v8/tivac_EK-TM4C123GXL_core/Debug\libtivac_EK-TM4C123GXL_core.a(WInterrupts.o)
 .debug_abbrev  0x00001dba      0x2e6 C:/Users/admin/workspace_v8/tivac_EK-TM4C123GXL_core/Debug\libtivac_EK-TM4C123GXL_core.a(wiring.o)
 .debug_abbrev  0x000020a0      0x27a C:/Users/admin/workspace_v8/tivac_EK-TM4C123GXL_core/Debug\libtivac_EK-TM4C123GXL_core.a(wiring_digital.o)
 .debug_abbrev  0x0000231a      0x711 C:/Users/admin/workspace_v8/tivac_EK-TM4C123GXL_core/Debug\libtivac_EK-TM4C123GXL_core.a(HardwareSerial.o)
 .debug_abbrev  0x00002a2b      0x32b C:/Users/admin/workspace_v8/tivac_EK-TM4C123GXL_core/Debug\libtivac_EK-TM4C123GXL_core.a(main.o)
 .debug_abbrev  0x00002d56      0x655 C:/Users/admin/workspace_v8/tivac_EK-TM4C123GXL_core/Debug\libtivac_EK-TM4C123GXL_core.a(Print.o)

.debug_loc      0x00000000     0x2e29
 .debug_loc     0x00000000       0x29 ./ModBus_Serial_Slave.o
 .debug_loc     0x00000029      0x685 C:/Users/admin/workspace_v8/tivac_EK-TM4C123GXL_Wire/Debug\libtivac_EK-TM4C123GXL_Wire.a(Wire.o)
 .debug_loc     0x000006ae      0x2c5 C:/Users/admin/workspace_v8/tivac_EK-TM4C123GXL_ModbusSerial/Debug\libtivac_EK-TM4C123GXL_ModbusSerial.a(ModbusSerial.o)
 .debug_loc     0x00000973      0xd03 C:/Users/admin/workspace_v8/tivac_EK-TM4C123GXL_Modbus/Debug\libtivac_EK-TM4C123GXL_Modbus.a(Modbus.o)
 .debug_loc     0x00001676      0x135 C:/Users/admin/workspace_v8/tivac_EK-TM4C123GXL_core/Debug\libtivac_EK-TM4C123GXL_core.a(startup_gcc.o)
 .debug_loc     0x000017ab      0x228 C:/Users/admin/workspace_v8/tivac_EK-TM4C123GXL_core/Debug\libtivac_EK-TM4C123GXL_core.a(WInterrupts.o)
 .debug_loc     0x000019d3       0xcc C:/Users/admin/workspace_v8/tivac_EK-TM4C123GXL_core/Debug\libtivac_EK-TM4C123GXL_core.a(wiring.o)
 .debug_loc     0x00001a9f      0x379 C:/Users/admin/workspace_v8/tivac_EK-TM4C123GXL_core/Debug\libtivac_EK-TM4C123GXL_core.a(wiring_digital.o)
 .debug_loc     0x00001e18      0x329 C:/Users/admin/workspace_v8/tivac_EK-TM4C123GXL_core/Debug\libtivac_EK-TM4C123GXL_core.a(HardwareSerial.o)
 .debug_loc     0x00002141      0xce8 C:/Users/admin/workspace_v8/tivac_EK-TM4C123GXL_core/Debug\libtivac_EK-TM4C123GXL_core.a(Print.o)

.debug_aranges  0x00000000      0x680
 .debug_aranges
                0x00000000       0x30 ./ModBus_Serial_Slave.o
 .debug_aranges
                0x00000030      0x108 C:/Users/admin/workspace_v8/tivac_EK-TM4C123GXL_Wire/Debug\libtivac_EK-TM4C123GXL_Wire.a(Wire.o)
 .debug_aranges
                0x00000138       0x60 C:/Users/admin/workspace_v8/tivac_EK-TM4C123GXL_ModbusSerial/Debug\libtivac_EK-TM4C123GXL_ModbusSerial.a(ModbusSerial.o)
 .debug_aranges
                0x00000198       0xf0 C:/Users/admin/workspace_v8/tivac_EK-TM4C123GXL_Modbus/Debug\libtivac_EK-TM4C123GXL_Modbus.a(Modbus.o)
 .debug_aranges
                0x00000288       0x90 C:/Users/admin/workspace_v8/tivac_EK-TM4C123GXL_core/Debug\libtivac_EK-TM4C123GXL_core.a(startup_gcc.o)
 .debug_aranges
                0x00000318       0xa8 C:/Users/admin/workspace_v8/tivac_EK-TM4C123GXL_core/Debug\libtivac_EK-TM4C123GXL_core.a(WInterrupts.o)
 .debug_aranges
                0x000003c0       0x70 C:/Users/admin/workspace_v8/tivac_EK-TM4C123GXL_core/Debug\libtivac_EK-TM4C123GXL_core.a(wiring.o)
 .debug_aranges
                0x00000430       0x30 C:/Users/admin/workspace_v8/tivac_EK-TM4C123GXL_core/Debug\libtivac_EK-TM4C123GXL_core.a(wiring_digital.o)
 .debug_aranges
                0x00000460       0xf8 C:/Users/admin/workspace_v8/tivac_EK-TM4C123GXL_core/Debug\libtivac_EK-TM4C123GXL_core.a(HardwareSerial.o)
 .debug_aranges
                0x00000558       0x28 C:/Users/admin/workspace_v8/tivac_EK-TM4C123GXL_core/Debug\libtivac_EK-TM4C123GXL_core.a(main.o)
 .debug_aranges
                0x00000580      0x100 C:/Users/admin/workspace_v8/tivac_EK-TM4C123GXL_core/Debug\libtivac_EK-TM4C123GXL_core.a(Print.o)

.debug_ranges   0x00000000      0x898
 .debug_ranges  0x00000000       0x38 ./ModBus_Serial_Slave.o
 .debug_ranges  0x00000038      0x1a8 C:/Users/admin/workspace_v8/tivac_EK-TM4C123GXL_Wire/Debug\libtivac_EK-TM4C123GXL_Wire.a(Wire.o)
 .debug_ranges  0x000001e0       0x50 C:/Users/admin/workspace_v8/tivac_EK-TM4C123GXL_ModbusSerial/Debug\libtivac_EK-TM4C123GXL_ModbusSerial.a(ModbusSerial.o)
 .debug_ranges  0x00000230      0x1a0 C:/Users/admin/workspace_v8/tivac_EK-TM4C123GXL_Modbus/Debug\libtivac_EK-TM4C123GXL_Modbus.a(Modbus.o)
 .debug_ranges  0x000003d0       0x80 C:/Users/admin/workspace_v8/tivac_EK-TM4C123GXL_core/Debug\libtivac_EK-TM4C123GXL_core.a(startup_gcc.o)
 .debug_ranges  0x00000450       0x98 C:/Users/admin/workspace_v8/tivac_EK-TM4C123GXL_core/Debug\libtivac_EK-TM4C123GXL_core.a(WInterrupts.o)
 .debug_ranges  0x000004e8       0x90 C:/Users/admin/workspace_v8/tivac_EK-TM4C123GXL_core/Debug\libtivac_EK-TM4C123GXL_core.a(wiring.o)
 .debug_ranges  0x00000578       0x20 C:/Users/admin/workspace_v8/tivac_EK-TM4C123GXL_core/Debug\libtivac_EK-TM4C123GXL_core.a(wiring_digital.o)
 .debug_ranges  0x00000598      0x148 C:/Users/admin/workspace_v8/tivac_EK-TM4C123GXL_core/Debug\libtivac_EK-TM4C123GXL_core.a(HardwareSerial.o)
 .debug_ranges  0x000006e0       0x18 C:/Users/admin/workspace_v8/tivac_EK-TM4C123GXL_core/Debug\libtivac_EK-TM4C123GXL_core.a(main.o)
 .debug_ranges  0x000006f8      0x1a0 C:/Users/admin/workspace_v8/tivac_EK-TM4C123GXL_core/Debug\libtivac_EK-TM4C123GXL_core.a(Print.o)

.debug_line     0x00000000     0x46d8
 .debug_line    0x00000000      0x6be ./ModBus_Serial_Slave.o
 .debug_line    0x000006be      0x926 C:/Users/admin/workspace_v8/tivac_EK-TM4C123GXL_Wire/Debug\libtivac_EK-TM4C123GXL_Wire.a(Wire.o)
 .debug_line    0x00000fe4      0x6ab C:/Users/admin/workspace_v8/tivac_EK-TM4C123GXL_ModbusSerial/Debug\libtivac_EK-TM4C123GXL_ModbusSerial.a(ModbusSerial.o)
 .debug_line    0x0000168f      0x865 C:/Users/admin/workspace_v8/tivac_EK-TM4C123GXL_Modbus/Debug\libtivac_EK-TM4C123GXL_Modbus.a(Modbus.o)
 .debug_line    0x00001ef4      0x4ac C:/Users/admin/workspace_v8/tivac_EK-TM4C123GXL_core/Debug\libtivac_EK-TM4C123GXL_core.a(startup_gcc.o)
 .debug_line    0x000023a0      0x519 C:/Users/admin/workspace_v8/tivac_EK-TM4C123GXL_core/Debug\libtivac_EK-TM4C123GXL_core.a(WInterrupts.o)
 .debug_line    0x000028b9      0x4bd C:/Users/admin/workspace_v8/tivac_EK-TM4C123GXL_core/Debug\libtivac_EK-TM4C123GXL_core.a(wiring.o)
 .debug_line    0x00002d76      0x3b2 C:/Users/admin/workspace_v8/tivac_EK-TM4C123GXL_core/Debug\libtivac_EK-TM4C123GXL_core.a(wiring_digital.o)
 .debug_line    0x00003128      0x84c C:/Users/admin/workspace_v8/tivac_EK-TM4C123GXL_core/Debug\libtivac_EK-TM4C123GXL_core.a(HardwareSerial.o)
 .debug_line    0x00003974      0x550 C:/Users/admin/workspace_v8/tivac_EK-TM4C123GXL_core/Debug\libtivac_EK-TM4C123GXL_core.a(main.o)
 .debug_line    0x00003ec4      0x814 C:/Users/admin/workspace_v8/tivac_EK-TM4C123GXL_core/Debug\libtivac_EK-TM4C123GXL_core.a(Print.o)

.debug_str      0x00000000     0x3b83
 .debug_str     0x00000000     0x1e2e ./ModBus_Serial_Slave.o
                               0x1fc1 (size before relaxing)
 .debug_str     0x00001e2e      0x875 C:/Users/admin/workspace_v8/tivac_EK-TM4C123GXL_Wire/Debug\libtivac_EK-TM4C123GXL_Wire.a(Wire.o)
                               0x224c (size before relaxing)
 .debug_str     0x000026a3       0xec C:/Users/admin/workspace_v8/tivac_EK-TM4C123GXL_ModbusSerial/Debug\libtivac_EK-TM4C123GXL_ModbusSerial.a(ModbusSerial.o)
                               0x1ff0 (size before relaxing)
 .debug_str     0x0000278f      0x1e5 C:/Users/admin/workspace_v8/tivac_EK-TM4C123GXL_Modbus/Debug\libtivac_EK-TM4C123GXL_Modbus.a(Modbus.o)
                               0x1004 (size before relaxing)
 .debug_str     0x00002974      0x469 C:/Users/admin/workspace_v8/tivac_EK-TM4C123GXL_core/Debug\libtivac_EK-TM4C123GXL_core.a(startup_gcc.o)
                                0xb63 (size before relaxing)
 .debug_str     0x00002ddd      0x23c C:/Users/admin/workspace_v8/tivac_EK-TM4C123GXL_core/Debug\libtivac_EK-TM4C123GXL_core.a(WInterrupts.o)
                                0xa2d (size before relaxing)
 .debug_str     0x00003019      0x151 C:/Users/admin/workspace_v8/tivac_EK-TM4C123GXL_core/Debug\libtivac_EK-TM4C123GXL_core.a(wiring.o)
                                0x90f (size before relaxing)
 .debug_str     0x0000316a       0x95 C:/Users/admin/workspace_v8/tivac_EK-TM4C123GXL_core/Debug\libtivac_EK-TM4C123GXL_core.a(wiring_digital.o)
                                0x861 (size before relaxing)
 .debug_str     0x000031ff      0x4fa C:/Users/admin/workspace_v8/tivac_EK-TM4C123GXL_core/Debug\libtivac_EK-TM4C123GXL_core.a(HardwareSerial.o)
                               0x2051 (size before relaxing)
 .debug_str     0x000036f9       0x6d C:/Users/admin/workspace_v8/tivac_EK-TM4C123GXL_core/Debug\libtivac_EK-TM4C123GXL_core.a(main.o)
                                0xab2 (size before relaxing)
 .debug_str     0x00003766      0x41d C:/Users/admin/workspace_v8/tivac_EK-TM4C123GXL_core/Debug\libtivac_EK-TM4C123GXL_core.a(Print.o)
                               0x1a58 (size before relaxing)

.comment        0x00000000       0xef
 .comment       0x00000000       0x7f ./ModBus_Serial_Slave.o
                                 0x80 (size before relaxing)
 .comment       0x0000007f       0x80 C:/Users/admin/workspace_v8/tivac_EK-TM4C123GXL_Wire/Debug\libtivac_EK-TM4C123GXL_Wire.a(Wire.o)
 .comment       0x0000007f       0x80 C:/Users/admin/workspace_v8/tivac_EK-TM4C123GXL_ModbusSerial/Debug\libtivac_EK-TM4C123GXL_ModbusSerial.a(ModbusSerial.o)
 .comment       0x0000007f       0x80 C:/Users/admin/workspace_v8/tivac_EK-TM4C123GXL_Modbus/Debug\libtivac_EK-TM4C123GXL_Modbus.a(Modbus.o)
 .comment       0x0000007f       0x80 C:/Users/admin/workspace_v8/tivac_EK-TM4C123GXL_core/Debug\libtivac_EK-TM4C123GXL_core.a(startup_gcc.o)
 .comment       0x0000007f       0x80 C:/Users/admin/workspace_v8/tivac_EK-TM4C123GXL_core/Debug\libtivac_EK-TM4C123GXL_core.a(WInterrupts.o)
 .comment       0x0000007f       0x80 C:/Users/admin/workspace_v8/tivac_EK-TM4C123GXL_core/Debug\libtivac_EK-TM4C123GXL_core.a(wiring.o)
 .comment       0x0000007f       0x80 C:/Users/admin/workspace_v8/tivac_EK-TM4C123GXL_core/Debug\libtivac_EK-TM4C123GXL_core.a(wiring_digital.o)
 .comment       0x0000007f       0x80 C:/Users/admin/workspace_v8/tivac_EK-TM4C123GXL_core/Debug\libtivac_EK-TM4C123GXL_core.a(HardwareSerial.o)
 .comment       0x0000007f       0x80 C:/Users/admin/workspace_v8/tivac_EK-TM4C123GXL_core/Debug\libtivac_EK-TM4C123GXL_core.a(main.o)
 .comment       0x0000007f       0x80 C:/Users/admin/workspace_v8/tivac_EK-TM4C123GXL_core/Debug\libtivac_EK-TM4C123GXL_core.a(Print.o)
 .comment       0x0000007f       0x70 C:/Users/admin/AppData/Local/Energia15/packages/energia/hardware/tivac/1.0.3/system/driverlib\libdriverlib.a(eeprom.o)
                                 0x71 (size before relaxing)
 .comment       0x000000ef       0x71 C:/Users/admin/AppData/Local/Energia15/packages/energia/hardware/tivac/1.0.3/system/driverlib\libdriverlib.a(gpio.o)
 .comment       0x000000ef       0x71 C:/Users/admin/AppData/Local/Energia15/packages/energia/hardware/tivac/1.0.3/system/driverlib\libdriverlib.a(i2c.o)
 .comment       0x000000ef       0x71 C:/Users/admin/AppData/Local/Energia15/packages/energia/hardware/tivac/1.0.3/system/driverlib\libdriverlib.a(sysctl.o)

.ARM.attributes
                0x00000000       0x37
 .ARM.attributes
                0x00000000       0x39 ./ModBus_Serial_Slave.o
 .ARM.attributes
                0x00000039       0x39 C:/Users/admin/workspace_v8/tivac_EK-TM4C123GXL_Wire/Debug\libtivac_EK-TM4C123GXL_Wire.a(Wire.o)
 .ARM.attributes
                0x00000072       0x39 C:/Users/admin/workspace_v8/tivac_EK-TM4C123GXL_ModbusSerial/Debug\libtivac_EK-TM4C123GXL_ModbusSerial.a(ModbusSerial.o)
 .ARM.attributes
                0x000000ab       0x39 C:/Users/admin/workspace_v8/tivac_EK-TM4C123GXL_Modbus/Debug\libtivac_EK-TM4C123GXL_Modbus.a(Modbus.o)
 .ARM.attributes
                0x000000e4       0x39 C:/Users/admin/workspace_v8/tivac_EK-TM4C123GXL_core/Debug\libtivac_EK-TM4C123GXL_core.a(startup_gcc.o)
 .ARM.attributes
                0x0000011d       0x39 C:/Users/admin/workspace_v8/tivac_EK-TM4C123GXL_core/Debug\libtivac_EK-TM4C123GXL_core.a(WInterrupts.o)
 .ARM.attributes
                0x00000156       0x39 C:/Users/admin/workspace_v8/tivac_EK-TM4C123GXL_core/Debug\libtivac_EK-TM4C123GXL_core.a(wiring.o)
 .ARM.attributes
                0x0000018f       0x39 C:/Users/admin/workspace_v8/tivac_EK-TM4C123GXL_core/Debug\libtivac_EK-TM4C123GXL_core.a(wiring_digital.o)
 .ARM.attributes
                0x000001c8       0x39 C:/Users/admin/workspace_v8/tivac_EK-TM4C123GXL_core/Debug\libtivac_EK-TM4C123GXL_core.a(HardwareSerial.o)
 .ARM.attributes
                0x00000201       0x39 C:/Users/admin/workspace_v8/tivac_EK-TM4C123GXL_core/Debug\libtivac_EK-TM4C123GXL_core.a(main.o)
 .ARM.attributes
                0x0000023a       0x39 C:/Users/admin/workspace_v8/tivac_EK-TM4C123GXL_core/Debug\libtivac_EK-TM4C123GXL_core.a(Print.o)
 .ARM.attributes
                0x00000273       0x3b C:/Users/admin/AppData/Local/Energia15/packages/energia/hardware/tivac/1.0.3/system/driverlib\libdriverlib.a(eeprom.o)
 .ARM.attributes
                0x000002ae       0x3b C:/Users/admin/AppData/Local/Energia15/packages/energia/hardware/tivac/1.0.3/system/driverlib\libdriverlib.a(gpio.o)
 .ARM.attributes
                0x000002e9       0x3b C:/Users/admin/AppData/Local/Energia15/packages/energia/hardware/tivac/1.0.3/system/driverlib\libdriverlib.a(i2c.o)
 .ARM.attributes
                0x00000324       0x3b C:/Users/admin/AppData/Local/Energia15/packages/energia/hardware/tivac/1.0.3/system/driverlib\libdriverlib.a(sysctl.o)
 .ARM.attributes
                0x0000035f       0x34 c:/users/admin/appdata/local/energia15/packages/energia/tools/arm-none-eabi-gcc/6.3.1-20170620/bin/../lib/gcc/arm-none-eabi/6.3.1/../../../../arm-none-eabi/lib/thumb/v7e-m/fpv4-sp/hard\libc_nano.a(lib_a-malloc.o)
 .ARM.attributes
                0x00000393       0x34 c:/users/admin/appdata/local/energia15/packages/energia/tools/arm-none-eabi-gcc/6.3.1-20170620/bin/../lib/gcc/arm-none-eabi/6.3.1/../../../../arm-none-eabi/lib/thumb/v7e-m/fpv4-sp/hard\libc_nano.a(lib_a-nano-freer.o)
 .ARM.attributes
                0x000003c7       0x34 c:/users/admin/appdata/local/energia15/packages/energia/tools/arm-none-eabi-gcc/6.3.1-20170620/bin/../lib/gcc/arm-none-eabi/6.3.1/../../../../arm-none-eabi/lib/thumb/v7e-m/fpv4-sp/hard\libc_nano.a(lib_a-nano-mallocr.o)
 .ARM.attributes
                0x000003fb       0x34 c:/users/admin/appdata/local/energia15/packages/energia/tools/arm-none-eabi-gcc/6.3.1-20170620/bin/../lib/gcc/arm-none-eabi/6.3.1/../../../../arm-none-eabi/lib/thumb/v7e-m/fpv4-sp/hard\libc_nano.a(lib_a-sbrkr.o)
 .ARM.attributes
                0x0000042f       0x34 c:/users/admin/appdata/local/energia15/packages/energia/tools/arm-none-eabi-gcc/6.3.1-20170620/bin/../lib/gcc/arm-none-eabi/6.3.1/../../../../arm-none-eabi/lib/thumb/v7e-m/fpv4-sp/hard\libc_nano.a(lib_a-impure.o)
 .ARM.attributes
                0x00000463       0x34 c:/users/admin/appdata/local/energia15/packages/energia/tools/arm-none-eabi-gcc/6.3.1-20170620/bin/../lib/gcc/arm-none-eabi/6.3.1/../../../../arm-none-eabi/lib/thumb/v7e-m/fpv4-sp/hard\libc_nano.a(lib_a-mlock.o)
 .ARM.attributes
                0x00000497       0x34 c:/users/admin/appdata/local/energia15/packages/energia/tools/arm-none-eabi-gcc/6.3.1-20170620/bin/../lib/gcc/arm-none-eabi/6.3.1/../../../../arm-none-eabi/lib/thumb/v7e-m/fpv4-sp/hard\libc_nano.a(lib_a-reent.o)
 .ARM.attributes
                0x000004cb       0x22 c:/users/admin/appdata/local/energia15/packages/energia/tools/arm-none-eabi-gcc/6.3.1-20170620/bin/../lib/gcc/arm-none-eabi/6.3.1/thumb/v7e-m/fpv4-sp/hard\libgcc.a(_arm_addsubdf3.o)
 .ARM.attributes
                0x000004ed       0x22 c:/users/admin/appdata/local/energia15/packages/energia/tools/arm-none-eabi-gcc/6.3.1-20170620/bin/../lib/gcc/arm-none-eabi/6.3.1/thumb/v7e-m/fpv4-sp/hard\libgcc.a(_arm_muldivdf3.o)
 .ARM.attributes
                0x0000050f       0x22 c:/users/admin/appdata/local/energia15/packages/energia/tools/arm-none-eabi-gcc/6.3.1-20170620/bin/../lib/gcc/arm-none-eabi/6.3.1/thumb/v7e-m/fpv4-sp/hard\libgcc.a(_arm_fixunsdfsi.o)

.debug_frame    0x00000000     0x1530
 .debug_frame   0x00000000       0x5c ./ModBus_Serial_Slave.o
 .debug_frame   0x0000005c      0x300 C:/Users/admin/workspace_v8/tivac_EK-TM4C123GXL_Wire/Debug\libtivac_EK-TM4C123GXL_Wire.a(Wire.o)
 .debug_frame   0x0000035c       0xfc C:/Users/admin/workspace_v8/tivac_EK-TM4C123GXL_ModbusSerial/Debug\libtivac_EK-TM4C123GXL_ModbusSerial.a(ModbusSerial.o)
 .debug_frame   0x00000458      0x348 C:/Users/admin/workspace_v8/tivac_EK-TM4C123GXL_Modbus/Debug\libtivac_EK-TM4C123GXL_Modbus.a(Modbus.o)
 .debug_frame   0x000007a0      0x1b0 C:/Users/admin/workspace_v8/tivac_EK-TM4C123GXL_core/Debug\libtivac_EK-TM4C123GXL_core.a(startup_gcc.o)
 .debug_frame   0x00000950      0x164 C:/Users/admin/workspace_v8/tivac_EK-TM4C123GXL_core/Debug\libtivac_EK-TM4C123GXL_core.a(WInterrupts.o)
 .debug_frame   0x00000ab4      0x13c C:/Users/admin/workspace_v8/tivac_EK-TM4C123GXL_core/Debug\libtivac_EK-TM4C123GXL_core.a(wiring.o)
 .debug_frame   0x00000bf0       0x74 C:/Users/admin/workspace_v8/tivac_EK-TM4C123GXL_core/Debug\libtivac_EK-TM4C123GXL_core.a(wiring_digital.o)
 .debug_frame   0x00000c64      0x308 C:/Users/admin/workspace_v8/tivac_EK-TM4C123GXL_core/Debug\libtivac_EK-TM4C123GXL_core.a(HardwareSerial.o)
 .debug_frame   0x00000f6c       0x48 C:/Users/admin/workspace_v8/tivac_EK-TM4C123GXL_core/Debug\libtivac_EK-TM4C123GXL_core.a(main.o)
 .debug_frame   0x00000fb4      0x310 C:/Users/admin/workspace_v8/tivac_EK-TM4C123GXL_core/Debug\libtivac_EK-TM4C123GXL_core.a(Print.o)
 .debug_frame   0x000012c4       0x30 c:/users/admin/appdata/local/energia15/packages/energia/tools/arm-none-eabi-gcc/6.3.1-20170620/bin/../lib/gcc/arm-none-eabi/6.3.1/../../../../arm-none-eabi/lib/thumb/v7e-m/fpv4-sp/hard\libc_nano.a(lib_a-malloc.o)
 .debug_frame   0x000012f4       0x38 c:/users/admin/appdata/local/energia15/packages/energia/tools/arm-none-eabi-gcc/6.3.1-20170620/bin/../lib/gcc/arm-none-eabi/6.3.1/../../../../arm-none-eabi/lib/thumb/v7e-m/fpv4-sp/hard\libc_nano.a(lib_a-nano-freer.o)
 .debug_frame   0x0000132c       0x2c c:/users/admin/appdata/local/energia15/packages/energia/tools/arm-none-eabi-gcc/6.3.1-20170620/bin/../lib/gcc/arm-none-eabi/6.3.1/../../../../arm-none-eabi/lib/thumb/v7e-m/fpv4-sp/hard\libc_nano.a(lib_a-nano-mallocr.o)
 .debug_frame   0x00001358       0x2c c:/users/admin/appdata/local/energia15/packages/energia/tools/arm-none-eabi-gcc/6.3.1-20170620/bin/../lib/gcc/arm-none-eabi/6.3.1/../../../../arm-none-eabi/lib/thumb/v7e-m/fpv4-sp/hard\libc_nano.a(lib_a-sbrkr.o)
 .debug_frame   0x00001384       0x30 c:/users/admin/appdata/local/energia15/packages/energia/tools/arm-none-eabi-gcc/6.3.1-20170620/bin/../lib/gcc/arm-none-eabi/6.3.1/../../../../arm-none-eabi/lib/thumb/v7e-m/fpv4-sp/hard\libc_nano.a(lib_a-mlock.o)
 .debug_frame   0x000013b4       0x5c c:/users/admin/appdata/local/energia15/packages/energia/tools/arm-none-eabi-gcc/6.3.1-20170620/bin/../lib/gcc/arm-none-eabi/6.3.1/../../../../arm-none-eabi/lib/thumb/v7e-m/fpv4-sp/hard\libc_nano.a(lib_a-reent.o)
 .debug_frame   0x00001410       0xac c:/users/admin/appdata/local/energia15/packages/energia/tools/arm-none-eabi-gcc/6.3.1-20170620/bin/../lib/gcc/arm-none-eabi/6.3.1/thumb/v7e-m/fpv4-sp/hard\libgcc.a(_arm_addsubdf3.o)
 .debug_frame   0x000014bc       0x50 c:/users/admin/appdata/local/energia15/packages/energia/tools/arm-none-eabi-gcc/6.3.1-20170620/bin/../lib/gcc/arm-none-eabi/6.3.1/thumb/v7e-m/fpv4-sp/hard\libgcc.a(_arm_muldivdf3.o)
 .debug_frame   0x0000150c       0x24 c:/users/admin/appdata/local/energia15/packages/energia/tools/arm-none-eabi-gcc/6.3.1-20170620/bin/../lib/gcc/arm-none-eabi/6.3.1/thumb/v7e-m/fpv4-sp/hard\libgcc.a(_arm_fixunsdfsi.o)
