<?xml version="1.0" encoding="ISO-8859-1" ?>
<link_info>
   <banner>TI ARM Linker PC v18.1.1.LTS</banner>
   <copyright>Copyright (c) 1996-2017 Texas Instruments Incorporated</copyright>
   <link_time>0x5b56f779</link_time>
   <link_errors>0x0</link_errors>
   <output_file>SSL_Controller_V1.0.out</output_file>
   <entry_point>
      <name>_c_int00_noargs</name>
      <address>0x5029</address>
   </entry_point>
   <input_file_list>
      <input_file id="fl-2">
         <path>.\</path>
         <kind>object</kind>
         <file>main.obj</file>
         <name>main.obj</name>
      </input_file>
      <input_file id="fl-3">
         <path>.\</path>
         <kind>object</kind>
         <file>tm4c123gh6pm_startup_ccs.obj</file>
         <name>tm4c123gh6pm_startup_ccs.obj</name>
      </input_file>
      <input_file id="fl-4">
         <path>.\Peripherals\</path>
         <kind>object</kind>
         <file>adc.obj</file>
         <name>adc.obj</name>
      </input_file>
      <input_file id="fl-5">
         <path>.\Peripherals\</path>
         <kind>object</kind>
         <file>cpu.obj</file>
         <name>cpu.obj</name>
      </input_file>
      <input_file id="fl-6">
         <path>.\Peripherals\</path>
         <kind>object</kind>
         <file>gpio.obj</file>
         <name>gpio.obj</name>
      </input_file>
      <input_file id="fl-7">
         <path>.\Peripherals\</path>
         <kind>object</kind>
         <file>i2c.obj</file>
         <name>i2c.obj</name>
      </input_file>
      <input_file id="fl-8">
         <path>.\Peripherals\</path>
         <kind>object</kind>
         <file>interrupt.obj</file>
         <name>interrupt.obj</name>
      </input_file>
      <input_file id="fl-9">
         <path>.\Peripherals\</path>
         <kind>object</kind>
         <file>pwm.obj</file>
         <name>pwm.obj</name>
      </input_file>
      <input_file id="fl-a">
         <path>.\Peripherals\</path>
         <kind>object</kind>
         <file>sysctl.obj</file>
         <name>sysctl.obj</name>
      </input_file>
      <input_file id="fl-b">
         <path>.\Peripherals\</path>
         <kind>object</kind>
         <file>timer.obj</file>
         <name>timer.obj</name>
      </input_file>
      <input_file id="fl-c">
         <path>.\Peripherals\</path>
         <kind>object</kind>
         <file>uart.obj</file>
         <name>uart.obj</name>
      </input_file>
      <input_file id="fl-d">
         <path>.\Peripherals\</path>
         <kind>object</kind>
         <file>uartstdio.obj</file>
         <name>uartstdio.obj</name>
      </input_file>
      <input_file id="fl-11">
         <kind>object</kind>
         <file>&lt;internal&gt;</file>
         <name>&lt;internal&gt;</name>
      </input_file>
      <input_file id="fl-c7">
         <path>C:\ti\ccsv8\tools\compiler\ti-cgt-arm_18.1.1.LTS\lib\</path>
         <kind>archive</kind>
         <file>rtsv7M4_T_le_v4SPD16_eabi.lib</file>
         <name>boot_cortex_m.c.obj</name>
      </input_file>
      <input_file id="fl-c8">
         <path>C:\ti\ccsv8\tools\compiler\ti-cgt-arm_18.1.1.LTS\lib\</path>
         <kind>archive</kind>
         <file>rtsv7M4_T_le_v4SPD16_eabi.lib</file>
         <name>autoinit.c.obj</name>
      </input_file>
      <input_file id="fl-c9">
         <path>C:\ti\ccsv8\tools\compiler\ti-cgt-arm_18.1.1.LTS\lib\</path>
         <kind>archive</kind>
         <file>rtsv7M4_T_le_v4SPD16_eabi.lib</file>
         <name>copy_decompress_lzss.c.obj</name>
      </input_file>
      <input_file id="fl-ca">
         <path>C:\ti\ccsv8\tools\compiler\ti-cgt-arm_18.1.1.LTS\lib\</path>
         <kind>archive</kind>
         <file>rtsv7M4_T_le_v4SPD16_eabi.lib</file>
         <name>copy_decompress_none.c.obj</name>
      </input_file>
      <input_file id="fl-cb">
         <path>C:\ti\ccsv8\tools\compiler\ti-cgt-arm_18.1.1.LTS\lib\</path>
         <kind>archive</kind>
         <file>rtsv7M4_T_le_v4SPD16_eabi.lib</file>
         <name>copy_zero_init.c.obj</name>
      </input_file>
      <input_file id="fl-cc">
         <path>C:\ti\ccsv8\tools\compiler\ti-cgt-arm_18.1.1.LTS\lib\</path>
         <kind>archive</kind>
         <file>rtsv7M4_T_le_v4SPD16_eabi.lib</file>
         <name>u_divt2.asm.obj</name>
      </input_file>
      <input_file id="fl-cd">
         <path>C:\ti\ccsv8\tools\compiler\ti-cgt-arm_18.1.1.LTS\lib\</path>
         <kind>archive</kind>
         <file>rtsv7M4_T_le_v4SPD16_eabi.lib</file>
         <name>div0.asm.obj</name>
      </input_file>
      <input_file id="fl-ce">
         <path>C:\ti\ccsv8\tools\compiler\ti-cgt-arm_18.1.1.LTS\lib\</path>
         <kind>archive</kind>
         <file>rtsv7M4_T_le_v4SPD16_eabi.lib</file>
         <name>args_main.c.obj</name>
      </input_file>
      <input_file id="fl-cf">
         <path>C:\ti\ccsv8\tools\compiler\ti-cgt-arm_18.1.1.LTS\lib\</path>
         <kind>archive</kind>
         <file>rtsv7M4_T_le_v4SPD16_eabi.lib</file>
         <name>pre_init.c.obj</name>
      </input_file>
      <input_file id="fl-d0">
         <path>C:\ti\ccsv8\tools\compiler\ti-cgt-arm_18.1.1.LTS\lib\</path>
         <kind>archive</kind>
         <file>rtsv7M4_T_le_v4SPD16_eabi.lib</file>
         <name>atoi.c.obj</name>
      </input_file>
      <input_file id="fl-d1">
         <path>C:\ti\ccsv8\tools\compiler\ti-cgt-arm_18.1.1.LTS\lib\</path>
         <kind>archive</kind>
         <file>rtsv7M4_T_le_v4SPD16_eabi.lib</file>
         <name>ctype.c.obj</name>
      </input_file>
      <input_file id="fl-d2">
         <path>C:\ti\ccsv8\tools\compiler\ti-cgt-arm_18.1.1.LTS\lib\</path>
         <kind>archive</kind>
         <file>rtsv7M4_T_le_v4SPD16_eabi.lib</file>
         <name>cpy_tbl.c.obj</name>
      </input_file>
      <input_file id="fl-d3">
         <path>C:\ti\ccsv8\tools\compiler\ti-cgt-arm_18.1.1.LTS\lib\</path>
         <kind>archive</kind>
         <file>rtsv7M4_T_le_v4SPD16_eabi.lib</file>
         <name>exit.c.obj</name>
      </input_file>
      <input_file id="fl-d4">
         <path>C:\ti\ccsv8\tools\compiler\ti-cgt-arm_18.1.1.LTS\lib\</path>
         <kind>archive</kind>
         <file>rtsv7M4_T_le_v4SPD16_eabi.lib</file>
         <name>_lock.c.obj</name>
      </input_file>
      <input_file id="fl-d5">
         <path>C:\ti\ccsv8\tools\compiler\ti-cgt-arm_18.1.1.LTS\lib\</path>
         <kind>archive</kind>
         <file>rtsv7M4_T_le_v4SPD16_eabi.lib</file>
         <name>memcpy_t2.asm.obj</name>
      </input_file>
      <input_file id="fl-d6">
         <path>C:\ti\ccsv8\tools\compiler\ti-cgt-arm_18.1.1.LTS\lib\</path>
         <kind>archive</kind>
         <file>rtsv7M4_T_le_v4SPD16_eabi.lib</file>
         <name>memset_t2.asm.obj</name>
      </input_file>
      <input_file id="fl-d7">
         <path>C:\ti\ccsv8\tools\compiler\ti-cgt-arm_18.1.1.LTS\lib\</path>
         <kind>archive</kind>
         <file>rtsv7M4_T_le_v4SPD16_eabi.lib</file>
         <name>strlen.c.obj</name>
      </input_file>
   </input_file_list>
   <object_component_list>
      <object_component id="oc-f">
         <name>.intvecs</name>
         <load_address>0x0</load_address>
         <run_address>0x0</run_address>
         <size>0x26c</size>
         <input_file_ref idref="fl-3"/>
      </object_component>
      <object_component id="oc-c6">
         <name>.text</name>
         <load_address>0x26c</load_address>
         <run_address>0x26c</run_address>
         <size>0xf60</size>
         <input_file_ref idref="fl-a"/>
      </object_component>
      <object_component id="oc-98">
         <name>.text</name>
         <load_address>0x11cc</load_address>
         <run_address>0x11cc</run_address>
         <size>0xcec</size>
         <input_file_ref idref="fl-2"/>
      </object_component>
      <object_component id="oc-cc">
         <name>.text</name>
         <load_address>0x1eb8</load_address>
         <run_address>0x1eb8</run_address>
         <size>0xb40</size>
         <input_file_ref idref="fl-6"/>
      </object_component>
      <object_component id="oc-f7">
         <name>.text</name>
         <load_address>0x29f8</load_address>
         <run_address>0x29f8</run_address>
         <size>0x7d8</size>
         <input_file_ref idref="fl-4"/>
      </object_component>
      <object_component id="oc-eb">
         <name>.text</name>
         <load_address>0x31d0</load_address>
         <run_address>0x31d0</run_address>
         <size>0x6f8</size>
         <input_file_ref idref="fl-7"/>
      </object_component>
      <object_component id="oc-103">
         <name>.text</name>
         <load_address>0x38c8</load_address>
         <run_address>0x38c8</run_address>
         <size>0x642</size>
         <input_file_ref idref="fl-b"/>
      </object_component>
      <object_component id="oc-20b">
         <name>.text</name>
         <load_address>0x3f0a</load_address>
         <run_address>0x3f0a</run_address>
         <size>0x2</size>
         <input_file_ref idref="fl-cd"/>
      </object_component>
      <object_component id="oc-d3">
         <name>.text</name>
         <load_address>0x3f0c</load_address>
         <run_address>0x3f0c</run_address>
         <size>0x62e</size>
         <input_file_ref idref="fl-c"/>
      </object_component>
      <object_component id="oc-d9">
         <name>.text</name>
         <load_address>0x453c</load_address>
         <run_address>0x453c</run_address>
         <size>0x49c</size>
         <input_file_ref idref="fl-d"/>
      </object_component>
      <object_component id="oc-fd">
         <name>.text</name>
         <load_address>0x49d8</load_address>
         <run_address>0x49d8</run_address>
         <size>0x3c0</size>
         <input_file_ref idref="fl-8"/>
      </object_component>
      <object_component id="oc-38">
         <name>.text</name>
         <load_address>0x4d98</load_address>
         <run_address>0x4d98</run_address>
         <size>0x9c</size>
         <input_file_ref idref="fl-d5"/>
      </object_component>
      <object_component id="oc-8c">
         <name>.text</name>
         <load_address>0x4e34</load_address>
         <run_address>0x4e34</run_address>
         <size>0x7a</size>
         <input_file_ref idref="fl-d6"/>
      </object_component>
      <object_component id="oc-12">
         <name>.text:decompress:lzss:__TI_decompress_lzss</name>
         <load_address>0x4eae</load_address>
         <run_address>0x4eae</run_address>
         <size>0x68</size>
         <input_file_ref idref="fl-c9"/>
      </object_component>
      <object_component id="oc-df">
         <name>.text:atoi</name>
         <load_address>0x4f18</load_address>
         <run_address>0x4f18</run_address>
         <size>0x4c</size>
         <input_file_ref idref="fl-d0"/>
      </object_component>
      <object_component id="oc-11f">
         <name>.text:__TI_auto_init_nobinit_nopinit:__TI_auto_init_nobinit_nopinit</name>
         <load_address>0x4f64</load_address>
         <run_address>0x4f64</run_address>
         <size>0x44</size>
         <input_file_ref idref="fl-c8"/>
      </object_component>
      <object_component id="oc-188">
         <name>.text</name>
         <load_address>0x4fa8</load_address>
         <run_address>0x4fa8</run_address>
         <size>0x40</size>
         <input_file_ref idref="fl-cc"/>
      </object_component>
      <object_component id="oc-156">
         <name>.text</name>
         <load_address>0x4fe8</load_address>
         <run_address>0x4fe8</run_address>
         <size>0x3e</size>
         <input_file_ref idref="fl-5"/>
      </object_component>
      <object_component id="oc-56">
         <name>.text:_c_int00_noargs:_c_int00_noargs</name>
         <load_address>0x5028</load_address>
         <run_address>0x5028</run_address>
         <size>0x38</size>
         <input_file_ref idref="fl-c7"/>
      </object_component>
      <object_component id="oc-e5">
         <name>.text:strlen</name>
         <load_address>0x5060</load_address>
         <run_address>0x5060</run_address>
         <size>0x14</size>
         <input_file_ref idref="fl-d7"/>
      </object_component>
      <object_component id="oc-18">
         <name>.text:decompress:none:__TI_decompress_none</name>
         <load_address>0x5074</load_address>
         <run_address>0x5074</run_address>
         <size>0xe</size>
         <input_file_ref idref="fl-ca"/>
      </object_component>
      <object_component id="oc-4a">
         <name>.text:decompress:ZI:__TI_zero_init</name>
         <load_address>0x5082</load_address>
         <run_address>0x5082</run_address>
         <size>0xc</size>
         <input_file_ref idref="fl-cb"/>
      </object_component>
      <object_component id="oc-24">
         <name>.text</name>
         <load_address>0x508e</load_address>
         <run_address>0x508e</run_address>
         <size>0xc</size>
         <input_file_ref idref="fl-3"/>
      </object_component>
      <object_component id="oc-d2">
         <name>.text:SysCtlDelay</name>
         <load_address>0x509a</load_address>
         <run_address>0x509a</run_address>
         <size>0x6</size>
         <input_file_ref idref="fl-a"/>
      </object_component>
      <object_component id="oc-92">
         <name>.text:_system_pre_init</name>
         <load_address>0x50a0</load_address>
         <run_address>0x50a0</run_address>
         <size>0x4</size>
         <input_file_ref idref="fl-cf"/>
      </object_component>
      <object_component id="oc-113">
         <name>.text:abort:abort</name>
         <load_address>0x50a4</load_address>
         <run_address>0x50a4</run_address>
         <size>0x4</size>
         <input_file_ref idref="fl-d3"/>
      </object_component>
      <object_component id="oc-162">
         <name>.const:g_pppui32XTALtoVCO</name>
         <load_address>0x50a8</load_address>
         <run_address>0x50a8</run_address>
         <size>0x1b0</size>
         <input_file_ref idref="fl-a"/>
      </object_component>
      <object_component id="oc-192">
         <name>.const:.string:_ctypes_</name>
         <load_address>0x5258</load_address>
         <run_address>0x5258</run_address>
         <size>0x101</size>
         <input_file_ref idref="fl-d1"/>
      </object_component>
      <object_component id="oc-16c">
         <name>.const:g_ppui32GPIOIntMapBlizzard</name>
         <load_address>0x535c</load_address>
         <run_address>0x535c</run_address>
         <size>0xc0</size>
         <input_file_ref idref="fl-6"/>
      </object_component>
      <object_component id="oc-16f">
         <name>.const:g_ppui32GPIOIntMapSnowflake</name>
         <load_address>0x541c</load_address>
         <run_address>0x541c</run_address>
         <size>0xc0</size>
         <input_file_ref idref="fl-6"/>
      </object_component>
      <object_component id="oc-1af">
         <name>.const:g_pui32Regs</name>
         <load_address>0x54dc</load_address>
         <run_address>0x54dc</run_address>
         <size>0x9c</size>
         <input_file_ref idref="fl-8"/>
      </object_component>
      <object_component id="oc-172">
         <name>.const:g_pui32GPIOBaseAddrs</name>
         <load_address>0x5578</load_address>
         <run_address>0x5578</run_address>
         <size>0x90</size>
         <input_file_ref idref="fl-6"/>
      </object_component>
      <object_component id="oc-15c">
         <name>.const:g_pui32Xtals</name>
         <load_address>0x5608</load_address>
         <run_address>0x5608</run_address>
         <size>0x6c</size>
         <input_file_ref idref="fl-a"/>
      </object_component>
      <object_component id="oc-1c0">
         <name>.const:g_ppui32TimerIntMap</name>
         <load_address>0x5674</load_address>
         <run_address>0x5674</run_address>
         <size>0x60</size>
         <input_file_ref idref="fl-b"/>
      </object_component>
      <object_component id="oc-19c">
         <name>.const:g_ppui32I2CIntMapSnowflake</name>
         <load_address>0x56d4</load_address>
         <run_address>0x56d4</run_address>
         <size>0x50</size>
         <input_file_ref idref="fl-7"/>
      </object_component>
      <object_component id="oc-1c3">
         <name>.const:g_ppui32TimerIntMapSnowflake</name>
         <load_address>0x5724</load_address>
         <run_address>0x5724</run_address>
         <size>0x40</size>
         <input_file_ref idref="fl-b"/>
      </object_component>
      <object_component id="oc-177">
         <name>.const:g_ppui32UARTIntMap</name>
         <load_address>0x5764</load_address>
         <run_address>0x5764</run_address>
         <size>0x40</size>
         <input_file_ref idref="fl-c"/>
      </object_component>
      <object_component id="oc-17a">
         <name>.const:g_ppui32UARTIntMapSnowflake</name>
         <load_address>0x57a4</load_address>
         <run_address>0x57a4</run_address>
         <size>0x40</size>
         <input_file_ref idref="fl-c"/>
      </object_component>
      <object_component id="oc-199">
         <name>.const:g_ppui32I2CIntMap</name>
         <load_address>0x57e4</load_address>
         <run_address>0x57e4</run_address>
         <size>0x30</size>
         <input_file_ref idref="fl-7"/>
      </object_component>
      <object_component id="oc-153">
         <name>.const:g_sXTALtoMEMTIM</name>
         <load_address>0x5814</load_address>
         <run_address>0x5814</run_address>
         <size>0x30</size>
         <input_file_ref idref="fl-a"/>
      </object_component>
      <object_component id="oc-1ac">
         <name>.const:g_pui32Priority</name>
         <load_address>0x5844</load_address>
         <run_address>0x5844</run_address>
         <size>0x20</size>
         <input_file_ref idref="fl-8"/>
      </object_component>
      <object_component id="oc-1b5">
         <name>.const:g_pui32Dii16Regs</name>
         <load_address>0x5864</load_address>
         <run_address>0x5864</run_address>
         <size>0x14</size>
         <input_file_ref idref="fl-8"/>
      </object_component>
      <object_component id="oc-1b2">
         <name>.const:g_pui32EnRegs</name>
         <load_address>0x5878</load_address>
         <run_address>0x5878</run_address>
         <size>0x14</size>
         <input_file_ref idref="fl-8"/>
      </object_component>
      <object_component id="oc-1b8">
         <name>.const:g_pui32PendRegs</name>
         <load_address>0x588c</load_address>
         <run_address>0x588c</run_address>
         <size>0x14</size>
         <input_file_ref idref="fl-8"/>
      </object_component>
      <object_component id="oc-1bb">
         <name>.const:g_pui32UnpendRegs</name>
         <load_address>0x58a0</load_address>
         <run_address>0x58a0</run_address>
         <size>0x14</size>
         <input_file_ref idref="fl-8"/>
      </object_component>
      <object_component id="oc-211">
         <name>.const:.string</name>
         <load_address>0x58b4</load_address>
         <run_address>0x58b4</run_address>
         <size>0x12</size>
         <input_file_ref idref="fl-d"/>
      </object_component>
      <object_component id="oc-185">
         <name>.const:g_ui32UARTBase</name>
         <load_address>0x58c8</load_address>
         <run_address>0x58c8</run_address>
         <size>0xc</size>
         <input_file_ref idref="fl-d"/>
      </object_component>
      <object_component id="oc-17f">
         <name>.const:g_ui32UARTPeriph</name>
         <load_address>0x58d4</load_address>
         <run_address>0x58d4</run_address>
         <size>0xc</size>
         <input_file_ref idref="fl-d"/>
      </object_component>
      <object_component id="oc-15f">
         <name>.const:g_pui32VCOFrequencies</name>
         <load_address>0x58e0</load_address>
         <run_address>0x58e0</run_address>
         <size>0x8</size>
         <input_file_ref idref="fl-a"/>
      </object_component>
      <object_component id="oc-1a1">
         <name>.const:.string</name>
         <load_address>0x58e8</load_address>
         <run_address>0x58e8</run_address>
         <size>0x6</size>
         <input_file_ref idref="fl-2"/>
      </object_component>
      <object_component id="oc-18d">
         <name>.const</name>
         <load_address>0x58f0</load_address>
         <run_address>0x58f0</run_address>
         <size>0x4</size>
         <input_file_ref idref="fl-d"/>
      </object_component>
      <object_component id="oc-29a">
         <name>.cinit..data.load</name>
         <load_address>0x58f8</load_address>
         <run_address>0x58f8</run_address>
         <size>0x15</size>
      </object_component>
      <object_component id="oc-297">
         <name>__TI_handler_table</name>
         <load_address>0x5910</load_address>
         <run_address>0x5910</run_address>
         <size>0xc</size>
      </object_component>
      <object_component id="oc-29b">
         <name>.cinit..bss.load</name>
         <load_address>0x5920</load_address>
         <run_address>0x5920</run_address>
         <size>0x8</size>
      </object_component>
      <object_component id="oc-299">
         <name>.cinit..vtable.load</name>
         <load_address>0x5928</load_address>
         <run_address>0x5928</run_address>
         <size>0x8</size>
      </object_component>
      <object_component id="oc-298">
         <name>__TI_cinit_table</name>
         <load_address>0x5930</load_address>
         <run_address>0x5930</run_address>
         <size>0x18</size>
      </object_component>
      <object_component id="oc-1a9">
         <name>.vtable</name>
         <uninitialized>true</uninitialized>
         <run_address>0x20000000</run_address>
         <size>0x26c</size>
         <input_file_ref idref="fl-8"/>
      </object_component>
      <object_component id="oc-f2">
         <name>.data</name>
         <load_address>0x20000e00</load_address>
         <run_address>0x20000e00</run_address>
         <size>0x14</size>
         <input_file_ref idref="fl-2"/>
      </object_component>
      <object_component id="oc-182">
         <name>.data</name>
         <load_address>0x20000e14</load_address>
         <run_address>0x20000e14</run_address>
         <size>0x5</size>
         <input_file_ref idref="fl-d"/>
      </object_component>
      <object_component id="oc-1a4">
         <name>.bss:g_pui8OversampleFactor</name>
         <uninitialized>true</uninitialized>
         <run_address>0x20000bf8</run_address>
         <size>0x4</size>
         <input_file_ref idref="fl-4"/>
      </object_component>
      <object_component id="oc-109">
         <name>.common:k</name>
         <uninitialized>true</uninitialized>
         <run_address>0x20000bfc</run_address>
         <size>0x1</size>
      </object_component>
      <object_component id="oc-f5">
         <name>.common:pui32ADC0Value</name>
         <uninitialized>true</uninitialized>
         <run_address>0x20000bcc</run_address>
         <size>0x10</size>
      </object_component>
      <object_component id="oc-f6">
         <name>.common:pui32ADC1Value</name>
         <uninitialized>true</uninitialized>
         <run_address>0x20000bdc</run_address>
         <size>0x10</size>
      </object_component>
      <object_component id="oc-10a">
         <name>.common:interout</name>
         <uninitialized>true</uninitialized>
         <run_address>0x20000adc</run_address>
         <size>0xf0</size>
      </object_component>
      <object_component id="oc-10b">
         <name>.common:manout</name>
         <uninitialized>true</uninitialized>
         <run_address>0x200008fc</run_address>
         <size>0x1e0</size>
      </object_component>
      <object_component id="oc-10c">
         <name>.common:final</name>
         <uninitialized>true</uninitialized>
         <run_address>0x2000026c</run_address>
         <size>0x690</size>
      </object_component>
      <object_component id="oc-f1">
         <name>.common:rbuf</name>
         <uninitialized>true</uninitialized>
         <run_address>0x20000bec</run_address>
         <size>0xc</size>
      </object_component>
      <object_component id="oc-21">
         <name>.stack</name>
         <uninitialized>true</uninitialized>
         <run_address>0x20000c00</run_address>
         <size>0x4</size>
         <input_file_ref idref="fl-c7"/>
      </object_component>
      <object_component id="oc-29c">
         <name>.stack</name>
         <uninitialized>true</uninitialized>
         <run_address>0x20000c00</run_address>
         <size>0x0</size>
      </object_component>
      <object_component id="oc-b4">
         <name>.debug_info</name>
         <load_address>0x0</load_address>
         <run_address>0x0</run_address>
         <size>0xcd4</size>
         <input_file_ref idref="fl-2"/>
      </object_component>
      <object_component id="oc-f3">
         <name>.debug_info</name>
         <load_address>0xcd4</load_address>
         <run_address>0xcd4</run_address>
         <size>0x17d</size>
         <input_file_ref idref="fl-2"/>
      </object_component>
      <object_component id="oc-99">
         <name>.debug_info</name>
         <load_address>0xe51</load_address>
         <run_address>0xe51</run_address>
         <size>0x16ea</size>
         <input_file_ref idref="fl-2"/>
      </object_component>
      <object_component id="oc-6d">
         <name>.debug_info</name>
         <load_address>0x253b</load_address>
         <run_address>0x253b</run_address>
         <size>0x26b</size>
         <input_file_ref idref="fl-2"/>
      </object_component>
      <object_component id="oc-af">
         <name>.debug_info</name>
         <load_address>0x27a6</load_address>
         <run_address>0x27a6</run_address>
         <size>0x8b</size>
         <input_file_ref idref="fl-2"/>
      </object_component>
      <object_component id="oc-aa">
         <name>.debug_info</name>
         <load_address>0x2831</load_address>
         <run_address>0x2831</run_address>
         <size>0x297</size>
         <input_file_ref idref="fl-2"/>
      </object_component>
      <object_component id="oc-166">
         <name>.debug_info</name>
         <load_address>0x2ac8</load_address>
         <run_address>0x2ac8</run_address>
         <size>0xef</size>
         <input_file_ref idref="fl-2"/>
      </object_component>
      <object_component id="oc-72">
         <name>.debug_info</name>
         <load_address>0x2bb7</load_address>
         <run_address>0x2bb7</run_address>
         <size>0xbb</size>
         <input_file_ref idref="fl-2"/>
      </object_component>
      <object_component id="oc-10e">
         <name>.debug_info</name>
         <load_address>0x2c72</load_address>
         <run_address>0x2c72</run_address>
         <size>0x2c</size>
         <input_file_ref idref="fl-2"/>
      </object_component>
      <object_component id="oc-2c">
         <name>.debug_info</name>
         <load_address>0x2c9e</load_address>
         <run_address>0x2c9e</run_address>
         <size>0x2cf</size>
         <input_file_ref idref="fl-3"/>
      </object_component>
      <object_component id="oc-10">
         <name>.debug_info</name>
         <load_address>0x2f6d</load_address>
         <run_address>0x2f6d</run_address>
         <size>0x10e</size>
         <input_file_ref idref="fl-3"/>
      </object_component>
      <object_component id="oc-25">
         <name>.debug_info</name>
         <load_address>0x307b</load_address>
         <run_address>0x307b</run_address>
         <size>0x28a</size>
         <input_file_ref idref="fl-3"/>
      </object_component>
      <object_component id="oc-33">
         <name>.debug_info</name>
         <load_address>0x3305</load_address>
         <run_address>0x3305</run_address>
         <size>0x84</size>
         <input_file_ref idref="fl-3"/>
      </object_component>
      <object_component id="oc-1a8">
         <name>.debug_info</name>
         <load_address>0x3389</load_address>
         <run_address>0x3389</run_address>
         <size>0x347</size>
         <input_file_ref idref="fl-4"/>
      </object_component>
      <object_component id="oc-1a5">
         <name>.debug_info</name>
         <load_address>0x36d0</load_address>
         <run_address>0x36d0</run_address>
         <size>0x118</size>
         <input_file_ref idref="fl-4"/>
      </object_component>
      <object_component id="oc-f9">
         <name>.debug_info</name>
         <load_address>0x37e8</load_address>
         <run_address>0x37e8</run_address>
         <size>0x2bb0</size>
         <input_file_ref idref="fl-4"/>
      </object_component>
      <object_component id="oc-158">
         <name>.debug_info</name>
         <load_address>0x6398</load_address>
         <run_address>0x6398</run_address>
         <size>0x375</size>
         <input_file_ref idref="fl-5"/>
      </object_component>
      <object_component id="oc-176">
         <name>.debug_info</name>
         <load_address>0x670d</load_address>
         <run_address>0x670d</run_address>
         <size>0x371</size>
         <input_file_ref idref="fl-6"/>
      </object_component>
      <object_component id="oc-16d">
         <name>.debug_info</name>
         <load_address>0x6a7e</load_address>
         <run_address>0x6a7e</run_address>
         <size>0x121</size>
         <input_file_ref idref="fl-6"/>
      </object_component>
      <object_component id="oc-170">
         <name>.debug_info</name>
         <load_address>0x6b9f</load_address>
         <run_address>0x6b9f</run_address>
         <size>0x123</size>
         <input_file_ref idref="fl-6"/>
      </object_component>
      <object_component id="oc-173">
         <name>.debug_info</name>
         <load_address>0x6cc2</load_address>
         <run_address>0x6cc2</run_address>
         <size>0x115</size>
         <input_file_ref idref="fl-6"/>
      </object_component>
      <object_component id="oc-cf">
         <name>.debug_info</name>
         <load_address>0x6dd7</load_address>
         <run_address>0x6dd7</run_address>
         <size>0x2f6d</size>
         <input_file_ref idref="fl-6"/>
      </object_component>
      <object_component id="oc-1a0">
         <name>.debug_info</name>
         <load_address>0x9d44</load_address>
         <run_address>0x9d44</run_address>
         <size>0x372</size>
         <input_file_ref idref="fl-7"/>
      </object_component>
      <object_component id="oc-19a">
         <name>.debug_info</name>
         <load_address>0xa0b6</load_address>
         <run_address>0xa0b6</run_address>
         <size>0x10e</size>
         <input_file_ref idref="fl-7"/>
      </object_component>
      <object_component id="oc-19d">
         <name>.debug_info</name>
         <load_address>0xa1c4</load_address>
         <run_address>0xa1c4</run_address>
         <size>0x120</size>
         <input_file_ref idref="fl-7"/>
      </object_component>
      <object_component id="oc-ed">
         <name>.debug_info</name>
         <load_address>0xa2e4</load_address>
         <run_address>0xa2e4</run_address>
         <size>0x2c56</size>
         <input_file_ref idref="fl-7"/>
      </object_component>
      <object_component id="oc-1bf">
         <name>.debug_info</name>
         <load_address>0xcf3a</load_address>
         <run_address>0xcf3a</run_address>
         <size>0x35e</size>
         <input_file_ref idref="fl-8"/>
      </object_component>
      <object_component id="oc-1ad">
         <name>.debug_info</name>
         <load_address>0xd298</load_address>
         <run_address>0xd298</run_address>
         <size>0x110</size>
         <input_file_ref idref="fl-8"/>
      </object_component>
      <object_component id="oc-1b0">
         <name>.debug_info</name>
         <load_address>0xd3a8</load_address>
         <run_address>0xd3a8</run_address>
         <size>0x108</size>
         <input_file_ref idref="fl-8"/>
      </object_component>
      <object_component id="oc-1b3">
         <name>.debug_info</name>
         <load_address>0xd4b0</load_address>
         <run_address>0xd4b0</run_address>
         <size>0x10c</size>
         <input_file_ref idref="fl-8"/>
      </object_component>
      <object_component id="oc-1b6">
         <name>.debug_info</name>
         <load_address>0xd5bc</load_address>
         <run_address>0xd5bc</run_address>
         <size>0x112</size>
         <input_file_ref idref="fl-8"/>
      </object_component>
      <object_component id="oc-1b9">
         <name>.debug_info</name>
         <load_address>0xd6ce</load_address>
         <run_address>0xd6ce</run_address>
         <size>0x110</size>
         <input_file_ref idref="fl-8"/>
      </object_component>
      <object_component id="oc-1bc">
         <name>.debug_info</name>
         <load_address>0xd7de</load_address>
         <run_address>0xd7de</run_address>
         <size>0x114</size>
         <input_file_ref idref="fl-8"/>
      </object_component>
      <object_component id="oc-1aa">
         <name>.debug_info</name>
         <load_address>0xd8f2</load_address>
         <run_address>0xd8f2</run_address>
         <size>0x111</size>
         <input_file_ref idref="fl-8"/>
      </object_component>
      <object_component id="oc-101">
         <name>.debug_info</name>
         <load_address>0xda03</load_address>
         <run_address>0xda03</run_address>
         <size>0xd55</size>
         <input_file_ref idref="fl-8"/>
      </object_component>
      <object_component id="oc-16b">
         <name>.debug_info</name>
         <load_address>0xe758</load_address>
         <run_address>0xe758</run_address>
         <size>0x3e3</size>
         <input_file_ref idref="fl-a"/>
      </object_component>
      <object_component id="oc-15d">
         <name>.debug_info</name>
         <load_address>0xeb3b</load_address>
         <run_address>0xeb3b</run_address>
         <size>0x107</size>
         <input_file_ref idref="fl-a"/>
      </object_component>
      <object_component id="oc-163">
         <name>.debug_info</name>
         <load_address>0xec42</load_address>
         <run_address>0xec42</run_address>
         <size>0x113</size>
         <input_file_ref idref="fl-a"/>
      </object_component>
      <object_component id="oc-154">
         <name>.debug_info</name>
         <load_address>0xed55</load_address>
         <run_address>0xed55</run_address>
         <size>0x10d</size>
         <input_file_ref idref="fl-a"/>
      </object_component>
      <object_component id="oc-160">
         <name>.debug_info</name>
         <load_address>0xee62</load_address>
         <run_address>0xee62</run_address>
         <size>0x11a</size>
         <input_file_ref idref="fl-a"/>
      </object_component>
      <object_component id="oc-c7">
         <name>.debug_info</name>
         <load_address>0xef7c</load_address>
         <run_address>0xef7c</run_address>
         <size>0x2c1f</size>
         <input_file_ref idref="fl-a"/>
      </object_component>
      <object_component id="oc-1f3">
         <name>.debug_info</name>
         <load_address>0x11b9b</load_address>
         <run_address>0x11b9b</run_address>
         <size>0x51</size>
         <input_file_ref idref="fl-a"/>
      </object_component>
      <object_component id="oc-1c7">
         <name>.debug_info</name>
         <load_address>0x11bec</load_address>
         <run_address>0x11bec</run_address>
         <size>0x36e</size>
         <input_file_ref idref="fl-b"/>
      </object_component>
      <object_component id="oc-1c1">
         <name>.debug_info</name>
         <load_address>0x11f5a</load_address>
         <run_address>0x11f5a</run_address>
         <size>0x114</size>
         <input_file_ref idref="fl-b"/>
      </object_component>
      <object_component id="oc-1c4">
         <name>.debug_info</name>
         <load_address>0x1206e</load_address>
         <run_address>0x1206e</run_address>
         <size>0x126</size>
         <input_file_ref idref="fl-b"/>
      </object_component>
      <object_component id="oc-104">
         <name>.debug_info</name>
         <load_address>0x12194</load_address>
         <run_address>0x12194</run_address>
         <size>0x2538</size>
         <input_file_ref idref="fl-b"/>
      </object_component>
      <object_component id="oc-17e">
         <name>.debug_info</name>
         <load_address>0x146cc</load_address>
         <run_address>0x146cc</run_address>
         <size>0x363</size>
         <input_file_ref idref="fl-c"/>
      </object_component>
      <object_component id="oc-178">
         <name>.debug_info</name>
         <load_address>0x14a2f</load_address>
         <run_address>0x14a2f</run_address>
         <size>0x111</size>
         <input_file_ref idref="fl-c"/>
      </object_component>
      <object_component id="oc-17b">
         <name>.debug_info</name>
         <load_address>0x14b40</load_address>
         <run_address>0x14b40</run_address>
         <size>0x123</size>
         <input_file_ref idref="fl-c"/>
      </object_component>
      <object_component id="oc-d4">
         <name>.debug_info</name>
         <load_address>0x14c63</load_address>
         <run_address>0x14c63</run_address>
         <size>0x27e3</size>
         <input_file_ref idref="fl-c"/>
      </object_component>
      <object_component id="oc-191">
         <name>.debug_info</name>
         <load_address>0x17446</load_address>
         <run_address>0x17446</run_address>
         <size>0x40f</size>
         <input_file_ref idref="fl-d"/>
      </object_component>
      <object_component id="oc-183">
         <name>.debug_info</name>
         <load_address>0x17855</load_address>
         <run_address>0x17855</run_address>
         <size>0x106</size>
         <input_file_ref idref="fl-d"/>
      </object_component>
      <object_component id="oc-18e">
         <name>.debug_info</name>
         <load_address>0x1795b</load_address>
         <run_address>0x1795b</run_address>
         <size>0x100</size>
         <input_file_ref idref="fl-d"/>
      </object_component>
      <object_component id="oc-186">
         <name>.debug_info</name>
         <load_address>0x17a5b</load_address>
         <run_address>0x17a5b</run_address>
         <size>0x10e</size>
         <input_file_ref idref="fl-d"/>
      </object_component>
      <object_component id="oc-180">
         <name>.debug_info</name>
         <load_address>0x17b69</load_address>
         <run_address>0x17b69</run_address>
         <size>0x112</size>
         <input_file_ref idref="fl-d"/>
      </object_component>
      <object_component id="oc-dc">
         <name>.debug_info</name>
         <load_address>0x17c7b</load_address>
         <run_address>0x17c7b</run_address>
         <size>0x83f</size>
         <input_file_ref idref="fl-d"/>
      </object_component>
      <object_component id="oc-22">
         <name>.debug_info</name>
         <load_address>0x184ba</load_address>
         <run_address>0x184ba</run_address>
         <size>0x100</size>
         <input_file_ref idref="fl-c7"/>
      </object_component>
      <object_component id="oc-58">
         <name>.debug_info</name>
         <load_address>0x185ba</load_address>
         <run_address>0x185ba</run_address>
         <size>0x1a4</size>
         <input_file_ref idref="fl-c7"/>
      </object_component>
      <object_component id="oc-1d3">
         <name>.debug_info</name>
         <load_address>0x1875e</load_address>
         <run_address>0x1875e</run_address>
         <size>0x547</size>
         <input_file_ref idref="fl-c8"/>
      </object_component>
      <object_component id="oc-122">
         <name>.debug_info</name>
         <load_address>0x18ca5</load_address>
         <run_address>0x18ca5</run_address>
         <size>0x19b</size>
         <input_file_ref idref="fl-c8"/>
      </object_component>
      <object_component id="oc-24d">
         <name>.debug_info</name>
         <load_address>0x18e40</load_address>
         <run_address>0x18e40</run_address>
         <size>0x39</size>
         <input_file_ref idref="fl-c8"/>
      </object_component>
      <object_component id="oc-264">
         <name>.debug_info</name>
         <load_address>0x18e79</load_address>
         <run_address>0x18e79</run_address>
         <size>0x39</size>
         <input_file_ref idref="fl-c8"/>
      </object_component>
      <object_component id="oc-252">
         <name>.debug_info</name>
         <load_address>0x18eb2</load_address>
         <run_address>0x18eb2</run_address>
         <size>0x39</size>
         <input_file_ref idref="fl-c8"/>
      </object_component>
      <object_component id="oc-257">
         <name>.debug_info</name>
         <load_address>0x18eeb</load_address>
         <run_address>0x18eeb</run_address>
         <size>0xcd</size>
         <input_file_ref idref="fl-c8"/>
      </object_component>
      <object_component id="oc-7c">
         <name>.debug_info</name>
         <load_address>0x18fb8</load_address>
         <run_address>0x18fb8</run_address>
         <size>0x293</size>
         <input_file_ref idref="fl-c9"/>
      </object_component>
      <object_component id="oc-15">
         <name>.debug_info</name>
         <load_address>0x1924b</load_address>
         <run_address>0x1924b</run_address>
         <size>0x245</size>
         <input_file_ref idref="fl-c9"/>
      </object_component>
      <object_component id="oc-2e">
         <name>.debug_info</name>
         <load_address>0x19490</load_address>
         <run_address>0x19490</run_address>
         <size>0x60</size>
         <input_file_ref idref="fl-c9"/>
      </object_component>
      <object_component id="oc-b6">
         <name>.debug_info</name>
         <load_address>0x194f0</load_address>
         <run_address>0x194f0</run_address>
         <size>0x46</size>
         <input_file_ref idref="fl-c9"/>
      </object_component>
      <object_component id="oc-77">
         <name>.debug_info</name>
         <load_address>0x19536</load_address>
         <run_address>0x19536</run_address>
         <size>0x39</size>
         <input_file_ref idref="fl-c9"/>
      </object_component>
      <object_component id="oc-43">
         <name>.debug_info</name>
         <load_address>0x1956f</load_address>
         <run_address>0x1956f</run_address>
         <size>0x29d</size>
         <input_file_ref idref="fl-ca"/>
      </object_component>
      <object_component id="oc-19">
         <name>.debug_info</name>
         <load_address>0x1980c</load_address>
         <run_address>0x1980c</run_address>
         <size>0x1df</size>
         <input_file_ref idref="fl-ca"/>
      </object_component>
      <object_component id="oc-3e">
         <name>.debug_info</name>
         <load_address>0x199eb</load_address>
         <run_address>0x199eb</run_address>
         <size>0x46</size>
         <input_file_ref idref="fl-ca"/>
      </object_component>
      <object_component id="oc-7e">
         <name>.debug_info</name>
         <load_address>0x19a31</load_address>
         <run_address>0x19a31</run_address>
         <size>0x2c</size>
         <input_file_ref idref="fl-ca"/>
      </object_component>
      <object_component id="oc-8b">
         <name>.debug_info</name>
         <load_address>0x19a5d</load_address>
         <run_address>0x19a5d</run_address>
         <size>0x313</size>
         <input_file_ref idref="fl-cb"/>
      </object_component>
      <object_component id="oc-4c">
         <name>.debug_info</name>
         <load_address>0x19d70</load_address>
         <run_address>0x19d70</run_address>
         <size>0x1aa</size>
         <input_file_ref idref="fl-cb"/>
      </object_component>
      <object_component id="oc-86">
         <name>.debug_info</name>
         <load_address>0x19f1a</load_address>
         <run_address>0x19f1a</run_address>
         <size>0x46</size>
         <input_file_ref idref="fl-cb"/>
      </object_component>
      <object_component id="oc-bd">
         <name>.debug_info</name>
         <load_address>0x19f60</load_address>
         <run_address>0x19f60</run_address>
         <size>0x2c</size>
         <input_file_ref idref="fl-cb"/>
      </object_component>
      <object_component id="oc-18a">
         <name>.debug_info</name>
         <load_address>0x19f8c</load_address>
         <run_address>0x19f8c</run_address>
         <size>0x13a</size>
         <input_file_ref idref="fl-cc"/>
      </object_component>
      <object_component id="oc-20e">
         <name>.debug_info</name>
         <load_address>0x1a0c6</load_address>
         <run_address>0x1a0c6</run_address>
         <size>0x10d</size>
         <input_file_ref idref="fl-cd"/>
      </object_component>
      <object_component id="oc-95">
         <name>.debug_info</name>
         <load_address>0x1a1d3</load_address>
         <run_address>0x1a1d3</run_address>
         <size>0x148</size>
         <input_file_ref idref="fl-cf"/>
      </object_component>
      <object_component id="oc-196">
         <name>.debug_info</name>
         <load_address>0x1a31b</load_address>
         <run_address>0x1a31b</run_address>
         <size>0x2ae</size>
         <input_file_ref idref="fl-d0"/>
      </object_component>
      <object_component id="oc-e2">
         <name>.debug_info</name>
         <load_address>0x1a5c9</load_address>
         <run_address>0x1a5c9</run_address>
         <size>0x171</size>
         <input_file_ref idref="fl-d0"/>
      </object_component>
      <object_component id="oc-218">
         <name>.debug_info</name>
         <load_address>0x1a73a</load_address>
         <run_address>0x1a73a</run_address>
         <size>0xee</size>
         <input_file_ref idref="fl-d1"/>
      </object_component>
      <object_component id="oc-193">
         <name>.debug_info</name>
         <load_address>0x1a828</load_address>
         <run_address>0x1a828</run_address>
         <size>0xfa</size>
         <input_file_ref idref="fl-d1"/>
      </object_component>
      <object_component id="oc-117">
         <name>.debug_info</name>
         <load_address>0x1a922</load_address>
         <run_address>0x1a922</run_address>
         <size>0x117</size>
         <input_file_ref idref="fl-d3"/>
      </object_component>
      <object_component id="oc-39">
         <name>.debug_info</name>
         <load_address>0x1aa39</load_address>
         <run_address>0x1aa39</run_address>
         <size>0x111</size>
         <input_file_ref idref="fl-d5"/>
      </object_component>
      <object_component id="oc-8d">
         <name>.debug_info</name>
         <load_address>0x1ab4a</load_address>
         <run_address>0x1ab4a</run_address>
         <size>0x13f</size>
         <input_file_ref idref="fl-d6"/>
      </object_component>
      <object_component id="oc-198">
         <name>.debug_info</name>
         <load_address>0x1ac89</load_address>
         <run_address>0x1ac89</run_address>
         <size>0x284</size>
         <input_file_ref idref="fl-d7"/>
      </object_component>
      <object_component id="oc-e9">
         <name>.debug_info</name>
         <load_address>0x1af0d</load_address>
         <run_address>0x1af0d</run_address>
         <size>0x22a</size>
         <input_file_ref idref="fl-d7"/>
      </object_component>
      <object_component id="oc-29d">
         <name>.debug_info</name>
         <load_address>0x1b137</load_address>
         <run_address>0x1b137</run_address>
         <size>0xc4</size>
      </object_component>
      <object_component id="oc-152">
         <name>.debug_line</name>
         <load_address>0x0</load_address>
         <run_address>0x0</run_address>
         <size>0x2b6</size>
         <input_file_ref idref="fl-2"/>
      </object_component>
      <object_component id="oc-1a3">
         <name>.debug_line</name>
         <load_address>0x2b6</load_address>
         <run_address>0x2b6</run_address>
         <size>0x2d</size>
         <input_file_ref idref="fl-2"/>
      </object_component>
      <object_component id="oc-9d">
         <name>.debug_line</name>
         <load_address>0x2e3</load_address>
         <run_address>0x2e3</run_address>
         <size>0x5f5</size>
         <input_file_ref idref="fl-2"/>
      </object_component>
      <object_component id="oc-70">
         <name>.debug_line</name>
         <load_address>0x8d8</load_address>
         <run_address>0x8d8</run_address>
         <size>0x69</size>
         <input_file_ref idref="fl-2"/>
      </object_component>
      <object_component id="oc-b2">
         <name>.debug_line</name>
         <load_address>0x941</load_address>
         <run_address>0x941</run_address>
         <size>0x20</size>
         <input_file_ref idref="fl-2"/>
      </object_component>
      <object_component id="oc-ad">
         <name>.debug_line</name>
         <load_address>0x961</load_address>
         <run_address>0x961</run_address>
         <size>0x6d</size>
         <input_file_ref idref="fl-2"/>
      </object_component>
      <object_component id="oc-169">
         <name>.debug_line</name>
         <load_address>0x9ce</load_address>
         <run_address>0x9ce</run_address>
         <size>0x69</size>
         <input_file_ref idref="fl-2"/>
      </object_component>
      <object_component id="oc-75">
         <name>.debug_line</name>
         <load_address>0xa37</load_address>
         <run_address>0xa37</run_address>
         <size>0x6a</size>
         <input_file_ref idref="fl-2"/>
      </object_component>
      <object_component id="oc-111">
         <name>.debug_line</name>
         <load_address>0xaa1</load_address>
         <run_address>0xaa1</run_address>
         <size>0x65</size>
         <input_file_ref idref="fl-2"/>
      </object_component>
      <object_component id="oc-6c">
         <name>.debug_line</name>
         <load_address>0xb06</load_address>
         <run_address>0xb06</run_address>
         <size>0x41</size>
         <input_file_ref idref="fl-3"/>
      </object_component>
      <object_component id="oc-2b">
         <name>.debug_line</name>
         <load_address>0xb47</load_address>
         <run_address>0xb47</run_address>
         <size>0x41</size>
         <input_file_ref idref="fl-3"/>
      </object_component>
      <object_component id="oc-29">
         <name>.debug_line</name>
         <load_address>0xb88</load_address>
         <run_address>0xb88</run_address>
         <size>0xa1</size>
         <input_file_ref idref="fl-3"/>
      </object_component>
      <object_component id="oc-36">
         <name>.debug_line</name>
         <load_address>0xc29</load_address>
         <run_address>0xc29</run_address>
         <size>0x20</size>
         <input_file_ref idref="fl-3"/>
      </object_component>
      <object_component id="oc-226">
         <name>.debug_line</name>
         <load_address>0xc49</load_address>
         <run_address>0xc49</run_address>
         <size>0x91</size>
         <input_file_ref idref="fl-4"/>
      </object_component>
      <object_component id="oc-224">
         <name>.debug_line</name>
         <load_address>0xcda</load_address>
         <run_address>0xcda</run_address>
         <size>0x38</size>
         <input_file_ref idref="fl-4"/>
      </object_component>
      <object_component id="oc-f8">
         <name>.debug_line</name>
         <load_address>0xd12</load_address>
         <run_address>0xd12</run_address>
         <size>0x5d9</size>
         <input_file_ref idref="fl-4"/>
      </object_component>
      <object_component id="oc-157">
         <name>.debug_line</name>
         <load_address>0x12eb</load_address>
         <run_address>0x12eb</run_address>
         <size>0xdb</size>
         <input_file_ref idref="fl-5"/>
      </object_component>
      <object_component id="oc-1fe">
         <name>.debug_line</name>
         <load_address>0x13c6</load_address>
         <run_address>0x13c6</run_address>
         <size>0x91</size>
         <input_file_ref idref="fl-6"/>
      </object_component>
      <object_component id="oc-1f8">
         <name>.debug_line</name>
         <load_address>0x1457</load_address>
         <run_address>0x1457</run_address>
         <size>0x39</size>
         <input_file_ref idref="fl-6"/>
      </object_component>
      <object_component id="oc-1fa">
         <name>.debug_line</name>
         <load_address>0x1490</load_address>
         <run_address>0x1490</run_address>
         <size>0x39</size>
         <input_file_ref idref="fl-6"/>
      </object_component>
      <object_component id="oc-1fc">
         <name>.debug_line</name>
         <load_address>0x14c9</load_address>
         <run_address>0x14c9</run_address>
         <size>0x39</size>
         <input_file_ref idref="fl-6"/>
      </object_component>
      <object_component id="oc-cd">
         <name>.debug_line</name>
         <load_address>0x1502</load_address>
         <run_address>0x1502</run_address>
         <size>0x5fa</size>
         <input_file_ref idref="fl-6"/>
      </object_component>
      <object_component id="oc-222">
         <name>.debug_line</name>
         <load_address>0x1afc</load_address>
         <run_address>0x1afc</run_address>
         <size>0x91</size>
         <input_file_ref idref="fl-7"/>
      </object_component>
      <object_component id="oc-21e">
         <name>.debug_line</name>
         <load_address>0x1b8d</load_address>
         <run_address>0x1b8d</run_address>
         <size>0x38</size>
         <input_file_ref idref="fl-7"/>
      </object_component>
      <object_component id="oc-220">
         <name>.debug_line</name>
         <load_address>0x1bc5</load_address>
         <run_address>0x1bc5</run_address>
         <size>0x38</size>
         <input_file_ref idref="fl-7"/>
      </object_component>
      <object_component id="oc-ec">
         <name>.debug_line</name>
         <load_address>0x1bfd</load_address>
         <run_address>0x1bfd</run_address>
         <size>0x69b</size>
         <input_file_ref idref="fl-7"/>
      </object_component>
      <object_component id="oc-236">
         <name>.debug_line</name>
         <load_address>0x2298</load_address>
         <run_address>0x2298</run_address>
         <size>0x8b</size>
         <input_file_ref idref="fl-8"/>
      </object_component>
      <object_component id="oc-22a">
         <name>.debug_line</name>
         <load_address>0x2323</load_address>
         <run_address>0x2323</run_address>
         <size>0x3e</size>
         <input_file_ref idref="fl-8"/>
      </object_component>
      <object_component id="oc-22c">
         <name>.debug_line</name>
         <load_address>0x2361</load_address>
         <run_address>0x2361</run_address>
         <size>0x3e</size>
         <input_file_ref idref="fl-8"/>
      </object_component>
      <object_component id="oc-22e">
         <name>.debug_line</name>
         <load_address>0x239f</load_address>
         <run_address>0x239f</run_address>
         <size>0x3e</size>
         <input_file_ref idref="fl-8"/>
      </object_component>
      <object_component id="oc-230">
         <name>.debug_line</name>
         <load_address>0x23dd</load_address>
         <run_address>0x23dd</run_address>
         <size>0x3e</size>
         <input_file_ref idref="fl-8"/>
      </object_component>
      <object_component id="oc-232">
         <name>.debug_line</name>
         <load_address>0x241b</load_address>
         <run_address>0x241b</run_address>
         <size>0x3e</size>
         <input_file_ref idref="fl-8"/>
      </object_component>
      <object_component id="oc-234">
         <name>.debug_line</name>
         <load_address>0x2459</load_address>
         <run_address>0x2459</run_address>
         <size>0x3e</size>
         <input_file_ref idref="fl-8"/>
      </object_component>
      <object_component id="oc-228">
         <name>.debug_line</name>
         <load_address>0x2497</load_address>
         <run_address>0x2497</run_address>
         <size>0x3e</size>
         <input_file_ref idref="fl-8"/>
      </object_component>
      <object_component id="oc-100">
         <name>.debug_line</name>
         <load_address>0x24d5</load_address>
         <run_address>0x24d5</run_address>
         <size>0x2ef</size>
         <input_file_ref idref="fl-8"/>
      </object_component>
      <object_component id="oc-1f2">
         <name>.debug_line</name>
         <load_address>0x27c4</load_address>
         <run_address>0x27c4</run_address>
         <size>0x16a</size>
         <input_file_ref idref="fl-a"/>
      </object_component>
      <object_component id="oc-1ec">
         <name>.debug_line</name>
         <load_address>0x292e</load_address>
         <run_address>0x292e</run_address>
         <size>0x3b</size>
         <input_file_ref idref="fl-a"/>
      </object_component>
      <object_component id="oc-1f0">
         <name>.debug_line</name>
         <load_address>0x2969</load_address>
         <run_address>0x2969</run_address>
         <size>0x3b</size>
         <input_file_ref idref="fl-a"/>
      </object_component>
      <object_component id="oc-1e9">
         <name>.debug_line</name>
         <load_address>0x29a4</load_address>
         <run_address>0x29a4</run_address>
         <size>0x3b</size>
         <input_file_ref idref="fl-a"/>
      </object_component>
      <object_component id="oc-1ee">
         <name>.debug_line</name>
         <load_address>0x29df</load_address>
         <run_address>0x29df</run_address>
         <size>0x3b</size>
         <input_file_ref idref="fl-a"/>
      </object_component>
      <object_component id="oc-cb">
         <name>.debug_line</name>
         <load_address>0x2a1a</load_address>
         <run_address>0x2a1a</run_address>
         <size>0x99b</size>
         <input_file_ref idref="fl-a"/>
      </object_component>
      <object_component id="oc-1f5">
         <name>.debug_line</name>
         <load_address>0x33b5</load_address>
         <run_address>0x33b5</run_address>
         <size>0x3b</size>
         <input_file_ref idref="fl-a"/>
      </object_component>
      <object_component id="oc-23c">
         <name>.debug_line</name>
         <load_address>0x33f0</load_address>
         <run_address>0x33f0</run_address>
         <size>0x91</size>
         <input_file_ref idref="fl-b"/>
      </object_component>
      <object_component id="oc-238">
         <name>.debug_line</name>
         <load_address>0x3481</load_address>
         <run_address>0x3481</run_address>
         <size>0x3a</size>
         <input_file_ref idref="fl-b"/>
      </object_component>
      <object_component id="oc-23a">
         <name>.debug_line</name>
         <load_address>0x34bb</load_address>
         <run_address>0x34bb</run_address>
         <size>0x3a</size>
         <input_file_ref idref="fl-b"/>
      </object_component>
      <object_component id="oc-107">
         <name>.debug_line</name>
         <load_address>0x34f5</load_address>
         <run_address>0x34f5</run_address>
         <size>0x51b</size>
         <input_file_ref idref="fl-b"/>
      </object_component>
      <object_component id="oc-204">
         <name>.debug_line</name>
         <load_address>0x3a10</load_address>
         <run_address>0x3a10</run_address>
         <size>0x91</size>
         <input_file_ref idref="fl-c"/>
      </object_component>
      <object_component id="oc-200">
         <name>.debug_line</name>
         <load_address>0x3aa1</load_address>
         <run_address>0x3aa1</run_address>
         <size>0x39</size>
         <input_file_ref idref="fl-c"/>
      </object_component>
      <object_component id="oc-202">
         <name>.debug_line</name>
         <load_address>0x3ada</load_address>
         <run_address>0x3ada</run_address>
         <size>0x39</size>
         <input_file_ref idref="fl-c"/>
      </object_component>
      <object_component id="oc-d7">
         <name>.debug_line</name>
         <load_address>0x3b13</load_address>
         <run_address>0x3b13</run_address>
         <size>0x5b8</size>
         <input_file_ref idref="fl-c"/>
      </object_component>
      <object_component id="oc-215">
         <name>.debug_line</name>
         <load_address>0x40cb</load_address>
         <run_address>0x40cb</run_address>
         <size>0xfa</size>
         <input_file_ref idref="fl-d"/>
      </object_component>
      <object_component id="oc-208">
         <name>.debug_line</name>
         <load_address>0x41c5</load_address>
         <run_address>0x41c5</run_address>
         <size>0x3e</size>
         <input_file_ref idref="fl-d"/>
      </object_component>
      <object_component id="oc-213">
         <name>.debug_line</name>
         <load_address>0x4203</load_address>
         <run_address>0x4203</run_address>
         <size>0x3e</size>
         <input_file_ref idref="fl-d"/>
      </object_component>
      <object_component id="oc-20a">
         <name>.debug_line</name>
         <load_address>0x4241</load_address>
         <run_address>0x4241</run_address>
         <size>0x3e</size>
         <input_file_ref idref="fl-d"/>
      </object_component>
      <object_component id="oc-206">
         <name>.debug_line</name>
         <load_address>0x427f</load_address>
         <run_address>0x427f</run_address>
         <size>0x3e</size>
         <input_file_ref idref="fl-d"/>
      </object_component>
      <object_component id="oc-db">
         <name>.debug_line</name>
         <load_address>0x42bd</load_address>
         <run_address>0x42bd</run_address>
         <size>0x28f</size>
         <input_file_ref idref="fl-d"/>
      </object_component>
      <object_component id="oc-69">
         <name>.debug_line</name>
         <load_address>0x454c</load_address>
         <run_address>0x454c</run_address>
         <size>0x33</size>
         <input_file_ref idref="fl-c7"/>
      </object_component>
      <object_component id="oc-5b">
         <name>.debug_line</name>
         <load_address>0x457f</load_address>
         <run_address>0x457f</run_address>
         <size>0x56</size>
         <input_file_ref idref="fl-c7"/>
      </object_component>
      <object_component id="oc-24c">
         <name>.debug_line</name>
         <load_address>0x45d5</load_address>
         <run_address>0x45d5</run_address>
         <size>0xb7</size>
         <input_file_ref idref="fl-c8"/>
      </object_component>
      <object_component id="oc-121">
         <name>.debug_line</name>
         <load_address>0x468c</load_address>
         <run_address>0x468c</run_address>
         <size>0x6c</size>
         <input_file_ref idref="fl-c8"/>
      </object_component>
      <object_component id="oc-250">
         <name>.debug_line</name>
         <load_address>0x46f8</load_address>
         <run_address>0x46f8</run_address>
         <size>0x2e</size>
         <input_file_ref idref="fl-c8"/>
      </object_component>
      <object_component id="oc-267">
         <name>.debug_line</name>
         <load_address>0x4726</load_address>
         <run_address>0x4726</run_address>
         <size>0x92</size>
         <input_file_ref idref="fl-c8"/>
      </object_component>
      <object_component id="oc-255">
         <name>.debug_line</name>
         <load_address>0x47b8</load_address>
         <run_address>0x47b8</run_address>
         <size>0x8f</size>
         <input_file_ref idref="fl-c8"/>
      </object_component>
      <object_component id="oc-25a">
         <name>.debug_line</name>
         <load_address>0x4847</load_address>
         <run_address>0x4847</run_address>
         <size>0x8b</size>
         <input_file_ref idref="fl-c8"/>
      </object_component>
      <object_component id="oc-bc">
         <name>.debug_line</name>
         <load_address>0x48d2</load_address>
         <run_address>0x48d2</run_address>
         <size>0x20</size>
         <input_file_ref idref="fl-c9"/>
      </object_component>
      <object_component id="oc-17">
         <name>.debug_line</name>
         <load_address>0x48f2</load_address>
         <run_address>0x48f2</run_address>
         <size>0xa9</size>
         <input_file_ref idref="fl-c9"/>
      </object_component>
      <object_component id="oc-31">
         <name>.debug_line</name>
         <load_address>0x499b</load_address>
         <run_address>0x499b</run_address>
         <size>0x3a</size>
         <input_file_ref idref="fl-c9"/>
      </object_component>
      <object_component id="oc-b9">
         <name>.debug_line</name>
         <load_address>0x49d5</load_address>
         <run_address>0x49d5</run_address>
         <size>0x92</size>
         <input_file_ref idref="fl-c9"/>
      </object_component>
      <object_component id="oc-7a">
         <name>.debug_line</name>
         <load_address>0x4a67</load_address>
         <run_address>0x4a67</run_address>
         <size>0x8e</size>
         <input_file_ref idref="fl-c9"/>
      </object_component>
      <object_component id="oc-84">
         <name>.debug_line</name>
         <load_address>0x4af5</load_address>
         <run_address>0x4af5</run_address>
         <size>0x20</size>
         <input_file_ref idref="fl-ca"/>
      </object_component>
      <object_component id="oc-1d">
         <name>.debug_line</name>
         <load_address>0x4b15</load_address>
         <run_address>0x4b15</run_address>
         <size>0x55</size>
         <input_file_ref idref="fl-ca"/>
      </object_component>
      <object_component id="oc-41">
         <name>.debug_line</name>
         <load_address>0x4b6a</load_address>
         <run_address>0x4b6a</run_address>
         <size>0x3a</size>
         <input_file_ref idref="fl-ca"/>
      </object_component>
      <object_component id="oc-81">
         <name>.debug_line</name>
         <load_address>0x4ba4</load_address>
         <run_address>0x4ba4</run_address>
         <size>0x8a</size>
         <input_file_ref idref="fl-ca"/>
      </object_component>
      <object_component id="oc-c3">
         <name>.debug_line</name>
         <load_address>0x4c2e</load_address>
         <run_address>0x4c2e</run_address>
         <size>0x9e</size>
         <input_file_ref idref="fl-cb"/>
      </object_component>
      <object_component id="oc-4f">
         <name>.debug_line</name>
         <load_address>0x4ccc</load_address>
         <run_address>0x4ccc</run_address>
         <size>0x4f</size>
         <input_file_ref idref="fl-cb"/>
      </object_component>
      <object_component id="oc-89">
         <name>.debug_line</name>
         <load_address>0x4d1b</load_address>
         <run_address>0x4d1b</run_address>
         <size>0x34</size>
         <input_file_ref idref="fl-cb"/>
      </object_component>
      <object_component id="oc-c0">
         <name>.debug_line</name>
         <load_address>0x4d4f</load_address>
         <run_address>0x4d4f</run_address>
         <size>0x8a</size>
         <input_file_ref idref="fl-cb"/>
      </object_component>
      <object_component id="oc-189">
         <name>.debug_line</name>
         <load_address>0x4dd9</load_address>
         <run_address>0x4dd9</run_address>
         <size>0x5b</size>
         <input_file_ref idref="fl-cc"/>
      </object_component>
      <object_component id="oc-20c">
         <name>.debug_line</name>
         <load_address>0x4e34</load_address>
         <run_address>0x4e34</run_address>
         <size>0x37</size>
         <input_file_ref idref="fl-cd"/>
      </object_component>
      <object_component id="oc-93">
         <name>.debug_line</name>
         <load_address>0x4e6b</load_address>
         <run_address>0x4e6b</run_address>
         <size>0x40</size>
         <input_file_ref idref="fl-cf"/>
      </object_component>
      <object_component id="oc-21a">
         <name>.debug_line</name>
         <load_address>0x4eab</load_address>
         <run_address>0x4eab</run_address>
         <size>0x89</size>
         <input_file_ref idref="fl-d0"/>
      </object_component>
      <object_component id="oc-e1">
         <name>.debug_line</name>
         <load_address>0x4f34</load_address>
         <run_address>0x4f34</run_address>
         <size>0x63</size>
         <input_file_ref idref="fl-d0"/>
      </object_component>
      <object_component id="oc-260">
         <name>.debug_line</name>
         <load_address>0x4f97</load_address>
         <run_address>0x4f97</run_address>
         <size>0x20</size>
         <input_file_ref idref="fl-d1"/>
      </object_component>
      <object_component id="oc-217">
         <name>.debug_line</name>
         <load_address>0x4fb7</load_address>
         <run_address>0x4fb7</run_address>
         <size>0x2b</size>
         <input_file_ref idref="fl-d1"/>
      </object_component>
      <object_component id="oc-115">
         <name>.debug_line</name>
         <load_address>0x4fe2</load_address>
         <run_address>0x4fe2</run_address>
         <size>0x3c</size>
         <input_file_ref idref="fl-d3"/>
      </object_component>
      <object_component id="oc-3c">
         <name>.debug_line</name>
         <load_address>0x501e</load_address>
         <run_address>0x501e</run_address>
         <size>0x88</size>
         <input_file_ref idref="fl-d5"/>
      </object_component>
      <object_component id="oc-90">
         <name>.debug_line</name>
         <load_address>0x50a6</load_address>
         <run_address>0x50a6</run_address>
         <size>0x79</size>
         <input_file_ref idref="fl-d6"/>
      </object_component>
      <object_component id="oc-21c">
         <name>.debug_line</name>
         <load_address>0x511f</load_address>
         <run_address>0x511f</run_address>
         <size>0x20</size>
         <input_file_ref idref="fl-d7"/>
      </object_component>
      <object_component id="oc-e7">
         <name>.debug_line</name>
         <load_address>0x513f</load_address>
         <run_address>0x513f</run_address>
         <size>0xaa</size>
         <input_file_ref idref="fl-d7"/>
      </object_component>
      <object_component id="oc-9c">
         <name>.debug_frame</name>
         <load_address>0x0</load_address>
         <run_address>0x0</run_address>
         <size>0x220</size>
         <input_file_ref idref="fl-2"/>
      </object_component>
      <object_component id="oc-28">
         <name>.debug_frame</name>
         <load_address>0x220</load_address>
         <run_address>0x220</run_address>
         <size>0x90</size>
         <input_file_ref idref="fl-3"/>
      </object_component>
      <object_component id="oc-fc">
         <name>.debug_frame</name>
         <load_address>0x2b0</load_address>
         <run_address>0x2b0</run_address>
         <size>0x450</size>
         <input_file_ref idref="fl-4"/>
      </object_component>
      <object_component id="oc-15b">
         <name>.debug_frame</name>
         <load_address>0x700</load_address>
         <run_address>0x700</run_address>
         <size>0xbc</size>
         <input_file_ref idref="fl-5"/>
      </object_component>
      <object_component id="oc-ce">
         <name>.debug_frame</name>
         <load_address>0x7bc</load_address>
         <run_address>0x7bc</run_address>
         <size>0x52c</size>
         <input_file_ref idref="fl-6"/>
      </object_component>
      <object_component id="oc-f0">
         <name>.debug_frame</name>
         <load_address>0xce8</load_address>
         <run_address>0xce8</run_address>
         <size>0x578</size>
         <input_file_ref idref="fl-7"/>
      </object_component>
      <object_component id="oc-ff">
         <name>.debug_frame</name>
         <load_address>0x1260</load_address>
         <run_address>0x1260</run_address>
         <size>0x1d4</size>
         <input_file_ref idref="fl-8"/>
      </object_component>
      <object_component id="oc-ca">
         <name>.debug_frame</name>
         <load_address>0x1434</load_address>
         <run_address>0x1434</run_address>
         <size>0x5a8</size>
         <input_file_ref idref="fl-a"/>
      </object_component>
      <object_component id="oc-108">
         <name>.debug_frame</name>
         <load_address>0x19dc</load_address>
         <run_address>0x19dc</run_address>
         <size>0x3f8</size>
         <input_file_ref idref="fl-b"/>
      </object_component>
      <object_component id="oc-d8">
         <name>.debug_frame</name>
         <load_address>0x1dd4</load_address>
         <run_address>0x1dd4</run_address>
         <size>0x4cc</size>
         <input_file_ref idref="fl-c"/>
      </object_component>
      <object_component id="oc-da">
         <name>.debug_frame</name>
         <load_address>0x22a0</load_address>
         <run_address>0x22a0</run_address>
         <size>0x100</size>
         <input_file_ref idref="fl-d"/>
      </object_component>
      <object_component id="oc-5a">
         <name>.debug_frame</name>
         <load_address>0x23a0</load_address>
         <run_address>0x23a0</run_address>
         <size>0x58</size>
         <input_file_ref idref="fl-c7"/>
      </object_component>
      <object_component id="oc-124">
         <name>.debug_frame</name>
         <load_address>0x23f8</load_address>
         <run_address>0x23f8</run_address>
         <size>0x5c</size>
         <input_file_ref idref="fl-c8"/>
      </object_component>
      <object_component id="oc-14">
         <name>.debug_frame</name>
         <load_address>0x2454</load_address>
         <run_address>0x2454</run_address>
         <size>0x60</size>
         <input_file_ref idref="fl-c9"/>
      </object_component>
      <object_component id="oc-1c">
         <name>.debug_frame</name>
         <load_address>0x24b4</load_address>
         <run_address>0x24b4</run_address>
         <size>0x54</size>
         <input_file_ref idref="fl-ca"/>
      </object_component>
      <object_component id="oc-4e">
         <name>.debug_frame</name>
         <load_address>0x2508</load_address>
         <run_address>0x2508</run_address>
         <size>0x54</size>
         <input_file_ref idref="fl-cb"/>
      </object_component>
      <object_component id="oc-94">
         <name>.debug_frame</name>
         <load_address>0x255c</load_address>
         <run_address>0x255c</run_address>
         <size>0x54</size>
         <input_file_ref idref="fl-cf"/>
      </object_component>
      <object_component id="oc-e4">
         <name>.debug_frame</name>
         <load_address>0x25b0</load_address>
         <run_address>0x25b0</run_address>
         <size>0x5c</size>
         <input_file_ref idref="fl-d0"/>
      </object_component>
      <object_component id="oc-114">
         <name>.debug_frame</name>
         <load_address>0x260c</load_address>
         <run_address>0x260c</run_address>
         <size>0x54</size>
         <input_file_ref idref="fl-d3"/>
      </object_component>
      <object_component id="oc-e8">
         <name>.debug_frame</name>
         <load_address>0x2660</load_address>
         <run_address>0x2660</run_address>
         <size>0x54</size>
         <input_file_ref idref="fl-d7"/>
      </object_component>
      <object_component id="oc-151">
         <name>.debug_abbrev</name>
         <load_address>0x0</load_address>
         <run_address>0x0</run_address>
         <size>0x11a</size>
         <input_file_ref idref="fl-2"/>
      </object_component>
      <object_component id="oc-1a2">
         <name>.debug_abbrev</name>
         <load_address>0x11a</load_address>
         <run_address>0x11a</run_address>
         <size>0x29</size>
         <input_file_ref idref="fl-2"/>
      </object_component>
      <object_component id="oc-10d">
         <name>.debug_abbrev</name>
         <load_address>0x143</load_address>
         <run_address>0x143</run_address>
         <size>0x113</size>
         <input_file_ref idref="fl-2"/>
      </object_component>
      <object_component id="oc-6f">
         <name>.debug_abbrev</name>
         <load_address>0x256</load_address>
         <run_address>0x256</run_address>
         <size>0x69</size>
         <input_file_ref idref="fl-2"/>
      </object_component>
      <object_component id="oc-b1">
         <name>.debug_abbrev</name>
         <load_address>0x2bf</load_address>
         <run_address>0x2bf</run_address>
         <size>0x1f</size>
         <input_file_ref idref="fl-2"/>
      </object_component>
      <object_component id="oc-ac">
         <name>.debug_abbrev</name>
         <load_address>0x2de</load_address>
         <run_address>0x2de</run_address>
         <size>0x5c</size>
         <input_file_ref idref="fl-2"/>
      </object_component>
      <object_component id="oc-168">
         <name>.debug_abbrev</name>
         <load_address>0x33a</load_address>
         <run_address>0x33a</run_address>
         <size>0x24</size>
         <input_file_ref idref="fl-2"/>
      </object_component>
      <object_component id="oc-74">
         <name>.debug_abbrev</name>
         <load_address>0x35e</load_address>
         <run_address>0x35e</run_address>
         <size>0x24</size>
         <input_file_ref idref="fl-2"/>
      </object_component>
      <object_component id="oc-110">
         <name>.debug_abbrev</name>
         <load_address>0x382</load_address>
         <run_address>0x382</run_address>
         <size>0x24</size>
         <input_file_ref idref="fl-2"/>
      </object_component>
      <object_component id="oc-6b">
         <name>.debug_abbrev</name>
         <load_address>0x3a6</load_address>
         <run_address>0x3a6</run_address>
         <size>0x68</size>
         <input_file_ref idref="fl-3"/>
      </object_component>
      <object_component id="oc-2a">
         <name>.debug_abbrev</name>
         <load_address>0x40e</load_address>
         <run_address>0x40e</run_address>
         <size>0x29</size>
         <input_file_ref idref="fl-3"/>
      </object_component>
      <object_component id="oc-6a">
         <name>.debug_abbrev</name>
         <load_address>0x437</load_address>
         <run_address>0x437</run_address>
         <size>0x79</size>
         <input_file_ref idref="fl-3"/>
      </object_component>
      <object_component id="oc-35">
         <name>.debug_abbrev</name>
         <load_address>0x4b0</load_address>
         <run_address>0x4b0</run_address>
         <size>0x1f</size>
         <input_file_ref idref="fl-3"/>
      </object_component>
      <object_component id="oc-225">
         <name>.debug_abbrev</name>
         <load_address>0x4cf</load_address>
         <run_address>0x4cf</run_address>
         <size>0x6f</size>
         <input_file_ref idref="fl-4"/>
      </object_component>
      <object_component id="oc-223">
         <name>.debug_abbrev</name>
         <load_address>0x53e</load_address>
         <run_address>0x53e</run_address>
         <size>0x27</size>
         <input_file_ref idref="fl-4"/>
      </object_component>
      <object_component id="oc-1a7">
         <name>.debug_abbrev</name>
         <load_address>0x565</load_address>
         <run_address>0x565</run_address>
         <size>0x103</size>
         <input_file_ref idref="fl-4"/>
      </object_component>
      <object_component id="oc-1ea">
         <name>.debug_abbrev</name>
         <load_address>0x668</load_address>
         <run_address>0x668</run_address>
         <size>0xca</size>
         <input_file_ref idref="fl-5"/>
      </object_component>
      <object_component id="oc-1fd">
         <name>.debug_abbrev</name>
         <load_address>0x732</load_address>
         <run_address>0x732</run_address>
         <size>0x76</size>
         <input_file_ref idref="fl-6"/>
      </object_component>
      <object_component id="oc-1f7">
         <name>.debug_abbrev</name>
         <load_address>0x7a8</load_address>
         <run_address>0x7a8</run_address>
         <size>0x27</size>
         <input_file_ref idref="fl-6"/>
      </object_component>
      <object_component id="oc-1f9">
         <name>.debug_abbrev</name>
         <load_address>0x7cf</load_address>
         <run_address>0x7cf</run_address>
         <size>0x27</size>
         <input_file_ref idref="fl-6"/>
      </object_component>
      <object_component id="oc-1fb">
         <name>.debug_abbrev</name>
         <load_address>0x7f6</load_address>
         <run_address>0x7f6</run_address>
         <size>0x27</size>
         <input_file_ref idref="fl-6"/>
      </object_component>
      <object_component id="oc-175">
         <name>.debug_abbrev</name>
[...]
      <symbol id="sm-57f">
         <name>SysCtlPIOSCCalibrate</name>
         <value>0x821</value>
         <object_component_ref idref="oc-c6"/>
      </symbol>
      <symbol id="sm-580">
         <name>SysCtlResetCauseClear</name>
         <value>0x7f7</value>
         <object_component_ref idref="oc-c6"/>
      </symbol>
      <symbol id="sm-581">
         <name>SysCtlLDOSleepGet</name>
         <value>0x785</value>
         <object_component_ref idref="oc-c6"/>
      </symbol>
      <symbol id="sm-582">
         <name>SysCtlClockFreqSet</name>
         <value>0x8d5</value>
         <object_component_ref idref="oc-c6"/>
      </symbol>
      <symbol id="sm-583">
         <name>SysCtlPeripheralReset</name>
         <value>0x481</value>
         <object_component_ref idref="oc-c6"/>
      </symbol>
      <symbol id="sm-5fb">
         <name>TimerMatchSet</name>
         <value>0x3d2d</value>
         <object_component_ref idref="oc-103"/>
      </symbol>
      <symbol id="sm-5fc">
         <name>TimerLoadSet</name>
         <value>0x3c4d</value>
         <object_component_ref idref="oc-103"/>
      </symbol>
      <symbol id="sm-5fd">
         <name>TimerDMAEventSet</name>
         <value>0x3e97</value>
         <object_component_ref idref="oc-103"/>
      </symbol>
      <symbol id="sm-5fe">
         <name>TimerADCEventSet</name>
         <value>0x3e77</value>
         <object_component_ref idref="oc-103"/>
      </symbol>
      <symbol id="sm-5ff">
         <name>TimerPrescaleMatchGet</name>
         <value>0x3c31</value>
         <object_component_ref idref="oc-103"/>
      </symbol>
      <symbol id="sm-600">
         <name>TimerPrescaleGet</name>
         <value>0x3be7</value>
         <object_component_ref idref="oc-103"/>
      </symbol>
      <symbol id="sm-601">
         <name>TimerControlLevel</name>
         <value>0x39f3</value>
         <object_component_ref idref="oc-103"/>
      </symbol>
      <symbol id="sm-602">
         <name>TimerDisable</name>
         <value>0x3959</value>
         <object_component_ref idref="oc-103"/>
      </symbol>
      <symbol id="sm-603">
         <name>TimerUpdateMode</name>
         <value>0x3eb7</value>
         <object_component_ref idref="oc-103"/>
      </symbol>
      <symbol id="sm-604">
         <name>TimerIntRegister</name>
         <value>0x3dbf</value>
         <object_component_ref idref="oc-103"/>
      </symbol>
      <symbol id="sm-605">
         <name>TimerMatchSet64</name>
         <value>0x3d73</value>
         <object_component_ref idref="oc-103"/>
      </symbol>
      <symbol id="sm-606">
         <name>TimerEnable</name>
         <value>0x393b</value>
         <object_component_ref idref="oc-103"/>
      </symbol>
      <symbol id="sm-607">
         <name>TimerLoadGet64</name>
         <value>0x3cad</value>
         <object_component_ref idref="oc-103"/>
      </symbol>
      <symbol id="sm-608">
         <name>TimerIntUnregister</name>
         <value>0x3de7</value>
         <object_component_ref idref="oc-103"/>
      </symbol>
      <symbol id="sm-609">
         <name>TimerValueGet64</name>
         <value>0x3cfb</value>
         <object_component_ref idref="oc-103"/>
      </symbol>
      <symbol id="sm-60a">
         <name>TimerMatchGet</name>
         <value>0x3d57</value>
         <object_component_ref idref="oc-103"/>
      </symbol>
      <symbol id="sm-60b">
         <name>TimerIntStatus</name>
         <value>0x3e35</value>
         <object_component_ref idref="oc-103"/>
      </symbol>
      <symbol id="sm-60c">
         <name>TimerClockSourceGet</name>
         <value>0x3bad</value>
         <object_component_ref idref="oc-103"/>
      </symbol>
      <symbol id="sm-60d">
         <name>TimerIntDisable</name>
         <value>0x3e1d</value>
         <object_component_ref idref="oc-103"/>
      </symbol>
      <symbol id="sm-60e">
         <name>TimerValueGet</name>
         <value>0x3cdf</value>
         <object_component_ref idref="oc-103"/>
      </symbol>
      <symbol id="sm-60f">
         <name>TimerControlTrigger</name>
         <value>0x3a29</value>
         <object_component_ref idref="oc-103"/>
      </symbol>
      <symbol id="sm-610">
         <name>TimerPrescaleSet</name>
         <value>0x3bbd</value>
         <object_component_ref idref="oc-103"/>
      </symbol>
      <symbol id="sm-611">
         <name>TimerControlStall</name>
         <value>0x3ac1</value>
         <object_component_ref idref="oc-103"/>
      </symbol>
      <symbol id="sm-612">
         <name>TimerMatchGet64</name>
         <value>0x3d8d</value>
         <object_component_ref idref="oc-103"/>
      </symbol>
      <symbol id="sm-613">
         <name>TimerRTCEnable</name>
         <value>0x3b57</value>
         <object_component_ref idref="oc-103"/>
      </symbol>
      <symbol id="sm-614">
         <name>TimerLoadGet</name>
         <value>0x3c77</value>
         <object_component_ref idref="oc-103"/>
      </symbol>
      <symbol id="sm-615">
         <name>TimerIntEnable</name>
         <value>0x3e05</value>
         <object_component_ref idref="oc-103"/>
      </symbol>
      <symbol id="sm-616">
         <name>TimerClockSourceSet</name>
         <value>0x3b83</value>
         <object_component_ref idref="oc-103"/>
      </symbol>
      <symbol id="sm-617">
         <name>TimerLoadSet64</name>
         <value>0x3c93</value>
         <object_component_ref idref="oc-103"/>
      </symbol>
      <symbol id="sm-618">
         <name>TimerDMAEventGet</name>
         <value>0x3ea9</value>
         <object_component_ref idref="oc-103"/>
      </symbol>
      <symbol id="sm-619">
         <name>TimerRTCDisable</name>
         <value>0x3b6d</value>
         <object_component_ref idref="oc-103"/>
      </symbol>
      <symbol id="sm-61a">
         <name>TimerADCEventGet</name>
         <value>0x3e89</value>
         <object_component_ref idref="oc-103"/>
      </symbol>
      <symbol id="sm-61b">
         <name>TimerPrescaleMatchSet</name>
         <value>0x3c03</value>
         <object_component_ref idref="oc-103"/>
      </symbol>
      <symbol id="sm-61c">
         <name>TimerControlWaitOnTrigger</name>
         <value>0x3af7</value>
         <object_component_ref idref="oc-103"/>
      </symbol>
      <symbol id="sm-61d">
         <name>TimerConfigure</name>
         <value>0x3977</value>
         <object_component_ref idref="oc-103"/>
      </symbol>
      <symbol id="sm-61e">
         <name>TimerControlEvent</name>
         <value>0x3a97</value>
         <object_component_ref idref="oc-103"/>
      </symbol>
      <symbol id="sm-61f">
         <name>TimerIntClear</name>
         <value>0x3e53</value>
         <object_component_ref idref="oc-103"/>
      </symbol>
      <symbol id="sm-620">
         <name>TimerSynchronize</name>
         <value>0x3e65</value>
         <object_component_ref idref="oc-103"/>
      </symbol>
      <symbol id="sm-693">
         <name>UARTClockSourceGet</name>
         <value>0x447b</value>
         <object_component_ref idref="oc-d3"/>
      </symbol>
      <symbol id="sm-694">
         <name>UARTCharPutNonBlocking</name>
         <value>0x42ed</value>
         <object_component_ref idref="oc-d3"/>
      </symbol>
      <symbol id="sm-695">
         <name>UARTDMAEnable</name>
         <value>0x4415</value>
         <object_component_ref idref="oc-d3"/>
      </symbol>
      <symbol id="sm-696">
         <name>UARTTxIntModeSet</name>
         <value>0x4251</value>
         <object_component_ref idref="oc-d3"/>
      </symbol>
      <symbol id="sm-697">
         <name>UARTFIFODisable</name>
         <value>0x40ff</value>
         <object_component_ref idref="oc-d3"/>
      </symbol>
      <symbol id="sm-698">
         <name>UARTIntUnregister</name>
         <value>0x4395</value>
         <object_component_ref idref="oc-d3"/>
      </symbol>
      <symbol id="sm-699">
         <name>UARTRxErrorClear</name>
         <value>0x4457</value>
         <object_component_ref idref="oc-d3"/>
      </symbol>
      <symbol id="sm-69a">
         <name>UARTModemControlSet</name>
         <value>0x41a1</value>
         <object_component_ref idref="oc-d3"/>
      </symbol>
      <symbol id="sm-69b">
         <name>UARTFlowControlSet</name>
         <value>0x4223</value>
         <object_component_ref idref="oc-d3"/>
      </symbol>
      <symbol id="sm-69c">
         <name>UARTConfigSetExpClk</name>
         <value>0x3fd9</value>
         <object_component_ref idref="oc-d3"/>
      </symbol>
      <symbol id="sm-69d">
         <name>UARTSmartCardDisable</name>
         <value>0x418b</value>
         <object_component_ref idref="oc-d3"/>
      </symbol>
      <symbol id="sm-69e">
         <name>UARTDisable</name>
         <value>0x40bf</value>
         <object_component_ref idref="oc-d3"/>
      </symbol>
      <symbol id="sm-69f">
         <name>UART9BitDisable</name>
         <value>0x44a1</value>
         <object_component_ref idref="oc-d3"/>
      </symbol>
      <symbol id="sm-6a0">
         <name>UARTFIFOLevelGet</name>
         <value>0x3fb1</value>
         <object_component_ref idref="oc-d3"/>
      </symbol>
      <symbol id="sm-6a1">
         <name>UARTBusy</name>
         <value>0x4359</value>
         <object_component_ref idref="oc-d3"/>
      </symbol>
      <symbol id="sm-6a2">
         <name>UARTDisableSIR</name>
         <value>0x4143</value>
         <object_component_ref idref="oc-d3"/>
      </symbol>
      <symbol id="sm-6a3">
         <name>UARTLoopbackEnable</name>
         <value>0x4525</value>
         <object_component_ref idref="oc-d3"/>
      </symbol>
      <symbol id="sm-6a4">
         <name>UARTIntEnable</name>
         <value>0x43b5</value>
         <object_component_ref idref="oc-d3"/>
      </symbol>
      <symbol id="sm-6a5">
         <name>UARTCharsAvail</name>
         <value>0x427f</value>
         <object_component_ref idref="oc-d3"/>
      </symbol>
      <symbol id="sm-6a6">
         <name>UARTCharGetNonBlocking</name>
         <value>0x42bb</value>
         <object_component_ref idref="oc-d3"/>
      </symbol>
      <symbol id="sm-6a7">
         <name>UARTClockSourceSet</name>
         <value>0x4467</value>
         <object_component_ref idref="oc-d3"/>
      </symbol>
      <symbol id="sm-6a8">
         <name>UARTTxIntModeGet</name>
         <value>0x426d</value>
         <object_component_ref idref="oc-d3"/>
      </symbol>
      <symbol id="sm-6a9">
         <name>UARTModemStatusGet</name>
         <value>0x420f</value>
         <object_component_ref idref="oc-d3"/>
      </symbol>
      <symbol id="sm-6aa">
         <name>UARTIntDisable</name>
         <value>0x43cd</value>
         <object_component_ref idref="oc-d3"/>
      </symbol>
      <symbol id="sm-6ab">
         <name>UARTCharPut</name>
         <value>0x4311</value>
         <object_component_ref idref="oc-d3"/>
      </symbol>
      <symbol id="sm-6ac">
         <name>UARTParityModeSet</name>
         <value>0x3f6b</value>
         <object_component_ref idref="oc-d3"/>
      </symbol>
      <symbol id="sm-6ad">
         <name>UARTRxErrorGet</name>
         <value>0x4445</value>
         <object_component_ref idref="oc-d3"/>
      </symbol>
      <symbol id="sm-6ae">
         <name>UARTConfigGetExpClk</name>
         <value>0x404f</value>
         <object_component_ref idref="oc-d3"/>
      </symbol>
      <symbol id="sm-6af">
         <name>UARTEnableSIR</name>
         <value>0x4115</value>
         <object_component_ref idref="oc-d3"/>
      </symbol>
      <symbol id="sm-6b0">
         <name>UARTEnable</name>
         <value>0x409b</value>
         <object_component_ref idref="oc-d3"/>
      </symbol>
      <symbol id="sm-6b1">
         <name>UART9BitAddrSend</name>
         <value>0x44dd</value>
         <object_component_ref idref="oc-d3"/>
      </symbol>
      <symbol id="sm-6b2">
         <name>UARTModemControlGet</name>
         <value>0x41fd</value>
         <object_component_ref idref="oc-d3"/>
      </symbol>
      <symbol id="sm-6b3">
         <name>UARTSmartCardEnable</name>
         <value>0x4159</value>
         <object_component_ref idref="oc-d3"/>
      </symbol>
      <symbol id="sm-6b4">
         <name>UARTFlowControlGet</name>
         <value>0x423f</value>
         <object_component_ref idref="oc-d3"/>
      </symbol>
      <symbol id="sm-6b5">
         <name>UARTFIFOEnable</name>
         <value>0x40e9</value>
         <object_component_ref idref="oc-d3"/>
      </symbol>
      <symbol id="sm-6b6">
         <name>UARTIntClear</name>
         <value>0x4403</value>
         <object_component_ref idref="oc-d3"/>
      </symbol>
      <symbol id="sm-6b7">
         <name>UARTIntStatus</name>
         <value>0x43e5</value>
         <object_component_ref idref="oc-d3"/>
      </symbol>
      <symbol id="sm-6b8">
         <name>UARTDMADisable</name>
         <value>0x442d</value>
         <object_component_ref idref="oc-d3"/>
      </symbol>
      <symbol id="sm-6b9">
         <name>UART9BitEnable</name>
         <value>0x448b</value>
         <object_component_ref idref="oc-d3"/>
      </symbol>
      <symbol id="sm-6ba">
         <name>UARTSpaceAvail</name>
         <value>0x429d</value>
         <object_component_ref idref="oc-d3"/>
      </symbol>
      <symbol id="sm-6bb">
         <name>UARTCharGet</name>
         <value>0x42d7</value>
         <object_component_ref idref="oc-d3"/>
      </symbol>
      <symbol id="sm-6bc">
         <name>UARTFIFOLevelSet</name>
         <value>0x3f99</value>
         <object_component_ref idref="oc-d3"/>
      </symbol>
      <symbol id="sm-6bd">
         <name>UARTModemControlClear</name>
         <value>0x41d9</value>
         <object_component_ref idref="oc-d3"/>
      </symbol>
      <symbol id="sm-6be">
         <name>UARTParityModeGet</name>
         <value>0x3f87</value>
         <object_component_ref idref="oc-d3"/>
      </symbol>
      <symbol id="sm-6bf">
         <name>UARTIntRegister</name>
         <value>0x4377</value>
         <object_component_ref idref="oc-d3"/>
      </symbol>
      <symbol id="sm-6c0">
         <name>UARTBreakCtl</name>
         <value>0x432f</value>
         <object_component_ref idref="oc-d3"/>
      </symbol>
      <symbol id="sm-6c1">
         <name>UART9BitAddrSet</name>
         <value>0x44b7</value>
         <object_component_ref idref="oc-d3"/>
      </symbol>
      <symbol id="sm-730">
         <name>UARTgetc</name>
         <value>0x4683</value>
         <object_component_ref idref="oc-d9"/>
      </symbol>
      <symbol id="sm-731">
         <name>UARTgets</name>
         <value>0x45c9</value>
         <object_component_ref idref="oc-d9"/>
      </symbol>
      <symbol id="sm-732">
         <name>UARTStdioConfig</name>
         <value>0x453d</value>
         <object_component_ref idref="oc-d9"/>
      </symbol>
      <symbol id="sm-733">
         <name>UARTwrite</name>
         <value>0x4583</value>
         <object_component_ref idref="oc-d9"/>
      </symbol>
      <symbol id="sm-734">
         <name>UARTprintf</name>
         <value>0x49a3</value>
         <object_component_ref idref="oc-d9"/>
      </symbol>
      <symbol id="sm-735">
         <name>UARTvprintf</name>
         <value>0x46a9</value>
         <object_component_ref idref="oc-d9"/>
      </symbol>
      <symbol id="sm-748">
         <name>__stack</name>
         <value>0x20000c00</value>
         <object_component_ref idref="oc-21"/>
      </symbol>
      <symbol id="sm-749">
         <name>_c_int00_noargs</name>
         <value>0x5029</value>
         <object_component_ref idref="oc-56"/>
      </symbol>
      <symbol id="sm-771">
         <name>__TI_auto_init_nobinit_nopinit</name>
         <value>0x4f65</value>
         <object_component_ref idref="oc-11f"/>
      </symbol>
      <symbol id="sm-794">
         <name>__TI_decompress_lzss</name>
         <value>0x4eaf</value>
         <object_component_ref idref="oc-12"/>
      </symbol>
      <symbol id="sm-7ab">
         <name>__TI_decompress_none</name>
         <value>0x5075</value>
         <object_component_ref idref="oc-18"/>
      </symbol>
      <symbol id="sm-7c2">
         <name>__TI_zero_init</name>
         <value>0x5083</value>
         <object_component_ref idref="oc-4a"/>
      </symbol>
      <symbol id="sm-7d1">
         <name>__aeabi_uidivmod</name>
         <value>0x4fa9</value>
         <object_component_ref idref="oc-188"/>
      </symbol>
      <symbol id="sm-7d2">
         <name>__aeabi_uidiv</name>
         <value>0x4fa9</value>
         <object_component_ref idref="oc-188"/>
      </symbol>
      <symbol id="sm-7dc">
         <name>__aeabi_idiv0</name>
         <value>0x3f0b</value>
         <object_component_ref idref="oc-20b"/>
      </symbol>
      <symbol id="sm-7dd">
         <name>__aeabi_ldiv0</name>
         <value>0x3f0b</value>
         <object_component_ref idref="oc-20b"/>
      </symbol>
      <symbol id="sm-7e8">
         <name>_system_pre_init</name>
         <value>0x50a1</value>
         <object_component_ref idref="oc-92"/>
      </symbol>
      <symbol id="sm-7fe">
         <name>atoi</name>
         <value>0x4f19</value>
         <object_component_ref idref="oc-df"/>
      </symbol>
      <symbol id="sm-809">
         <name>_ctypes_</name>
         <value>0x5258</value>
         <object_component_ref idref="oc-192"/>
      </symbol>
      <symbol id="sm-815">
         <name>C$$EXIT</name>
         <value>0x50a5</value>
         <object_component_ref idref="oc-113"/>
      </symbol>
      <symbol id="sm-816">
         <name>abort</name>
         <value>0x50a5</value>
         <object_component_ref idref="oc-113"/>
      </symbol>
      <symbol id="sm-832">
         <name>memcpy</name>
         <value>0x4d99</value>
         <object_component_ref idref="oc-38"/>
      </symbol>
      <symbol id="sm-833">
         <name>__aeabi_memcpy</name>
         <value>0x4d99</value>
         <object_component_ref idref="oc-38"/>
      </symbol>
      <symbol id="sm-834">
         <name>__aeabi_memcpy8</name>
         <value>0x4d99</value>
         <object_component_ref idref="oc-38"/>
      </symbol>
      <symbol id="sm-835">
         <name>__aeabi_memcpy4</name>
         <value>0x4d99</value>
         <object_component_ref idref="oc-38"/>
      </symbol>
      <symbol id="sm-844">
         <name>__aeabi_memset</name>
         <value>0x4e37</value>
         <object_component_ref idref="oc-8c"/>
      </symbol>
      <symbol id="sm-845">
         <name>memset</name>
         <value>0x4e3d</value>
         <object_component_ref idref="oc-8c"/>
      </symbol>
      <symbol id="sm-846">
         <name>__aeabi_memset8</name>
         <value>0x4e37</value>
         <object_component_ref idref="oc-8c"/>
      </symbol>
      <symbol id="sm-847">
         <name>__aeabi_memset4</name>
         <value>0x4e37</value>
         <object_component_ref idref="oc-8c"/>
      </symbol>
      <symbol id="sm-848">
         <name>__aeabi_memclr8</name>
         <value>0x4e35</value>
         <object_component_ref idref="oc-8c"/>
      </symbol>
      <symbol id="sm-849">
         <name>__aeabi_memclr4</name>
         <value>0x4e35</value>
         <object_component_ref idref="oc-8c"/>
      </symbol>
      <symbol id="sm-84a">
         <name>__aeabi_memclr</name>
         <value>0x4e35</value>
         <object_component_ref idref="oc-8c"/>
      </symbol>
      <symbol id="sm-858">
         <name>strlen</name>
         <value>0x5061</value>
         <object_component_ref idref="oc-e5"/>
      </symbol>
      <symbol id="sm-859">
         <name>__TI_static_base__</name>
         <value>0x0</value>
      </symbol>
      <symbol id="sm-85c">
         <name>__mpu_init</name>
         <value>0x0</value>
      </symbol>
      <symbol id="sm-85d">
         <name>_system_post_cinit</name>
         <value>0x0</value>
      </symbol>
   </symbol_table>
   <title>Link successful</title>
</link_info>
