<?xml version="1.0" encoding="ISO-8859-1" ?>
<link_info>
   <banner>TI ARM Linker PC v18.1.1.LTS</banner>
   <copyright>Copyright (c) 1996-2017 Texas Instruments Incorporated</copyright>
   <link_time>0x5b56da05</link_time>
   <link_errors>0x0</link_errors>
   <output_file>SSL_Controller.out</output_file>
   <entry_point>
      <name>_c_int00_noargs</name>
      <address>0x5015</address>
   </entry_point>
   <input_file_list>
      <input_file id="fl-2">
         <path>.\</path>
         <kind>object</kind>
         <file>main.obj</file>
         <name>main.obj</name>
      </input_file>
      <input_file id="fl-3">
         <path>.\</path>
         <kind>object</kind>
         <file>tm4c123gh6pm_startup_ccs.obj</file>
         <name>tm4c123gh6pm_startup_ccs.obj</name>
      </input_file>
      <input_file id="fl-4">
         <path>.\Peripherals\</path>
         <kind>object</kind>
         <file>adc.obj</file>
         <name>adc.obj</name>
      </input_file>
      <input_file id="fl-5">
         <path>.\Peripherals\</path>
         <kind>object</kind>
         <file>cpu.obj</file>
         <name>cpu.obj</name>
      </input_file>
      <input_file id="fl-6">
         <path>.\Peripherals\</path>
         <kind>object</kind>
         <file>gpio.obj</file>
         <name>gpio.obj</name>
      </input_file>
      <input_file id="fl-7">
         <path>.\Peripherals\</path>
         <kind>object</kind>
         <file>i2c.obj</file>
         <name>i2c.obj</name>
      </input_file>
      <input_file id="fl-8">
         <path>.\Peripherals\</path>
         <kind>object</kind>
         <file>interrupt.obj</file>
         <name>interrupt.obj</name>
      </input_file>
      <input_file id="fl-9">
         <path>.\Peripherals\</path>
         <kind>object</kind>
         <file>pwm.obj</file>
         <name>pwm.obj</name>
      </input_file>
      <input_file id="fl-a">
         <path>.\Peripherals\</path>
         <kind>object</kind>
         <file>sysctl.obj</file>
         <name>sysctl.obj</name>
      </input_file>
      <input_file id="fl-b">
         <path>.\Peripherals\</path>
         <kind>object</kind>
         <file>timer.obj</file>
         <name>timer.obj</name>
      </input_file>
      <input_file id="fl-c">
         <path>.\Peripherals\</path>
         <kind>object</kind>
         <file>uart.obj</file>
         <name>uart.obj</name>
      </input_file>
      <input_file id="fl-d">
         <path>.\Peripherals\</path>
         <kind>object</kind>
         <file>uartstdio.obj</file>
         <name>uartstdio.obj</name>
      </input_file>
      <input_file id="fl-11">
         <kind>object</kind>
         <file>&lt;internal&gt;</file>
         <name>&lt;internal&gt;</name>
      </input_file>
      <input_file id="fl-c7">
         <path>C:\ti\ccsv8\tools\compiler\ti-cgt-arm_18.1.1.LTS\lib\</path>
         <kind>archive</kind>
         <file>rtsv7M4_T_le_v4SPD16_eabi.lib</file>
         <name>boot_cortex_m.c.obj</name>
      </input_file>
      <input_file id="fl-c8">
         <path>C:\ti\ccsv8\tools\compiler\ti-cgt-arm_18.1.1.LTS\lib\</path>
         <kind>archive</kind>
         <file>rtsv7M4_T_le_v4SPD16_eabi.lib</file>
         <name>autoinit.c.obj</name>
      </input_file>
      <input_file id="fl-c9">
         <path>C:\ti\ccsv8\tools\compiler\ti-cgt-arm_18.1.1.LTS\lib\</path>
         <kind>archive</kind>
         <file>rtsv7M4_T_le_v4SPD16_eabi.lib</file>
         <name>copy_decompress_lzss.c.obj</name>
      </input_file>
      <input_file id="fl-ca">
         <path>C:\ti\ccsv8\tools\compiler\ti-cgt-arm_18.1.1.LTS\lib\</path>
         <kind>archive</kind>
         <file>rtsv7M4_T_le_v4SPD16_eabi.lib</file>
         <name>copy_decompress_none.c.obj</name>
      </input_file>
      <input_file id="fl-cb">
         <path>C:\ti\ccsv8\tools\compiler\ti-cgt-arm_18.1.1.LTS\lib\</path>
         <kind>archive</kind>
         <file>rtsv7M4_T_le_v4SPD16_eabi.lib</file>
         <name>copy_zero_init.c.obj</name>
      </input_file>
      <input_file id="fl-cc">
         <path>C:\ti\ccsv8\tools\compiler\ti-cgt-arm_18.1.1.LTS\lib\</path>
         <kind>archive</kind>
         <file>rtsv7M4_T_le_v4SPD16_eabi.lib</file>
         <name>u_divt2.asm.obj</name>
      </input_file>
      <input_file id="fl-cd">
         <path>C:\ti\ccsv8\tools\compiler\ti-cgt-arm_18.1.1.LTS\lib\</path>
         <kind>archive</kind>
         <file>rtsv7M4_T_le_v4SPD16_eabi.lib</file>
         <name>div0.asm.obj</name>
      </input_file>
      <input_file id="fl-ce">
         <path>C:\ti\ccsv8\tools\compiler\ti-cgt-arm_18.1.1.LTS\lib\</path>
         <kind>archive</kind>
         <file>rtsv7M4_T_le_v4SPD16_eabi.lib</file>
         <name>args_main.c.obj</name>
      </input_file>
      <input_file id="fl-cf">
         <path>C:\ti\ccsv8\tools\compiler\ti-cgt-arm_18.1.1.LTS\lib\</path>
         <kind>archive</kind>
         <file>rtsv7M4_T_le_v4SPD16_eabi.lib</file>
         <name>pre_init.c.obj</name>
      </input_file>
      <input_file id="fl-d0">
         <path>C:\ti\ccsv8\tools\compiler\ti-cgt-arm_18.1.1.LTS\lib\</path>
         <kind>archive</kind>
         <file>rtsv7M4_T_le_v4SPD16_eabi.lib</file>
         <name>atoi.c.obj</name>
      </input_file>
      <input_file id="fl-d1">
         <path>C:\ti\ccsv8\tools\compiler\ti-cgt-arm_18.1.1.LTS\lib\</path>
         <kind>archive</kind>
         <file>rtsv7M4_T_le_v4SPD16_eabi.lib</file>
         <name>ctype.c.obj</name>
      </input_file>
      <input_file id="fl-d2">
         <path>C:\ti\ccsv8\tools\compiler\ti-cgt-arm_18.1.1.LTS\lib\</path>
         <kind>archive</kind>
         <file>rtsv7M4_T_le_v4SPD16_eabi.lib</file>
         <name>cpy_tbl.c.obj</name>
      </input_file>
      <input_file id="fl-d3">
         <path>C:\ti\ccsv8\tools\compiler\ti-cgt-arm_18.1.1.LTS\lib\</path>
         <kind>archive</kind>
         <file>rtsv7M4_T_le_v4SPD16_eabi.lib</file>
         <name>exit.c.obj</name>
      </input_file>
      <input_file id="fl-d4">
         <path>C:\ti\ccsv8\tools\compiler\ti-cgt-arm_18.1.1.LTS\lib\</path>
         <kind>archive</kind>
         <file>rtsv7M4_T_le_v4SPD16_eabi.lib</file>
         <name>_lock.c.obj</name>
      </input_file>
      <input_file id="fl-d5">
         <path>C:\ti\ccsv8\tools\compiler\ti-cgt-arm_18.1.1.LTS\lib\</path>
         <kind>archive</kind>
         <file>rtsv7M4_T_le_v4SPD16_eabi.lib</file>
         <name>memcpy_t2.asm.obj</name>
      </input_file>
      <input_file id="fl-d6">
         <path>C:\ti\ccsv8\tools\compiler\ti-cgt-arm_18.1.1.LTS\lib\</path>
         <kind>archive</kind>
         <file>rtsv7M4_T_le_v4SPD16_eabi.lib</file>
         <name>memset_t2.asm.obj</name>
      </input_file>
      <input_file id="fl-d7">
         <path>C:\ti\ccsv8\tools\compiler\ti-cgt-arm_18.1.1.LTS\lib\</path>
         <kind>archive</kind>
         <file>rtsv7M4_T_le_v4SPD16_eabi.lib</file>
         <name>strlen.c.obj</name>
      </input_file>
   </input_file_list>
   <object_component_list>
      <object_component id="oc-f">
         <name>.intvecs</name>
         <load_address>0x0</load_address>
         <run_address>0x0</run_address>
         <size>0x26c</size>
         <input_file_ref idref="fl-3"/>
      </object_component>
      <object_component id="oc-c6">
         <name>.text</name>
         <load_address>0x26c</load_address>
         <run_address>0x26c</run_address>
         <size>0xf60</size>
         <input_file_ref idref="fl-a"/>
      </object_component>
      <object_component id="oc-98">
         <name>.text</name>
         <load_address>0x11cc</load_address>
         <run_address>0x11cc</run_address>
         <size>0xcd8</size>
         <input_file_ref idref="fl-2"/>
      </object_component>
      <object_component id="oc-cc">
         <name>.text</name>
         <load_address>0x1ea4</load_address>
         <run_address>0x1ea4</run_address>
         <size>0xb40</size>
         <input_file_ref idref="fl-6"/>
      </object_component>
      <object_component id="oc-f7">
         <name>.text</name>
         <load_address>0x29e4</load_address>
         <run_address>0x29e4</run_address>
         <size>0x7d8</size>
         <input_file_ref idref="fl-4"/>
      </object_component>
      <object_component id="oc-eb">
         <name>.text</name>
         <load_address>0x31bc</load_address>
         <run_address>0x31bc</run_address>
         <size>0x6f8</size>
         <input_file_ref idref="fl-7"/>
      </object_component>
      <object_component id="oc-103">
         <name>.text</name>
         <load_address>0x38b4</load_address>
         <run_address>0x38b4</run_address>
         <size>0x642</size>
         <input_file_ref idref="fl-b"/>
      </object_component>
      <object_component id="oc-20b">
         <name>.text</name>
         <load_address>0x3ef6</load_address>
         <run_address>0x3ef6</run_address>
         <size>0x2</size>
         <input_file_ref idref="fl-cd"/>
      </object_component>
      <object_component id="oc-d3">
         <name>.text</name>
         <load_address>0x3ef8</load_address>
         <run_address>0x3ef8</run_address>
         <size>0x62e</size>
         <input_file_ref idref="fl-c"/>
      </object_component>
      <object_component id="oc-d9">
         <name>.text</name>
         <load_address>0x4528</load_address>
         <run_address>0x4528</run_address>
         <size>0x49c</size>
         <input_file_ref idref="fl-d"/>
      </object_component>
      <object_component id="oc-fd">
         <name>.text</name>
         <load_address>0x49c4</load_address>
         <run_address>0x49c4</run_address>
         <size>0x3c0</size>
         <input_file_ref idref="fl-8"/>
      </object_component>
      <object_component id="oc-38">
         <name>.text</name>
         <load_address>0x4d84</load_address>
         <run_address>0x4d84</run_address>
         <size>0x9c</size>
         <input_file_ref idref="fl-d5"/>
      </object_component>
      <object_component id="oc-8c">
         <name>.text</name>
         <load_address>0x4e20</load_address>
         <run_address>0x4e20</run_address>
         <size>0x7a</size>
         <input_file_ref idref="fl-d6"/>
      </object_component>
      <object_component id="oc-12">
         <name>.text:decompress:lzss:__TI_decompress_lzss</name>
         <load_address>0x4e9a</load_address>
         <run_address>0x4e9a</run_address>
         <size>0x68</size>
         <input_file_ref idref="fl-c9"/>
      </object_component>
      <object_component id="oc-df">
         <name>.text:atoi</name>
         <load_address>0x4f04</load_address>
         <run_address>0x4f04</run_address>
         <size>0x4c</size>
         <input_file_ref idref="fl-d0"/>
      </object_component>
      <object_component id="oc-11f">
         <name>.text:__TI_auto_init_nobinit_nopinit:__TI_auto_init_nobinit_nopinit</name>
         <load_address>0x4f50</load_address>
         <run_address>0x4f50</run_address>
         <size>0x44</size>
         <input_file_ref idref="fl-c8"/>
      </object_component>
      <object_component id="oc-188">
         <name>.text</name>
         <load_address>0x4f94</load_address>
         <run_address>0x4f94</run_address>
         <size>0x40</size>
         <input_file_ref idref="fl-cc"/>
      </object_component>
      <object_component id="oc-156">
         <name>.text</name>
         <load_address>0x4fd4</load_address>
         <run_address>0x4fd4</run_address>
         <size>0x3e</size>
         <input_file_ref idref="fl-5"/>
      </object_component>
      <object_component id="oc-56">
         <name>.text:_c_int00_noargs:_c_int00_noargs</name>
         <load_address>0x5014</load_address>
         <run_address>0x5014</run_address>
         <size>0x38</size>
         <input_file_ref idref="fl-c7"/>
      </object_component>
      <object_component id="oc-e5">
         <name>.text:strlen</name>
         <load_address>0x504c</load_address>
         <run_address>0x504c</run_address>
         <size>0x14</size>
         <input_file_ref idref="fl-d7"/>
      </object_component>
      <object_component id="oc-18">
         <name>.text:decompress:none:__TI_decompress_none</name>
         <load_address>0x5060</load_address>
         <run_address>0x5060</run_address>
         <size>0xe</size>
         <input_file_ref idref="fl-ca"/>
      </object_component>
      <object_component id="oc-4a">
         <name>.text:decompress:ZI:__TI_zero_init</name>
         <load_address>0x506e</load_address>
         <run_address>0x506e</run_address>
         <size>0xc</size>
         <input_file_ref idref="fl-cb"/>
      </object_component>
      <object_component id="oc-24">
         <name>.text</name>
         <load_address>0x507a</load_address>
         <run_address>0x507a</run_address>
         <size>0xc</size>
         <input_file_ref idref="fl-3"/>
      </object_component>
      <object_component id="oc-d2">
         <name>.text:SysCtlDelay</name>
         <load_address>0x5086</load_address>
         <run_address>0x5086</run_address>
         <size>0x6</size>
         <input_file_ref idref="fl-a"/>
      </object_component>
      <object_component id="oc-92">
         <name>.text:_system_pre_init</name>
         <load_address>0x508c</load_address>
         <run_address>0x508c</run_address>
         <size>0x4</size>
         <input_file_ref idref="fl-cf"/>
      </object_component>
      <object_component id="oc-113">
         <name>.text:abort:abort</name>
         <load_address>0x5090</load_address>
         <run_address>0x5090</run_address>
         <size>0x4</size>
         <input_file_ref idref="fl-d3"/>
      </object_component>
      <object_component id="oc-162">
         <name>.const:g_pppui32XTALtoVCO</name>
         <load_address>0x5094</load_address>
         <run_address>0x5094</run_address>
         <size>0x1b0</size>
         <input_file_ref idref="fl-a"/>
      </object_component>
      <object_component id="oc-192">
         <name>.const:.string:_ctypes_</name>
         <load_address>0x5244</load_address>
         <run_address>0x5244</run_address>
         <size>0x101</size>
         <input_file_ref idref="fl-d1"/>
      </object_component>
      <object_component id="oc-16c">
         <name>.const:g_ppui32GPIOIntMapBlizzard</name>
         <load_address>0x5348</load_address>
         <run_address>0x5348</run_address>
         <size>0xc0</size>
         <input_file_ref idref="fl-6"/>
      </object_component>
      <object_component id="oc-16f">
         <name>.const:g_ppui32GPIOIntMapSnowflake</name>
         <load_address>0x5408</load_address>
         <run_address>0x5408</run_address>
         <size>0xc0</size>
         <input_file_ref idref="fl-6"/>
      </object_component>
      <object_component id="oc-1af">
         <name>.const:g_pui32Regs</name>
         <load_address>0x54c8</load_address>
         <run_address>0x54c8</run_address>
         <size>0x9c</size>
         <input_file_ref idref="fl-8"/>
      </object_component>
      <object_component id="oc-172">
         <name>.const:g_pui32GPIOBaseAddrs</name>
         <load_address>0x5564</load_address>
         <run_address>0x5564</run_address>
         <size>0x90</size>
         <input_file_ref idref="fl-6"/>
      </object_component>
      <object_component id="oc-15c">
         <name>.const:g_pui32Xtals</name>
         <load_address>0x55f4</load_address>
         <run_address>0x55f4</run_address>
         <size>0x6c</size>
         <input_file_ref idref="fl-a"/>
      </object_component>
      <object_component id="oc-1c0">
         <name>.const:g_ppui32TimerIntMap</name>
         <load_address>0x5660</load_address>
         <run_address>0x5660</run_address>
         <size>0x60</size>
         <input_file_ref idref="fl-b"/>
      </object_component>
      <object_component id="oc-19c">
         <name>.const:g_ppui32I2CIntMapSnowflake</name>
         <load_address>0x56c0</load_address>
         <run_address>0x56c0</run_address>
         <size>0x50</size>
         <input_file_ref idref="fl-7"/>
      </object_component>
      <object_component id="oc-1c3">
         <name>.const:g_ppui32TimerIntMapSnowflake</name>
         <load_address>0x5710</load_address>
         <run_address>0x5710</run_address>
         <size>0x40</size>
         <input_file_ref idref="fl-b"/>
      </object_component>
      <object_component id="oc-177">
         <name>.const:g_ppui32UARTIntMap</name>
         <load_address>0x5750</load_address>
         <run_address>0x5750</run_address>
         <size>0x40</size>
         <input_file_ref idref="fl-c"/>
      </object_component>
      <object_component id="oc-17a">
         <name>.const:g_ppui32UARTIntMapSnowflake</name>
         <load_address>0x5790</load_address>
         <run_address>0x5790</run_address>
         <size>0x40</size>
         <input_file_ref idref="fl-c"/>
      </object_component>
      <object_component id="oc-199">
         <name>.const:g_ppui32I2CIntMap</name>
         <load_address>0x57d0</load_address>
         <run_address>0x57d0</run_address>
         <size>0x30</size>
         <input_file_ref idref="fl-7"/>
      </object_component>
      <object_component id="oc-153">
         <name>.const:g_sXTALtoMEMTIM</name>
         <load_address>0x5800</load_address>
         <run_address>0x5800</run_address>
         <size>0x30</size>
         <input_file_ref idref="fl-a"/>
      </object_component>
      <object_component id="oc-1ac">
         <name>.const:g_pui32Priority</name>
         <load_address>0x5830</load_address>
         <run_address>0x5830</run_address>
         <size>0x20</size>
         <input_file_ref idref="fl-8"/>
      </object_component>
      <object_component id="oc-1b5">
         <name>.const:g_pui32Dii16Regs</name>
         <load_address>0x5850</load_address>
         <run_address>0x5850</run_address>
         <size>0x14</size>
         <input_file_ref idref="fl-8"/>
      </object_component>
      <object_component id="oc-1b2">
         <name>.const:g_pui32EnRegs</name>
         <load_address>0x5864</load_address>
         <run_address>0x5864</run_address>
         <size>0x14</size>
         <input_file_ref idref="fl-8"/>
      </object_component>
      <object_component id="oc-1b8">
         <name>.const:g_pui32PendRegs</name>
         <load_address>0x5878</load_address>
         <run_address>0x5878</run_address>
         <size>0x14</size>
         <input_file_ref idref="fl-8"/>
      </object_component>
      <object_component id="oc-1bb">
         <name>.const:g_pui32UnpendRegs</name>
         <load_address>0x588c</load_address>
         <run_address>0x588c</run_address>
         <size>0x14</size>
         <input_file_ref idref="fl-8"/>
      </object_component>
      <object_component id="oc-211">
         <name>.const:.string</name>
         <load_address>0x58a0</load_address>
         <run_address>0x58a0</run_address>
         <size>0x12</size>
         <input_file_ref idref="fl-d"/>
      </object_component>
      <object_component id="oc-185">
         <name>.const:g_ui32UARTBase</name>
         <load_address>0x58b4</load_address>
         <run_address>0x58b4</run_address>
         <size>0xc</size>
         <input_file_ref idref="fl-d"/>
      </object_component>
      <object_component id="oc-17f">
         <name>.const:g_ui32UARTPeriph</name>
         <load_address>0x58c0</load_address>
         <run_address>0x58c0</run_address>
         <size>0xc</size>
         <input_file_ref idref="fl-d"/>
      </object_component>
      <object_component id="oc-15f">
         <name>.const:g_pui32VCOFrequencies</name>
         <load_address>0x58cc</load_address>
         <run_address>0x58cc</run_address>
         <size>0x8</size>
         <input_file_ref idref="fl-a"/>
      </object_component>
      <object_component id="oc-1a1">
         <name>.const:.string</name>
         <load_address>0x58d4</load_address>
         <run_address>0x58d4</run_address>
         <size>0x6</size>
         <input_file_ref idref="fl-2"/>
      </object_component>
      <object_component id="oc-18d">
         <name>.const</name>
         <load_address>0x58dc</load_address>
         <run_address>0x58dc</run_address>
         <size>0x4</size>
         <input_file_ref idref="fl-d"/>
      </object_component>
      <object_component id="oc-29a">
         <name>.cinit..data.load</name>
         <load_address>0x58e0</load_address>
         <run_address>0x58e0</run_address>
         <size>0x15</size>
      </object_component>
      <object_component id="oc-297">
         <name>__TI_handler_table</name>
         <load_address>0x58f8</load_address>
         <run_address>0x58f8</run_address>
         <size>0xc</size>
      </object_component>
      <object_component id="oc-29b">
         <name>.cinit..bss.load</name>
         <load_address>0x5908</load_address>
         <run_address>0x5908</run_address>
         <size>0x8</size>
      </object_component>
      <object_component id="oc-299">
         <name>.cinit..vtable.load</name>
         <load_address>0x5910</load_address>
         <run_address>0x5910</run_address>
         <size>0x8</size>
      </object_component>
      <object_component id="oc-298">
         <name>__TI_cinit_table</name>
         <load_address>0x5918</load_address>
         <run_address>0x5918</run_address>
         <size>0x18</size>
      </object_component>
      <object_component id="oc-1a9">
         <name>.vtable</name>
         <uninitialized>true</uninitialized>
         <run_address>0x20000000</run_address>
         <size>0x26c</size>
         <input_file_ref idref="fl-8"/>
      </object_component>
      <object_component id="oc-f2">
         <name>.data</name>
         <load_address>0x20000e00</load_address>
         <run_address>0x20000e00</run_address>
         <size>0x14</size>
         <input_file_ref idref="fl-2"/>
      </object_component>
      <object_component id="oc-182">
         <name>.data</name>
         <load_address>0x20000e14</load_address>
         <run_address>0x20000e14</run_address>
         <size>0x5</size>
         <input_file_ref idref="fl-d"/>
      </object_component>
      <object_component id="oc-1a4">
         <name>.bss:g_pui8OversampleFactor</name>
         <uninitialized>true</uninitialized>
         <run_address>0x20000bf8</run_address>
         <size>0x4</size>
         <input_file_ref idref="fl-4"/>
      </object_component>
      <object_component id="oc-109">
         <name>.common:k</name>
         <uninitialized>true</uninitialized>
         <run_address>0x20000bfc</run_address>
         <size>0x1</size>
      </object_component>
      <object_component id="oc-f5">
         <name>.common:pui32ADC0Value</name>
         <uninitialized>true</uninitialized>
         <run_address>0x20000bcc</run_address>
         <size>0x10</size>
      </object_component>
      <object_component id="oc-f6">
         <name>.common:pui32ADC1Value</name>
         <uninitialized>true</uninitialized>
         <run_address>0x20000bdc</run_address>
         <size>0x10</size>
      </object_component>
      <object_component id="oc-10a">
         <name>.common:interout</name>
         <uninitialized>true</uninitialized>
         <run_address>0x20000adc</run_address>
         <size>0xf0</size>
      </object_component>
      <object_component id="oc-10b">
         <name>.common:manout</name>
         <uninitialized>true</uninitialized>
         <run_address>0x200008fc</run_address>
         <size>0x1e0</size>
      </object_component>
      <object_component id="oc-10c">
         <name>.common:final</name>
         <uninitialized>true</uninitialized>
         <run_address>0x2000026c</run_address>
         <size>0x690</size>
      </object_component>
      <object_component id="oc-f1">
         <name>.common:rbuf</name>
         <uninitialized>true</uninitialized>
         <run_address>0x20000bec</run_address>
         <size>0xc</size>
      </object_component>
      <object_component id="oc-21">
         <name>.stack</name>
         <uninitialized>true</uninitialized>
         <run_address>0x20000c00</run_address>
         <size>0x4</size>
         <input_file_ref idref="fl-c7"/>
      </object_component>
      <object_component id="oc-29c">
         <name>.stack</name>
         <uninitialized>true</uninitialized>
         <run_address>0x20000c00</run_address>
         <size>0x0</size>
      </object_component>
      <object_component id="oc-b4">
         <name>.debug_info</name>
         <load_address>0x0</load_address>
         <run_address>0x0</run_address>
         <size>0xccf</size>
         <input_file_ref idref="fl-2"/>
      </object_component>
      <object_component id="oc-f3">
         <name>.debug_info</name>
         <load_address>0xccf</load_address>
         <run_address>0xccf</run_address>
         <size>0x178</size>
         <input_file_ref idref="fl-2"/>
      </object_component>
      <object_component id="oc-99">
         <name>.debug_info</name>
         <load_address>0xe47</load_address>
         <run_address>0xe47</run_address>
         <size>0x16ad</size>
         <input_file_ref idref="fl-2"/>
      </object_component>
      <object_component id="oc-6d">
         <name>.debug_info</name>
         <load_address>0x24f4</load_address>
         <run_address>0x24f4</run_address>
         <size>0x26b</size>
         <input_file_ref idref="fl-2"/>
      </object_component>
      <object_component id="oc-af">
         <name>.debug_info</name>
         <load_address>0x275f</load_address>
         <run_address>0x275f</run_address>
         <size>0x8b</size>
         <input_file_ref idref="fl-2"/>
      </object_component>
      <object_component id="oc-aa">
         <name>.debug_info</name>
         <load_address>0x27ea</load_address>
         <run_address>0x27ea</run_address>
         <size>0x297</size>
         <input_file_ref idref="fl-2"/>
      </object_component>
      <object_component id="oc-166">
         <name>.debug_info</name>
         <load_address>0x2a81</load_address>
         <run_address>0x2a81</run_address>
         <size>0xef</size>
         <input_file_ref idref="fl-2"/>
      </object_component>
      <object_component id="oc-72">
         <name>.debug_info</name>
         <load_address>0x2b70</load_address>
         <run_address>0x2b70</run_address>
         <size>0xbb</size>
         <input_file_ref idref="fl-2"/>
      </object_component>
      <object_component id="oc-10e">
         <name>.debug_info</name>
         <load_address>0x2c2b</load_address>
         <run_address>0x2c2b</run_address>
         <size>0x2c</size>
         <input_file_ref idref="fl-2"/>
      </object_component>
      <object_component id="oc-2c">
         <name>.debug_info</name>
         <load_address>0x2c57</load_address>
         <run_address>0x2c57</run_address>
         <size>0x2ca</size>
         <input_file_ref idref="fl-3"/>
      </object_component>
      <object_component id="oc-10">
         <name>.debug_info</name>
         <load_address>0x2f21</load_address>
         <run_address>0x2f21</run_address>
         <size>0x109</size>
         <input_file_ref idref="fl-3"/>
      </object_component>
      <object_component id="oc-28">
         <name>.debug_info</name>
         <load_address>0x302a</load_address>
         <run_address>0x302a</run_address>
         <size>0x285</size>
         <input_file_ref idref="fl-3"/>
      </object_component>
      <object_component id="oc-33">
         <name>.debug_info</name>
         <load_address>0x32af</load_address>
         <run_address>0x32af</run_address>
         <size>0x84</size>
         <input_file_ref idref="fl-3"/>
      </object_component>
      <object_component id="oc-1a8">
         <name>.debug_info</name>
         <load_address>0x3333</load_address>
         <run_address>0x3333</run_address>
         <size>0x342</size>
         <input_file_ref idref="fl-4"/>
      </object_component>
      <object_component id="oc-1a5">
         <name>.debug_info</name>
         <load_address>0x3675</load_address>
         <run_address>0x3675</run_address>
         <size>0x113</size>
         <input_file_ref idref="fl-4"/>
      </object_component>
      <object_component id="oc-f9">
         <name>.debug_info</name>
         <load_address>0x3788</load_address>
         <run_address>0x3788</run_address>
         <size>0x2bab</size>
         <input_file_ref idref="fl-4"/>
      </object_component>
      <object_component id="oc-157">
         <name>.debug_info</name>
         <load_address>0x6333</load_address>
         <run_address>0x6333</run_address>
         <size>0x370</size>
         <input_file_ref idref="fl-5"/>
      </object_component>
      <object_component id="oc-176">
         <name>.debug_info</name>
         <load_address>0x66a3</load_address>
         <run_address>0x66a3</run_address>
         <size>0x36c</size>
         <input_file_ref idref="fl-6"/>
      </object_component>
      <object_component id="oc-16d">
         <name>.debug_info</name>
         <load_address>0x6a0f</load_address>
         <run_address>0x6a0f</run_address>
         <size>0x11c</size>
         <input_file_ref idref="fl-6"/>
      </object_component>
      <object_component id="oc-170">
         <name>.debug_info</name>
         <load_address>0x6b2b</load_address>
         <run_address>0x6b2b</run_address>
         <size>0x11e</size>
         <input_file_ref idref="fl-6"/>
      </object_component>
      <object_component id="oc-173">
         <name>.debug_info</name>
         <load_address>0x6c49</load_address>
         <run_address>0x6c49</run_address>
         <size>0x110</size>
         <input_file_ref idref="fl-6"/>
      </object_component>
      <object_component id="oc-cd">
         <name>.debug_info</name>
         <load_address>0x6d59</load_address>
         <run_address>0x6d59</run_address>
         <size>0x2f68</size>
         <input_file_ref idref="fl-6"/>
      </object_component>
      <object_component id="oc-1a0">
         <name>.debug_info</name>
         <load_address>0x9cc1</load_address>
         <run_address>0x9cc1</run_address>
         <size>0x36d</size>
         <input_file_ref idref="fl-7"/>
      </object_component>
      <object_component id="oc-19a">
         <name>.debug_info</name>
         <load_address>0xa02e</load_address>
         <run_address>0xa02e</run_address>
         <size>0x109</size>
         <input_file_ref idref="fl-7"/>
      </object_component>
      <object_component id="oc-19d">
         <name>.debug_info</name>
         <load_address>0xa137</load_address>
         <run_address>0xa137</run_address>
         <size>0x11b</size>
         <input_file_ref idref="fl-7"/>
      </object_component>
      <object_component id="oc-ec">
         <name>.debug_info</name>
         <load_address>0xa252</load_address>
         <run_address>0xa252</run_address>
         <size>0x2c51</size>
         <input_file_ref idref="fl-7"/>
      </object_component>
      <object_component id="oc-1bf">
         <name>.debug_info</name>
         <load_address>0xcea3</load_address>
         <run_address>0xcea3</run_address>
         <size>0x359</size>
         <input_file_ref idref="fl-8"/>
      </object_component>
      <object_component id="oc-1ad">
         <name>.debug_info</name>
         <load_address>0xd1fc</load_address>
         <run_address>0xd1fc</run_address>
         <size>0x10b</size>
         <input_file_ref idref="fl-8"/>
      </object_component>
      <object_component id="oc-1b0">
         <name>.debug_info</name>
         <load_address>0xd307</load_address>
         <run_address>0xd307</run_address>
         <size>0x103</size>
         <input_file_ref idref="fl-8"/>
      </object_component>
      <object_component id="oc-1b3">
         <name>.debug_info</name>
         <load_address>0xd40a</load_address>
         <run_address>0xd40a</run_address>
         <size>0x107</size>
         <input_file_ref idref="fl-8"/>
      </object_component>
      <object_component id="oc-1b6">
         <name>.debug_info</name>
         <load_address>0xd511</load_address>
         <run_address>0xd511</run_address>
         <size>0x10d</size>
         <input_file_ref idref="fl-8"/>
      </object_component>
      <object_component id="oc-1b9">
         <name>.debug_info</name>
         <load_address>0xd61e</load_address>
         <run_address>0xd61e</run_address>
         <size>0x10b</size>
         <input_file_ref idref="fl-8"/>
      </object_component>
      <object_component id="oc-1bc">
         <name>.debug_info</name>
         <load_address>0xd729</load_address>
         <run_address>0xd729</run_address>
         <size>0x10f</size>
         <input_file_ref idref="fl-8"/>
      </object_component>
      <object_component id="oc-1aa">
         <name>.debug_info</name>
         <load_address>0xd838</load_address>
         <run_address>0xd838</run_address>
         <size>0x10c</size>
         <input_file_ref idref="fl-8"/>
      </object_component>
      <object_component id="oc-101">
         <name>.debug_info</name>
         <load_address>0xd944</load_address>
         <run_address>0xd944</run_address>
         <size>0xd50</size>
         <input_file_ref idref="fl-8"/>
      </object_component>
      <object_component id="oc-16b">
         <name>.debug_info</name>
         <load_address>0xe694</load_address>
         <run_address>0xe694</run_address>
         <size>0x3de</size>
         <input_file_ref idref="fl-a"/>
      </object_component>
      <object_component id="oc-15d">
         <name>.debug_info</name>
         <load_address>0xea72</load_address>
         <run_address>0xea72</run_address>
         <size>0x102</size>
         <input_file_ref idref="fl-a"/>
      </object_component>
      <object_component id="oc-163">
         <name>.debug_info</name>
         <load_address>0xeb74</load_address>
         <run_address>0xeb74</run_address>
         <size>0x10e</size>
         <input_file_ref idref="fl-a"/>
      </object_component>
      <object_component id="oc-154">
         <name>.debug_info</name>
         <load_address>0xec82</load_address>
         <run_address>0xec82</run_address>
         <size>0x108</size>
         <input_file_ref idref="fl-a"/>
      </object_component>
      <object_component id="oc-160">
         <name>.debug_info</name>
         <load_address>0xed8a</load_address>
         <run_address>0xed8a</run_address>
         <size>0x115</size>
         <input_file_ref idref="fl-a"/>
      </object_component>
      <object_component id="oc-c7">
         <name>.debug_info</name>
         <load_address>0xee9f</load_address>
         <run_address>0xee9f</run_address>
         <size>0x2c1a</size>
         <input_file_ref idref="fl-a"/>
      </object_component>
      <object_component id="oc-1f3">
         <name>.debug_info</name>
         <load_address>0x11ab9</load_address>
         <run_address>0x11ab9</run_address>
         <size>0x51</size>
         <input_file_ref idref="fl-a"/>
      </object_component>
      <object_component id="oc-1c7">
         <name>.debug_info</name>
         <load_address>0x11b0a</load_address>
         <run_address>0x11b0a</run_address>
         <size>0x369</size>
         <input_file_ref idref="fl-b"/>
      </object_component>
      <object_component id="oc-1c1">
         <name>.debug_info</name>
         <load_address>0x11e73</load_address>
         <run_address>0x11e73</run_address>
         <size>0x10f</size>
         <input_file_ref idref="fl-b"/>
      </object_component>
      <object_component id="oc-1c4">
         <name>.debug_info</name>
         <load_address>0x11f82</load_address>
         <run_address>0x11f82</run_address>
         <size>0x121</size>
         <input_file_ref idref="fl-b"/>
      </object_component>
      <object_component id="oc-104">
         <name>.debug_info</name>
         <load_address>0x120a3</load_address>
         <run_address>0x120a3</run_address>
         <size>0x2533</size>
         <input_file_ref idref="fl-b"/>
      </object_component>
      <object_component id="oc-17e">
         <name>.debug_info</name>
         <load_address>0x145d6</load_address>
         <run_address>0x145d6</run_address>
         <size>0x35e</size>
         <input_file_ref idref="fl-c"/>
      </object_component>
      <object_component id="oc-178">
         <name>.debug_info</name>
         <load_address>0x14934</load_address>
         <run_address>0x14934</run_address>
         <size>0x10c</size>
         <input_file_ref idref="fl-c"/>
      </object_component>
      <object_component id="oc-17b">
         <name>.debug_info</name>
         <load_address>0x14a40</load_address>
         <run_address>0x14a40</run_address>
         <size>0x11e</size>
         <input_file_ref idref="fl-c"/>
      </object_component>
      <object_component id="oc-d6">
         <name>.debug_info</name>
         <load_address>0x14b5e</load_address>
         <run_address>0x14b5e</run_address>
         <size>0x27de</size>
         <input_file_ref idref="fl-c"/>
      </object_component>
      <object_component id="oc-191">
         <name>.debug_info</name>
         <load_address>0x1733c</load_address>
         <run_address>0x1733c</run_address>
         <size>0x40a</size>
         <input_file_ref idref="fl-d"/>
      </object_component>
      <object_component id="oc-183">
         <name>.debug_info</name>
         <load_address>0x17746</load_address>
         <run_address>0x17746</run_address>
         <size>0x101</size>
         <input_file_ref idref="fl-d"/>
      </object_component>
      <object_component id="oc-18e">
         <name>.debug_info</name>
         <load_address>0x17847</load_address>
         <run_address>0x17847</run_address>
         <size>0xfb</size>
         <input_file_ref idref="fl-d"/>
      </object_component>
      <object_component id="oc-186">
         <name>.debug_info</name>
         <load_address>0x17942</load_address>
         <run_address>0x17942</run_address>
         <size>0x109</size>
         <input_file_ref idref="fl-d"/>
      </object_component>
      <object_component id="oc-180">
         <name>.debug_info</name>
         <load_address>0x17a4b</load_address>
         <run_address>0x17a4b</run_address>
         <size>0x10d</size>
         <input_file_ref idref="fl-d"/>
      </object_component>
      <object_component id="oc-db">
         <name>.debug_info</name>
         <load_address>0x17b58</load_address>
         <run_address>0x17b58</run_address>
         <size>0x83a</size>
         <input_file_ref idref="fl-d"/>
      </object_component>
      <object_component id="oc-22">
         <name>.debug_info</name>
         <load_address>0x18392</load_address>
         <run_address>0x18392</run_address>
         <size>0x100</size>
         <input_file_ref idref="fl-c7"/>
      </object_component>
      <object_component id="oc-5a">
         <name>.debug_info</name>
         <load_address>0x18492</load_address>
         <run_address>0x18492</run_address>
         <size>0x1a4</size>
         <input_file_ref idref="fl-c7"/>
      </object_component>
      <object_component id="oc-1d3">
         <name>.debug_info</name>
         <load_address>0x18636</load_address>
         <run_address>0x18636</run_address>
         <size>0x547</size>
         <input_file_ref idref="fl-c8"/>
      </object_component>
      <object_component id="oc-122">
         <name>.debug_info</name>
         <load_address>0x18b7d</load_address>
         <run_address>0x18b7d</run_address>
         <size>0x19b</size>
         <input_file_ref idref="fl-c8"/>
      </object_component>
      <object_component id="oc-24d">
         <name>.debug_info</name>
         <load_address>0x18d18</load_address>
         <run_address>0x18d18</run_address>
         <size>0x39</size>
         <input_file_ref idref="fl-c8"/>
      </object_component>
      <object_component id="oc-264">
         <name>.debug_info</name>
         <load_address>0x18d51</load_address>
         <run_address>0x18d51</run_address>
         <size>0x39</size>
         <input_file_ref idref="fl-c8"/>
      </object_component>
      <object_component id="oc-252">
         <name>.debug_info</name>
         <load_address>0x18d8a</load_address>
         <run_address>0x18d8a</run_address>
         <size>0x39</size>
         <input_file_ref idref="fl-c8"/>
      </object_component>
      <object_component id="oc-257">
         <name>.debug_info</name>
         <load_address>0x18dc3</load_address>
         <run_address>0x18dc3</run_address>
         <size>0xcd</size>
         <input_file_ref idref="fl-c8"/>
      </object_component>
      <object_component id="oc-7c">
         <name>.debug_info</name>
         <load_address>0x18e90</load_address>
         <run_address>0x18e90</run_address>
         <size>0x293</size>
         <input_file_ref idref="fl-c9"/>
      </object_component>
      <object_component id="oc-16">
         <name>.debug_info</name>
         <load_address>0x19123</load_address>
         <run_address>0x19123</run_address>
         <size>0x245</size>
         <input_file_ref idref="fl-c9"/>
      </object_component>
      <object_component id="oc-2e">
         <name>.debug_info</name>
         <load_address>0x19368</load_address>
         <run_address>0x19368</run_address>
         <size>0x60</size>
         <input_file_ref idref="fl-c9"/>
      </object_component>
      <object_component id="oc-b6">
         <name>.debug_info</name>
         <load_address>0x193c8</load_address>
         <run_address>0x193c8</run_address>
         <size>0x46</size>
         <input_file_ref idref="fl-c9"/>
      </object_component>
      <object_component id="oc-77">
         <name>.debug_info</name>
         <load_address>0x1940e</load_address>
         <run_address>0x1940e</run_address>
         <size>0x39</size>
         <input_file_ref idref="fl-c9"/>
      </object_component>
      <object_component id="oc-43">
         <name>.debug_info</name>
         <load_address>0x19447</load_address>
         <run_address>0x19447</run_address>
         <size>0x29d</size>
         <input_file_ref idref="fl-ca"/>
      </object_component>
      <object_component id="oc-1a">
         <name>.debug_info</name>
         <load_address>0x196e4</load_address>
         <run_address>0x196e4</run_address>
         <size>0x1df</size>
         <input_file_ref idref="fl-ca"/>
      </object_component>
      <object_component id="oc-3e">
         <name>.debug_info</name>
         <load_address>0x198c3</load_address>
         <run_address>0x198c3</run_address>
         <size>0x46</size>
         <input_file_ref idref="fl-ca"/>
      </object_component>
      <object_component id="oc-7e">
         <name>.debug_info</name>
         <load_address>0x19909</load_address>
         <run_address>0x19909</run_address>
         <size>0x2c</size>
         <input_file_ref idref="fl-ca"/>
      </object_component>
      <object_component id="oc-8b">
         <name>.debug_info</name>
         <load_address>0x19935</load_address>
         <run_address>0x19935</run_address>
         <size>0x313</size>
         <input_file_ref idref="fl-cb"/>
      </object_component>
      <object_component id="oc-4e">
         <name>.debug_info</name>
         <load_address>0x19c48</load_address>
         <run_address>0x19c48</run_address>
         <size>0x1aa</size>
         <input_file_ref idref="fl-cb"/>
      </object_component>
      <object_component id="oc-86">
         <name>.debug_info</name>
         <load_address>0x19df2</load_address>
         <run_address>0x19df2</run_address>
         <size>0x46</size>
         <input_file_ref idref="fl-cb"/>
      </object_component>
      <object_component id="oc-bd">
         <name>.debug_info</name>
         <load_address>0x19e38</load_address>
         <run_address>0x19e38</run_address>
         <size>0x2c</size>
         <input_file_ref idref="fl-cb"/>
      </object_component>
      <object_component id="oc-189">
         <name>.debug_info</name>
         <load_address>0x19e64</load_address>
         <run_address>0x19e64</run_address>
         <size>0x13a</size>
         <input_file_ref idref="fl-cc"/>
      </object_component>
      <object_component id="oc-20e">
         <name>.debug_info</name>
         <load_address>0x19f9e</load_address>
         <run_address>0x19f9e</run_address>
         <size>0x10d</size>
         <input_file_ref idref="fl-cd"/>
      </object_component>
      <object_component id="oc-95">
         <name>.debug_info</name>
         <load_address>0x1a0ab</load_address>
         <run_address>0x1a0ab</run_address>
         <size>0x148</size>
         <input_file_ref idref="fl-cf"/>
      </object_component>
      <object_component id="oc-196">
         <name>.debug_info</name>
         <load_address>0x1a1f3</load_address>
         <run_address>0x1a1f3</run_address>
         <size>0x2ae</size>
         <input_file_ref idref="fl-d0"/>
      </object_component>
      <object_component id="oc-e0">
         <name>.debug_info</name>
         <load_address>0x1a4a1</load_address>
         <run_address>0x1a4a1</run_address>
         <size>0x171</size>
         <input_file_ref idref="fl-d0"/>
      </object_component>
      <object_component id="oc-218">
         <name>.debug_info</name>
         <load_address>0x1a612</load_address>
         <run_address>0x1a612</run_address>
         <size>0xee</size>
         <input_file_ref idref="fl-d1"/>
      </object_component>
      <object_component id="oc-193">
         <name>.debug_info</name>
         <load_address>0x1a700</load_address>
         <run_address>0x1a700</run_address>
         <size>0xfa</size>
         <input_file_ref idref="fl-d1"/>
      </object_component>
      <object_component id="oc-116">
         <name>.debug_info</name>
         <load_address>0x1a7fa</load_address>
         <run_address>0x1a7fa</run_address>
         <size>0x117</size>
         <input_file_ref idref="fl-d3"/>
      </object_component>
      <object_component id="oc-39">
         <name>.debug_info</name>
         <load_address>0x1a911</load_address>
         <run_address>0x1a911</run_address>
         <size>0x111</size>
         <input_file_ref idref="fl-d5"/>
      </object_component>
      <object_component id="oc-8e">
         <name>.debug_info</name>
         <load_address>0x1aa22</load_address>
         <run_address>0x1aa22</run_address>
         <size>0x13f</size>
         <input_file_ref idref="fl-d6"/>
      </object_component>
      <object_component id="oc-198">
         <name>.debug_info</name>
         <load_address>0x1ab61</load_address>
         <run_address>0x1ab61</run_address>
         <size>0x284</size>
         <input_file_ref idref="fl-d7"/>
      </object_component>
      <object_component id="oc-e8">
         <name>.debug_info</name>
         <load_address>0x1ade5</load_address>
         <run_address>0x1ade5</run_address>
         <size>0x22a</size>
         <input_file_ref idref="fl-d7"/>
      </object_component>
      <object_component id="oc-29d">
         <name>.debug_info</name>
         <load_address>0x1b00f</load_address>
         <run_address>0x1b00f</run_address>
         <size>0xbf</size>
      </object_component>
      <object_component id="oc-152">
         <name>.debug_line</name>
         <load_address>0x0</load_address>
         <run_address>0x0</run_address>
         <size>0x2b6</size>
         <input_file_ref idref="fl-2"/>
      </object_component>
      <object_component id="oc-1a3">
         <name>.debug_line</name>
         <load_address>0x2b6</load_address>
         <run_address>0x2b6</run_address>
         <size>0x2d</size>
         <input_file_ref idref="fl-2"/>
      </object_component>
      <object_component id="oc-9c">
         <name>.debug_line</name>
         <load_address>0x2e3</load_address>
         <run_address>0x2e3</run_address>
         <size>0x5ef</size>
         <input_file_ref idref="fl-2"/>
      </object_component>
      <object_component id="oc-70">
         <name>.debug_line</name>
         <load_address>0x8d2</load_address>
         <run_address>0x8d2</run_address>
         <size>0x69</size>
         <input_file_ref idref="fl-2"/>
      </object_component>
      <object_component id="oc-b2">
         <name>.debug_line</name>
         <load_address>0x93b</load_address>
         <run_address>0x93b</run_address>
         <size>0x20</size>
         <input_file_ref idref="fl-2"/>
      </object_component>
      <object_component id="oc-ad">
         <name>.debug_line</name>
         <load_address>0x95b</load_address>
         <run_address>0x95b</run_address>
         <size>0x6d</size>
         <input_file_ref idref="fl-2"/>
      </object_component>
      <object_component id="oc-169">
         <name>.debug_line</name>
         <load_address>0x9c8</load_address>
         <run_address>0x9c8</run_address>
         <size>0x69</size>
         <input_file_ref idref="fl-2"/>
      </object_component>
      <object_component id="oc-75">
         <name>.debug_line</name>
         <load_address>0xa31</load_address>
         <run_address>0xa31</run_address>
         <size>0x6a</size>
         <input_file_ref idref="fl-2"/>
      </object_component>
      <object_component id="oc-111">
         <name>.debug_line</name>
         <load_address>0xa9b</load_address>
         <run_address>0xa9b</run_address>
         <size>0x65</size>
         <input_file_ref idref="fl-2"/>
      </object_component>
      <object_component id="oc-6c">
         <name>.debug_line</name>
         <load_address>0xb00</load_address>
         <run_address>0xb00</run_address>
         <size>0x41</size>
         <input_file_ref idref="fl-3"/>
      </object_component>
      <object_component id="oc-2b">
         <name>.debug_line</name>
         <load_address>0xb41</load_address>
         <run_address>0xb41</run_address>
         <size>0x41</size>
         <input_file_ref idref="fl-3"/>
      </object_component>
      <object_component id="oc-27">
         <name>.debug_line</name>
         <load_address>0xb82</load_address>
         <run_address>0xb82</run_address>
         <size>0xa1</size>
         <input_file_ref idref="fl-3"/>
      </object_component>
      <object_component id="oc-36">
         <name>.debug_line</name>
         <load_address>0xc23</load_address>
         <run_address>0xc23</run_address>
         <size>0x20</size>
         <input_file_ref idref="fl-3"/>
      </object_component>
      <object_component id="oc-226">
         <name>.debug_line</name>
         <load_address>0xc43</load_address>
         <run_address>0xc43</run_address>
         <size>0x91</size>
         <input_file_ref idref="fl-4"/>
      </object_component>
      <object_component id="oc-224">
         <name>.debug_line</name>
         <load_address>0xcd4</load_address>
         <run_address>0xcd4</run_address>
         <size>0x38</size>
         <input_file_ref idref="fl-4"/>
      </object_component>
      <object_component id="oc-fc">
         <name>.debug_line</name>
         <load_address>0xd0c</load_address>
         <run_address>0xd0c</run_address>
         <size>0x5d9</size>
         <input_file_ref idref="fl-4"/>
      </object_component>
      <object_component id="oc-15a">
         <name>.debug_line</name>
         <load_address>0x12e5</load_address>
         <run_address>0x12e5</run_address>
         <size>0xdb</size>
         <input_file_ref idref="fl-5"/>
      </object_component>
      <object_component id="oc-1fe">
         <name>.debug_line</name>
         <load_address>0x13c0</load_address>
         <run_address>0x13c0</run_address>
         <size>0x91</size>
         <input_file_ref idref="fl-6"/>
      </object_component>
      <object_component id="oc-1f8">
         <name>.debug_line</name>
         <load_address>0x1451</load_address>
         <run_address>0x1451</run_address>
         <size>0x39</size>
         <input_file_ref idref="fl-6"/>
      </object_component>
      <object_component id="oc-1fa">
         <name>.debug_line</name>
         <load_address>0x148a</load_address>
         <run_address>0x148a</run_address>
         <size>0x39</size>
         <input_file_ref idref="fl-6"/>
      </object_component>
      <object_component id="oc-1fc">
         <name>.debug_line</name>
         <load_address>0x14c3</load_address>
         <run_address>0x14c3</run_address>
         <size>0x39</size>
         <input_file_ref idref="fl-6"/>
      </object_component>
      <object_component id="oc-d0">
         <name>.debug_line</name>
         <load_address>0x14fc</load_address>
         <run_address>0x14fc</run_address>
         <size>0x5fa</size>
         <input_file_ref idref="fl-6"/>
      </object_component>
      <object_component id="oc-222">
         <name>.debug_line</name>
         <load_address>0x1af6</load_address>
         <run_address>0x1af6</run_address>
         <size>0x91</size>
         <input_file_ref idref="fl-7"/>
      </object_component>
      <object_component id="oc-21e">
         <name>.debug_line</name>
         <load_address>0x1b87</load_address>
         <run_address>0x1b87</run_address>
         <size>0x38</size>
         <input_file_ref idref="fl-7"/>
      </object_component>
      <object_component id="oc-220">
         <name>.debug_line</name>
         <load_address>0x1bbf</load_address>
         <run_address>0x1bbf</run_address>
         <size>0x38</size>
         <input_file_ref idref="fl-7"/>
      </object_component>
      <object_component id="oc-ef">
         <name>.debug_line</name>
         <load_address>0x1bf7</load_address>
         <run_address>0x1bf7</run_address>
         <size>0x69b</size>
         <input_file_ref idref="fl-7"/>
      </object_component>
      <object_component id="oc-236">
         <name>.debug_line</name>
         <load_address>0x2292</load_address>
         <run_address>0x2292</run_address>
         <size>0x8b</size>
         <input_file_ref idref="fl-8"/>
      </object_component>
      <object_component id="oc-22a">
         <name>.debug_line</name>
         <load_address>0x231d</load_address>
         <run_address>0x231d</run_address>
         <size>0x3e</size>
         <input_file_ref idref="fl-8"/>
      </object_component>
      <object_component id="oc-22c">
         <name>.debug_line</name>
         <load_address>0x235b</load_address>
         <run_address>0x235b</run_address>
         <size>0x3e</size>
         <input_file_ref idref="fl-8"/>
      </object_component>
      <object_component id="oc-22e">
         <name>.debug_line</name>
         <load_address>0x2399</load_address>
         <run_address>0x2399</run_address>
         <size>0x3e</size>
         <input_file_ref idref="fl-8"/>
      </object_component>
      <object_component id="oc-230">
         <name>.debug_line</name>
         <load_address>0x23d7</load_address>
         <run_address>0x23d7</run_address>
         <size>0x3e</size>
         <input_file_ref idref="fl-8"/>
      </object_component>
      <object_component id="oc-232">
         <name>.debug_line</name>
         <load_address>0x2415</load_address>
         <run_address>0x2415</run_address>
         <size>0x3e</size>
         <input_file_ref idref="fl-8"/>
      </object_component>
      <object_component id="oc-234">
         <name>.debug_line</name>
         <load_address>0x2453</load_address>
         <run_address>0x2453</run_address>
         <size>0x3e</size>
         <input_file_ref idref="fl-8"/>
      </object_component>
      <object_component id="oc-228">
         <name>.debug_line</name>
         <load_address>0x2491</load_address>
         <run_address>0x2491</run_address>
         <size>0x3e</size>
         <input_file_ref idref="fl-8"/>
      </object_component>
      <object_component id="oc-ff">
         <name>.debug_line</name>
         <load_address>0x24cf</load_address>
         <run_address>0x24cf</run_address>
         <size>0x2ef</size>
         <input_file_ref idref="fl-8"/>
      </object_component>
      <object_component id="oc-1f2">
         <name>.debug_line</name>
         <load_address>0x27be</load_address>
         <run_address>0x27be</run_address>
         <size>0x16a</size>
         <input_file_ref idref="fl-a"/>
      </object_component>
      <object_component id="oc-1ec">
         <name>.debug_line</name>
         <load_address>0x2928</load_address>
         <run_address>0x2928</run_address>
         <size>0x3b</size>
         <input_file_ref idref="fl-a"/>
      </object_component>
      <object_component id="oc-1f0">
         <name>.debug_line</name>
         <load_address>0x2963</load_address>
         <run_address>0x2963</run_address>
         <size>0x3b</size>
         <input_file_ref idref="fl-a"/>
      </object_component>
      <object_component id="oc-1e9">
         <name>.debug_line</name>
         <load_address>0x299e</load_address>
         <run_address>0x299e</run_address>
         <size>0x3b</size>
         <input_file_ref idref="fl-a"/>
      </object_component>
      <object_component id="oc-1ee">
         <name>.debug_line</name>
         <load_address>0x29d9</load_address>
         <run_address>0x29d9</run_address>
         <size>0x3b</size>
         <input_file_ref idref="fl-a"/>
      </object_component>
      <object_component id="oc-cb">
         <name>.debug_line</name>
         <load_address>0x2a14</load_address>
         <run_address>0x2a14</run_address>
         <size>0x99b</size>
         <input_file_ref idref="fl-a"/>
      </object_component>
      <object_component id="oc-1f5">
         <name>.debug_line</name>
         <load_address>0x33af</load_address>
         <run_address>0x33af</run_address>
         <size>0x3b</size>
         <input_file_ref idref="fl-a"/>
      </object_component>
      <object_component id="oc-23c">
         <name>.debug_line</name>
         <load_address>0x33ea</load_address>
         <run_address>0x33ea</run_address>
         <size>0x91</size>
         <input_file_ref idref="fl-b"/>
      </object_component>
      <object_component id="oc-238">
         <name>.debug_line</name>
         <load_address>0x347b</load_address>
         <run_address>0x347b</run_address>
         <size>0x3a</size>
         <input_file_ref idref="fl-b"/>
      </object_component>
      <object_component id="oc-23a">
         <name>.debug_line</name>
         <load_address>0x34b5</load_address>
         <run_address>0x34b5</run_address>
         <size>0x3a</size>
         <input_file_ref idref="fl-b"/>
      </object_component>
      <object_component id="oc-107">
         <name>.debug_line</name>
         <load_address>0x34ef</load_address>
         <run_address>0x34ef</run_address>
         <size>0x51b</size>
         <input_file_ref idref="fl-b"/>
      </object_component>
      <object_component id="oc-204">
         <name>.debug_line</name>
         <load_address>0x3a0a</load_address>
         <run_address>0x3a0a</run_address>
         <size>0x91</size>
         <input_file_ref idref="fl-c"/>
      </object_component>
      <object_component id="oc-200">
         <name>.debug_line</name>
         <load_address>0x3a9b</load_address>
         <run_address>0x3a9b</run_address>
         <size>0x39</size>
         <input_file_ref idref="fl-c"/>
      </object_component>
      <object_component id="oc-202">
         <name>.debug_line</name>
         <load_address>0x3ad4</load_address>
         <run_address>0x3ad4</run_address>
         <size>0x39</size>
         <input_file_ref idref="fl-c"/>
      </object_component>
      <object_component id="oc-d8">
         <name>.debug_line</name>
         <load_address>0x3b0d</load_address>
         <run_address>0x3b0d</run_address>
         <size>0x5b8</size>
         <input_file_ref idref="fl-c"/>
      </object_component>
      <object_component id="oc-215">
         <name>.debug_line</name>
         <load_address>0x40c5</load_address>
         <run_address>0x40c5</run_address>
         <size>0xfa</size>
         <input_file_ref idref="fl-d"/>
      </object_component>
      <object_component id="oc-208">
         <name>.debug_line</name>
         <load_address>0x41bf</load_address>
         <run_address>0x41bf</run_address>
         <size>0x3e</size>
         <input_file_ref idref="fl-d"/>
      </object_component>
      <object_component id="oc-213">
         <name>.debug_line</name>
         <load_address>0x41fd</load_address>
         <run_address>0x41fd</run_address>
         <size>0x3e</size>
         <input_file_ref idref="fl-d"/>
      </object_component>
      <object_component id="oc-20a">
         <name>.debug_line</name>
         <load_address>0x423b</load_address>
         <run_address>0x423b</run_address>
         <size>0x3e</size>
         <input_file_ref idref="fl-d"/>
      </object_component>
      <object_component id="oc-206">
         <name>.debug_line</name>
         <load_address>0x4279</load_address>
         <run_address>0x4279</run_address>
         <size>0x3e</size>
         <input_file_ref idref="fl-d"/>
      </object_component>
      <object_component id="oc-dd">
         <name>.debug_line</name>
         <load_address>0x42b7</load_address>
         <run_address>0x42b7</run_address>
         <size>0x28f</size>
         <input_file_ref idref="fl-d"/>
      </object_component>
      <object_component id="oc-69">
         <name>.debug_line</name>
         <load_address>0x4546</load_address>
         <run_address>0x4546</run_address>
         <size>0x33</size>
         <input_file_ref idref="fl-c7"/>
      </object_component>
      <object_component id="oc-57">
         <name>.debug_line</name>
         <load_address>0x4579</load_address>
         <run_address>0x4579</run_address>
         <size>0x56</size>
         <input_file_ref idref="fl-c7"/>
      </object_component>
      <object_component id="oc-24c">
         <name>.debug_line</name>
         <load_address>0x45cf</load_address>
         <run_address>0x45cf</run_address>
         <size>0xb7</size>
         <input_file_ref idref="fl-c8"/>
      </object_component>
      <object_component id="oc-121">
         <name>.debug_line</name>
         <load_address>0x4686</load_address>
         <run_address>0x4686</run_address>
         <size>0x6c</size>
         <input_file_ref idref="fl-c8"/>
      </object_component>
      <object_component id="oc-250">
         <name>.debug_line</name>
         <load_address>0x46f2</load_address>
         <run_address>0x46f2</run_address>
         <size>0x2e</size>
         <input_file_ref idref="fl-c8"/>
      </object_component>
      <object_component id="oc-267">
         <name>.debug_line</name>
         <load_address>0x4720</load_address>
         <run_address>0x4720</run_address>
         <size>0x92</size>
         <input_file_ref idref="fl-c8"/>
      </object_component>
      <object_component id="oc-255">
         <name>.debug_line</name>
         <load_address>0x47b2</load_address>
         <run_address>0x47b2</run_address>
         <size>0x8f</size>
         <input_file_ref idref="fl-c8"/>
      </object_component>
      <object_component id="oc-25a">
         <name>.debug_line</name>
         <load_address>0x4841</load_address>
         <run_address>0x4841</run_address>
         <size>0x8b</size>
         <input_file_ref idref="fl-c8"/>
      </object_component>
      <object_component id="oc-bc">
         <name>.debug_line</name>
         <load_address>0x48cc</load_address>
         <run_address>0x48cc</run_address>
         <size>0x20</size>
         <input_file_ref idref="fl-c9"/>
      </object_component>
      <object_component id="oc-15">
         <name>.debug_line</name>
         <load_address>0x48ec</load_address>
         <run_address>0x48ec</run_address>
         <size>0xa9</size>
         <input_file_ref idref="fl-c9"/>
      </object_component>
      <object_component id="oc-31">
         <name>.debug_line</name>
         <load_address>0x4995</load_address>
         <run_address>0x4995</run_address>
         <size>0x3a</size>
         <input_file_ref idref="fl-c9"/>
      </object_component>
      <object_component id="oc-b9">
         <name>.debug_line</name>
         <load_address>0x49cf</load_address>
         <run_address>0x49cf</run_address>
         <size>0x92</size>
         <input_file_ref idref="fl-c9"/>
      </object_component>
      <object_component id="oc-7a">
         <name>.debug_line</name>
         <load_address>0x4a61</load_address>
         <run_address>0x4a61</run_address>
         <size>0x8e</size>
         <input_file_ref idref="fl-c9"/>
      </object_component>
      <object_component id="oc-84">
         <name>.debug_line</name>
         <load_address>0x4aef</load_address>
         <run_address>0x4aef</run_address>
         <size>0x20</size>
         <input_file_ref idref="fl-ca"/>
      </object_component>
      <object_component id="oc-19">
         <name>.debug_line</name>
         <load_address>0x4b0f</load_address>
         <run_address>0x4b0f</run_address>
         <size>0x55</size>
         <input_file_ref idref="fl-ca"/>
      </object_component>
      <object_component id="oc-41">
         <name>.debug_line</name>
         <load_address>0x4b64</load_address>
         <run_address>0x4b64</run_address>
         <size>0x3a</size>
         <input_file_ref idref="fl-ca"/>
      </object_component>
      <object_component id="oc-81">
         <name>.debug_line</name>
         <load_address>0x4b9e</load_address>
         <run_address>0x4b9e</run_address>
         <size>0x8a</size>
         <input_file_ref idref="fl-ca"/>
      </object_component>
      <object_component id="oc-c3">
         <name>.debug_line</name>
         <load_address>0x4c28</load_address>
         <run_address>0x4c28</run_address>
         <size>0x9e</size>
         <input_file_ref idref="fl-cb"/>
      </object_component>
      <object_component id="oc-4d">
         <name>.debug_line</name>
         <load_address>0x4cc6</load_address>
         <run_address>0x4cc6</run_address>
         <size>0x4f</size>
         <input_file_ref idref="fl-cb"/>
      </object_component>
      <object_component id="oc-89">
         <name>.debug_line</name>
         <load_address>0x4d15</load_address>
         <run_address>0x4d15</run_address>
         <size>0x34</size>
         <input_file_ref idref="fl-cb"/>
      </object_component>
      <object_component id="oc-c0">
         <name>.debug_line</name>
         <load_address>0x4d49</load_address>
         <run_address>0x4d49</run_address>
         <size>0x8a</size>
         <input_file_ref idref="fl-cb"/>
      </object_component>
      <object_component id="oc-18c">
         <name>.debug_line</name>
         <load_address>0x4dd3</load_address>
         <run_address>0x4dd3</run_address>
         <size>0x5b</size>
         <input_file_ref idref="fl-cc"/>
      </object_component>
      <object_component id="oc-20c">
         <name>.debug_line</name>
         <load_address>0x4e2e</load_address>
         <run_address>0x4e2e</run_address>
         <size>0x37</size>
         <input_file_ref idref="fl-cd"/>
      </object_component>
      <object_component id="oc-93">
         <name>.debug_line</name>
         <load_address>0x4e65</load_address>
         <run_address>0x4e65</run_address>
         <size>0x40</size>
         <input_file_ref idref="fl-cf"/>
      </object_component>
      <object_component id="oc-21a">
         <name>.debug_line</name>
         <load_address>0x4ea5</load_address>
         <run_address>0x4ea5</run_address>
         <size>0x89</size>
         <input_file_ref idref="fl-d0"/>
      </object_component>
      <object_component id="oc-e4">
         <name>.debug_line</name>
         <load_address>0x4f2e</load_address>
         <run_address>0x4f2e</run_address>
         <size>0x63</size>
         <input_file_ref idref="fl-d0"/>
      </object_component>
      <object_component id="oc-260">
         <name>.debug_line</name>
         <load_address>0x4f91</load_address>
         <run_address>0x4f91</run_address>
         <size>0x20</size>
         <input_file_ref idref="fl-d1"/>
      </object_component>
      <object_component id="oc-217">
         <name>.debug_line</name>
         <load_address>0x4fb1</load_address>
         <run_address>0x4fb1</run_address>
         <size>0x2b</size>
         <input_file_ref idref="fl-d1"/>
      </object_component>
      <object_component id="oc-118">
         <name>.debug_line</name>
         <load_address>0x4fdc</load_address>
         <run_address>0x4fdc</run_address>
         <size>0x3c</size>
         <input_file_ref idref="fl-d3"/>
      </object_component>
      <object_component id="oc-3c">
         <name>.debug_line</name>
         <load_address>0x5018</load_address>
         <run_address>0x5018</run_address>
         <size>0x88</size>
         <input_file_ref idref="fl-d5"/>
      </object_component>
      <object_component id="oc-90">
         <name>.debug_line</name>
         <load_address>0x50a0</load_address>
         <run_address>0x50a0</run_address>
         <size>0x79</size>
         <input_file_ref idref="fl-d6"/>
      </object_component>
      <object_component id="oc-21c">
         <name>.debug_line</name>
         <load_address>0x5119</load_address>
         <run_address>0x5119</run_address>
         <size>0x20</size>
         <input_file_ref idref="fl-d7"/>
      </object_component>
      <object_component id="oc-e6">
         <name>.debug_line</name>
         <load_address>0x5139</load_address>
         <run_address>0x5139</run_address>
         <size>0xaa</size>
         <input_file_ref idref="fl-d7"/>
      </object_component>
      <object_component id="oc-9d">
         <name>.debug_frame</name>
         <load_address>0x0</load_address>
         <run_address>0x0</run_address>
         <size>0x220</size>
         <input_file_ref idref="fl-2"/>
      </object_component>
      <object_component id="oc-26">
         <name>.debug_frame</name>
         <load_address>0x220</load_address>
         <run_address>0x220</run_address>
         <size>0x90</size>
         <input_file_ref idref="fl-3"/>
      </object_component>
      <object_component id="oc-f8">
         <name>.debug_frame</name>
         <load_address>0x2b0</load_address>
         <run_address>0x2b0</run_address>
         <size>0x450</size>
         <input_file_ref idref="fl-4"/>
      </object_component>
      <object_component id="oc-15b">
         <name>.debug_frame</name>
         <load_address>0x700</load_address>
         <run_address>0x700</run_address>
         <size>0xbc</size>
         <input_file_ref idref="fl-5"/>
      </object_component>
      <object_component id="oc-d1">
         <name>.debug_frame</name>
         <load_address>0x7bc</load_address>
         <run_address>0x7bc</run_address>
         <size>0x52c</size>
         <input_file_ref idref="fl-6"/>
      </object_component>
      <object_component id="oc-f0">
         <name>.debug_frame</name>
         <load_address>0xce8</load_address>
         <run_address>0xce8</run_address>
         <size>0x578</size>
         <input_file_ref idref="fl-7"/>
      </object_component>
      <object_component id="oc-100">
         <name>.debug_frame</name>
         <load_address>0x1260</load_address>
         <run_address>0x1260</run_address>
         <size>0x1d4</size>
         <input_file_ref idref="fl-8"/>
      </object_component>
      <object_component id="oc-ca">
         <name>.debug_frame</name>
         <load_address>0x1434</load_address>
         <run_address>0x1434</run_address>
         <size>0x5a8</size>
         <input_file_ref idref="fl-a"/>
      </object_component>
      <object_component id="oc-108">
         <name>.debug_frame</name>
         <load_address>0x19dc</load_address>
         <run_address>0x19dc</run_address>
         <size>0x3f8</size>
         <input_file_ref idref="fl-b"/>
      </object_component>
      <object_component id="oc-d5">
         <name>.debug_frame</name>
         <load_address>0x1dd4</load_address>
         <run_address>0x1dd4</run_address>
         <size>0x4cc</size>
         <input_file_ref idref="fl-c"/>
      </object_component>
      <object_component id="oc-de">
         <name>.debug_frame</name>
         <load_address>0x22a0</load_address>
         <run_address>0x22a0</run_address>
         <size>0x100</size>
         <input_file_ref idref="fl-d"/>
      </object_component>
      <object_component id="oc-58">
         <name>.debug_frame</name>
         <load_address>0x23a0</load_address>
         <run_address>0x23a0</run_address>
         <size>0x58</size>
         <input_file_ref idref="fl-c7"/>
      </object_component>
      <object_component id="oc-124">
         <name>.debug_frame</name>
         <load_address>0x23f8</load_address>
         <run_address>0x23f8</run_address>
         <size>0x5c</size>
         <input_file_ref idref="fl-c8"/>
      </object_component>
      <object_component id="oc-14">
         <name>.debug_frame</name>
         <load_address>0x2454</load_address>
         <run_address>0x2454</run_address>
         <size>0x60</size>
         <input_file_ref idref="fl-c9"/>
      </object_component>
      <object_component id="oc-1d">
         <name>.debug_frame</name>
         <load_address>0x24b4</load_address>
         <run_address>0x24b4</run_address>
         <size>0x54</size>
         <input_file_ref idref="fl-ca"/>
      </object_component>
      <object_component id="oc-4c">
         <name>.debug_frame</name>
         <load_address>0x2508</load_address>
         <run_address>0x2508</run_address>
         <size>0x54</size>
         <input_file_ref idref="fl-cb"/>
      </object_component>
      <object_component id="oc-94">
         <name>.debug_frame</name>
         <load_address>0x255c</load_address>
         <run_address>0x255c</run_address>
         <size>0x54</size>
         <input_file_ref idref="fl-cf"/>
      </object_component>
      <object_component id="oc-e3">
         <name>.debug_frame</name>
         <load_address>0x25b0</load_address>
         <run_address>0x25b0</run_address>
         <size>0x5c</size>
         <input_file_ref idref="fl-d0"/>
      </object_component>
      <object_component id="oc-115">
         <name>.debug_frame</name>
         <load_address>0x260c</load_address>
         <run_address>0x260c</run_address>
         <size>0x54</size>
         <input_file_ref idref="fl-d3"/>
      </object_component>
      <object_component id="oc-ea">
         <name>.debug_frame</name>
         <load_address>0x2660</load_address>
         <run_address>0x2660</run_address>
         <size>0x54</size>
         <input_file_ref idref="fl-d7"/>
      </object_component>
      <object_component id="oc-151">
         <name>.debug_abbrev</name>
         <load_address>0x0</load_address>
         <run_address>0x0</run_address>
         <size>0x11a</size>
         <input_file_ref idref="fl-2"/>
      </object_component>
      <object_component id="oc-1a2">
         <name>.debug_abbrev</name>
         <load_address>0x11a</load_address>
         <run_address>0x11a</run_address>
         <size>0x29</size>
         <input_file_ref idref="fl-2"/>
      </object_component>
      <object_component id="oc-10d">
         <name>.debug_abbrev</name>
         <load_address>0x143</load_address>
         <run_address>0x143</run_address>
         <size>0x113</size>
         <input_file_ref idref="fl-2"/>
      </object_component>
      <object_component id="oc-6f">
         <name>.debug_abbrev</name>
         <load_address>0x256</load_address>
         <run_address>0x256</run_address>
         <size>0x69</size>
         <input_file_ref idref="fl-2"/>
      </object_component>
      <object_component id="oc-b1">
         <name>.debug_abbrev</name>
         <load_address>0x2bf</load_address>
         <run_address>0x2bf</run_address>
         <size>0x1f</size>
         <input_file_ref idref="fl-2"/>
      </object_component>
      <object_component id="oc-ac">
         <name>.debug_abbrev</name>
         <load_address>0x2de</load_address>
         <run_address>0x2de</run_address>
         <size>0x5c</size>
         <input_file_ref idref="fl-2"/>
      </object_component>
      <object_component id="oc-168">
         <name>.debug_abbrev</name>
         <load_address>0x33a</load_address>
         <run_address>0x33a</run_address>
         <size>0x24</size>
         <input_file_ref idref="fl-2"/>
      </object_component>
      <object_component id="oc-74">
         <name>.debug_abbrev</name>
         <load_address>0x35e</load_address>
         <run_address>0x35e</run_address>
         <size>0x24</size>
         <input_file_ref idref="fl-2"/>
      </object_component>
      <object_component id="oc-110">
         <name>.debug_abbrev</name>
         <load_address>0x382</load_address>
         <run_address>0x382</run_address>
         <size>0x24</size>
         <input_file_ref idref="fl-2"/>
      </object_component>
      <object_component id="oc-6b">
         <name>.debug_abbrev</name>
         <load_address>0x3a6</load_address>
         <run_address>0x3a6</run_address>
         <size>0x68</size>
         <input_file_ref idref="fl-3"/>
      </object_component>
      <object_component id="oc-2a">
         <name>.debug_abbrev</name>
         <load_address>0x40e</load_address>
         <run_address>0x40e</run_address>
         <size>0x29</size>
         <input_file_ref idref="fl-3"/>
      </object_component>
      <object_component id="oc-6a">
         <name>.debug_abbrev</name>
         <load_address>0x437</load_address>
         <run_address>0x437</run_address>
         <size>0x79</size>
         <input_file_ref idref="fl-3"/>
      </object_component>
      <object_component id="oc-35">
         <name>.debug_abbrev</name>
         <load_address>0x4b0</load_address>
         <run_address>0x4b0</run_address>
         <size>0x1f</size>
         <input_file_ref idref="fl-3"/>
      </object_component>
      <object_component id="oc-225">
         <name>.debug_abbrev</name>
         <load_address>0x4cf</load_address>
         <run_address>0x4cf</run_address>
         <size>0x6f</size>
         <input_file_ref idref="fl-4"/>
      </object_component>
      <object_component id="oc-223">
         <name>.debug_abbrev</name>
         <load_address>0x53e</load_address>
         <run_address>0x53e</run_address>
         <size>0x27</size>
         <input_file_ref idref="fl-4"/>
      </object_component>
      <object_component id="oc-1a7">
         <name>.debug_abbrev</name>
         <load_address>0x565</load_address>
         <run_address>0x565</run_address>
         <size>0x103</size>
         <input_file_ref idref="fl-4"/>
      </object_component>
      <object_component id="oc-1ea">
         <name>.debug_abbrev</name>
         <load_address>0x668</load_address>
         <run_address>0x668</run_address>
         <size>0xca</size>
         <input_file_ref idref="fl-5"/>
      </object_component>
      <object_component id="oc-1fd">
         <name>.debug_abbrev</name>
         <load_address>0x732</load_address>
         <run_address>0x732</run_address>
         <size>0x76</size>
         <input_file_ref idref="fl-6"/>
      </object_component>
      <object_component id="oc-1f7">
         <name>.debug_abbrev</name>
         <load_address>0x7a8</load_address>
         <run_address>0x7a8</run_address>
         <size>0x27</size>
         <input_file_ref idref="fl-6"/>
      </object_component>
      <object_component id="oc-1f9">
         <name>.debug_abbrev</name>
         <load_address>0x7cf</load_address>
         <run_address>0x7cf</run_address>
         <size>0x27</size>
         <input_file_ref idref="fl-6"/>
      </object_component>
      <object_component id="oc-1fb">
         <name>.debug_abbrev</name>
         <load_address>0x7f6</load_address>
         <run_address>0x7f6</run_address>
         <size>0x27</size>
         <input_file_ref idref="fl-6"/>
      </object_component>
      <object_component id="oc-175">
         <name>.debug_abbrev</name>
[...]
      <symbol id="sm-57e">
         <name>SysCtlPIOSCCalibrate</name>
         <value>0x821</value>
         <object_component_ref idref="oc-c6"/>
      </symbol>
      <symbol id="sm-57f">
         <name>SysCtlResetCauseClear</name>
         <value>0x7f7</value>
         <object_component_ref idref="oc-c6"/>
      </symbol>
      <symbol id="sm-580">
         <name>SysCtlLDOSleepGet</name>
         <value>0x785</value>
         <object_component_ref idref="oc-c6"/>
      </symbol>
      <symbol id="sm-581">
         <name>SysCtlClockFreqSet</name>
         <value>0x8d5</value>
         <object_component_ref idref="oc-c6"/>
      </symbol>
      <symbol id="sm-582">
         <name>SysCtlPeripheralReset</name>
         <value>0x481</value>
         <object_component_ref idref="oc-c6"/>
      </symbol>
      <symbol id="sm-5fa">
         <name>TimerMatchSet</name>
         <value>0x3d19</value>
         <object_component_ref idref="oc-103"/>
      </symbol>
      <symbol id="sm-5fb">
         <name>TimerLoadSet</name>
         <value>0x3c39</value>
         <object_component_ref idref="oc-103"/>
      </symbol>
      <symbol id="sm-5fc">
         <name>TimerDMAEventSet</name>
         <value>0x3e83</value>
         <object_component_ref idref="oc-103"/>
      </symbol>
      <symbol id="sm-5fd">
         <name>TimerADCEventSet</name>
         <value>0x3e63</value>
         <object_component_ref idref="oc-103"/>
      </symbol>
      <symbol id="sm-5fe">
         <name>TimerPrescaleMatchGet</name>
         <value>0x3c1d</value>
         <object_component_ref idref="oc-103"/>
      </symbol>
      <symbol id="sm-5ff">
         <name>TimerPrescaleGet</name>
         <value>0x3bd3</value>
         <object_component_ref idref="oc-103"/>
      </symbol>
      <symbol id="sm-600">
         <name>TimerControlLevel</name>
         <value>0x39df</value>
         <object_component_ref idref="oc-103"/>
      </symbol>
      <symbol id="sm-601">
         <name>TimerDisable</name>
         <value>0x3945</value>
         <object_component_ref idref="oc-103"/>
      </symbol>
      <symbol id="sm-602">
         <name>TimerUpdateMode</name>
         <value>0x3ea3</value>
         <object_component_ref idref="oc-103"/>
      </symbol>
      <symbol id="sm-603">
         <name>TimerIntRegister</name>
         <value>0x3dab</value>
         <object_component_ref idref="oc-103"/>
      </symbol>
      <symbol id="sm-604">
         <name>TimerMatchSet64</name>
         <value>0x3d5f</value>
         <object_component_ref idref="oc-103"/>
      </symbol>
      <symbol id="sm-605">
         <name>TimerEnable</name>
         <value>0x3927</value>
         <object_component_ref idref="oc-103"/>
      </symbol>
      <symbol id="sm-606">
         <name>TimerLoadGet64</name>
         <value>0x3c99</value>
         <object_component_ref idref="oc-103"/>
      </symbol>
      <symbol id="sm-607">
         <name>TimerIntUnregister</name>
         <value>0x3dd3</value>
         <object_component_ref idref="oc-103"/>
      </symbol>
      <symbol id="sm-608">
         <name>TimerValueGet64</name>
         <value>0x3ce7</value>
         <object_component_ref idref="oc-103"/>
      </symbol>
      <symbol id="sm-609">
         <name>TimerMatchGet</name>
         <value>0x3d43</value>
         <object_component_ref idref="oc-103"/>
      </symbol>
      <symbol id="sm-60a">
         <name>TimerIntStatus</name>
         <value>0x3e21</value>
         <object_component_ref idref="oc-103"/>
      </symbol>
      <symbol id="sm-60b">
         <name>TimerClockSourceGet</name>
         <value>0x3b99</value>
         <object_component_ref idref="oc-103"/>
      </symbol>
      <symbol id="sm-60c">
         <name>TimerIntDisable</name>
         <value>0x3e09</value>
         <object_component_ref idref="oc-103"/>
      </symbol>
      <symbol id="sm-60d">
         <name>TimerValueGet</name>
         <value>0x3ccb</value>
         <object_component_ref idref="oc-103"/>
      </symbol>
      <symbol id="sm-60e">
         <name>TimerControlTrigger</name>
         <value>0x3a15</value>
         <object_component_ref idref="oc-103"/>
      </symbol>
      <symbol id="sm-60f">
         <name>TimerPrescaleSet</name>
         <value>0x3ba9</value>
         <object_component_ref idref="oc-103"/>
      </symbol>
      <symbol id="sm-610">
         <name>TimerControlStall</name>
         <value>0x3aad</value>
         <object_component_ref idref="oc-103"/>
      </symbol>
      <symbol id="sm-611">
         <name>TimerMatchGet64</name>
         <value>0x3d79</value>
         <object_component_ref idref="oc-103"/>
      </symbol>
      <symbol id="sm-612">
         <name>TimerRTCEnable</name>
         <value>0x3b43</value>
         <object_component_ref idref="oc-103"/>
      </symbol>
      <symbol id="sm-613">
         <name>TimerLoadGet</name>
         <value>0x3c63</value>
         <object_component_ref idref="oc-103"/>
      </symbol>
      <symbol id="sm-614">
         <name>TimerIntEnable</name>
         <value>0x3df1</value>
         <object_component_ref idref="oc-103"/>
      </symbol>
      <symbol id="sm-615">
         <name>TimerClockSourceSet</name>
         <value>0x3b6f</value>
         <object_component_ref idref="oc-103"/>
      </symbol>
      <symbol id="sm-616">
         <name>TimerLoadSet64</name>
         <value>0x3c7f</value>
         <object_component_ref idref="oc-103"/>
      </symbol>
      <symbol id="sm-617">
         <name>TimerDMAEventGet</name>
         <value>0x3e95</value>
         <object_component_ref idref="oc-103"/>
      </symbol>
      <symbol id="sm-618">
         <name>TimerRTCDisable</name>
         <value>0x3b59</value>
         <object_component_ref idref="oc-103"/>
      </symbol>
      <symbol id="sm-619">
         <name>TimerADCEventGet</name>
         <value>0x3e75</value>
         <object_component_ref idref="oc-103"/>
      </symbol>
      <symbol id="sm-61a">
         <name>TimerPrescaleMatchSet</name>
         <value>0x3bef</value>
         <object_component_ref idref="oc-103"/>
      </symbol>
      <symbol id="sm-61b">
         <name>TimerControlWaitOnTrigger</name>
         <value>0x3ae3</value>
         <object_component_ref idref="oc-103"/>
      </symbol>
      <symbol id="sm-61c">
         <name>TimerConfigure</name>
         <value>0x3963</value>
         <object_component_ref idref="oc-103"/>
      </symbol>
      <symbol id="sm-61d">
         <name>TimerControlEvent</name>
         <value>0x3a83</value>
         <object_component_ref idref="oc-103"/>
      </symbol>
      <symbol id="sm-61e">
         <name>TimerIntClear</name>
         <value>0x3e3f</value>
         <object_component_ref idref="oc-103"/>
      </symbol>
      <symbol id="sm-61f">
         <name>TimerSynchronize</name>
         <value>0x3e51</value>
         <object_component_ref idref="oc-103"/>
      </symbol>
      <symbol id="sm-692">
         <name>UARTClockSourceGet</name>
         <value>0x4467</value>
         <object_component_ref idref="oc-d3"/>
      </symbol>
      <symbol id="sm-693">
         <name>UARTCharPutNonBlocking</name>
         <value>0x42d9</value>
         <object_component_ref idref="oc-d3"/>
      </symbol>
      <symbol id="sm-694">
         <name>UARTDMAEnable</name>
         <value>0x4401</value>
         <object_component_ref idref="oc-d3"/>
      </symbol>
      <symbol id="sm-695">
         <name>UARTTxIntModeSet</name>
         <value>0x423d</value>
         <object_component_ref idref="oc-d3"/>
      </symbol>
      <symbol id="sm-696">
         <name>UARTFIFODisable</name>
         <value>0x40eb</value>
         <object_component_ref idref="oc-d3"/>
      </symbol>
      <symbol id="sm-697">
         <name>UARTIntUnregister</name>
         <value>0x4381</value>
         <object_component_ref idref="oc-d3"/>
      </symbol>
      <symbol id="sm-698">
         <name>UARTRxErrorClear</name>
         <value>0x4443</value>
         <object_component_ref idref="oc-d3"/>
      </symbol>
      <symbol id="sm-699">
         <name>UARTModemControlSet</name>
         <value>0x418d</value>
         <object_component_ref idref="oc-d3"/>
      </symbol>
      <symbol id="sm-69a">
         <name>UARTFlowControlSet</name>
         <value>0x420f</value>
         <object_component_ref idref="oc-d3"/>
      </symbol>
      <symbol id="sm-69b">
         <name>UARTConfigSetExpClk</name>
         <value>0x3fc5</value>
         <object_component_ref idref="oc-d3"/>
      </symbol>
      <symbol id="sm-69c">
         <name>UARTSmartCardDisable</name>
         <value>0x4177</value>
         <object_component_ref idref="oc-d3"/>
      </symbol>
      <symbol id="sm-69d">
         <name>UARTDisable</name>
         <value>0x40ab</value>
         <object_component_ref idref="oc-d3"/>
      </symbol>
      <symbol id="sm-69e">
         <name>UART9BitDisable</name>
         <value>0x448d</value>
         <object_component_ref idref="oc-d3"/>
      </symbol>
      <symbol id="sm-69f">
         <name>UARTFIFOLevelGet</name>
         <value>0x3f9d</value>
         <object_component_ref idref="oc-d3"/>
      </symbol>
      <symbol id="sm-6a0">
         <name>UARTBusy</name>
         <value>0x4345</value>
         <object_component_ref idref="oc-d3"/>
      </symbol>
      <symbol id="sm-6a1">
         <name>UARTDisableSIR</name>
         <value>0x412f</value>
         <object_component_ref idref="oc-d3"/>
      </symbol>
      <symbol id="sm-6a2">
         <name>UARTLoopbackEnable</name>
         <value>0x4511</value>
         <object_component_ref idref="oc-d3"/>
      </symbol>
      <symbol id="sm-6a3">
         <name>UARTIntEnable</name>
         <value>0x43a1</value>
         <object_component_ref idref="oc-d3"/>
      </symbol>
      <symbol id="sm-6a4">
         <name>UARTCharsAvail</name>
         <value>0x426b</value>
         <object_component_ref idref="oc-d3"/>
      </symbol>
      <symbol id="sm-6a5">
         <name>UARTCharGetNonBlocking</name>
         <value>0x42a7</value>
         <object_component_ref idref="oc-d3"/>
      </symbol>
      <symbol id="sm-6a6">
         <name>UARTClockSourceSet</name>
         <value>0x4453</value>
         <object_component_ref idref="oc-d3"/>
      </symbol>
      <symbol id="sm-6a7">
         <name>UARTTxIntModeGet</name>
         <value>0x4259</value>
         <object_component_ref idref="oc-d3"/>
      </symbol>
      <symbol id="sm-6a8">
         <name>UARTModemStatusGet</name>
         <value>0x41fb</value>
         <object_component_ref idref="oc-d3"/>
      </symbol>
      <symbol id="sm-6a9">
         <name>UARTIntDisable</name>
         <value>0x43b9</value>
         <object_component_ref idref="oc-d3"/>
      </symbol>
      <symbol id="sm-6aa">
         <name>UARTCharPut</name>
         <value>0x42fd</value>
         <object_component_ref idref="oc-d3"/>
      </symbol>
      <symbol id="sm-6ab">
         <name>UARTParityModeSet</name>
         <value>0x3f57</value>
         <object_component_ref idref="oc-d3"/>
      </symbol>
      <symbol id="sm-6ac">
         <name>UARTRxErrorGet</name>
         <value>0x4431</value>
         <object_component_ref idref="oc-d3"/>
      </symbol>
      <symbol id="sm-6ad">
         <name>UARTConfigGetExpClk</name>
         <value>0x403b</value>
         <object_component_ref idref="oc-d3"/>
      </symbol>
      <symbol id="sm-6ae">
         <name>UARTEnableSIR</name>
         <value>0x4101</value>
         <object_component_ref idref="oc-d3"/>
      </symbol>
      <symbol id="sm-6af">
         <name>UARTEnable</name>
         <value>0x4087</value>
         <object_component_ref idref="oc-d3"/>
      </symbol>
      <symbol id="sm-6b0">
         <name>UART9BitAddrSend</name>
         <value>0x44c9</value>
         <object_component_ref idref="oc-d3"/>
      </symbol>
      <symbol id="sm-6b1">
         <name>UARTModemControlGet</name>
         <value>0x41e9</value>
         <object_component_ref idref="oc-d3"/>
      </symbol>
      <symbol id="sm-6b2">
         <name>UARTSmartCardEnable</name>
         <value>0x4145</value>
         <object_component_ref idref="oc-d3"/>
      </symbol>
      <symbol id="sm-6b3">
         <name>UARTFlowControlGet</name>
         <value>0x422b</value>
         <object_component_ref idref="oc-d3"/>
      </symbol>
      <symbol id="sm-6b4">
         <name>UARTFIFOEnable</name>
         <value>0x40d5</value>
         <object_component_ref idref="oc-d3"/>
      </symbol>
      <symbol id="sm-6b5">
         <name>UARTIntClear</name>
         <value>0x43ef</value>
         <object_component_ref idref="oc-d3"/>
      </symbol>
      <symbol id="sm-6b6">
         <name>UARTIntStatus</name>
         <value>0x43d1</value>
         <object_component_ref idref="oc-d3"/>
      </symbol>
      <symbol id="sm-6b7">
         <name>UARTDMADisable</name>
         <value>0x4419</value>
         <object_component_ref idref="oc-d3"/>
      </symbol>
      <symbol id="sm-6b8">
         <name>UART9BitEnable</name>
         <value>0x4477</value>
         <object_component_ref idref="oc-d3"/>
      </symbol>
      <symbol id="sm-6b9">
         <name>UARTSpaceAvail</name>
         <value>0x4289</value>
         <object_component_ref idref="oc-d3"/>
      </symbol>
      <symbol id="sm-6ba">
         <name>UARTCharGet</name>
         <value>0x42c3</value>
         <object_component_ref idref="oc-d3"/>
      </symbol>
      <symbol id="sm-6bb">
         <name>UARTFIFOLevelSet</name>
         <value>0x3f85</value>
         <object_component_ref idref="oc-d3"/>
      </symbol>
      <symbol id="sm-6bc">
         <name>UARTModemControlClear</name>
         <value>0x41c5</value>
         <object_component_ref idref="oc-d3"/>
      </symbol>
      <symbol id="sm-6bd">
         <name>UARTParityModeGet</name>
         <value>0x3f73</value>
         <object_component_ref idref="oc-d3"/>
      </symbol>
      <symbol id="sm-6be">
         <name>UARTIntRegister</name>
         <value>0x4363</value>
         <object_component_ref idref="oc-d3"/>
      </symbol>
      <symbol id="sm-6bf">
         <name>UARTBreakCtl</name>
         <value>0x431b</value>
         <object_component_ref idref="oc-d3"/>
      </symbol>
      <symbol id="sm-6c0">
         <name>UART9BitAddrSet</name>
         <value>0x44a3</value>
         <object_component_ref idref="oc-d3"/>
      </symbol>
      <symbol id="sm-72f">
         <name>UARTgetc</name>
         <value>0x466f</value>
         <object_component_ref idref="oc-d9"/>
      </symbol>
      <symbol id="sm-730">
         <name>UARTgets</name>
         <value>0x45b5</value>
         <object_component_ref idref="oc-d9"/>
      </symbol>
      <symbol id="sm-731">
         <name>UARTStdioConfig</name>
         <value>0x4529</value>
         <object_component_ref idref="oc-d9"/>
      </symbol>
      <symbol id="sm-732">
         <name>UARTwrite</name>
         <value>0x456f</value>
         <object_component_ref idref="oc-d9"/>
      </symbol>
      <symbol id="sm-733">
         <name>UARTprintf</name>
         <value>0x498f</value>
         <object_component_ref idref="oc-d9"/>
      </symbol>
      <symbol id="sm-734">
         <name>UARTvprintf</name>
         <value>0x4695</value>
         <object_component_ref idref="oc-d9"/>
      </symbol>
      <symbol id="sm-747">
         <name>__stack</name>
         <value>0x20000c00</value>
         <object_component_ref idref="oc-21"/>
      </symbol>
      <symbol id="sm-748">
         <name>_c_int00_noargs</name>
         <value>0x5015</value>
         <object_component_ref idref="oc-56"/>
      </symbol>
      <symbol id="sm-770">
         <name>__TI_auto_init_nobinit_nopinit</name>
         <value>0x4f51</value>
         <object_component_ref idref="oc-11f"/>
      </symbol>
      <symbol id="sm-793">
         <name>__TI_decompress_lzss</name>
         <value>0x4e9b</value>
         <object_component_ref idref="oc-12"/>
      </symbol>
      <symbol id="sm-7aa">
         <name>__TI_decompress_none</name>
         <value>0x5061</value>
         <object_component_ref idref="oc-18"/>
      </symbol>
      <symbol id="sm-7c1">
         <name>__TI_zero_init</name>
         <value>0x506f</value>
         <object_component_ref idref="oc-4a"/>
      </symbol>
      <symbol id="sm-7d0">
         <name>__aeabi_uidivmod</name>
         <value>0x4f95</value>
         <object_component_ref idref="oc-188"/>
      </symbol>
      <symbol id="sm-7d1">
         <name>__aeabi_uidiv</name>
         <value>0x4f95</value>
         <object_component_ref idref="oc-188"/>
      </symbol>
      <symbol id="sm-7db">
         <name>__aeabi_idiv0</name>
         <value>0x3ef7</value>
         <object_component_ref idref="oc-20b"/>
      </symbol>
      <symbol id="sm-7dc">
         <name>__aeabi_ldiv0</name>
         <value>0x3ef7</value>
         <object_component_ref idref="oc-20b"/>
      </symbol>
      <symbol id="sm-7e7">
         <name>_system_pre_init</name>
         <value>0x508d</value>
         <object_component_ref idref="oc-92"/>
      </symbol>
      <symbol id="sm-7fd">
         <name>atoi</name>
         <value>0x4f05</value>
         <object_component_ref idref="oc-df"/>
      </symbol>
      <symbol id="sm-808">
         <name>_ctypes_</name>
         <value>0x5244</value>
         <object_component_ref idref="oc-192"/>
      </symbol>
      <symbol id="sm-814">
         <name>C$$EXIT</name>
         <value>0x5091</value>
         <object_component_ref idref="oc-113"/>
      </symbol>
      <symbol id="sm-815">
         <name>abort</name>
         <value>0x5091</value>
         <object_component_ref idref="oc-113"/>
      </symbol>
      <symbol id="sm-831">
         <name>memcpy</name>
         <value>0x4d85</value>
         <object_component_ref idref="oc-38"/>
      </symbol>
      <symbol id="sm-832">
         <name>__aeabi_memcpy</name>
         <value>0x4d85</value>
         <object_component_ref idref="oc-38"/>
      </symbol>
      <symbol id="sm-833">
         <name>__aeabi_memcpy8</name>
         <value>0x4d85</value>
         <object_component_ref idref="oc-38"/>
      </symbol>
      <symbol id="sm-834">
         <name>__aeabi_memcpy4</name>
         <value>0x4d85</value>
         <object_component_ref idref="oc-38"/>
      </symbol>
      <symbol id="sm-843">
         <name>__aeabi_memset</name>
         <value>0x4e23</value>
         <object_component_ref idref="oc-8c"/>
      </symbol>
      <symbol id="sm-844">
         <name>memset</name>
         <value>0x4e29</value>
         <object_component_ref idref="oc-8c"/>
      </symbol>
      <symbol id="sm-845">
         <name>__aeabi_memset8</name>
         <value>0x4e23</value>
         <object_component_ref idref="oc-8c"/>
      </symbol>
      <symbol id="sm-846">
         <name>__aeabi_memset4</name>
         <value>0x4e23</value>
         <object_component_ref idref="oc-8c"/>
      </symbol>
      <symbol id="sm-847">
         <name>__aeabi_memclr8</name>
         <value>0x4e21</value>
         <object_component_ref idref="oc-8c"/>
      </symbol>
      <symbol id="sm-848">
         <name>__aeabi_memclr4</name>
         <value>0x4e21</value>
         <object_component_ref idref="oc-8c"/>
      </symbol>
      <symbol id="sm-849">
         <name>__aeabi_memclr</name>
         <value>0x4e21</value>
         <object_component_ref idref="oc-8c"/>
      </symbol>
      <symbol id="sm-857">
         <name>strlen</name>
         <value>0x504d</value>
         <object_component_ref idref="oc-e5"/>
      </symbol>
      <symbol id="sm-858">
         <name>__TI_static_base__</name>
         <value>0x0</value>
      </symbol>
      <symbol id="sm-85b">
         <name>__mpu_init</name>
         <value>0x0</value>
      </symbol>
      <symbol id="sm-85c">
         <name>_system_post_cinit</name>
         <value>0x0</value>
      </symbol>
   </symbol_table>
   <title>Link successful</title>
</link_info>
