******************************************************************************
                  TI ARM Linker PC v18.1.2                     
******************************************************************************
>> Linked Tue Jul 31 16:19:11 2018

OUTPUT FILE NAME:   <Trial.out>
ENTRY POINT SYMBOL: "_c_int00_noargs"  address: 00004f91


MEMORY CONFIGURATION

         name            origin    length      used     unused   attr    fill
----------------------  --------  ---------  --------  --------  ----  --------
  FLASH                 00000000   00040000  000058c0  0003a740  R  X
  SRAM                  20000000   00008000  00000e15  000071eb  RW X


SEGMENT ALLOCATION MAP

run origin  load origin   length   init length attrs members
----------  ----------- ---------- ----------- ----- -------
00000000    00000000    000058c0   000058c0    r-x
  00000000    00000000    0000026c   0000026c    r-- .intvecs
  0000026c    0000026c    00004db8   00004db8    r-x .text
  00005024    00005024    0000084c   0000084c    r-- .const
  00005870    00005870    00000050   00000050    r-- .cinit
20000000    20000000    00000e19   00000000    rw-
  20000000    20000000    0000026c   00000000    rw- .vtable
  2000026c    2000026c    00000990   00000000    rw- .bss
  20000c00    20000c00    00000200   00000000    rw- .stack
  20000e00    20000e00    00000019   00000000    rw- .data


SECTION ALLOCATION MAP

 output                                  attributes/
section   page    origin      length       input sections
--------  ----  ----------  ----------   ----------------
.intvecs   0    00000000    0000026c     
                  00000000    0000026c     tm4c123gh6pm_startup_ccs.obj (.intvecs)

.text      0    0000026c    00004db8     
                  0000026c    00000f60     sysctl.obj (.text)
                  000011cc    00000c54     main.obj (.text)
                  00001e20    00000b40     gpio.obj (.text)
                  00002960    000007d8     adc.obj (.text)
                  00003138    000006f8     i2c.obj (.text)
                  00003830    00000642     timer.obj (.text)
                  00003e72    00000002     rtsv7M4_T_le_v4SPD16_eabi.lib : div0.asm.obj (.text)
                  00003e74    0000062e     uart.obj (.text)
                  000044a2    00000002     --HOLE-- [fill = 0]
                  000044a4    0000049c     uartstdio.obj (.text)
                  00004940    000003c0     interrupt.obj (.text)
                  00004d00    0000009c     rtsv7M4_T_le_v4SPD16_eabi.lib : memcpy_t2.asm.obj (.text)
                  00004d9c    0000007a                                   : memset_t2.asm.obj (.text)
                  00004e16    00000068                                   : copy_decompress_lzss.c.obj (.text:decompress:lzss:__TI_decompress_lzss)
                  00004e7e    00000002     --HOLE-- [fill = 0]
                  00004e80    0000004c                                   : atoi.c.obj (.text:atoi)
                  00004ecc    00000044                                   : autoinit.c.obj (.text:__TI_auto_init_nobinit_nopinit:__TI_auto_init_nobinit_nopinit)
                  00004f10    00000040                                   : u_divt2.asm.obj (.text)
                  00004f50    0000003e     cpu.obj (.text)
                  00004f8e    00000002     --HOLE-- [fill = 0]
                  00004f90    00000038     rtsv7M4_T_le_v4SPD16_eabi.lib : boot_cortex_m.c.obj (.text:_c_int00_noargs:_c_int00_noargs)
                  00004fc8    00000014                                   : strcpy.c.obj (.text:strcpy)
                  00004fdc    00000014                                   : strlen.c.obj (.text:strlen)
                  00004ff0    0000000e                                   : copy_decompress_none.c.obj (.text:decompress:none:__TI_decompress_none)
                  00004ffe    0000000c                                   : copy_zero_init.c.obj (.text:decompress:ZI:__TI_zero_init)
                  0000500a    0000000c     tm4c123gh6pm_startup_ccs.obj (.text)
                  00005016    00000006     sysctl.obj (.text:SysCtlDelay)
                  0000501c    00000004     rtsv7M4_T_le_v4SPD16_eabi.lib : pre_init.c.obj (.text:_system_pre_init)
                  00005020    00000004                                   : exit.c.obj (.text:abort:abort)

.const     0    00005024    0000084c     
                  00005024    000001b0     sysctl.obj (.const:g_pppui32XTALtoVCO)
                  000051d4    00000101     rtsv7M4_T_le_v4SPD16_eabi.lib : ctype.c.obj (.const:.string:_ctypes_)
                  000052d5    00000003     --HOLE-- [fill = 0]
                  000052d8    000000c0     gpio.obj (.const:g_ppui32GPIOIntMapBlizzard)
                  00005398    000000c0     gpio.obj (.const:g_ppui32GPIOIntMapSnowflake)
                  00005458    0000009c     interrupt.obj (.const:g_pui32Regs)
                  000054f4    00000090     gpio.obj (.const:g_pui32GPIOBaseAddrs)
                  00005584    0000006c     sysctl.obj (.const:g_pui32Xtals)
                  000055f0    00000060     timer.obj (.const:g_ppui32TimerIntMap)
                  00005650    00000050     i2c.obj (.const:g_ppui32I2CIntMapSnowflake)
                  000056a0    00000040     timer.obj (.const:g_ppui32TimerIntMapSnowflake)
                  000056e0    00000040     uart.obj (.const:g_ppui32UARTIntMap)
                  00005720    00000040     uart.obj (.const:g_ppui32UARTIntMapSnowflake)
                  00005760    00000030     i2c.obj (.const:g_ppui32I2CIntMap)
                  00005790    00000030     sysctl.obj (.const:g_sXTALtoMEMTIM)
                  000057c0    00000020     interrupt.obj (.const:g_pui32Priority)
                  000057e0    00000014     interrupt.obj (.const:g_pui32Dii16Regs)
                  000057f4    00000014     interrupt.obj (.const:g_pui32EnRegs)
                  00005808    00000014     interrupt.obj (.const:g_pui32PendRegs)
                  0000581c    00000014     interrupt.obj (.const:g_pui32UnpendRegs)
                  00005830    00000012     uartstdio.obj (.const:.string)
                  00005842    00000002     --HOLE-- [fill = 0]
                  00005844    0000000c     uartstdio.obj (.const:g_ui32UARTBase)
                  00005850    0000000c     uartstdio.obj (.const:g_ui32UARTPeriph)
                  0000585c    00000008     sysctl.obj (.const:g_pui32VCOFrequencies)
                  00005864    00000006     main.obj (.const:.string)
                  0000586a    00000002     --HOLE-- [fill = 0]
                  0000586c    00000004     uartstdio.obj (.const)

.cinit     0    00005870    00000050     
                  00005870    00000015     (.cinit..data.load) [load image, compression = lzss]
                  00005885    00000003     --HOLE-- [fill = 0]
                  00005888    0000000c     (__TI_handler_table)
                  00005894    00000004     --HOLE-- [fill = 0]
                  00005898    00000008     (.cinit..bss.load) [load image, compression = zero_init]
                  000058a0    00000008     (.cinit..vtable.load) [load image, compression = zero_init]
                  000058a8    00000018     (__TI_cinit_table)

.init_array 
*          0    00000000    00000000     UNINITIALIZED

.vtable    0    20000000    0000026c     UNINITIALIZED
                  20000000    0000026c     interrupt.obj (.vtable)

.bss       0    2000026c    00000990     UNINITIALIZED
                  2000026c    00000690     (.common:final)
                  200008fc    000001e0     (.common:manout)
                  20000adc    000000f0     (.common:interout)
                  20000bcc    00000010     (.common:pui32ADC0Value)
                  20000bdc    00000010     (.common:pui32ADC1Value)
                  20000bec    0000000c     (.common:rbuf)
                  20000bf8    00000004     adc.obj (.bss:g_pui8OversampleFactor)

.data      0    20000e00    00000019     UNINITIALIZED
                  20000e00    00000014     main.obj (.data)
                  20000e14    00000005     uartstdio.obj (.data)

.stack     0    20000c00    00000200     UNINITIALIZED
                  20000c00    00000004     rtsv7M4_T_le_v4SPD16_eabi.lib : boot_cortex_m.c.obj (.stack)
                  20000c04    000001fc     --HOLE--

MODULE SUMMARY

       Module                         code    ro data   rw data
       ------                         ----    -------   -------
    .\
       main.obj                       3156    6         2464   
       tm4c123gh6pm_startup_ccs.obj   12      620       0      
    +--+------------------------------+-------+---------+---------+
       Total:                         3168    626       2464   
                                                               
    .\Peripherals\
       sysctl.obj                     3942    596       0      
       gpio.obj                       2880    528       0      
       adc.obj                        2008    0         4      
       i2c.obj                        1784    128       0      
       interrupt.obj                  960     268       620    
       timer.obj                      1602    160       0      
       uart.obj                       1582    128       0      
       uartstdio.obj                  1180    46        5      
       cpu.obj                        62      0         0      
    +--+------------------------------+-------+---------+---------+
       Total:                         16000   1854      629    
                                                               
    C:\ti\ccsv8\tools\compiler\ti-cgt-arm_18.1.2.LTS\lib\rtsv7M4_T_le_v4SPD16_eabi.lib
       ctype.c.obj                    0       257       0      
       memcpy_t2.asm.obj              156     0         0      
       memset_t2.asm.obj              122     0         0      
       copy_decompress_lzss.c.obj     104     0         0      
       atoi.c.obj                     76      0         0      
       autoinit.c.obj                 68      0         0      
       u_divt2.asm.obj                64      0         0      
       boot_cortex_m.c.obj            56      0         0      
       strcpy.c.obj                   20      0         0      
       strlen.c.obj                   20      0         0      
       copy_decompress_none.c.obj     14      0         0      
       copy_zero_init.c.obj           12      0         0      
       exit.c.obj                     4       0         0      
       pre_init.c.obj                 4       0         0      
       div0.asm.obj                   2       0         0      
    +--+------------------------------+-------+---------+---------+
       Total:                         722     257       0      
                                                               
       Stack:                         0       0         512    
       Linker Generated:              0       73        0      
    +--+------------------------------+-------+---------+---------+
       Grand Total:                   19890   2810      3605   


LINKER GENERATED COPY TABLES

__TI_cinit_table @ 000058a8 records: 3, size/record: 8, table size: 24
	.data: load addr=00005870, load size=00000015 bytes, run addr=20000e00, run size=00000019 bytes, compression=lzss
	.bss: load addr=00005898, load size=00000008 bytes, run addr=2000026c, run size=00000990 bytes, compression=zero_init
	.vtable: load addr=000058a0, load size=00000008 bytes, run addr=20000000, run size=0000026c bytes, compression=zero_init


LINKER GENERATED HANDLER TABLE

__TI_handler_table @ 00005888 records: 3, size/record: 4, table size: 12
	index: 0, handler: __TI_zero_init
	index: 1, handler: __TI_decompress_lzss
	index: 2, handler: __TI_decompress_none


GLOBAL SYMBOLS: SORTED ALPHABETICALLY BY Name 

address   name                              
-------   ----                              
000030af  ADCBusy                           
000030f7  ADCClockConfigGet                 
000030cd  ADCClockConfigSet                 
00002ecd  ADCComparatorConfigure            
00002f9d  ADCComparatorIntClear             
00002f53  ADCComparatorIntDisable           
00002f71  ADCComparatorIntEnable            
00002f8f  ADCComparatorIntStatus            
00002ee9  ADCComparatorRegionSet            
00002f0d  ADCComparatorReset                
00002e9b  ADCHardwareOversampleConfigure    
00002a9b  ADCIntClear                       
00003017  ADCIntClearEx                     
00002a01  ADCIntDisable                     
00002faf  ADCIntDisableEx                   
00002a1d  ADCIntEnable                      
00002fc7  ADCIntEnableEx                    
000029bb  ADCIntRegister                    
00002a43  ADCIntStatus                      
00002fe5  ADCIntStatusEx                    
000029e3  ADCIntUnregister                  
00003069  ADCPhaseDelayGet                  
00003057  ADCPhaseDelaySet                  
00002d0d  ADCProcessorTrigger               
00003045  ADCReferenceGet                   
00003029  ADCReferenceSet                   
00002ae5  ADCSequenceConfigure              
00003093  ADCSequenceDMADisable             
00003077  ADCSequenceDMAEnable              
00002ccb  ADCSequenceDataGet                
00002acb  ADCSequenceDisable                
00002ab1  ADCSequenceEnable                 
00002c6f  ADCSequenceOverflow               
00002c87  ADCSequenceOverflowClear          
00002b81  ADCSequenceStepConfigure          
00002c9d  ADCSequenceUnderflow              
00002cb5  ADCSequenceUnderflowClear         
00002d31  ADCSoftwareOversampleConfigure    
00002e2d  ADCSoftwareOversampleDataGet      
00002d6d  ADCSoftwareOversampleStepConfigure
00005021  C$$EXIT                           
00004f85  CPUbasepriGet                     
00004f77  CPUbasepriSet                     
00004f51  CPUcpsid                          
00004f67  CPUcpsie                          
00004f5d  CPUprimask                        
00004f73  CPUwfi                            
0000293b  GPIOADCTriggerDisable             
0000291d  GPIOADCTriggerEnable              
000028ff  GPIODMATriggerDisable             
000028e1  GPIODMATriggerEnable              
00001edb  GPIODirModeGet                    
00001e7f  GPIODirModeSet                    
00002443  GPIOIntClear                      
00002407  GPIOIntDisable                    
000023ed  GPIOIntEnable                     
00002457  GPIOIntRegister                   
00002421  GPIOIntStatus                     
00001fcb  GPIOIntTypeGet                    
00001f27  GPIOIntTypeSet                    
00002475  GPIOIntUnregister                 
0000229b  GPIOPadConfigGet                  
00002061  GPIOPadConfigSet                  
00002883  GPIOPinConfigure                  
0000248f  GPIOPinRead                       
000024c7  GPIOPinTypeADC                    
000024eb  GPIOPinTypeCAN                    
0000250f  GPIOPinTypeComparator             
00002533  GPIOPinTypeComparatorOutput       
00002557  GPIOPinTypeDIVSCLK                
0000257b  GPIOPinTypeEPI                    
0000259f  GPIOPinTypeEthernetLED            
000025c3  GPIOPinTypeEthernetMII            
000025e7  GPIOPinTypeGPIOInput              
0000260b  GPIOPinTypeGPIOOutput             
0000262f  GPIOPinTypeGPIOOutputOD           
00002653  GPIOPinTypeHibernateRTCCLK        
00002677  GPIOPinTypeI2C                    
0000269b  GPIOPinTypeI2CSCL                 
000026bf  GPIOPinTypeLCD                    
000026e3  GPIOPinTypeOneWire                
00002707  GPIOPinTypePWM                    
0000272b  GPIOPinTypeQEI                    
0000274f  GPIOPinTypeSSI                    
00002773  GPIOPinTypeTimer                  
00002797  GPIOPinTypeTrace                  
000027bb  GPIOPinTypeUART                   
000027df  GPIOPinTypeUSBAnalog              
00002803  GPIOPinTypeUSBDigital             
00002827  GPIOPinTypeWakeHigh               
0000284d  GPIOPinTypeWakeLow                
00002873  GPIOPinWakeStatus                 
000024a7  GPIOPinWrite                      
0000372f  I2CFIFODataGet                    
00003749  I2CFIFODataGetNonBlocking         
000036e5  I2CFIFODataPut                    
00003707  I2CFIFODataPutNonBlocking         
000036d5  I2CFIFOStatus                     
000032c9  I2CIntRegister                    
000032e7  I2CIntUnregister                  
0000380b  I2CLoopbackEnable                 
00003785  I2CMasterBurstCountGet            
0000376f  I2CMasterBurstLengthSet           
0000352d  I2CMasterBusBusy                  
00003515  I2CMasterBusy                     
00003545  I2CMasterControl                  
00003599  I2CMasterDataGet                  
00003583  I2CMasterDataPut                  
00003295  I2CMasterDisable                  
00003261  I2CMasterEnable                   
00003557  I2CMasterErr                      
00003793  I2CMasterGlitchFilterConfigSet    
00003197  I2CMasterInitExpClk               
0000348f  I2CMasterIntClear                 
000034ad  I2CMasterIntClearEx               
0000335b  I2CMasterIntDisable               
0000336b  I2CMasterIntDisableEx             
00003301  I2CMasterIntEnable                
00003311  I2CMasterIntEnableEx              
000033b5  I2CMasterIntStatus                
000033f9  I2CMasterIntStatusEx              
00003507  I2CMasterLineStateGet             
000034e5  I2CMasterSlaveAddrSet             
000035a7  I2CMasterTimeoutSet               
00001631  I2CReceive                        
00003695  I2CRxFIFOConfigSet                
000036bd  I2CRxFIFOFlush                    
00001545  I2CSend                           
000035b9  I2CSlaveACKOverride               
000035eb  I2CSlaveACKValueSet               
00003223  I2CSlaveAddressSet                
00003645  I2CSlaveDataGet                   
0000362d  I2CSlaveDataPut                   
000032ab  I2CSlaveDisable                   
00003277  I2CSlaveEnable                    
000037f9  I2CSlaveFIFODisable               
000037e1  I2CSlaveFIFOEnable                
00003209  I2CSlaveInit                      
000034bf  I2CSlaveIntClear                  
000034d1  I2CSlaveIntClearEx                
00003383  I2CSlaveIntDisable                
0000339b  I2CSlaveIntDisableEx              
00003329  I2CSlaveIntEnable                 
00003341  I2CSlaveIntEnableEx               
00003425  I2CSlaveIntStatus                 
0000346d  I2CSlaveIntStatusEx               
0000361d  I2CSlaveStatus                    
00003655  I2CTxFIFOConfigSet                
0000367d  I2CTxFIFOFlush                    
0000146b  InitConsole_A                     
000014a7  InitConsole_B                     
000014db  InitI2C0                          
00004b01  IntDisable                        
00004a8f  IntEnable                         
00004b73  IntIsEnabled                      
00004953  IntMasterDisable                  
00004943  IntMasterEnable                   
00004c69  IntPendClear                      
00004bf9  IntPendSet                        
00004a6b  IntPriorityGet                    
000049e3  IntPriorityGroupingGet            
000049c9  IntPriorityGroupingSet            
00004cc3  IntPriorityMaskGet                
00004cb7  IntPriorityMaskSet                
00004a1b  IntPrioritySet                    
00004963  IntRegister                       
00004ccb  IntTrigger                        
000049b5  IntUnregister                     
00001865  LED_brightness                    
00001a97  LED_startup                       
20000e08  Period                            
0000500b  ResetISR                          
00001189  SysCtlAltClkConfig                
000008d5  SysCtlClockFreqSet                
00000d79  SysCtlClockGet                    
0000116d  SysCtlClockOutConfig              
00000ba9  SysCtlClockSet                    
000007d5  SysCtlDeepSleep                   
00000f3d  SysCtlDeepSleepClockConfigSet     
00000f1f  SysCtlDeepSleepClockSet           
000007b5  SysCtlDeepSleepPowerSet           
00005017  SysCtlDelay                       
00000363  SysCtlFlashSectorSizeGet          
00000337  SysCtlFlashSizeGet                
00001013  SysCtlGPIOAHBDisable              
00000ff7  SysCtlGPIOAHBEnable               
00000749  SysCtlIntClear                    
00000731  SysCtlIntDisable                  
0000071d  SysCtlIntEnable                   
000006f5  SysCtlIntRegister                 
00000759  SysCtlIntStatus                   
0000070d  SysCtlIntUnregister               
0000079b  SysCtlLDODeepSleepGet             
0000078b  SysCtlLDODeepSleepSet             
00000785  SysCtlLDOSleepGet                 
00000775  SysCtlLDOSleepSet                 
0000080b  SysCtlMOSCConfigSet               
00001151  SysCtlNMIClear                    
0000113d  SysCtlNMIStatus                   
00000821  SysCtlPIOSCCalibrate              
00000fe1  SysCtlPWMClockGet                 
00000fc7  SysCtlPWMClockSet                 
000006a1  SysCtlPeripheralClockGating       
00000659  SysCtlPeripheralDeepSleepDisable  
00000609  SysCtlPeripheralDeepSleepEnable   
00000545  SysCtlPeripheralDisable           
00000509  SysCtlPeripheralEnable            
00000445  SysCtlPeripheralPowerOff          
00000409  SysCtlPeripheralPowerOn           
00000389  SysCtlPeripheralPresent           
000003c9  SysCtlPeripheralReady             
00000481  SysCtlPeripheralReset             
000005cd  SysCtlPeripheralSleepDisable      
00000589  SysCtlPeripheralSleepEnable       
000007c5  SysCtlReset                       
00000881  SysCtlResetBehaviorGet            
00000871  SysCtlResetBehaviorSet            
000007f7  SysCtlResetCauseClear             
000007f1  SysCtlResetCauseGet               
0000032d  SysCtlSRAMSizeGet                 
000007cd  SysCtlSleep                       
000007a1  SysCtlSleepPowerSet               
0000103b  SysCtlUSBPLLDisable               
0000102f  SysCtlUSBPLLEnable                
00001081  SysCtlVCOGet                      
00001069  SysCtlVoltageEventClear           
0000104d  SysCtlVoltageEventConfig          
0000105d  SysCtlVoltageEventStatus          
00003df1  TimerADCEventGet                  
00003ddf  TimerADCEventSet                  
00003b15  TimerClockSourceGet               
00003aeb  TimerClockSourceSet               
000038df  TimerConfigure                    
000039ff  TimerControlEvent                 
0000395b  TimerControlLevel                 
00003a29  TimerControlStall                 
00003991  TimerControlTrigger               
00003a5f  TimerControlWaitOnTrigger         
00003e11  TimerDMAEventGet                  
00003dff  TimerDMAEventSet                  
000038c1  TimerDisable                      
000038a3  TimerEnable                       
00003dbb  TimerIntClear                     
00003d85  TimerIntDisable                   
00003d6d  TimerIntEnable                    
00003d27  TimerIntRegister                  
00003d9d  TimerIntStatus                    
00003d4f  TimerIntUnregister                
00003bdf  TimerLoadGet                      
00003c15  TimerLoadGet64                    
00003bb5  TimerLoadSet                      
00003bfb  TimerLoadSet64                    
00003cbf  TimerMatchGet                     
00003cf5  TimerMatchGet64                   
00003c95  TimerMatchSet                     
00003cdb  TimerMatchSet64                   
00003b4f  TimerPrescaleGet                  
00003b99  TimerPrescaleMatchGet             
00003b6b  TimerPrescaleMatchSet             
00003b25  TimerPrescaleSet                  
00003ad5  TimerRTCDisable                   
00003abf  TimerRTCEnable                    
00003dcd  TimerSynchronize                  
00003e1f  TimerUpdateMode                   
00003c47  TimerValueGet                     
00003c63  TimerValueGet64                   
00004445  UART9BitAddrSend                  
0000441f  UART9BitAddrSet                   
00004409  UART9BitDisable                   
000043f3  UART9BitEnable                    
00004297  UARTBreakCtl                      
000042c1  UARTBusy                          
0000423f  UARTCharGet                       
00004223  UARTCharGetNonBlocking            
00004279  UARTCharPut                       
00004255  UARTCharPutNonBlocking            
000041e7  UARTCharsAvail                    
000043e3  UARTClockSourceGet                
000043cf  UARTClockSourceSet                
00003fb7  UARTConfigGetExpClk               
00003f41  UARTConfigSetExpClk               
00004395  UARTDMADisable                    
0000437d  UARTDMAEnable                     
00004027  UARTDisable                       
000040ab  UARTDisableSIR                    
00004003  UARTEnable                        
0000407d  UARTEnableSIR                     
00004067  UARTFIFODisable                   
00004051  UARTFIFOEnable                    
00003f19  UARTFIFOLevelGet                  
00003f01  UARTFIFOLevelSet                  
000041a7  UARTFlowControlGet                
0000418b  UARTFlowControlSet                
0000436b  UARTIntClear                      
00004335  UARTIntDisable                    
0000431d  UARTIntEnable                     
000042df  UARTIntRegister                   
0000434d  UARTIntStatus                     
000042fd  UARTIntUnregister                 
0000448d  UARTLoopbackEnable                
00004141  UARTModemControlClear             
00004165  UARTModemControlGet               
00004109  UARTModemControlSet               
00004177  UARTModemStatusGet                
00003eef  UARTParityModeGet                 
00003ed3  UARTParityModeSet                 
000043bf  UARTRxErrorClear                  
000043ad  UARTRxErrorGet                    
000040f3  UARTSmartCardDisable              
000040c1  UARTSmartCardEnable               
00004205  UARTSpaceAvail                    
000044a5  UARTStdioConfig                   
000041d5  UARTTxIntModeGet                  
000041b9  UARTTxIntModeSet                  
00001297  UART_handler                      
000045eb  UARTgetc                          
00004531  UARTgets                          
0000490b  UARTprintf                        
00004611  UARTvprintf                       
000044eb  UARTwrite                         
20000e00  __STACK_END                       
00000200  __STACK_SIZE                      
20000e00  __STACK_TOP                       
000058a8  __TI_CINIT_Base                   
000058c0  __TI_CINIT_Limit                  
00005888  __TI_Handler_Table_Base           
00005894  __TI_Handler_Table_Limit          
00004ecd  __TI_auto_init_nobinit_nopinit    
00004e17  __TI_decompress_lzss              
00004ff1  __TI_decompress_none              
ffffffff  __TI_pprof_out_hndl               
ffffffff  __TI_prof_data_size               
ffffffff  __TI_prof_data_start              
00000000  __TI_static_base__                
00004fff  __TI_zero_init                    
00003e73  __aeabi_idiv0                     
00003e73  __aeabi_ldiv0                     
00004d9d  __aeabi_memclr                    
00004d9d  __aeabi_memclr4                   
00004d9d  __aeabi_memclr8                   
00004d01  __aeabi_memcpy                    
00004d01  __aeabi_memcpy4                   
00004d01  __aeabi_memcpy8                   
00004d9f  __aeabi_memset                    
00004d9f  __aeabi_memset4                   
00004d9f  __aeabi_memset8                   
00004f11  __aeabi_uidiv                     
00004f11  __aeabi_uidivmod                  
ffffffff  __binit__                         
ffffffff  __c_args__                        
UNDEFED   __mpu_init                        
20000c00  __stack                           
00004f91  _c_int00_noargs                   
000051d4  _ctypes_                          
UNDEFED   _system_post_cinit                
0000501d  _system_pre_init                  
00005021  abort                             
00001699  adc_init                          
00004e81  atoi                              
ffffffff  binit                             
20000e04  chiptemp                          
20000e10  data_1                            
20000e02  div1add                           
2000026c  final                             
20000e00  flg1                              
20000e01  flg2                              
00001bf5  foo                               
20000000  g_pfnRAMVectors                   
00000000  g_pfnVectors                      
000017e1  get_adc_data                      
00001ad1  interleaver                       
20000adc  interout                          
00001dc1  main                              
00001b55  manchester                        
200008fc  manout                            
00004d01  memcpy                            
00004da5  memset                            
00001225  power_on                          
20000bcc  pui32ADC0Value                    
20000bdc  pui32ADC1Value                    
20000bec  rbuf                              
00001ced  send_vlc_data                     
00004fc9  strcpy                            
00004fdd  strlen                            
000011cd  timer_init                        
000011e9  us_delay                          


GLOBAL SYMBOLS: SORTED BY Symbol Address 

address   name                              
-------   ----                              
00000000  __TI_static_base__                
00000000  g_pfnVectors                      
00000200  __STACK_SIZE                      
0000032d  SysCtlSRAMSizeGet                 
00000337  SysCtlFlashSizeGet                
00000363  SysCtlFlashSectorSizeGet          
00000389  SysCtlPeripheralPresent           
000003c9  SysCtlPeripheralReady             
00000409  SysCtlPeripheralPowerOn           
00000445  SysCtlPeripheralPowerOff          
00000481  SysCtlPeripheralReset             
00000509  SysCtlPeripheralEnable            
00000545  SysCtlPeripheralDisable           
00000589  SysCtlPeripheralSleepEnable       
000005cd  SysCtlPeripheralSleepDisable      
00000609  SysCtlPeripheralDeepSleepEnable   
00000659  SysCtlPeripheralDeepSleepDisable  
000006a1  SysCtlPeripheralClockGating       
000006f5  SysCtlIntRegister                 
0000070d  SysCtlIntUnregister               
0000071d  SysCtlIntEnable                   
00000731  SysCtlIntDisable                  
00000749  SysCtlIntClear                    
00000759  SysCtlIntStatus                   
00000775  SysCtlLDOSleepSet                 
00000785  SysCtlLDOSleepGet                 
0000078b  SysCtlLDODeepSleepSet             
0000079b  SysCtlLDODeepSleepGet             
000007a1  SysCtlSleepPowerSet               
000007b5  SysCtlDeepSleepPowerSet           
000007c5  SysCtlReset                       
000007cd  SysCtlSleep                       
000007d5  SysCtlDeepSleep                   
000007f1  SysCtlResetCauseGet               
000007f7  SysCtlResetCauseClear             
0000080b  SysCtlMOSCConfigSet               
00000821  SysCtlPIOSCCalibrate              
00000871  SysCtlResetBehaviorSet            
00000881  SysCtlResetBehaviorGet            
000008d5  SysCtlClockFreqSet                
00000ba9  SysCtlClockSet                    
00000d79  SysCtlClockGet                    
00000f1f  SysCtlDeepSleepClockSet           
00000f3d  SysCtlDeepSleepClockConfigSet     
00000fc7  SysCtlPWMClockSet                 
00000fe1  SysCtlPWMClockGet                 
00000ff7  SysCtlGPIOAHBEnable               
00001013  SysCtlGPIOAHBDisable              
0000102f  SysCtlUSBPLLEnable                
0000103b  SysCtlUSBPLLDisable               
0000104d  SysCtlVoltageEventConfig          
0000105d  SysCtlVoltageEventStatus          
00001069  SysCtlVoltageEventClear           
00001081  SysCtlVCOGet                      
0000113d  SysCtlNMIStatus                   
00001151  SysCtlNMIClear                    
0000116d  SysCtlClockOutConfig              
00001189  SysCtlAltClkConfig                
000011cd  timer_init                        
000011e9  us_delay                          
00001225  power_on                          
00001297  UART_handler                      
0000146b  InitConsole_A                     
000014a7  InitConsole_B                     
000014db  InitI2C0                          
00001545  I2CSend                           
00001631  I2CReceive                        
00001699  adc_init                          
000017e1  get_adc_data                      
00001865  LED_brightness                    
00001a97  LED_startup                       
00001ad1  interleaver                       
00001b55  manchester                        
00001bf5  foo                               
00001ced  send_vlc_data                     
00001dc1  main                              
00001e7f  GPIODirModeSet                    
00001edb  GPIODirModeGet                    
00001f27  GPIOIntTypeSet                    
00001fcb  GPIOIntTypeGet                    
00002061  GPIOPadConfigSet                  
0000229b  GPIOPadConfigGet                  
000023ed  GPIOIntEnable                     
00002407  GPIOIntDisable                    
00002421  GPIOIntStatus                     
00002443  GPIOIntClear                      
00002457  GPIOIntRegister                   
00002475  GPIOIntUnregister                 
0000248f  GPIOPinRead                       
000024a7  GPIOPinWrite                      
000024c7  GPIOPinTypeADC                    
000024eb  GPIOPinTypeCAN                    
0000250f  GPIOPinTypeComparator             
00002533  GPIOPinTypeComparatorOutput       
00002557  GPIOPinTypeDIVSCLK                
0000257b  GPIOPinTypeEPI                    
0000259f  GPIOPinTypeEthernetLED            
000025c3  GPIOPinTypeEthernetMII            
000025e7  GPIOPinTypeGPIOInput              
0000260b  GPIOPinTypeGPIOOutput             
0000262f  GPIOPinTypeGPIOOutputOD           
00002653  GPIOPinTypeHibernateRTCCLK        
00002677  GPIOPinTypeI2C                    
0000269b  GPIOPinTypeI2CSCL                 
000026bf  GPIOPinTypeLCD                    
000026e3  GPIOPinTypeOneWire                
00002707  GPIOPinTypePWM                    
0000272b  GPIOPinTypeQEI                    
0000274f  GPIOPinTypeSSI                    
00002773  GPIOPinTypeTimer                  
00002797  GPIOPinTypeTrace                  
000027bb  GPIOPinTypeUART                   
000027df  GPIOPinTypeUSBAnalog              
00002803  GPIOPinTypeUSBDigital             
00002827  GPIOPinTypeWakeHigh               
0000284d  GPIOPinTypeWakeLow                
00002873  GPIOPinWakeStatus                 
00002883  GPIOPinConfigure                  
000028e1  GPIODMATriggerEnable              
000028ff  GPIODMATriggerDisable             
0000291d  GPIOADCTriggerEnable              
0000293b  GPIOADCTriggerDisable             
000029bb  ADCIntRegister                    
000029e3  ADCIntUnregister                  
00002a01  ADCIntDisable                     
00002a1d  ADCIntEnable                      
00002a43  ADCIntStatus                      
00002a9b  ADCIntClear                       
00002ab1  ADCSequenceEnable                 
00002acb  ADCSequenceDisable                
00002ae5  ADCSequenceConfigure              
00002b81  ADCSequenceStepConfigure          
00002c6f  ADCSequenceOverflow               
00002c87  ADCSequenceOverflowClear          
00002c9d  ADCSequenceUnderflow              
00002cb5  ADCSequenceUnderflowClear         
00002ccb  ADCSequenceDataGet                
00002d0d  ADCProcessorTrigger               
00002d31  ADCSoftwareOversampleConfigure    
00002d6d  ADCSoftwareOversampleStepConfigure
00002e2d  ADCSoftwareOversampleDataGet      
00002e9b  ADCHardwareOversampleConfigure    
00002ecd  ADCComparatorConfigure            
00002ee9  ADCComparatorRegionSet            
00002f0d  ADCComparatorReset                
00002f53  ADCComparatorIntDisable           
00002f71  ADCComparatorIntEnable            
00002f8f  ADCComparatorIntStatus            
00002f9d  ADCComparatorIntClear             
00002faf  ADCIntDisableEx                   
00002fc7  ADCIntEnableEx                    
00002fe5  ADCIntStatusEx                    
00003017  ADCIntClearEx                     
00003029  ADCReferenceSet                   
00003045  ADCReferenceGet                   
00003057  ADCPhaseDelaySet                  
00003069  ADCPhaseDelayGet                  
00003077  ADCSequenceDMAEnable              
00003093  ADCSequenceDMADisable             
000030af  ADCBusy                           
000030cd  ADCClockConfigSet                 
000030f7  ADCClockConfigGet                 
00003197  I2CMasterInitExpClk               
00003209  I2CSlaveInit                      
00003223  I2CSlaveAddressSet                
00003261  I2CMasterEnable                   
00003277  I2CSlaveEnable                    
00003295  I2CMasterDisable                  
000032ab  I2CSlaveDisable                   
000032c9  I2CIntRegister                    
000032e7  I2CIntUnregister                  
00003301  I2CMasterIntEnable                
00003311  I2CMasterIntEnableEx              
00003329  I2CSlaveIntEnable                 
00003341  I2CSlaveIntEnableEx               
0000335b  I2CMasterIntDisable               
0000336b  I2CMasterIntDisableEx             
00003383  I2CSlaveIntDisable                
0000339b  I2CSlaveIntDisableEx              
000033b5  I2CMasterIntStatus                
000033f9  I2CMasterIntStatusEx              
00003425  I2CSlaveIntStatus                 
0000346d  I2CSlaveIntStatusEx               
0000348f  I2CMasterIntClear                 
000034ad  I2CMasterIntClearEx               
000034bf  I2CSlaveIntClear                  
000034d1  I2CSlaveIntClearEx                
000034e5  I2CMasterSlaveAddrSet             
00003507  I2CMasterLineStateGet             
00003515  I2CMasterBusy                     
0000352d  I2CMasterBusBusy                  
00003545  I2CMasterControl                  
00003557  I2CMasterErr                      
00003583  I2CMasterDataPut                  
00003599  I2CMasterDataGet                  
000035a7  I2CMasterTimeoutSet               
000035b9  I2CSlaveACKOverride               
000035eb  I2CSlaveACKValueSet               
0000361d  I2CSlaveStatus                    
0000362d  I2CSlaveDataPut                   
00003645  I2CSlaveDataGet                   
00003655  I2CTxFIFOConfigSet                
0000367d  I2CTxFIFOFlush                    
00003695  I2CRxFIFOConfigSet                
000036bd  I2CRxFIFOFlush                    
000036d5  I2CFIFOStatus                     
000036e5  I2CFIFODataPut                    
00003707  I2CFIFODataPutNonBlocking         
0000372f  I2CFIFODataGet                    
00003749  I2CFIFODataGetNonBlocking         
0000376f  I2CMasterBurstLengthSet           
00003785  I2CMasterBurstCountGet            
00003793  I2CMasterGlitchFilterConfigSet    
000037e1  I2CSlaveFIFOEnable                
000037f9  I2CSlaveFIFODisable               
0000380b  I2CLoopbackEnable                 
000038a3  TimerEnable                       
000038c1  TimerDisable                      
000038df  TimerConfigure                    
0000395b  TimerControlLevel                 
00003991  TimerControlTrigger               
000039ff  TimerControlEvent                 
00003a29  TimerControlStall                 
00003a5f  TimerControlWaitOnTrigger         
00003abf  TimerRTCEnable                    
00003ad5  TimerRTCDisable                   
00003aeb  TimerClockSourceSet               
00003b15  TimerClockSourceGet               
00003b25  TimerPrescaleSet                  
00003b4f  TimerPrescaleGet                  
00003b6b  TimerPrescaleMatchSet             
00003b99  TimerPrescaleMatchGet             
00003bb5  TimerLoadSet                      
00003bdf  TimerLoadGet                      
00003bfb  TimerLoadSet64                    
00003c15  TimerLoadGet64                    
00003c47  TimerValueGet                     
00003c63  TimerValueGet64                   
00003c95  TimerMatchSet                     
00003cbf  TimerMatchGet                     
00003cdb  TimerMatchSet64                   
00003cf5  TimerMatchGet64                   
00003d27  TimerIntRegister                  
00003d4f  TimerIntUnregister                
00003d6d  TimerIntEnable                    
00003d85  TimerIntDisable                   
00003d9d  TimerIntStatus                    
00003dbb  TimerIntClear                     
00003dcd  TimerSynchronize                  
00003ddf  TimerADCEventSet                  
00003df1  TimerADCEventGet                  
00003dff  TimerDMAEventSet                  
00003e11  TimerDMAEventGet                  
00003e1f  TimerUpdateMode                   
00003e73  __aeabi_idiv0                     
00003e73  __aeabi_ldiv0                     
00003ed3  UARTParityModeSet                 
00003eef  UARTParityModeGet                 
00003f01  UARTFIFOLevelSet                  
00003f19  UARTFIFOLevelGet                  
00003f41  UARTConfigSetExpClk               
00003fb7  UARTConfigGetExpClk               
00004003  UARTEnable                        
00004027  UARTDisable                       
00004051  UARTFIFOEnable                    
00004067  UARTFIFODisable                   
0000407d  UARTEnableSIR                     
000040ab  UARTDisableSIR                    
000040c1  UARTSmartCardEnable               
000040f3  UARTSmartCardDisable              
00004109  UARTModemControlSet               
00004141  UARTModemControlClear             
00004165  UARTModemControlGet               
00004177  UARTModemStatusGet                
0000418b  UARTFlowControlSet                
000041a7  UARTFlowControlGet                
000041b9  UARTTxIntModeSet                  
000041d5  UARTTxIntModeGet                  
000041e7  UARTCharsAvail                    
00004205  UARTSpaceAvail                    
00004223  UARTCharGetNonBlocking            
0000423f  UARTCharGet                       
00004255  UARTCharPutNonBlocking            
00004279  UARTCharPut                       
00004297  UARTBreakCtl                      
000042c1  UARTBusy                          
000042df  UARTIntRegister                   
000042fd  UARTIntUnregister                 
0000431d  UARTIntEnable                     
00004335  UARTIntDisable                    
0000434d  UARTIntStatus                     
0000436b  UARTIntClear                      
0000437d  UARTDMAEnable                     
00004395  UARTDMADisable                    
000043ad  UARTRxErrorGet                    
000043bf  UARTRxErrorClear                  
000043cf  UARTClockSourceSet                
000043e3  UARTClockSourceGet                
000043f3  UART9BitEnable                    
00004409  UART9BitDisable                   
0000441f  UART9BitAddrSet                   
00004445  UART9BitAddrSend                  
0000448d  UARTLoopbackEnable                
000044a5  UARTStdioConfig                   
000044eb  UARTwrite                         
00004531  UARTgets                          
000045eb  UARTgetc                          
00004611  UARTvprintf                       
0000490b  UARTprintf                        
00004943  IntMasterEnable                   
00004953  IntMasterDisable                  
00004963  IntRegister                       
000049b5  IntUnregister                     
000049c9  IntPriorityGroupingSet            
000049e3  IntPriorityGroupingGet            
00004a1b  IntPrioritySet                    
00004a6b  IntPriorityGet                    
00004a8f  IntEnable                         
00004b01  IntDisable                        
00004b73  IntIsEnabled                      
00004bf9  IntPendSet                        
00004c69  IntPendClear                      
00004cb7  IntPriorityMaskSet                
00004cc3  IntPriorityMaskGet                
00004ccb  IntTrigger                        
00004d01  __aeabi_memcpy                    
00004d01  __aeabi_memcpy4                   
00004d01  __aeabi_memcpy8                   
00004d01  memcpy                            
00004d9d  __aeabi_memclr                    
00004d9d  __aeabi_memclr4                   
00004d9d  __aeabi_memclr8                   
00004d9f  __aeabi_memset                    
00004d9f  __aeabi_memset4                   
00004d9f  __aeabi_memset8                   
00004da5  memset                            
00004e17  __TI_decompress_lzss              
00004e81  atoi                              
00004ecd  __TI_auto_init_nobinit_nopinit    
00004f11  __aeabi_uidiv                     
00004f11  __aeabi_uidivmod                  
00004f51  CPUcpsid                          
00004f5d  CPUprimask                        
00004f67  CPUcpsie                          
00004f73  CPUwfi                            
00004f77  CPUbasepriSet                     
00004f85  CPUbasepriGet                     
00004f91  _c_int00_noargs                   
00004fc9  strcpy                            
00004fdd  strlen                            
00004ff1  __TI_decompress_none              
00004fff  __TI_zero_init                    
0000500b  ResetISR                          
00005017  SysCtlDelay                       
0000501d  _system_pre_init                  
00005021  C$$EXIT                           
00005021  abort                             
000051d4  _ctypes_                          
00005888  __TI_Handler_Table_Base           
00005894  __TI_Handler_Table_Limit          
000058a8  __TI_CINIT_Base                   
000058c0  __TI_CINIT_Limit                  
20000000  g_pfnRAMVectors                   
2000026c  final                             
200008fc  manout                            
20000adc  interout                          
20000bcc  pui32ADC0Value                    
20000bdc  pui32ADC1Value                    
20000bec  rbuf                              
20000c00  __stack                           
20000e00  __STACK_END                       
20000e00  __STACK_TOP                       
20000e00  flg1                              
20000e01  flg2                              
20000e02  div1add                           
20000e04  chiptemp                          
20000e08  Period                            
20000e10  data_1                            
ffffffff  __TI_pprof_out_hndl               
ffffffff  __TI_prof_data_size               
ffffffff  __TI_prof_data_start              
ffffffff  __binit__                         
ffffffff  __c_args__                        
ffffffff  binit                             
UNDEFED   __mpu_init                        
UNDEFED   _system_post_cinit                

[386 symbols]
