<?xml version="1.0" encoding="ISO-8859-1" ?>
<link_info>
   <banner>TI ARM Linker PC v18.1.2.LTS</banner>
   <copyright>Copyright (c) 1996-2017 Texas Instruments Incorporated</copyright>
   <link_time>0x5b603ea7</link_time>
   <link_errors>0x0</link_errors>
   <output_file>Trial.out</output_file>
   <entry_point>
      <name>_c_int00_noargs</name>
      <address>0x4f91</address>
   </entry_point>
   <input_file_list>
      <input_file id="fl-2">
         <path>.\</path>
         <kind>object</kind>
         <file>main.obj</file>
         <name>main.obj</name>
      </input_file>
      <input_file id="fl-3">
         <path>.\</path>
         <kind>object</kind>
         <file>tm4c123gh6pm_startup_ccs.obj</file>
         <name>tm4c123gh6pm_startup_ccs.obj</name>
      </input_file>
      <input_file id="fl-4">
         <path>.\Peripherals\</path>
         <kind>object</kind>
         <file>adc.obj</file>
         <name>adc.obj</name>
      </input_file>
      <input_file id="fl-5">
         <path>.\Peripherals\</path>
         <kind>object</kind>
         <file>cpu.obj</file>
         <name>cpu.obj</name>
      </input_file>
      <input_file id="fl-6">
         <path>.\Peripherals\</path>
         <kind>object</kind>
         <file>gpio.obj</file>
         <name>gpio.obj</name>
      </input_file>
      <input_file id="fl-7">
         <path>.\Peripherals\</path>
         <kind>object</kind>
         <file>i2c.obj</file>
         <name>i2c.obj</name>
      </input_file>
      <input_file id="fl-8">
         <path>.\Peripherals\</path>
         <kind>object</kind>
         <file>interrupt.obj</file>
         <name>interrupt.obj</name>
      </input_file>
      <input_file id="fl-9">
         <path>.\Peripherals\</path>
         <kind>object</kind>
         <file>pwm.obj</file>
         <name>pwm.obj</name>
      </input_file>
      <input_file id="fl-a">
         <path>.\Peripherals\</path>
         <kind>object</kind>
         <file>sysctl.obj</file>
         <name>sysctl.obj</name>
      </input_file>
      <input_file id="fl-b">
         <path>.\Peripherals\</path>
         <kind>object</kind>
         <file>timer.obj</file>
         <name>timer.obj</name>
      </input_file>
      <input_file id="fl-c">
         <path>.\Peripherals\</path>
         <kind>object</kind>
         <file>uart.obj</file>
         <name>uart.obj</name>
      </input_file>
      <input_file id="fl-d">
         <path>.\Peripherals\</path>
         <kind>object</kind>
         <file>uartstdio.obj</file>
         <name>uartstdio.obj</name>
      </input_file>
      <input_file id="fl-11">
         <kind>object</kind>
         <file>&lt;internal&gt;</file>
         <name>&lt;internal&gt;</name>
      </input_file>
      <input_file id="fl-c7">
         <path>C:\ti\ccsv8\tools\compiler\ti-cgt-arm_18.1.2.LTS\lib\</path>
         <kind>archive</kind>
         <file>rtsv7M4_T_le_v4SPD16_eabi.lib</file>
         <name>u_divt2.asm.obj</name>
      </input_file>
      <input_file id="fl-c8">
         <path>C:\ti\ccsv8\tools\compiler\ti-cgt-arm_18.1.2.LTS\lib\</path>
         <kind>archive</kind>
         <file>rtsv7M4_T_le_v4SPD16_eabi.lib</file>
         <name>copy_zero_init.c.obj</name>
      </input_file>
      <input_file id="fl-c9">
         <path>C:\ti\ccsv8\tools\compiler\ti-cgt-arm_18.1.2.LTS\lib\</path>
         <kind>archive</kind>
         <file>rtsv7M4_T_le_v4SPD16_eabi.lib</file>
         <name>copy_decompress_none.c.obj</name>
      </input_file>
      <input_file id="fl-ca">
         <path>C:\ti\ccsv8\tools\compiler\ti-cgt-arm_18.1.2.LTS\lib\</path>
         <kind>archive</kind>
         <file>rtsv7M4_T_le_v4SPD16_eabi.lib</file>
         <name>copy_decompress_lzss.c.obj</name>
      </input_file>
      <input_file id="fl-cb">
         <path>C:\ti\ccsv8\tools\compiler\ti-cgt-arm_18.1.2.LTS\lib\</path>
         <kind>archive</kind>
         <file>rtsv7M4_T_le_v4SPD16_eabi.lib</file>
         <name>boot_cortex_m.c.obj</name>
      </input_file>
      <input_file id="fl-cc">
         <path>C:\ti\ccsv8\tools\compiler\ti-cgt-arm_18.1.2.LTS\lib\</path>
         <kind>archive</kind>
         <file>rtsv7M4_T_le_v4SPD16_eabi.lib</file>
         <name>exit.c.obj</name>
      </input_file>
      <input_file id="fl-cd">
         <path>C:\ti\ccsv8\tools\compiler\ti-cgt-arm_18.1.2.LTS\lib\</path>
         <kind>archive</kind>
         <file>rtsv7M4_T_le_v4SPD16_eabi.lib</file>
         <name>_lock.c.obj</name>
      </input_file>
      <input_file id="fl-ce">
         <path>C:\ti\ccsv8\tools\compiler\ti-cgt-arm_18.1.2.LTS\lib\</path>
         <kind>archive</kind>
         <file>rtsv7M4_T_le_v4SPD16_eabi.lib</file>
         <name>args_main.c.obj</name>
      </input_file>
      <input_file id="fl-cf">
         <path>C:\ti\ccsv8\tools\compiler\ti-cgt-arm_18.1.2.LTS\lib\</path>
         <kind>archive</kind>
         <file>rtsv7M4_T_le_v4SPD16_eabi.lib</file>
         <name>atoi.c.obj</name>
      </input_file>
      <input_file id="fl-d0">
         <path>C:\ti\ccsv8\tools\compiler\ti-cgt-arm_18.1.2.LTS\lib\</path>
         <kind>archive</kind>
         <file>rtsv7M4_T_le_v4SPD16_eabi.lib</file>
         <name>ctype.c.obj</name>
      </input_file>
      <input_file id="fl-d1">
         <path>C:\ti\ccsv8\tools\compiler\ti-cgt-arm_18.1.2.LTS\lib\</path>
         <kind>archive</kind>
         <file>rtsv7M4_T_le_v4SPD16_eabi.lib</file>
         <name>strcpy.c.obj</name>
      </input_file>
      <input_file id="fl-d2">
         <path>C:\ti\ccsv8\tools\compiler\ti-cgt-arm_18.1.2.LTS\lib\</path>
         <kind>archive</kind>
         <file>rtsv7M4_T_le_v4SPD16_eabi.lib</file>
         <name>strlen.c.obj</name>
      </input_file>
      <input_file id="fl-d3">
         <path>C:\ti\ccsv8\tools\compiler\ti-cgt-arm_18.1.2.LTS\lib\</path>
         <kind>archive</kind>
         <file>rtsv7M4_T_le_v4SPD16_eabi.lib</file>
         <name>div0.asm.obj</name>
      </input_file>
      <input_file id="fl-d4">
         <path>C:\ti\ccsv8\tools\compiler\ti-cgt-arm_18.1.2.LTS\lib\</path>
         <kind>archive</kind>
         <file>rtsv7M4_T_le_v4SPD16_eabi.lib</file>
         <name>memset_t2.asm.obj</name>
      </input_file>
      <input_file id="fl-d5">
         <path>C:\ti\ccsv8\tools\compiler\ti-cgt-arm_18.1.2.LTS\lib\</path>
         <kind>archive</kind>
         <file>rtsv7M4_T_le_v4SPD16_eabi.lib</file>
         <name>memcpy_t2.asm.obj</name>
      </input_file>
      <input_file id="fl-d6">
         <path>C:\ti\ccsv8\tools\compiler\ti-cgt-arm_18.1.2.LTS\lib\</path>
         <kind>archive</kind>
         <file>rtsv7M4_T_le_v4SPD16_eabi.lib</file>
         <name>autoinit.c.obj</name>
      </input_file>
      <input_file id="fl-d7">
         <path>C:\ti\ccsv8\tools\compiler\ti-cgt-arm_18.1.2.LTS\lib\</path>
         <kind>archive</kind>
         <file>rtsv7M4_T_le_v4SPD16_eabi.lib</file>
         <name>pre_init.c.obj</name>
      </input_file>
      <input_file id="fl-d8">
         <path>C:\ti\ccsv8\tools\compiler\ti-cgt-arm_18.1.2.LTS\lib\</path>
         <kind>archive</kind>
         <file>rtsv7M4_T_le_v4SPD16_eabi.lib</file>
         <name>cpy_tbl.c.obj</name>
      </input_file>
   </input_file_list>
   <object_component_list>
      <object_component id="oc-f">
         <name>.intvecs</name>
         <load_address>0x0</load_address>
         <run_address>0x0</run_address>
         <size>0x26c</size>
         <input_file_ref idref="fl-3"/>
      </object_component>
      <object_component id="oc-c6">
         <name>.text</name>
         <load_address>0x26c</load_address>
         <run_address>0x26c</run_address>
         <size>0xf60</size>
         <input_file_ref idref="fl-a"/>
      </object_component>
      <object_component id="oc-98">
         <name>.text</name>
         <load_address>0x11cc</load_address>
         <run_address>0x11cc</run_address>
         <size>0xc54</size>
         <input_file_ref idref="fl-2"/>
      </object_component>
      <object_component id="oc-d2">
         <name>.text</name>
         <load_address>0x1e20</load_address>
         <run_address>0x1e20</run_address>
         <size>0xb40</size>
         <input_file_ref idref="fl-6"/>
      </object_component>
      <object_component id="oc-103">
         <name>.text</name>
         <load_address>0x2960</load_address>
         <run_address>0x2960</run_address>
         <size>0x7d8</size>
         <input_file_ref idref="fl-4"/>
      </object_component>
      <object_component id="oc-f7">
         <name>.text</name>
         <load_address>0x3138</load_address>
         <run_address>0x3138</run_address>
         <size>0x6f8</size>
         <input_file_ref idref="fl-7"/>
      </object_component>
      <object_component id="oc-cc">
         <name>.text</name>
         <load_address>0x3830</load_address>
         <run_address>0x3830</run_address>
         <size>0x642</size>
         <input_file_ref idref="fl-b"/>
      </object_component>
      <object_component id="oc-221">
         <name>.text</name>
         <load_address>0x3e72</load_address>
         <run_address>0x3e72</run_address>
         <size>0x2</size>
         <input_file_ref idref="fl-d3"/>
      </object_component>
      <object_component id="oc-d9">
         <name>.text</name>
         <load_address>0x3e74</load_address>
         <run_address>0x3e74</run_address>
         <size>0x62e</size>
         <input_file_ref idref="fl-c"/>
      </object_component>
      <object_component id="oc-f1">
         <name>.text</name>
         <load_address>0x44a4</load_address>
         <run_address>0x44a4</run_address>
         <size>0x49c</size>
         <input_file_ref idref="fl-d"/>
      </object_component>
      <object_component id="oc-109">
         <name>.text</name>
         <load_address>0x4940</load_address>
         <run_address>0x4940</run_address>
         <size>0x3c0</size>
         <input_file_ref idref="fl-8"/>
      </object_component>
      <object_component id="oc-38">
         <name>.text</name>
         <load_address>0x4d00</load_address>
         <run_address>0x4d00</run_address>
         <size>0x9c</size>
         <input_file_ref idref="fl-d5"/>
      </object_component>
      <object_component id="oc-8c">
         <name>.text</name>
         <load_address>0x4d9c</load_address>
         <run_address>0x4d9c</run_address>
         <size>0x7a</size>
         <input_file_ref idref="fl-d4"/>
      </object_component>
      <object_component id="oc-12">
         <name>.text:decompress:lzss:__TI_decompress_lzss</name>
         <load_address>0x4e16</load_address>
         <run_address>0x4e16</run_address>
         <size>0x68</size>
         <input_file_ref idref="fl-ca"/>
      </object_component>
      <object_component id="oc-df">
         <name>.text:atoi</name>
         <load_address>0x4e80</load_address>
         <run_address>0x4e80</run_address>
         <size>0x4c</size>
         <input_file_ref idref="fl-cf"/>
      </object_component>
      <object_component id="oc-124">
         <name>.text:__TI_auto_init_nobinit_nopinit:__TI_auto_init_nobinit_nopinit</name>
         <load_address>0x4ecc</load_address>
         <run_address>0x4ecc</run_address>
         <size>0x44</size>
         <input_file_ref idref="fl-d6"/>
      </object_component>
      <object_component id="oc-19e">
         <name>.text</name>
         <load_address>0x4f10</load_address>
         <run_address>0x4f10</run_address>
         <size>0x40</size>
         <input_file_ref idref="fl-c7"/>
      </object_component>
      <object_component id="oc-15b">
         <name>.text</name>
         <load_address>0x4f50</load_address>
         <run_address>0x4f50</run_address>
         <size>0x3e</size>
         <input_file_ref idref="fl-5"/>
      </object_component>
      <object_component id="oc-56">
         <name>.text:_c_int00_noargs:_c_int00_noargs</name>
         <load_address>0x4f90</load_address>
         <run_address>0x4f90</run_address>
         <size>0x38</size>
         <input_file_ref idref="fl-cb"/>
      </object_component>
      <object_component id="oc-e5">
         <name>.text:strcpy</name>
         <load_address>0x4fc8</load_address>
         <run_address>0x4fc8</run_address>
         <size>0x14</size>
         <input_file_ref idref="fl-d1"/>
      </object_component>
      <object_component id="oc-eb">
         <name>.text:strlen</name>
         <load_address>0x4fdc</load_address>
         <run_address>0x4fdc</run_address>
         <size>0x14</size>
         <input_file_ref idref="fl-d2"/>
      </object_component>
      <object_component id="oc-18">
         <name>.text:decompress:none:__TI_decompress_none</name>
         <load_address>0x4ff0</load_address>
         <run_address>0x4ff0</run_address>
         <size>0xe</size>
         <input_file_ref idref="fl-c9"/>
      </object_component>
      <object_component id="oc-4a">
         <name>.text:decompress:ZI:__TI_zero_init</name>
         <load_address>0x4ffe</load_address>
         <run_address>0x4ffe</run_address>
         <size>0xc</size>
         <input_file_ref idref="fl-c8"/>
      </object_component>
      <object_component id="oc-24">
         <name>.text</name>
         <load_address>0x500a</load_address>
         <run_address>0x500a</run_address>
         <size>0xc</size>
         <input_file_ref idref="fl-3"/>
      </object_component>
      <object_component id="oc-d8">
         <name>.text:SysCtlDelay</name>
         <load_address>0x5016</load_address>
         <run_address>0x5016</run_address>
         <size>0x6</size>
         <input_file_ref idref="fl-a"/>
      </object_component>
      <object_component id="oc-92">
         <name>.text:_system_pre_init</name>
         <load_address>0x501c</load_address>
         <run_address>0x501c</run_address>
         <size>0x4</size>
         <input_file_ref idref="fl-d7"/>
      </object_component>
      <object_component id="oc-118">
         <name>.text:abort:abort</name>
         <load_address>0x5020</load_address>
         <run_address>0x5020</run_address>
         <size>0x4</size>
         <input_file_ref idref="fl-cc"/>
      </object_component>
      <object_component id="oc-167">
         <name>.const:g_pppui32XTALtoVCO</name>
         <load_address>0x5024</load_address>
         <run_address>0x5024</run_address>
         <size>0x1b0</size>
         <input_file_ref idref="fl-a"/>
      </object_component>
      <object_component id="oc-18c">
         <name>.const:.string:_ctypes_</name>
         <load_address>0x51d4</load_address>
         <run_address>0x51d4</run_address>
         <size>0x101</size>
         <input_file_ref idref="fl-d0"/>
      </object_component>
      <object_component id="oc-179">
         <name>.const:g_ppui32GPIOIntMapBlizzard</name>
         <load_address>0x52d8</load_address>
         <run_address>0x52d8</run_address>
         <size>0xc0</size>
         <input_file_ref idref="fl-6"/>
      </object_component>
      <object_component id="oc-17c">
         <name>.const:g_ppui32GPIOIntMapSnowflake</name>
         <load_address>0x5398</load_address>
         <run_address>0x5398</run_address>
         <size>0xc0</size>
         <input_file_ref idref="fl-6"/>
      </object_component>
      <object_component id="oc-1be">
         <name>.const:g_pui32Regs</name>
         <load_address>0x5458</load_address>
         <run_address>0x5458</run_address>
         <size>0x9c</size>
         <input_file_ref idref="fl-8"/>
      </object_component>
      <object_component id="oc-17f">
         <name>.const:g_pui32GPIOBaseAddrs</name>
         <load_address>0x54f4</load_address>
         <run_address>0x54f4</run_address>
         <size>0x90</size>
         <input_file_ref idref="fl-6"/>
      </object_component>
      <object_component id="oc-161">
         <name>.const:g_pui32Xtals</name>
         <load_address>0x5584</load_address>
         <run_address>0x5584</run_address>
         <size>0x6c</size>
         <input_file_ref idref="fl-a"/>
      </object_component>
      <object_component id="oc-171">
         <name>.const:g_ppui32TimerIntMap</name>
         <load_address>0x55f0</load_address>
         <run_address>0x55f0</run_address>
         <size>0x60</size>
         <input_file_ref idref="fl-b"/>
      </object_component>
      <object_component id="oc-1ab">
         <name>.const:g_ppui32I2CIntMapSnowflake</name>
         <load_address>0x5650</load_address>
         <run_address>0x5650</run_address>
         <size>0x50</size>
         <input_file_ref idref="fl-7"/>
      </object_component>
      <object_component id="oc-174">
         <name>.const:g_ppui32TimerIntMapSnowflake</name>
         <load_address>0x56a0</load_address>
         <run_address>0x56a0</run_address>
         <size>0x40</size>
         <input_file_ref idref="fl-b"/>
      </object_component>
      <object_component id="oc-184">
         <name>.const:g_ppui32UARTIntMap</name>
         <load_address>0x56e0</load_address>
         <run_address>0x56e0</run_address>
         <size>0x40</size>
         <input_file_ref idref="fl-c"/>
      </object_component>
      <object_component id="oc-187">
         <name>.const:g_ppui32UARTIntMapSnowflake</name>
         <load_address>0x5720</load_address>
         <run_address>0x5720</run_address>
         <size>0x40</size>
         <input_file_ref idref="fl-c"/>
      </object_component>
      <object_component id="oc-1a8">
         <name>.const:g_ppui32I2CIntMap</name>
         <load_address>0x5760</load_address>
         <run_address>0x5760</run_address>
         <size>0x30</size>
         <input_file_ref idref="fl-7"/>
      </object_component>
      <object_component id="oc-158">
         <name>.const:g_sXTALtoMEMTIM</name>
         <load_address>0x5790</load_address>
         <run_address>0x5790</run_address>
         <size>0x30</size>
         <input_file_ref idref="fl-a"/>
      </object_component>
      <object_component id="oc-1bb">
         <name>.const:g_pui32Priority</name>
         <load_address>0x57c0</load_address>
         <run_address>0x57c0</run_address>
         <size>0x20</size>
         <input_file_ref idref="fl-8"/>
      </object_component>
      <object_component id="oc-1c4">
         <name>.const:g_pui32Dii16Regs</name>
         <load_address>0x57e0</load_address>
         <run_address>0x57e0</run_address>
         <size>0x14</size>
         <input_file_ref idref="fl-8"/>
      </object_component>
      <object_component id="oc-1c1">
         <name>.const:g_pui32EnRegs</name>
         <load_address>0x57f4</load_address>
         <run_address>0x57f4</run_address>
         <size>0x14</size>
         <input_file_ref idref="fl-8"/>
      </object_component>
      <object_component id="oc-1c7">
         <name>.const:g_pui32PendRegs</name>
         <load_address>0x5808</load_address>
         <run_address>0x5808</run_address>
         <size>0x14</size>
         <input_file_ref idref="fl-8"/>
      </object_component>
      <object_component id="oc-1ca">
         <name>.const:g_pui32UnpendRegs</name>
         <load_address>0x581c</load_address>
         <run_address>0x581c</run_address>
         <size>0x14</size>
         <input_file_ref idref="fl-8"/>
      </object_component>
      <object_component id="oc-227">
         <name>.const:.string</name>
         <load_address>0x5830</load_address>
         <run_address>0x5830</run_address>
         <size>0x12</size>
         <input_file_ref idref="fl-d"/>
      </object_component>
      <object_component id="oc-19b">
         <name>.const:g_ui32UARTBase</name>
         <load_address>0x5844</load_address>
         <run_address>0x5844</run_address>
         <size>0xc</size>
         <input_file_ref idref="fl-d"/>
      </object_component>
      <object_component id="oc-195">
         <name>.const:g_ui32UARTPeriph</name>
         <load_address>0x5850</load_address>
         <run_address>0x5850</run_address>
         <size>0xc</size>
         <input_file_ref idref="fl-d"/>
      </object_component>
      <object_component id="oc-164">
         <name>.const:g_pui32VCOFrequencies</name>
         <load_address>0x585c</load_address>
         <run_address>0x585c</run_address>
         <size>0x8</size>
         <input_file_ref idref="fl-a"/>
      </object_component>
      <object_component id="oc-1b0">
         <name>.const:.string</name>
         <load_address>0x5864</load_address>
         <run_address>0x5864</run_address>
         <size>0x6</size>
         <input_file_ref idref="fl-2"/>
      </object_component>
      <object_component id="oc-1a3">
         <name>.const</name>
         <load_address>0x586c</load_address>
         <run_address>0x586c</run_address>
         <size>0x4</size>
         <input_file_ref idref="fl-d"/>
      </object_component>
      <object_component id="oc-2a3">
         <name>.cinit..data.load</name>
         <load_address>0x5870</load_address>
         <run_address>0x5870</run_address>
         <size>0x15</size>
      </object_component>
      <object_component id="oc-2a0">
         <name>__TI_handler_table</name>
         <load_address>0x5888</load_address>
         <run_address>0x5888</run_address>
         <size>0xc</size>
      </object_component>
      <object_component id="oc-2a4">
         <name>.cinit..bss.load</name>
         <load_address>0x5898</load_address>
         <run_address>0x5898</run_address>
         <size>0x8</size>
      </object_component>
      <object_component id="oc-2a2">
         <name>.cinit..vtable.load</name>
         <load_address>0x58a0</load_address>
         <run_address>0x58a0</run_address>
         <size>0x8</size>
      </object_component>
      <object_component id="oc-2a1">
         <name>__TI_cinit_table</name>
         <load_address>0x58a8</load_address>
         <run_address>0x58a8</run_address>
         <size>0x18</size>
      </object_component>
      <object_component id="oc-1b8">
         <name>.vtable</name>
         <uninitialized>true</uninitialized>
         <run_address>0x20000000</run_address>
         <size>0x26c</size>
         <input_file_ref idref="fl-8"/>
      </object_component>
      <object_component id="oc-fe">
         <name>.data</name>
         <load_address>0x20000e00</load_address>
         <run_address>0x20000e00</run_address>
         <size>0x14</size>
         <input_file_ref idref="fl-2"/>
      </object_component>
      <object_component id="oc-198">
         <name>.data</name>
         <load_address>0x20000e14</load_address>
         <run_address>0x20000e14</run_address>
         <size>0x5</size>
         <input_file_ref idref="fl-d"/>
      </object_component>
      <object_component id="oc-1b3">
         <name>.bss:g_pui8OversampleFactor</name>
         <uninitialized>true</uninitialized>
         <run_address>0x20000bf8</run_address>
         <size>0x4</size>
         <input_file_ref idref="fl-4"/>
      </object_component>
      <object_component id="oc-101">
         <name>.common:pui32ADC0Value</name>
         <uninitialized>true</uninitialized>
         <run_address>0x20000bcc</run_address>
         <size>0x10</size>
      </object_component>
      <object_component id="oc-102">
         <name>.common:pui32ADC1Value</name>
         <uninitialized>true</uninitialized>
         <run_address>0x20000bdc</run_address>
         <size>0x10</size>
      </object_component>
      <object_component id="oc-10f">
         <name>.common:interout</name>
         <uninitialized>true</uninitialized>
         <run_address>0x20000adc</run_address>
         <size>0xf0</size>
      </object_component>
      <object_component id="oc-110">
         <name>.common:manout</name>
         <uninitialized>true</uninitialized>
         <run_address>0x200008fc</run_address>
         <size>0x1e0</size>
      </object_component>
      <object_component id="oc-111">
         <name>.common:final</name>
         <uninitialized>true</uninitialized>
         <run_address>0x2000026c</run_address>
         <size>0x690</size>
      </object_component>
      <object_component id="oc-fd">
         <name>.common:rbuf</name>
         <uninitialized>true</uninitialized>
         <run_address>0x20000bec</run_address>
         <size>0xc</size>
      </object_component>
      <object_component id="oc-21">
         <name>.stack</name>
         <uninitialized>true</uninitialized>
         <run_address>0x20000c00</run_address>
         <size>0x4</size>
         <input_file_ref idref="fl-cb"/>
      </object_component>
      <object_component id="oc-2a5">
         <name>.stack</name>
         <uninitialized>true</uninitialized>
         <run_address>0x20000c00</run_address>
         <size>0x0</size>
      </object_component>
      <object_component id="oc-b4">
         <name>.debug_info</name>
         <load_address>0x0</load_address>
         <run_address>0x0</run_address>
         <size>0xcd2</size>
         <input_file_ref idref="fl-2"/>
      </object_component>
      <object_component id="oc-ff">
         <name>.debug_info</name>
         <load_address>0xcd2</load_address>
         <run_address>0xcd2</run_address>
         <size>0x14f</size>
         <input_file_ref idref="fl-2"/>
      </object_component>
      <object_component id="oc-99">
         <name>.debug_info</name>
         <load_address>0xe21</load_address>
         <run_address>0xe21</run_address>
         <size>0x16f6</size>
         <input_file_ref idref="fl-2"/>
      </object_component>
      <object_component id="oc-6d">
         <name>.debug_info</name>
         <load_address>0x2517</load_address>
         <run_address>0x2517</run_address>
         <size>0x26b</size>
         <input_file_ref idref="fl-2"/>
      </object_component>
      <object_component id="oc-af">
         <name>.debug_info</name>
         <load_address>0x2782</load_address>
         <run_address>0x2782</run_address>
         <size>0x8b</size>
         <input_file_ref idref="fl-2"/>
      </object_component>
      <object_component id="oc-aa">
         <name>.debug_info</name>
         <load_address>0x280d</load_address>
         <run_address>0x280d</run_address>
         <size>0x297</size>
         <input_file_ref idref="fl-2"/>
      </object_component>
      <object_component id="oc-16b">
         <name>.debug_info</name>
         <load_address>0x2aa4</load_address>
         <run_address>0x2aa4</run_address>
         <size>0xef</size>
         <input_file_ref idref="fl-2"/>
      </object_component>
      <object_component id="oc-72">
         <name>.debug_info</name>
         <load_address>0x2b93</load_address>
         <run_address>0x2b93</run_address>
         <size>0xbb</size>
         <input_file_ref idref="fl-2"/>
      </object_component>
      <object_component id="oc-113">
         <name>.debug_info</name>
         <load_address>0x2c4e</load_address>
         <run_address>0x2c4e</run_address>
         <size>0x2c</size>
         <input_file_ref idref="fl-2"/>
      </object_component>
      <object_component id="oc-2c">
         <name>.debug_info</name>
         <load_address>0x2c7a</load_address>
         <run_address>0x2c7a</run_address>
         <size>0x2a1</size>
         <input_file_ref idref="fl-3"/>
      </object_component>
      <object_component id="oc-10">
         <name>.debug_info</name>
         <load_address>0x2f1b</load_address>
         <run_address>0x2f1b</run_address>
         <size>0xe0</size>
         <input_file_ref idref="fl-3"/>
      </object_component>
      <object_component id="oc-28">
         <name>.debug_info</name>
         <load_address>0x2ffb</load_address>
         <run_address>0x2ffb</run_address>
         <size>0x25c</size>
         <input_file_ref idref="fl-3"/>
      </object_component>
      <object_component id="oc-33">
         <name>.debug_info</name>
         <load_address>0x3257</load_address>
         <run_address>0x3257</run_address>
         <size>0x84</size>
         <input_file_ref idref="fl-3"/>
      </object_component>
      <object_component id="oc-1b7">
         <name>.debug_info</name>
         <load_address>0x32db</load_address>
         <run_address>0x32db</run_address>
         <size>0x319</size>
         <input_file_ref idref="fl-4"/>
      </object_component>
      <object_component id="oc-1b4">
         <name>.debug_info</name>
         <load_address>0x35f4</load_address>
         <run_address>0x35f4</run_address>
         <size>0xea</size>
         <input_file_ref idref="fl-4"/>
      </object_component>
      <object_component id="oc-105">
         <name>.debug_info</name>
         <load_address>0x36de</load_address>
         <run_address>0x36de</run_address>
         <size>0x2b82</size>
         <input_file_ref idref="fl-4"/>
      </object_component>
      <object_component id="oc-15d">
         <name>.debug_info</name>
         <load_address>0x6260</load_address>
         <run_address>0x6260</run_address>
         <size>0x347</size>
         <input_file_ref idref="fl-5"/>
      </object_component>
      <object_component id="oc-183">
         <name>.debug_info</name>
         <load_address>0x65a7</load_address>
         <run_address>0x65a7</run_address>
         <size>0x343</size>
         <input_file_ref idref="fl-6"/>
      </object_component>
      <object_component id="oc-17a">
         <name>.debug_info</name>
         <load_address>0x68ea</load_address>
         <run_address>0x68ea</run_address>
         <size>0xf3</size>
         <input_file_ref idref="fl-6"/>
      </object_component>
      <object_component id="oc-17d">
         <name>.debug_info</name>
         <load_address>0x69dd</load_address>
         <run_address>0x69dd</run_address>
         <size>0xf5</size>
         <input_file_ref idref="fl-6"/>
      </object_component>
      <object_component id="oc-180">
         <name>.debug_info</name>
         <load_address>0x6ad2</load_address>
         <run_address>0x6ad2</run_address>
         <size>0xe7</size>
         <input_file_ref idref="fl-6"/>
      </object_component>
      <object_component id="oc-d5">
         <name>.debug_info</name>
         <load_address>0x6bb9</load_address>
         <run_address>0x6bb9</run_address>
         <size>0x2f3f</size>
         <input_file_ref idref="fl-6"/>
      </object_component>
      <object_component id="oc-1af">
         <name>.debug_info</name>
         <load_address>0x9af8</load_address>
         <run_address>0x9af8</run_address>
         <size>0x344</size>
         <input_file_ref idref="fl-7"/>
      </object_component>
      <object_component id="oc-1a9">
         <name>.debug_info</name>
         <load_address>0x9e3c</load_address>
         <run_address>0x9e3c</run_address>
         <size>0xe0</size>
         <input_file_ref idref="fl-7"/>
      </object_component>
      <object_component id="oc-1ac">
         <name>.debug_info</name>
         <load_address>0x9f1c</load_address>
         <run_address>0x9f1c</run_address>
         <size>0xf2</size>
         <input_file_ref idref="fl-7"/>
      </object_component>
      <object_component id="oc-f8">
         <name>.debug_info</name>
         <load_address>0xa00e</load_address>
         <run_address>0xa00e</run_address>
         <size>0x2c28</size>
         <input_file_ref idref="fl-7"/>
      </object_component>
      <object_component id="oc-1ce">
         <name>.debug_info</name>
         <load_address>0xcc36</load_address>
         <run_address>0xcc36</run_address>
         <size>0x330</size>
         <input_file_ref idref="fl-8"/>
      </object_component>
      <object_component id="oc-1bc">
         <name>.debug_info</name>
         <load_address>0xcf66</load_address>
         <run_address>0xcf66</run_address>
         <size>0xe2</size>
         <input_file_ref idref="fl-8"/>
      </object_component>
      <object_component id="oc-1bf">
         <name>.debug_info</name>
         <load_address>0xd048</load_address>
         <run_address>0xd048</run_address>
         <size>0xda</size>
         <input_file_ref idref="fl-8"/>
      </object_component>
      <object_component id="oc-1c2">
         <name>.debug_info</name>
         <load_address>0xd122</load_address>
         <run_address>0xd122</run_address>
         <size>0xde</size>
         <input_file_ref idref="fl-8"/>
      </object_component>
      <object_component id="oc-1c5">
         <name>.debug_info</name>
         <load_address>0xd200</load_address>
         <run_address>0xd200</run_address>
         <size>0xe4</size>
         <input_file_ref idref="fl-8"/>
      </object_component>
      <object_component id="oc-1c8">
         <name>.debug_info</name>
         <load_address>0xd2e4</load_address>
         <run_address>0xd2e4</run_address>
         <size>0xe2</size>
         <input_file_ref idref="fl-8"/>
      </object_component>
      <object_component id="oc-1cb">
         <name>.debug_info</name>
         <load_address>0xd3c6</load_address>
         <run_address>0xd3c6</run_address>
         <size>0xe6</size>
         <input_file_ref idref="fl-8"/>
      </object_component>
      <object_component id="oc-1b9">
         <name>.debug_info</name>
         <load_address>0xd4ac</load_address>
         <run_address>0xd4ac</run_address>
         <size>0xe3</size>
         <input_file_ref idref="fl-8"/>
      </object_component>
      <object_component id="oc-10a">
         <name>.debug_info</name>
         <load_address>0xd58f</load_address>
         <run_address>0xd58f</run_address>
         <size>0xd27</size>
         <input_file_ref idref="fl-8"/>
      </object_component>
      <object_component id="oc-170">
         <name>.debug_info</name>
         <load_address>0xe2b6</load_address>
         <run_address>0xe2b6</run_address>
         <size>0x3b5</size>
         <input_file_ref idref="fl-a"/>
      </object_component>
      <object_component id="oc-162">
         <name>.debug_info</name>
         <load_address>0xe66b</load_address>
         <run_address>0xe66b</run_address>
         <size>0xd9</size>
         <input_file_ref idref="fl-a"/>
      </object_component>
      <object_component id="oc-168">
         <name>.debug_info</name>
         <load_address>0xe744</load_address>
         <run_address>0xe744</run_address>
         <size>0xe5</size>
         <input_file_ref idref="fl-a"/>
      </object_component>
      <object_component id="oc-159">
         <name>.debug_info</name>
         <load_address>0xe829</load_address>
         <run_address>0xe829</run_address>
         <size>0xdf</size>
         <input_file_ref idref="fl-a"/>
      </object_component>
      <object_component id="oc-165">
         <name>.debug_info</name>
         <load_address>0xe908</load_address>
         <run_address>0xe908</run_address>
         <size>0xec</size>
         <input_file_ref idref="fl-a"/>
      </object_component>
      <object_component id="oc-c7">
         <name>.debug_info</name>
         <load_address>0xe9f4</load_address>
         <run_address>0xe9f4</run_address>
         <size>0x2bf1</size>
         <input_file_ref idref="fl-a"/>
      </object_component>
      <object_component id="oc-1fa">
         <name>.debug_info</name>
         <load_address>0x115e5</load_address>
         <run_address>0x115e5</run_address>
         <size>0x51</size>
         <input_file_ref idref="fl-a"/>
      </object_component>
      <object_component id="oc-178">
         <name>.debug_info</name>
         <load_address>0x11636</load_address>
         <run_address>0x11636</run_address>
         <size>0x340</size>
         <input_file_ref idref="fl-b"/>
      </object_component>
      <object_component id="oc-172">
         <name>.debug_info</name>
         <load_address>0x11976</load_address>
         <run_address>0x11976</run_address>
         <size>0xe6</size>
         <input_file_ref idref="fl-b"/>
      </object_component>
      <object_component id="oc-175">
         <name>.debug_info</name>
         <load_address>0x11a5c</load_address>
         <run_address>0x11a5c</run_address>
         <size>0xf8</size>
         <input_file_ref idref="fl-b"/>
      </object_component>
      <object_component id="oc-ce">
         <name>.debug_info</name>
         <load_address>0x11b54</load_address>
         <run_address>0x11b54</run_address>
         <size>0x250a</size>
         <input_file_ref idref="fl-b"/>
      </object_component>
      <object_component id="oc-18b">
         <name>.debug_info</name>
         <load_address>0x1405e</load_address>
         <run_address>0x1405e</run_address>
         <size>0x335</size>
         <input_file_ref idref="fl-c"/>
      </object_component>
      <object_component id="oc-185">
         <name>.debug_info</name>
         <load_address>0x14393</load_address>
         <run_address>0x14393</run_address>
         <size>0xe3</size>
         <input_file_ref idref="fl-c"/>
      </object_component>
      <object_component id="oc-188">
         <name>.debug_info</name>
         <load_address>0x14476</load_address>
         <run_address>0x14476</run_address>
         <size>0xf5</size>
         <input_file_ref idref="fl-c"/>
      </object_component>
      <object_component id="oc-dc">
         <name>.debug_info</name>
         <load_address>0x1456b</load_address>
         <run_address>0x1456b</run_address>
         <size>0x27b5</size>
         <input_file_ref idref="fl-c"/>
      </object_component>
      <object_component id="oc-1a7">
         <name>.debug_info</name>
         <load_address>0x16d20</load_address>
         <run_address>0x16d20</run_address>
         <size>0x3e1</size>
         <input_file_ref idref="fl-d"/>
      </object_component>
      <object_component id="oc-199">
         <name>.debug_info</name>
         <load_address>0x17101</load_address>
         <run_address>0x17101</run_address>
         <size>0xd8</size>
         <input_file_ref idref="fl-d"/>
      </object_component>
      <object_component id="oc-1a4">
         <name>.debug_info</name>
         <load_address>0x171d9</load_address>
         <run_address>0x171d9</run_address>
         <size>0xd2</size>
         <input_file_ref idref="fl-d"/>
      </object_component>
      <object_component id="oc-19c">
         <name>.debug_info</name>
         <load_address>0x172ab</load_address>
         <run_address>0x172ab</run_address>
         <size>0xe0</size>
         <input_file_ref idref="fl-d"/>
      </object_component>
      <object_component id="oc-196">
         <name>.debug_info</name>
         <load_address>0x1738b</load_address>
         <run_address>0x1738b</run_address>
         <size>0xe4</size>
         <input_file_ref idref="fl-d"/>
      </object_component>
      <object_component id="oc-f2">
         <name>.debug_info</name>
         <load_address>0x1746f</load_address>
         <run_address>0x1746f</run_address>
         <size>0x811</size>
         <input_file_ref idref="fl-d"/>
      </object_component>
      <object_component id="oc-1a1">
         <name>.debug_info</name>
         <load_address>0x17c80</load_address>
         <run_address>0x17c80</run_address>
         <size>0x13a</size>
         <input_file_ref idref="fl-c7"/>
      </object_component>
      <object_component id="oc-8b">
         <name>.debug_info</name>
         <load_address>0x17dba</load_address>
         <run_address>0x17dba</run_address>
         <size>0x313</size>
         <input_file_ref idref="fl-c8"/>
      </object_component>
      <object_component id="oc-4d">
         <name>.debug_info</name>
         <load_address>0x180cd</load_address>
         <run_address>0x180cd</run_address>
         <size>0x1aa</size>
         <input_file_ref idref="fl-c8"/>
      </object_component>
      <object_component id="oc-86">
         <name>.debug_info</name>
         <load_address>0x18277</load_address>
         <run_address>0x18277</run_address>
         <size>0x46</size>
         <input_file_ref idref="fl-c8"/>
      </object_component>
      <object_component id="oc-bd">
         <name>.debug_info</name>
         <load_address>0x182bd</load_address>
         <run_address>0x182bd</run_address>
         <size>0x2c</size>
         <input_file_ref idref="fl-c8"/>
      </object_component>
      <object_component id="oc-43">
         <name>.debug_info</name>
         <load_address>0x182e9</load_address>
         <run_address>0x182e9</run_address>
         <size>0x29d</size>
         <input_file_ref idref="fl-c9"/>
      </object_component>
      <object_component id="oc-19">
         <name>.debug_info</name>
         <load_address>0x18586</load_address>
         <run_address>0x18586</run_address>
         <size>0x1df</size>
         <input_file_ref idref="fl-c9"/>
      </object_component>
      <object_component id="oc-3e">
         <name>.debug_info</name>
         <load_address>0x18765</load_address>
         <run_address>0x18765</run_address>
         <size>0x46</size>
         <input_file_ref idref="fl-c9"/>
      </object_component>
      <object_component id="oc-7e">
         <name>.debug_info</name>
         <load_address>0x187ab</load_address>
         <run_address>0x187ab</run_address>
         <size>0x2c</size>
         <input_file_ref idref="fl-c9"/>
      </object_component>
      <object_component id="oc-7c">
         <name>.debug_info</name>
         <load_address>0x187d7</load_address>
         <run_address>0x187d7</run_address>
         <size>0x293</size>
         <input_file_ref idref="fl-ca"/>
      </object_component>
      <object_component id="oc-13">
         <name>.debug_info</name>
         <load_address>0x18a6a</load_address>
         <run_address>0x18a6a</run_address>
         <size>0x245</size>
         <input_file_ref idref="fl-ca"/>
      </object_component>
      <object_component id="oc-2e">
         <name>.debug_info</name>
         <load_address>0x18caf</load_address>
         <run_address>0x18caf</run_address>
         <size>0x60</size>
         <input_file_ref idref="fl-ca"/>
      </object_component>
      <object_component id="oc-b6">
         <name>.debug_info</name>
         <load_address>0x18d0f</load_address>
         <run_address>0x18d0f</run_address>
         <size>0x46</size>
         <input_file_ref idref="fl-ca"/>
      </object_component>
      <object_component id="oc-77">
         <name>.debug_info</name>
         <load_address>0x18d55</load_address>
         <run_address>0x18d55</run_address>
         <size>0x39</size>
         <input_file_ref idref="fl-ca"/>
      </object_component>
      <object_component id="oc-22">
         <name>.debug_info</name>
         <load_address>0x18d8e</load_address>
         <run_address>0x18d8e</run_address>
         <size>0x100</size>
         <input_file_ref idref="fl-cb"/>
      </object_component>
      <object_component id="oc-58">
         <name>.debug_info</name>
         <load_address>0x18e8e</load_address>
         <run_address>0x18e8e</run_address>
         <size>0x1a4</size>
         <input_file_ref idref="fl-cb"/>
      </object_component>
      <object_component id="oc-11b">
         <name>.debug_info</name>
         <load_address>0x19032</load_address>
         <run_address>0x19032</run_address>
         <size>0x117</size>
         <input_file_ref idref="fl-cc"/>
      </object_component>
      <object_component id="oc-190">
         <name>.debug_info</name>
         <load_address>0x19149</load_address>
         <run_address>0x19149</run_address>
         <size>0x2ae</size>
         <input_file_ref idref="fl-cf"/>
      </object_component>
      <object_component id="oc-e2">
         <name>.debug_info</name>
         <load_address>0x193f7</load_address>
         <run_address>0x193f7</run_address>
         <size>0x171</size>
         <input_file_ref idref="fl-cf"/>
      </object_component>
      <object_component id="oc-214">
         <name>.debug_info</name>
         <load_address>0x19568</load_address>
         <run_address>0x19568</run_address>
         <size>0xee</size>
         <input_file_ref idref="fl-d0"/>
      </object_component>
      <object_component id="oc-18d">
         <name>.debug_info</name>
         <load_address>0x19656</load_address>
         <run_address>0x19656</run_address>
         <size>0xfa</size>
         <input_file_ref idref="fl-d0"/>
      </object_component>
      <object_component id="oc-192">
         <name>.debug_info</name>
         <load_address>0x19750</load_address>
         <run_address>0x19750</run_address>
         <size>0x299</size>
         <input_file_ref idref="fl-d1"/>
      </object_component>
      <object_component id="oc-e6">
         <name>.debug_info</name>
         <load_address>0x199e9</load_address>
         <run_address>0x199e9</run_address>
         <size>0x231</size>
         <input_file_ref idref="fl-d1"/>
      </object_component>
      <object_component id="oc-194">
         <name>.debug_info</name>
         <load_address>0x19c1a</load_address>
         <run_address>0x19c1a</run_address>
         <size>0x284</size>
         <input_file_ref idref="fl-d2"/>
      </object_component>
      <object_component id="oc-ec">
         <name>.debug_info</name>
         <load_address>0x19e9e</load_address>
         <run_address>0x19e9e</run_address>
         <size>0x22a</size>
         <input_file_ref idref="fl-d2"/>
      </object_component>
      <object_component id="oc-223">
         <name>.debug_info</name>
         <load_address>0x1a0c8</load_address>
         <run_address>0x1a0c8</run_address>
         <size>0x10d</size>
         <input_file_ref idref="fl-d3"/>
      </object_component>
      <object_component id="oc-8e">
         <name>.debug_info</name>
         <load_address>0x1a1d5</load_address>
         <run_address>0x1a1d5</run_address>
         <size>0x13f</size>
         <input_file_ref idref="fl-d4"/>
      </object_component>
      <object_component id="oc-3b">
         <name>.debug_info</name>
         <load_address>0x1a314</load_address>
         <run_address>0x1a314</run_address>
         <size>0x111</size>
         <input_file_ref idref="fl-d5"/>
      </object_component>
      <object_component id="oc-1da">
         <name>.debug_info</name>
         <load_address>0x1a425</load_address>
         <run_address>0x1a425</run_address>
         <size>0x547</size>
         <input_file_ref idref="fl-d6"/>
      </object_component>
      <object_component id="oc-128">
         <name>.debug_info</name>
         <load_address>0x1a96c</load_address>
         <run_address>0x1a96c</run_address>
         <size>0x19b</size>
         <input_file_ref idref="fl-d6"/>
      </object_component>
      <object_component id="oc-256">
         <name>.debug_info</name>
         <load_address>0x1ab07</load_address>
         <run_address>0x1ab07</run_address>
         <size>0x39</size>
         <input_file_ref idref="fl-d6"/>
      </object_component>
      <object_component id="oc-26d">
         <name>.debug_info</name>
         <load_address>0x1ab40</load_address>
         <run_address>0x1ab40</run_address>
         <size>0x39</size>
         <input_file_ref idref="fl-d6"/>
      </object_component>
      <object_component id="oc-25b">
         <name>.debug_info</name>
         <load_address>0x1ab79</load_address>
         <run_address>0x1ab79</run_address>
         <size>0x39</size>
         <input_file_ref idref="fl-d6"/>
      </object_component>
      <object_component id="oc-260">
         <name>.debug_info</name>
         <load_address>0x1abb2</load_address>
         <run_address>0x1abb2</run_address>
         <size>0xcd</size>
         <input_file_ref idref="fl-d6"/>
      </object_component>
      <object_component id="oc-96">
         <name>.debug_info</name>
         <load_address>0x1ac7f</load_address>
         <run_address>0x1ac7f</run_address>
         <size>0x148</size>
         <input_file_ref idref="fl-d7"/>
      </object_component>
      <object_component id="oc-2a6">
         <name>.debug_info</name>
         <load_address>0x1adc7</load_address>
         <run_address>0x1adc7</run_address>
         <size>0x96</size>
      </object_component>
      <object_component id="oc-157">
         <name>.debug_line</name>
         <load_address>0x0</load_address>
         <run_address>0x0</run_address>
         <size>0x172</size>
         <input_file_ref idref="fl-2"/>
      </object_component>
      <object_component id="oc-1b2">
         <name>.debug_line</name>
         <load_address>0x172</load_address>
         <run_address>0x172</run_address>
         <size>0x2d</size>
         <input_file_ref idref="fl-2"/>
      </object_component>
      <object_component id="oc-9c">
         <name>.debug_line</name>
         <load_address>0x19f</load_address>
         <run_address>0x19f</run_address>
         <size>0x5fb</size>
         <input_file_ref idref="fl-2"/>
      </object_component>
      <object_component id="oc-70">
         <name>.debug_line</name>
         <load_address>0x79a</load_address>
         <run_address>0x79a</run_address>
         <size>0x69</size>
         <input_file_ref idref="fl-2"/>
      </object_component>
      <object_component id="oc-b2">
         <name>.debug_line</name>
         <load_address>0x803</load_address>
         <run_address>0x803</run_address>
         <size>0x20</size>
         <input_file_ref idref="fl-2"/>
      </object_component>
      <object_component id="oc-ad">
         <name>.debug_line</name>
         <load_address>0x823</load_address>
         <run_address>0x823</run_address>
         <size>0x6d</size>
         <input_file_ref idref="fl-2"/>
      </object_component>
      <object_component id="oc-16e">
         <name>.debug_line</name>
         <load_address>0x890</load_address>
         <run_address>0x890</run_address>
         <size>0x69</size>
         <input_file_ref idref="fl-2"/>
      </object_component>
      <object_component id="oc-75">
         <name>.debug_line</name>
         <load_address>0x8f9</load_address>
         <run_address>0x8f9</run_address>
         <size>0x6a</size>
         <input_file_ref idref="fl-2"/>
      </object_component>
      <object_component id="oc-116">
         <name>.debug_line</name>
         <load_address>0x963</load_address>
         <run_address>0x963</run_address>
         <size>0x65</size>
         <input_file_ref idref="fl-2"/>
      </object_component>
      <object_component id="oc-6c">
         <name>.debug_line</name>
         <load_address>0x9c8</load_address>
         <run_address>0x9c8</run_address>
         <size>0x41</size>
         <input_file_ref idref="fl-3"/>
      </object_component>
      <object_component id="oc-2b">
         <name>.debug_line</name>
         <load_address>0xa09</load_address>
         <run_address>0xa09</run_address>
         <size>0x41</size>
         <input_file_ref idref="fl-3"/>
      </object_component>
      <object_component id="oc-26">
         <name>.debug_line</name>
         <load_address>0xa4a</load_address>
         <run_address>0xa4a</run_address>
         <size>0xa1</size>
         <input_file_ref idref="fl-3"/>
      </object_component>
      <object_component id="oc-36">
         <name>.debug_line</name>
         <load_address>0xaeb</load_address>
         <run_address>0xaeb</run_address>
         <size>0x20</size>
         <input_file_ref idref="fl-3"/>
      </object_component>
      <object_component id="oc-235">
         <name>.debug_line</name>
         <load_address>0xb0b</load_address>
         <run_address>0xb0b</run_address>
         <size>0x5b</size>
         <input_file_ref idref="fl-4"/>
      </object_component>
      <object_component id="oc-233">
         <name>.debug_line</name>
         <load_address>0xb66</load_address>
         <run_address>0xb66</run_address>
         <size>0x38</size>
         <input_file_ref idref="fl-4"/>
      </object_component>
      <object_component id="oc-104">
         <name>.debug_line</name>
         <load_address>0xb9e</load_address>
         <run_address>0xb9e</run_address>
         <size>0x5d9</size>
         <input_file_ref idref="fl-4"/>
      </object_component>
      <object_component id="oc-15c">
         <name>.debug_line</name>
         <load_address>0x1177</load_address>
         <run_address>0x1177</run_address>
         <size>0xdb</size>
         <input_file_ref idref="fl-5"/>
      </object_component>
      <object_component id="oc-20b">
         <name>.debug_line</name>
         <load_address>0x1252</load_address>
         <run_address>0x1252</run_address>
         <size>0x5b</size>
         <input_file_ref idref="fl-6"/>
      </object_component>
      <object_component id="oc-205">
         <name>.debug_line</name>
         <load_address>0x12ad</load_address>
         <run_address>0x12ad</run_address>
         <size>0x39</size>
         <input_file_ref idref="fl-6"/>
      </object_component>
      <object_component id="oc-207">
         <name>.debug_line</name>
         <load_address>0x12e6</load_address>
         <run_address>0x12e6</run_address>
         <size>0x39</size>
         <input_file_ref idref="fl-6"/>
      </object_component>
      <object_component id="oc-209">
         <name>.debug_line</name>
         <load_address>0x131f</load_address>
         <run_address>0x131f</run_address>
         <size>0x39</size>
         <input_file_ref idref="fl-6"/>
      </object_component>
      <object_component id="oc-d4">
         <name>.debug_line</name>
         <load_address>0x1358</load_address>
         <run_address>0x1358</run_address>
         <size>0x5fa</size>
         <input_file_ref idref="fl-6"/>
      </object_component>
      <object_component id="oc-231">
         <name>.debug_line</name>
         <load_address>0x1952</load_address>
         <run_address>0x1952</run_address>
         <size>0x5b</size>
         <input_file_ref idref="fl-7"/>
      </object_component>
      <object_component id="oc-22d">
         <name>.debug_line</name>
         <load_address>0x19ad</load_address>
         <run_address>0x19ad</run_address>
         <size>0x38</size>
         <input_file_ref idref="fl-7"/>
      </object_component>
      <object_component id="oc-22f">
         <name>.debug_line</name>
         <load_address>0x19e5</load_address>
         <run_address>0x19e5</run_address>
         <size>0x38</size>
         <input_file_ref idref="fl-7"/>
      </object_component>
      <object_component id="oc-fb">
         <name>.debug_line</name>
         <load_address>0x1a1d</load_address>
         <run_address>0x1a1d</run_address>
         <size>0x69b</size>
         <input_file_ref idref="fl-7"/>
      </object_component>
      <object_component id="oc-245">
         <name>.debug_line</name>
         <load_address>0x20b8</load_address>
         <run_address>0x20b8</run_address>
         <size>0x55</size>
         <input_file_ref idref="fl-8"/>
      </object_component>
      <object_component id="oc-239">
         <name>.debug_line</name>
         <load_address>0x210d</load_address>
         <run_address>0x210d</run_address>
         <size>0x3e</size>
         <input_file_ref idref="fl-8"/>
      </object_component>
      <object_component id="oc-23b">
         <name>.debug_line</name>
         <load_address>0x214b</load_address>
         <run_address>0x214b</run_address>
         <size>0x3e</size>
         <input_file_ref idref="fl-8"/>
      </object_component>
      <object_component id="oc-23d">
         <name>.debug_line</name>
         <load_address>0x2189</load_address>
         <run_address>0x2189</run_address>
         <size>0x3e</size>
         <input_file_ref idref="fl-8"/>
      </object_component>
      <object_component id="oc-23f">
         <name>.debug_line</name>
         <load_address>0x21c7</load_address>
         <run_address>0x21c7</run_address>
         <size>0x3e</size>
         <input_file_ref idref="fl-8"/>
      </object_component>
      <object_component id="oc-241">
         <name>.debug_line</name>
         <load_address>0x2205</load_address>
         <run_address>0x2205</run_address>
         <size>0x3e</size>
         <input_file_ref idref="fl-8"/>
      </object_component>
      <object_component id="oc-243">
         <name>.debug_line</name>
         <load_address>0x2243</load_address>
         <run_address>0x2243</run_address>
         <size>0x3e</size>
         <input_file_ref idref="fl-8"/>
      </object_component>
      <object_component id="oc-237">
         <name>.debug_line</name>
         <load_address>0x2281</load_address>
         <run_address>0x2281</run_address>
         <size>0x3e</size>
         <input_file_ref idref="fl-8"/>
      </object_component>
      <object_component id="oc-10d">
         <name>.debug_line</name>
         <load_address>0x22bf</load_address>
         <run_address>0x22bf</run_address>
         <size>0x2ef</size>
         <input_file_ref idref="fl-8"/>
      </object_component>
      <object_component id="oc-1f9">
         <name>.debug_line</name>
         <load_address>0x25ae</load_address>
         <run_address>0x25ae</run_address>
         <size>0xc8</size>
         <input_file_ref idref="fl-a"/>
      </object_component>
      <object_component id="oc-1f3">
         <name>.debug_line</name>
         <load_address>0x2676</load_address>
         <run_address>0x2676</run_address>
         <size>0x3b</size>
         <input_file_ref idref="fl-a"/>
      </object_component>
      <object_component id="oc-1f7">
         <name>.debug_line</name>
         <load_address>0x26b1</load_address>
         <run_address>0x26b1</run_address>
         <size>0x3b</size>
         <input_file_ref idref="fl-a"/>
      </object_component>
      <object_component id="oc-1f0">
         <name>.debug_line</name>
         <load_address>0x26ec</load_address>
         <run_address>0x26ec</run_address>
         <size>0x3b</size>
         <input_file_ref idref="fl-a"/>
      </object_component>
      <object_component id="oc-1f5">
         <name>.debug_line</name>
         <load_address>0x2727</load_address>
         <run_address>0x2727</run_address>
         <size>0x3b</size>
         <input_file_ref idref="fl-a"/>
      </object_component>
      <object_component id="oc-cb">
         <name>.debug_line</name>
         <load_address>0x2762</load_address>
         <run_address>0x2762</run_address>
         <size>0x99b</size>
         <input_file_ref idref="fl-a"/>
      </object_component>
      <object_component id="oc-1fc">
         <name>.debug_line</name>
         <load_address>0x30fd</load_address>
         <run_address>0x30fd</run_address>
         <size>0x3b</size>
         <input_file_ref idref="fl-a"/>
      </object_component>
      <object_component id="oc-203">
         <name>.debug_line</name>
         <load_address>0x3138</load_address>
         <run_address>0x3138</run_address>
         <size>0x5b</size>
         <input_file_ref idref="fl-b"/>
      </object_component>
      <object_component id="oc-1ff">
         <name>.debug_line</name>
         <load_address>0x3193</load_address>
         <run_address>0x3193</run_address>
         <size>0x3a</size>
         <input_file_ref idref="fl-b"/>
      </object_component>
      <object_component id="oc-201">
         <name>.debug_line</name>
         <load_address>0x31cd</load_address>
         <run_address>0x31cd</run_address>
         <size>0x3a</size>
         <input_file_ref idref="fl-b"/>
      </object_component>
      <object_component id="oc-cd">
         <name>.debug_line</name>
         <load_address>0x3207</load_address>
         <run_address>0x3207</run_address>
         <size>0x51b</size>
         <input_file_ref idref="fl-b"/>
      </object_component>
      <object_component id="oc-211">
         <name>.debug_line</name>
         <load_address>0x3722</load_address>
         <run_address>0x3722</run_address>
         <size>0x5b</size>
         <input_file_ref idref="fl-c"/>
      </object_component>
      <object_component id="oc-20d">
         <name>.debug_line</name>
         <load_address>0x377d</load_address>
         <run_address>0x377d</run_address>
         <size>0x39</size>
         <input_file_ref idref="fl-c"/>
      </object_component>
      <object_component id="oc-20f">
         <name>.debug_line</name>
         <load_address>0x37b6</load_address>
         <run_address>0x37b6</run_address>
         <size>0x39</size>
         <input_file_ref idref="fl-c"/>
      </object_component>
      <object_component id="oc-de">
         <name>.debug_line</name>
         <load_address>0x37ef</load_address>
         <run_address>0x37ef</run_address>
         <size>0x5b8</size>
         <input_file_ref idref="fl-c"/>
      </object_component>
      <object_component id="oc-22b">
         <name>.debug_line</name>
         <load_address>0x3da7</load_address>
         <run_address>0x3da7</run_address>
         <size>0x8e</size>
         <input_file_ref idref="fl-d"/>
      </object_component>
      <object_component id="oc-21e">
         <name>.debug_line</name>
         <load_address>0x3e35</load_address>
         <run_address>0x3e35</run_address>
         <size>0x3e</size>
         <input_file_ref idref="fl-d"/>
      </object_component>
      <object_component id="oc-229">
         <name>.debug_line</name>
         <load_address>0x3e73</load_address>
         <run_address>0x3e73</run_address>
         <size>0x3e</size>
         <input_file_ref idref="fl-d"/>
      </object_component>
      <object_component id="oc-220">
         <name>.debug_line</name>
         <load_address>0x3eb1</load_address>
         <run_address>0x3eb1</run_address>
         <size>0x3e</size>
         <input_file_ref idref="fl-d"/>
      </object_component>
      <object_component id="oc-21c">
         <name>.debug_line</name>
         <load_address>0x3eef</load_address>
         <run_address>0x3eef</run_address>
         <size>0x3e</size>
         <input_file_ref idref="fl-d"/>
      </object_component>
      <object_component id="oc-f6">
         <name>.debug_line</name>
         <load_address>0x3f2d</load_address>
         <run_address>0x3f2d</run_address>
         <size>0x28f</size>
         <input_file_ref idref="fl-d"/>
      </object_component>
      <object_component id="oc-1a0">
         <name>.debug_line</name>
         <load_address>0x41bc</load_address>
         <run_address>0x41bc</run_address>
         <size>0x5b</size>
         <input_file_ref idref="fl-c7"/>
      </object_component>
      <object_component id="oc-c3">
         <name>.debug_line</name>
         <load_address>0x4217</load_address>
         <run_address>0x4217</run_address>
         <size>0x9e</size>
         <input_file_ref idref="fl-c8"/>
      </object_component>
      <object_component id="oc-4b">
         <name>.debug_line</name>
         <load_address>0x42b5</load_address>
         <run_address>0x42b5</run_address>
         <size>0x4f</size>
         <input_file_ref idref="fl-c8"/>
      </object_component>
      <object_component id="oc-89">
         <name>.debug_line</name>
         <load_address>0x4304</load_address>
         <run_address>0x4304</run_address>
         <size>0x34</size>
         <input_file_ref idref="fl-c8"/>
      </object_component>
      <object_component id="oc-c0">
         <name>.debug_line</name>
         <load_address>0x4338</load_address>
         <run_address>0x4338</run_address>
         <size>0x8a</size>
         <input_file_ref idref="fl-c8"/>
      </object_component>
      <object_component id="oc-84">
         <name>.debug_line</name>
         <load_address>0x43c2</load_address>
         <run_address>0x43c2</run_address>
         <size>0x20</size>
         <input_file_ref idref="fl-c9"/>
      </object_component>
      <object_component id="oc-1c">
         <name>.debug_line</name>
         <load_address>0x43e2</load_address>
         <run_address>0x43e2</run_address>
         <size>0x55</size>
         <input_file_ref idref="fl-c9"/>
      </object_component>
      <object_component id="oc-41">
         <name>.debug_line</name>
         <load_address>0x4437</load_address>
         <run_address>0x4437</run_address>
         <size>0x3a</size>
         <input_file_ref idref="fl-c9"/>
      </object_component>
      <object_component id="oc-81">
         <name>.debug_line</name>
         <load_address>0x4471</load_address>
         <run_address>0x4471</run_address>
         <size>0x8a</size>
         <input_file_ref idref="fl-c9"/>
      </object_component>
      <object_component id="oc-bc">
         <name>.debug_line</name>
         <load_address>0x44fb</load_address>
         <run_address>0x44fb</run_address>
         <size>0x20</size>
         <input_file_ref idref="fl-ca"/>
      </object_component>
      <object_component id="oc-17">
         <name>.debug_line</name>
         <load_address>0x451b</load_address>
         <run_address>0x451b</run_address>
         <size>0xa9</size>
         <input_file_ref idref="fl-ca"/>
      </object_component>
      <object_component id="oc-31">
         <name>.debug_line</name>
         <load_address>0x45c4</load_address>
         <run_address>0x45c4</run_address>
         <size>0x3a</size>
         <input_file_ref idref="fl-ca"/>
      </object_component>
      <object_component id="oc-b9">
         <name>.debug_line</name>
         <load_address>0x45fe</load_address>
         <run_address>0x45fe</run_address>
         <size>0x92</size>
         <input_file_ref idref="fl-ca"/>
      </object_component>
      <object_component id="oc-7a">
         <name>.debug_line</name>
         <load_address>0x4690</load_address>
         <run_address>0x4690</run_address>
         <size>0x8e</size>
         <input_file_ref idref="fl-ca"/>
      </object_component>
      <object_component id="oc-69">
         <name>.debug_line</name>
         <load_address>0x471e</load_address>
         <run_address>0x471e</run_address>
         <size>0x33</size>
         <input_file_ref idref="fl-cb"/>
      </object_component>
      <object_component id="oc-5a">
         <name>.debug_line</name>
         <load_address>0x4751</load_address>
         <run_address>0x4751</run_address>
         <size>0x56</size>
         <input_file_ref idref="fl-cb"/>
      </object_component>
      <object_component id="oc-11d">
         <name>.debug_line</name>
         <load_address>0x47a7</load_address>
         <run_address>0x47a7</run_address>
         <size>0x3c</size>
         <input_file_ref idref="fl-cc"/>
      </object_component>
      <object_component id="oc-216">
         <name>.debug_line</name>
         <load_address>0x47e3</load_address>
         <run_address>0x47e3</run_address>
         <size>0x89</size>
         <input_file_ref idref="fl-cf"/>
      </object_component>
      <object_component id="oc-e0">
         <name>.debug_line</name>
         <load_address>0x486c</load_address>
         <run_address>0x486c</run_address>
         <size>0x63</size>
         <input_file_ref idref="fl-cf"/>
      </object_component>
      <object_component id="oc-268">
         <name>.debug_line</name>
         <load_address>0x48cf</load_address>
         <run_address>0x48cf</run_address>
         <size>0x20</size>
         <input_file_ref idref="fl-d0"/>
      </object_component>
      <object_component id="oc-213">
         <name>.debug_line</name>
         <load_address>0x48ef</load_address>
         <run_address>0x48ef</run_address>
         <size>0x2b</size>
         <input_file_ref idref="fl-d0"/>
      </object_component>
      <object_component id="oc-218">
         <name>.debug_line</name>
         <load_address>0x491a</load_address>
         <run_address>0x491a</run_address>
         <size>0x20</size>
         <input_file_ref idref="fl-d1"/>
      </object_component>
      <object_component id="oc-e9">
         <name>.debug_line</name>
         <load_address>0x493a</load_address>
         <run_address>0x493a</run_address>
         <size>0xa0</size>
         <input_file_ref idref="fl-d1"/>
      </object_component>
      <object_component id="oc-21a">
         <name>.debug_line</name>
         <load_address>0x49da</load_address>
         <run_address>0x49da</run_address>
         <size>0x20</size>
         <input_file_ref idref="fl-d2"/>
      </object_component>
      <object_component id="oc-ef">
         <name>.debug_line</name>
         <load_address>0x49fa</load_address>
         <run_address>0x49fa</run_address>
         <size>0xaa</size>
         <input_file_ref idref="fl-d2"/>
      </object_component>
      <object_component id="oc-222">
         <name>.debug_line</name>
         <load_address>0x4aa4</load_address>
         <run_address>0x4aa4</run_address>
         <size>0x37</size>
         <input_file_ref idref="fl-d3"/>
      </object_component>
      <object_component id="oc-8d">
         <name>.debug_line</name>
         <load_address>0x4adb</load_address>
         <run_address>0x4adb</run_address>
         <size>0x79</size>
         <input_file_ref idref="fl-d4"/>
      </object_component>
      <object_component id="oc-3a">
         <name>.debug_line</name>
         <load_address>0x4b54</load_address>
         <run_address>0x4b54</run_address>
         <size>0x88</size>
         <input_file_ref idref="fl-d5"/>
      </object_component>
      <object_component id="oc-255">
         <name>.debug_line</name>
         <load_address>0x4bdc</load_address>
         <run_address>0x4bdc</run_address>
         <size>0xb7</size>
         <input_file_ref idref="fl-d6"/>
      </object_component>
      <object_component id="oc-125">
         <name>.debug_line</name>
         <load_address>0x4c93</load_address>
         <run_address>0x4c93</run_address>
         <size>0x6c</size>
         <input_file_ref idref="fl-d6"/>
      </object_component>
      <object_component id="oc-259">
         <name>.debug_line</name>
         <load_address>0x4cff</load_address>
         <run_address>0x4cff</run_address>
         <size>0x2e</size>
         <input_file_ref idref="fl-d6"/>
      </object_component>
      <object_component id="oc-270">
         <name>.debug_line</name>
         <load_address>0x4d2d</load_address>
         <run_address>0x4d2d</run_address>
         <size>0x92</size>
         <input_file_ref idref="fl-d6"/>
      </object_component>
      <object_component id="oc-25e">
         <name>.debug_line</name>
         <load_address>0x4dbf</load_address>
         <run_address>0x4dbf</run_address>
         <size>0x8f</size>
         <input_file_ref idref="fl-d6"/>
      </object_component>
      <object_component id="oc-263">
         <name>.debug_line</name>
         <load_address>0x4e4e</load_address>
         <run_address>0x4e4e</run_address>
         <size>0x8b</size>
         <input_file_ref idref="fl-d6"/>
      </object_component>
      <object_component id="oc-95">
         <name>.debug_line</name>
         <load_address>0x4ed9</load_address>
         <run_address>0x4ed9</run_address>
         <size>0x40</size>
         <input_file_ref idref="fl-d7"/>
      </object_component>
      <object_component id="oc-9d">
         <name>.debug_frame</name>
         <load_address>0x0</load_address>
         <run_address>0x0</run_address>
         <size>0x234</size>
         <input_file_ref idref="fl-2"/>
      </object_component>
      <object_component id="oc-27">
         <name>.debug_frame</name>
         <load_address>0x234</load_address>
         <run_address>0x234</run_address>
         <size>0x90</size>
         <input_file_ref idref="fl-3"/>
      </object_component>
      <object_component id="oc-108">
         <name>.debug_frame</name>
         <load_address>0x2c4</load_address>
         <run_address>0x2c4</run_address>
         <size>0x450</size>
         <input_file_ref idref="fl-4"/>
      </object_component>
      <object_component id="oc-160">
         <name>.debug_frame</name>
         <load_address>0x714</load_address>
         <run_address>0x714</run_address>
         <size>0xbc</size>
         <input_file_ref idref="fl-5"/>
      </object_component>
      <object_component id="oc-d3">
         <name>.debug_frame</name>
         <load_address>0x7d0</load_address>
         <run_address>0x7d0</run_address>
         <size>0x52c</size>
         <input_file_ref idref="fl-6"/>
      </object_component>
      <object_component id="oc-fc">
         <name>.debug_frame</name>
         <load_address>0xcfc</load_address>
         <run_address>0xcfc</run_address>
         <size>0x578</size>
         <input_file_ref idref="fl-7"/>
      </object_component>
      <object_component id="oc-10e">
         <name>.debug_frame</name>
         <load_address>0x1274</load_address>
         <run_address>0x1274</run_address>
         <size>0x1d4</size>
         <input_file_ref idref="fl-8"/>
      </object_component>
      <object_component id="oc-ca">
         <name>.debug_frame</name>
         <load_address>0x1448</load_address>
         <run_address>0x1448</run_address>
         <size>0x5a8</size>
         <input_file_ref idref="fl-a"/>
      </object_component>
      <object_component id="oc-d1">
         <name>.debug_frame</name>
         <load_address>0x19f0</load_address>
         <run_address>0x19f0</run_address>
         <size>0x3f8</size>
         <input_file_ref idref="fl-b"/>
      </object_component>
      <object_component id="oc-da">
         <name>.debug_frame</name>
         <load_address>0x1de8</load_address>
         <run_address>0x1de8</run_address>
         <size>0x4cc</size>
         <input_file_ref idref="fl-c"/>
      </object_component>
      <object_component id="oc-f5">
         <name>.debug_frame</name>
         <load_address>0x22b4</load_address>
         <run_address>0x22b4</run_address>
         <size>0x100</size>
         <input_file_ref idref="fl-d"/>
      </object_component>
      <object_component id="oc-4c">
         <name>.debug_frame</name>
         <load_address>0x23b4</load_address>
         <run_address>0x23b4</run_address>
         <size>0x54</size>
         <input_file_ref idref="fl-c8"/>
      </object_component>
      <object_component id="oc-1d">
         <name>.debug_frame</name>
         <load_address>0x2408</load_address>
         <run_address>0x2408</run_address>
         <size>0x54</size>
         <input_file_ref idref="fl-c9"/>
      </object_component>
      <object_component id="oc-16">
         <name>.debug_frame</name>
         <load_address>0x245c</load_address>
         <run_address>0x245c</run_address>
         <size>0x60</size>
         <input_file_ref idref="fl-ca"/>
      </object_component>
      <object_component id="oc-5b">
         <name>.debug_frame</name>
         <load_address>0x24bc</load_address>
         <run_address>0x24bc</run_address>
         <size>0x58</size>
         <input_file_ref idref="fl-cb"/>
      </object_component>
      <object_component id="oc-11a">
         <name>.debug_frame</name>
         <load_address>0x2514</load_address>
         <run_address>0x2514</run_address>
         <size>0x54</size>
         <input_file_ref idref="fl-cc"/>
      </object_component>
      <object_component id="oc-e1">
         <name>.debug_frame</name>
         <load_address>0x2568</load_address>
         <run_address>0x2568</run_address>
         <size>0x5c</size>
         <input_file_ref idref="fl-cf"/>
      </object_component>
      <object_component id="oc-ea">
         <name>.debug_frame</name>
         <load_address>0x25c4</load_address>
         <run_address>0x25c4</run_address>
         <size>0x54</size>
         <input_file_ref idref="fl-d1"/>
      </object_component>
      <object_component id="oc-f0">
         <name>.debug_frame</name>
         <load_address>0x2618</load_address>
         <run_address>0x2618</run_address>
         <size>0x54</size>
         <input_file_ref idref="fl-d2"/>
      </object_component>
      <object_component id="oc-126">
         <name>.debug_frame</name>
         <load_address>0x266c</load_address>
         <run_address>0x266c</run_address>
         <size>0x5c</size>
         <input_file_ref idref="fl-d6"/>
      </object_component>
      <object_component id="oc-93">
         <name>.debug_frame</name>
         <load_address>0x26c8</load_address>
         <run_address>0x26c8</run_address>
         <size>0x54</size>
         <input_file_ref idref="fl-d7"/>
      </object_component>
      <object_component id="oc-156">
         <name>.debug_abbrev</name>
         <load_address>0x0</load_address>
         <run_address>0x0</run_address>
         <size>0x104</size>
         <input_file_ref idref="fl-2"/>
      </object_component>
      <object_component id="oc-1b1">
         <name>.debug_abbrev</name>
         <load_address>0x104</load_address>
         <run_address>0x104</run_address>
         <size>0x29</size>
         <input_file_ref idref="fl-2"/>
      </object_component>
      <object_component id="oc-112">
         <name>.debug_abbrev</name>
         <load_address>0x12d</load_address>
         <run_address>0x12d</run_address>
         <size>0x113</size>
         <input_file_ref idref="fl-2"/>
      </object_component>
      <object_component id="oc-6f">
         <name>.debug_abbrev</name>
         <load_address>0x240</load_address>
         <run_address>0x240</run_address>
         <size>0x69</size>
         <input_file_ref idref="fl-2"/>
      </object_component>
      <object_component id="oc-b1">
         <name>.debug_abbrev</name>
         <load_address>0x2a9</load_address>
         <run_address>0x2a9</run_address>
         <size>0x1f</size>
         <input_file_ref idref="fl-2"/>
      </object_component>
      <object_component id="oc-ac">
         <name>.debug_abbrev</name>
         <load_address>0x2c8</load_address>
         <run_address>0x2c8</run_address>
         <size>0x5c</size>
         <input_file_ref idref="fl-2"/>
      </object_component>
      <object_component id="oc-16d">
         <name>.debug_abbrev</name>
         <load_address>0x324</load_address>
         <run_address>0x324</run_address>
         <size>0x24</size>
         <input_file_ref idref="fl-2"/>
      </object_component>
      <object_component id="oc-74">
         <name>.debug_abbrev</name>
         <load_address>0x348</load_address>
         <run_address>0x348</run_address>
         <size>0x24</size>
         <input_file_ref idref="fl-2"/>
      </object_component>
      <object_component id="oc-115">
         <name>.debug_abbrev</name>
         <load_address>0x36c</load_address>
         <run_address>0x36c</run_address>
         <size>0x24</size>
         <input_file_ref idref="fl-2"/>
      </object_component>
      <object_component id="oc-6b">
         <name>.debug_abbrev</name>
         <load_address>0x390</load_address>
         <run_address>0x390</run_address>
         <size>0x68</size>
         <input_file_ref idref="fl-3"/>
      </object_component>
      <object_component id="oc-2a">
         <name>.debug_abbrev</name>
         <load_address>0x3f8</load_address>
         <run_address>0x3f8</run_address>
         <size>0x29</size>
         <input_file_ref idref="fl-3"/>
      </object_component>
      <object_component id="oc-6a">
         <name>.debug_abbrev</name>
         <load_address>0x421</load_address>
         <run_address>0x421</run_address>
         <size>0x79</size>
         <input_file_ref idref="fl-3"/>
      </object_component>
      <object_component id="oc-35">
         <name>.debug_abbrev</name>
         <load_address>0x49a</load_address>
         <run_address>0x49a</run_address>
         <size>0x1f</size>
         <input_file_ref idref="fl-3"/>
      </object_component>
      <object_component id="oc-234">
         <name>.debug_abbrev</name>
         <load_address>0x4b9</load_address>
         <run_address>0x4b9</run_address>
         <size>0x6f</size>
         <input_file_ref idref="fl-4"/>
      </object_component>
      <object_component id="oc-232">
         <name>.debug_abbrev</name>
         <load_address>0x528</load_address>
         <run_address>0x528</run_address>
         <size>0x27</size>
         <input_file_ref idref="fl-4"/>
      </object_component>
      <object_component id="oc-1b6">
         <name>.debug_abbrev</name>
[...]
      </symbol>
      <symbol id="sm-57e">
         <name>SysCtlResetCauseClear</name>
         <value>0x7f7</value>
         <object_component_ref idref="oc-c6"/>
      </symbol>
      <symbol id="sm-57f">
         <name>SysCtlLDOSleepGet</name>
         <value>0x785</value>
         <object_component_ref idref="oc-c6"/>
      </symbol>
      <symbol id="sm-580">
         <name>SysCtlClockFreqSet</name>
         <value>0x8d5</value>
         <object_component_ref idref="oc-c6"/>
      </symbol>
      <symbol id="sm-581">
         <name>SysCtlPeripheralReset</name>
         <value>0x481</value>
         <object_component_ref idref="oc-c6"/>
      </symbol>
      <symbol id="sm-5f9">
         <name>TimerMatchSet</name>
         <value>0x3c95</value>
         <object_component_ref idref="oc-cc"/>
      </symbol>
      <symbol id="sm-5fa">
         <name>TimerLoadSet</name>
         <value>0x3bb5</value>
         <object_component_ref idref="oc-cc"/>
      </symbol>
      <symbol id="sm-5fb">
         <name>TimerDMAEventSet</name>
         <value>0x3dff</value>
         <object_component_ref idref="oc-cc"/>
      </symbol>
      <symbol id="sm-5fc">
         <name>TimerADCEventSet</name>
         <value>0x3ddf</value>
         <object_component_ref idref="oc-cc"/>
      </symbol>
      <symbol id="sm-5fd">
         <name>TimerPrescaleMatchGet</name>
         <value>0x3b99</value>
         <object_component_ref idref="oc-cc"/>
      </symbol>
      <symbol id="sm-5fe">
         <name>TimerPrescaleGet</name>
         <value>0x3b4f</value>
         <object_component_ref idref="oc-cc"/>
      </symbol>
      <symbol id="sm-5ff">
         <name>TimerControlLevel</name>
         <value>0x395b</value>
         <object_component_ref idref="oc-cc"/>
      </symbol>
      <symbol id="sm-600">
         <name>TimerDisable</name>
         <value>0x38c1</value>
         <object_component_ref idref="oc-cc"/>
      </symbol>
      <symbol id="sm-601">
         <name>TimerUpdateMode</name>
         <value>0x3e1f</value>
         <object_component_ref idref="oc-cc"/>
      </symbol>
      <symbol id="sm-602">
         <name>TimerIntRegister</name>
         <value>0x3d27</value>
         <object_component_ref idref="oc-cc"/>
      </symbol>
      <symbol id="sm-603">
         <name>TimerMatchSet64</name>
         <value>0x3cdb</value>
         <object_component_ref idref="oc-cc"/>
      </symbol>
      <symbol id="sm-604">
         <name>TimerEnable</name>
         <value>0x38a3</value>
         <object_component_ref idref="oc-cc"/>
      </symbol>
      <symbol id="sm-605">
         <name>TimerLoadGet64</name>
         <value>0x3c15</value>
         <object_component_ref idref="oc-cc"/>
      </symbol>
      <symbol id="sm-606">
         <name>TimerIntUnregister</name>
         <value>0x3d4f</value>
         <object_component_ref idref="oc-cc"/>
      </symbol>
      <symbol id="sm-607">
         <name>TimerValueGet64</name>
         <value>0x3c63</value>
         <object_component_ref idref="oc-cc"/>
      </symbol>
      <symbol id="sm-608">
         <name>TimerMatchGet</name>
         <value>0x3cbf</value>
         <object_component_ref idref="oc-cc"/>
      </symbol>
      <symbol id="sm-609">
         <name>TimerIntStatus</name>
         <value>0x3d9d</value>
         <object_component_ref idref="oc-cc"/>
      </symbol>
      <symbol id="sm-60a">
         <name>TimerClockSourceGet</name>
         <value>0x3b15</value>
         <object_component_ref idref="oc-cc"/>
      </symbol>
      <symbol id="sm-60b">
         <name>TimerIntDisable</name>
         <value>0x3d85</value>
         <object_component_ref idref="oc-cc"/>
      </symbol>
      <symbol id="sm-60c">
         <name>TimerValueGet</name>
         <value>0x3c47</value>
         <object_component_ref idref="oc-cc"/>
      </symbol>
      <symbol id="sm-60d">
         <name>TimerControlTrigger</name>
         <value>0x3991</value>
         <object_component_ref idref="oc-cc"/>
      </symbol>
      <symbol id="sm-60e">
         <name>TimerPrescaleSet</name>
         <value>0x3b25</value>
         <object_component_ref idref="oc-cc"/>
      </symbol>
      <symbol id="sm-60f">
         <name>TimerControlStall</name>
         <value>0x3a29</value>
         <object_component_ref idref="oc-cc"/>
      </symbol>
      <symbol id="sm-610">
         <name>TimerMatchGet64</name>
         <value>0x3cf5</value>
         <object_component_ref idref="oc-cc"/>
      </symbol>
      <symbol id="sm-611">
         <name>TimerRTCEnable</name>
         <value>0x3abf</value>
         <object_component_ref idref="oc-cc"/>
      </symbol>
      <symbol id="sm-612">
         <name>TimerLoadGet</name>
         <value>0x3bdf</value>
         <object_component_ref idref="oc-cc"/>
      </symbol>
      <symbol id="sm-613">
         <name>TimerIntEnable</name>
         <value>0x3d6d</value>
         <object_component_ref idref="oc-cc"/>
      </symbol>
      <symbol id="sm-614">
         <name>TimerClockSourceSet</name>
         <value>0x3aeb</value>
         <object_component_ref idref="oc-cc"/>
      </symbol>
      <symbol id="sm-615">
         <name>TimerLoadSet64</name>
         <value>0x3bfb</value>
         <object_component_ref idref="oc-cc"/>
      </symbol>
      <symbol id="sm-616">
         <name>TimerDMAEventGet</name>
         <value>0x3e11</value>
         <object_component_ref idref="oc-cc"/>
      </symbol>
      <symbol id="sm-617">
         <name>TimerRTCDisable</name>
         <value>0x3ad5</value>
         <object_component_ref idref="oc-cc"/>
      </symbol>
      <symbol id="sm-618">
         <name>TimerADCEventGet</name>
         <value>0x3df1</value>
         <object_component_ref idref="oc-cc"/>
      </symbol>
      <symbol id="sm-619">
         <name>TimerPrescaleMatchSet</name>
         <value>0x3b6b</value>
         <object_component_ref idref="oc-cc"/>
      </symbol>
      <symbol id="sm-61a">
         <name>TimerControlWaitOnTrigger</name>
         <value>0x3a5f</value>
         <object_component_ref idref="oc-cc"/>
      </symbol>
      <symbol id="sm-61b">
         <name>TimerConfigure</name>
         <value>0x38df</value>
         <object_component_ref idref="oc-cc"/>
      </symbol>
      <symbol id="sm-61c">
         <name>TimerControlEvent</name>
         <value>0x39ff</value>
         <object_component_ref idref="oc-cc"/>
      </symbol>
      <symbol id="sm-61d">
         <name>TimerIntClear</name>
         <value>0x3dbb</value>
         <object_component_ref idref="oc-cc"/>
      </symbol>
      <symbol id="sm-61e">
         <name>TimerSynchronize</name>
         <value>0x3dcd</value>
         <object_component_ref idref="oc-cc"/>
      </symbol>
      <symbol id="sm-691">
         <name>UARTClockSourceGet</name>
         <value>0x43e3</value>
         <object_component_ref idref="oc-d9"/>
      </symbol>
      <symbol id="sm-692">
         <name>UARTCharPutNonBlocking</name>
         <value>0x4255</value>
         <object_component_ref idref="oc-d9"/>
      </symbol>
      <symbol id="sm-693">
         <name>UARTDMAEnable</name>
         <value>0x437d</value>
         <object_component_ref idref="oc-d9"/>
      </symbol>
      <symbol id="sm-694">
         <name>UARTTxIntModeSet</name>
         <value>0x41b9</value>
         <object_component_ref idref="oc-d9"/>
      </symbol>
      <symbol id="sm-695">
         <name>UARTFIFODisable</name>
         <value>0x4067</value>
         <object_component_ref idref="oc-d9"/>
      </symbol>
      <symbol id="sm-696">
         <name>UARTIntUnregister</name>
         <value>0x42fd</value>
         <object_component_ref idref="oc-d9"/>
      </symbol>
      <symbol id="sm-697">
         <name>UARTRxErrorClear</name>
         <value>0x43bf</value>
         <object_component_ref idref="oc-d9"/>
      </symbol>
      <symbol id="sm-698">
         <name>UARTModemControlSet</name>
         <value>0x4109</value>
         <object_component_ref idref="oc-d9"/>
      </symbol>
      <symbol id="sm-699">
         <name>UARTFlowControlSet</name>
         <value>0x418b</value>
         <object_component_ref idref="oc-d9"/>
      </symbol>
      <symbol id="sm-69a">
         <name>UARTConfigSetExpClk</name>
         <value>0x3f41</value>
         <object_component_ref idref="oc-d9"/>
      </symbol>
      <symbol id="sm-69b">
         <name>UARTSmartCardDisable</name>
         <value>0x40f3</value>
         <object_component_ref idref="oc-d9"/>
      </symbol>
      <symbol id="sm-69c">
         <name>UARTDisable</name>
         <value>0x4027</value>
         <object_component_ref idref="oc-d9"/>
      </symbol>
      <symbol id="sm-69d">
         <name>UART9BitDisable</name>
         <value>0x4409</value>
         <object_component_ref idref="oc-d9"/>
      </symbol>
      <symbol id="sm-69e">
         <name>UARTFIFOLevelGet</name>
         <value>0x3f19</value>
         <object_component_ref idref="oc-d9"/>
      </symbol>
      <symbol id="sm-69f">
         <name>UARTBusy</name>
         <value>0x42c1</value>
         <object_component_ref idref="oc-d9"/>
      </symbol>
      <symbol id="sm-6a0">
         <name>UARTDisableSIR</name>
         <value>0x40ab</value>
         <object_component_ref idref="oc-d9"/>
      </symbol>
      <symbol id="sm-6a1">
         <name>UARTLoopbackEnable</name>
         <value>0x448d</value>
         <object_component_ref idref="oc-d9"/>
      </symbol>
      <symbol id="sm-6a2">
         <name>UARTIntEnable</name>
         <value>0x431d</value>
         <object_component_ref idref="oc-d9"/>
      </symbol>
      <symbol id="sm-6a3">
         <name>UARTCharsAvail</name>
         <value>0x41e7</value>
         <object_component_ref idref="oc-d9"/>
      </symbol>
      <symbol id="sm-6a4">
         <name>UARTCharGetNonBlocking</name>
         <value>0x4223</value>
         <object_component_ref idref="oc-d9"/>
      </symbol>
      <symbol id="sm-6a5">
         <name>UARTClockSourceSet</name>
         <value>0x43cf</value>
         <object_component_ref idref="oc-d9"/>
      </symbol>
      <symbol id="sm-6a6">
         <name>UARTTxIntModeGet</name>
         <value>0x41d5</value>
         <object_component_ref idref="oc-d9"/>
      </symbol>
      <symbol id="sm-6a7">
         <name>UARTModemStatusGet</name>
         <value>0x4177</value>
         <object_component_ref idref="oc-d9"/>
      </symbol>
      <symbol id="sm-6a8">
         <name>UARTIntDisable</name>
         <value>0x4335</value>
         <object_component_ref idref="oc-d9"/>
      </symbol>
      <symbol id="sm-6a9">
         <name>UARTCharPut</name>
         <value>0x4279</value>
         <object_component_ref idref="oc-d9"/>
      </symbol>
      <symbol id="sm-6aa">
         <name>UARTParityModeSet</name>
         <value>0x3ed3</value>
         <object_component_ref idref="oc-d9"/>
      </symbol>
      <symbol id="sm-6ab">
         <name>UARTRxErrorGet</name>
         <value>0x43ad</value>
         <object_component_ref idref="oc-d9"/>
      </symbol>
      <symbol id="sm-6ac">
         <name>UARTConfigGetExpClk</name>
         <value>0x3fb7</value>
         <object_component_ref idref="oc-d9"/>
      </symbol>
      <symbol id="sm-6ad">
         <name>UARTEnableSIR</name>
         <value>0x407d</value>
         <object_component_ref idref="oc-d9"/>
      </symbol>
      <symbol id="sm-6ae">
         <name>UARTEnable</name>
         <value>0x4003</value>
         <object_component_ref idref="oc-d9"/>
      </symbol>
      <symbol id="sm-6af">
         <name>UART9BitAddrSend</name>
         <value>0x4445</value>
         <object_component_ref idref="oc-d9"/>
      </symbol>
      <symbol id="sm-6b0">
         <name>UARTModemControlGet</name>
         <value>0x4165</value>
         <object_component_ref idref="oc-d9"/>
      </symbol>
      <symbol id="sm-6b1">
         <name>UARTSmartCardEnable</name>
         <value>0x40c1</value>
         <object_component_ref idref="oc-d9"/>
      </symbol>
      <symbol id="sm-6b2">
         <name>UARTFlowControlGet</name>
         <value>0x41a7</value>
         <object_component_ref idref="oc-d9"/>
      </symbol>
      <symbol id="sm-6b3">
         <name>UARTFIFOEnable</name>
         <value>0x4051</value>
         <object_component_ref idref="oc-d9"/>
      </symbol>
      <symbol id="sm-6b4">
         <name>UARTIntClear</name>
         <value>0x436b</value>
         <object_component_ref idref="oc-d9"/>
      </symbol>
      <symbol id="sm-6b5">
         <name>UARTIntStatus</name>
         <value>0x434d</value>
         <object_component_ref idref="oc-d9"/>
      </symbol>
      <symbol id="sm-6b6">
         <name>UARTDMADisable</name>
         <value>0x4395</value>
         <object_component_ref idref="oc-d9"/>
      </symbol>
      <symbol id="sm-6b7">
         <name>UART9BitEnable</name>
         <value>0x43f3</value>
         <object_component_ref idref="oc-d9"/>
      </symbol>
      <symbol id="sm-6b8">
         <name>UARTSpaceAvail</name>
         <value>0x4205</value>
         <object_component_ref idref="oc-d9"/>
      </symbol>
      <symbol id="sm-6b9">
         <name>UARTCharGet</name>
         <value>0x423f</value>
         <object_component_ref idref="oc-d9"/>
      </symbol>
      <symbol id="sm-6ba">
         <name>UARTFIFOLevelSet</name>
         <value>0x3f01</value>
         <object_component_ref idref="oc-d9"/>
      </symbol>
      <symbol id="sm-6bb">
         <name>UARTModemControlClear</name>
         <value>0x4141</value>
         <object_component_ref idref="oc-d9"/>
      </symbol>
      <symbol id="sm-6bc">
         <name>UARTParityModeGet</name>
         <value>0x3eef</value>
         <object_component_ref idref="oc-d9"/>
      </symbol>
      <symbol id="sm-6bd">
         <name>UARTIntRegister</name>
         <value>0x42df</value>
         <object_component_ref idref="oc-d9"/>
      </symbol>
      <symbol id="sm-6be">
         <name>UARTBreakCtl</name>
         <value>0x4297</value>
         <object_component_ref idref="oc-d9"/>
      </symbol>
      <symbol id="sm-6bf">
         <name>UART9BitAddrSet</name>
         <value>0x441f</value>
         <object_component_ref idref="oc-d9"/>
      </symbol>
      <symbol id="sm-72e">
         <name>UARTgetc</name>
         <value>0x45eb</value>
         <object_component_ref idref="oc-f1"/>
      </symbol>
      <symbol id="sm-72f">
         <name>UARTgets</name>
         <value>0x4531</value>
         <object_component_ref idref="oc-f1"/>
      </symbol>
      <symbol id="sm-730">
         <name>UARTStdioConfig</name>
         <value>0x44a5</value>
         <object_component_ref idref="oc-f1"/>
      </symbol>
      <symbol id="sm-731">
         <name>UARTwrite</name>
         <value>0x44eb</value>
         <object_component_ref idref="oc-f1"/>
      </symbol>
      <symbol id="sm-732">
         <name>UARTprintf</name>
         <value>0x490b</value>
         <object_component_ref idref="oc-f1"/>
      </symbol>
      <symbol id="sm-733">
         <name>UARTvprintf</name>
         <value>0x4611</value>
         <object_component_ref idref="oc-f1"/>
      </symbol>
      <symbol id="sm-742">
         <name>__aeabi_uidivmod</name>
         <value>0x4f11</value>
         <object_component_ref idref="oc-19e"/>
      </symbol>
      <symbol id="sm-743">
         <name>__aeabi_uidiv</name>
         <value>0x4f11</value>
         <object_component_ref idref="oc-19e"/>
      </symbol>
      <symbol id="sm-75a">
         <name>__TI_zero_init</name>
         <value>0x4fff</value>
         <object_component_ref idref="oc-4a"/>
      </symbol>
      <symbol id="sm-771">
         <name>__TI_decompress_none</name>
         <value>0x4ff1</value>
         <object_component_ref idref="oc-18"/>
      </symbol>
      <symbol id="sm-794">
         <name>__TI_decompress_lzss</name>
         <value>0x4e17</value>
         <object_component_ref idref="oc-12"/>
      </symbol>
      <symbol id="sm-7a7">
         <name>__stack</name>
         <value>0x20000c00</value>
         <object_component_ref idref="oc-21"/>
      </symbol>
      <symbol id="sm-7a8">
         <name>_c_int00_noargs</name>
         <value>0x4f91</value>
         <object_component_ref idref="oc-56"/>
      </symbol>
      <symbol id="sm-7b3">
         <name>C$$EXIT</name>
         <value>0x5021</value>
         <object_component_ref idref="oc-118"/>
      </symbol>
      <symbol id="sm-7b4">
         <name>abort</name>
         <value>0x5021</value>
         <object_component_ref idref="oc-118"/>
      </symbol>
      <symbol id="sm-7cc">
         <name>atoi</name>
         <value>0x4e81</value>
         <object_component_ref idref="oc-df"/>
      </symbol>
      <symbol id="sm-7d7">
         <name>_ctypes_</name>
         <value>0x51d4</value>
         <object_component_ref idref="oc-18c"/>
      </symbol>
      <symbol id="sm-7e5">
         <name>strcpy</name>
         <value>0x4fc9</value>
         <object_component_ref idref="oc-e5"/>
      </symbol>
      <symbol id="sm-7f3">
         <name>strlen</name>
         <value>0x4fdd</value>
         <object_component_ref idref="oc-eb"/>
      </symbol>
      <symbol id="sm-7fd">
         <name>__aeabi_idiv0</name>
         <value>0x3e73</value>
         <object_component_ref idref="oc-221"/>
      </symbol>
      <symbol id="sm-7fe">
         <name>__aeabi_ldiv0</name>
         <value>0x3e73</value>
         <object_component_ref idref="oc-221"/>
      </symbol>
      <symbol id="sm-80d">
         <name>__aeabi_memset</name>
         <value>0x4d9f</value>
         <object_component_ref idref="oc-8c"/>
      </symbol>
      <symbol id="sm-80e">
         <name>memset</name>
         <value>0x4da5</value>
         <object_component_ref idref="oc-8c"/>
      </symbol>
      <symbol id="sm-80f">
         <name>__aeabi_memset8</name>
         <value>0x4d9f</value>
         <object_component_ref idref="oc-8c"/>
      </symbol>
      <symbol id="sm-810">
         <name>__aeabi_memset4</name>
         <value>0x4d9f</value>
         <object_component_ref idref="oc-8c"/>
      </symbol>
      <symbol id="sm-811">
         <name>__aeabi_memclr8</name>
         <value>0x4d9d</value>
         <object_component_ref idref="oc-8c"/>
      </symbol>
      <symbol id="sm-812">
         <name>__aeabi_memclr4</name>
         <value>0x4d9d</value>
         <object_component_ref idref="oc-8c"/>
      </symbol>
      <symbol id="sm-813">
         <name>__aeabi_memclr</name>
         <value>0x4d9d</value>
         <object_component_ref idref="oc-8c"/>
      </symbol>
      <symbol id="sm-82e">
         <name>memcpy</name>
         <value>0x4d01</value>
         <object_component_ref idref="oc-38"/>
      </symbol>
      <symbol id="sm-82f">
         <name>__aeabi_memcpy</name>
         <value>0x4d01</value>
         <object_component_ref idref="oc-38"/>
      </symbol>
      <symbol id="sm-830">
         <name>__aeabi_memcpy8</name>
         <value>0x4d01</value>
         <object_component_ref idref="oc-38"/>
      </symbol>
      <symbol id="sm-831">
         <name>__aeabi_memcpy4</name>
         <value>0x4d01</value>
         <object_component_ref idref="oc-38"/>
      </symbol>
      <symbol id="sm-859">
         <name>__TI_auto_init_nobinit_nopinit</name>
         <value>0x4ecd</value>
         <object_component_ref idref="oc-124"/>
      </symbol>
      <symbol id="sm-863">
         <name>_system_pre_init</name>
         <value>0x501d</value>
         <object_component_ref idref="oc-92"/>
      </symbol>
      <symbol id="sm-865">
         <name>__TI_static_base__</name>
         <value>0x0</value>
      </symbol>
      <symbol id="sm-868">
         <name>__mpu_init</name>
         <value>0x0</value>
      </symbol>
      <symbol id="sm-869">
         <name>_system_post_cinit</name>
         <value>0x0</value>
      </symbol>
   </symbol_table>
   <title>Link successful</title>
</link_info>
