<?xml version="1.0" encoding="ISO-8859-1" ?>
<link_info>
   <banner>TI ARM Linker PC v18.1.2.LTS</banner>
   <copyright>Copyright (c) 1996-2017 Texas Instruments Incorporated</copyright>
   <link_time>0x5b614641</link_time>
   <link_errors>0x0</link_errors>
   <output_file>Trial2.out</output_file>
   <entry_point>
      <name>_c_int00_noargs</name>
      <address>0x505d</address>
   </entry_point>
   <input_file_list>
      <input_file id="fl-2">
         <path>.\</path>
         <kind>object</kind>
         <file>main.obj</file>
         <name>main.obj</name>
      </input_file>
      <input_file id="fl-3">
         <path>.\</path>
         <kind>object</kind>
         <file>tm4c123gh6pm_startup_ccs.obj</file>
         <name>tm4c123gh6pm_startup_ccs.obj</name>
      </input_file>
      <input_file id="fl-4">
         <path>.\Peripherals\</path>
         <kind>object</kind>
         <file>adc.obj</file>
         <name>adc.obj</name>
      </input_file>
      <input_file id="fl-5">
         <path>.\Peripherals\</path>
         <kind>object</kind>
         <file>cpu.obj</file>
         <name>cpu.obj</name>
      </input_file>
      <input_file id="fl-6">
         <path>.\Peripherals\</path>
         <kind>object</kind>
         <file>gpio.obj</file>
         <name>gpio.obj</name>
      </input_file>
      <input_file id="fl-7">
         <path>.\Peripherals\</path>
         <kind>object</kind>
         <file>i2c.obj</file>
         <name>i2c.obj</name>
      </input_file>
      <input_file id="fl-8">
         <path>.\Peripherals\</path>
         <kind>object</kind>
         <file>interrupt.obj</file>
         <name>interrupt.obj</name>
      </input_file>
      <input_file id="fl-9">
         <path>.\Peripherals\</path>
         <kind>object</kind>
         <file>pwm.obj</file>
         <name>pwm.obj</name>
      </input_file>
      <input_file id="fl-a">
         <path>.\Peripherals\</path>
         <kind>object</kind>
         <file>sysctl.obj</file>
         <name>sysctl.obj</name>
      </input_file>
      <input_file id="fl-b">
         <path>.\Peripherals\</path>
         <kind>object</kind>
         <file>timer.obj</file>
         <name>timer.obj</name>
      </input_file>
      <input_file id="fl-c">
         <path>.\Peripherals\</path>
         <kind>object</kind>
         <file>uart.obj</file>
         <name>uart.obj</name>
      </input_file>
      <input_file id="fl-d">
         <path>.\Peripherals\</path>
         <kind>object</kind>
         <file>uartstdio.obj</file>
         <name>uartstdio.obj</name>
      </input_file>
      <input_file id="fl-11">
         <kind>object</kind>
         <file>&lt;internal&gt;</file>
         <name>&lt;internal&gt;</name>
      </input_file>
      <input_file id="fl-c7">
         <path>C:\ti\ccsv8\tools\compiler\ti-cgt-arm_18.1.2.LTS\lib\</path>
         <kind>archive</kind>
         <file>rtsv7M4_T_le_v4SPD16_eabi.lib</file>
         <name>boot_cortex_m.c.obj</name>
      </input_file>
      <input_file id="fl-c8">
         <path>C:\ti\ccsv8\tools\compiler\ti-cgt-arm_18.1.2.LTS\lib\</path>
         <kind>archive</kind>
         <file>rtsv7M4_T_le_v4SPD16_eabi.lib</file>
         <name>autoinit.c.obj</name>
      </input_file>
      <input_file id="fl-c9">
         <path>C:\ti\ccsv8\tools\compiler\ti-cgt-arm_18.1.2.LTS\lib\</path>
         <kind>archive</kind>
         <file>rtsv7M4_T_le_v4SPD16_eabi.lib</file>
         <name>copy_decompress_lzss.c.obj</name>
      </input_file>
      <input_file id="fl-ca">
         <path>C:\ti\ccsv8\tools\compiler\ti-cgt-arm_18.1.2.LTS\lib\</path>
         <kind>archive</kind>
         <file>rtsv7M4_T_le_v4SPD16_eabi.lib</file>
         <name>copy_decompress_none.c.obj</name>
      </input_file>
      <input_file id="fl-cb">
         <path>C:\ti\ccsv8\tools\compiler\ti-cgt-arm_18.1.2.LTS\lib\</path>
         <kind>archive</kind>
         <file>rtsv7M4_T_le_v4SPD16_eabi.lib</file>
         <name>copy_zero_init.c.obj</name>
      </input_file>
      <input_file id="fl-cc">
         <path>C:\ti\ccsv8\tools\compiler\ti-cgt-arm_18.1.2.LTS\lib\</path>
         <kind>archive</kind>
         <file>rtsv7M4_T_le_v4SPD16_eabi.lib</file>
         <name>u_divt2.asm.obj</name>
      </input_file>
      <input_file id="fl-cd">
         <path>C:\ti\ccsv8\tools\compiler\ti-cgt-arm_18.1.2.LTS\lib\</path>
         <kind>archive</kind>
         <file>rtsv7M4_T_le_v4SPD16_eabi.lib</file>
         <name>div0.asm.obj</name>
      </input_file>
      <input_file id="fl-ce">
         <path>C:\ti\ccsv8\tools\compiler\ti-cgt-arm_18.1.2.LTS\lib\</path>
         <kind>archive</kind>
         <file>rtsv7M4_T_le_v4SPD16_eabi.lib</file>
         <name>args_main.c.obj</name>
      </input_file>
      <input_file id="fl-cf">
         <path>C:\ti\ccsv8\tools\compiler\ti-cgt-arm_18.1.2.LTS\lib\</path>
         <kind>archive</kind>
         <file>rtsv7M4_T_le_v4SPD16_eabi.lib</file>
         <name>pre_init.c.obj</name>
      </input_file>
      <input_file id="fl-d0">
         <path>C:\ti\ccsv8\tools\compiler\ti-cgt-arm_18.1.2.LTS\lib\</path>
         <kind>archive</kind>
         <file>rtsv7M4_T_le_v4SPD16_eabi.lib</file>
         <name>atoi.c.obj</name>
      </input_file>
      <input_file id="fl-d1">
         <path>C:\ti\ccsv8\tools\compiler\ti-cgt-arm_18.1.2.LTS\lib\</path>
         <kind>archive</kind>
         <file>rtsv7M4_T_le_v4SPD16_eabi.lib</file>
         <name>ctype.c.obj</name>
      </input_file>
      <input_file id="fl-d2">
         <path>C:\ti\ccsv8\tools\compiler\ti-cgt-arm_18.1.2.LTS\lib\</path>
         <kind>archive</kind>
         <file>rtsv7M4_T_le_v4SPD16_eabi.lib</file>
         <name>cpy_tbl.c.obj</name>
      </input_file>
      <input_file id="fl-d3">
         <path>C:\ti\ccsv8\tools\compiler\ti-cgt-arm_18.1.2.LTS\lib\</path>
         <kind>archive</kind>
         <file>rtsv7M4_T_le_v4SPD16_eabi.lib</file>
         <name>exit.c.obj</name>
      </input_file>
      <input_file id="fl-d4">
         <path>C:\ti\ccsv8\tools\compiler\ti-cgt-arm_18.1.2.LTS\lib\</path>
         <kind>archive</kind>
         <file>rtsv7M4_T_le_v4SPD16_eabi.lib</file>
         <name>_lock.c.obj</name>
      </input_file>
      <input_file id="fl-d5">
         <path>C:\ti\ccsv8\tools\compiler\ti-cgt-arm_18.1.2.LTS\lib\</path>
         <kind>archive</kind>
         <file>rtsv7M4_T_le_v4SPD16_eabi.lib</file>
         <name>memcpy_t2.asm.obj</name>
      </input_file>
      <input_file id="fl-d6">
         <path>C:\ti\ccsv8\tools\compiler\ti-cgt-arm_18.1.2.LTS\lib\</path>
         <kind>archive</kind>
         <file>rtsv7M4_T_le_v4SPD16_eabi.lib</file>
         <name>memset_t2.asm.obj</name>
      </input_file>
      <input_file id="fl-d7">
         <path>C:\ti\ccsv8\tools\compiler\ti-cgt-arm_18.1.2.LTS\lib\</path>
         <kind>archive</kind>
         <file>rtsv7M4_T_le_v4SPD16_eabi.lib</file>
         <name>strcpy.c.obj</name>
      </input_file>
      <input_file id="fl-d8">
         <path>C:\ti\ccsv8\tools\compiler\ti-cgt-arm_18.1.2.LTS\lib\</path>
         <kind>archive</kind>
         <file>rtsv7M4_T_le_v4SPD16_eabi.lib</file>
         <name>strlen.c.obj</name>
      </input_file>
   </input_file_list>
   <object_component_list>
      <object_component id="oc-f">
         <name>.intvecs</name>
         <load_address>0x0</load_address>
         <run_address>0x0</run_address>
         <size>0x26c</size>
         <input_file_ref idref="fl-3"/>
      </object_component>
      <object_component id="oc-c6">
         <name>.text</name>
         <load_address>0x26c</load_address>
         <run_address>0x26c</run_address>
         <size>0xf60</size>
         <input_file_ref idref="fl-a"/>
      </object_component>
      <object_component id="oc-98">
         <name>.text</name>
         <load_address>0x11cc</load_address>
         <run_address>0x11cc</run_address>
         <size>0xd20</size>
         <input_file_ref idref="fl-2"/>
      </object_component>
      <object_component id="oc-d2">
         <name>.text</name>
         <load_address>0x1eec</load_address>
         <run_address>0x1eec</run_address>
         <size>0xb40</size>
         <input_file_ref idref="fl-6"/>
      </object_component>
      <object_component id="oc-103">
         <name>.text</name>
         <load_address>0x2a2c</load_address>
         <run_address>0x2a2c</run_address>
         <size>0x7d8</size>
         <input_file_ref idref="fl-4"/>
      </object_component>
      <object_component id="oc-f7">
         <name>.text</name>
         <load_address>0x3204</load_address>
         <run_address>0x3204</run_address>
         <size>0x6f8</size>
         <input_file_ref idref="fl-7"/>
      </object_component>
      <object_component id="oc-cc">
         <name>.text</name>
         <load_address>0x38fc</load_address>
         <run_address>0x38fc</run_address>
         <size>0x642</size>
         <input_file_ref idref="fl-b"/>
      </object_component>
      <object_component id="oc-221">
         <name>.text</name>
         <load_address>0x3f3e</load_address>
         <run_address>0x3f3e</run_address>
         <size>0x2</size>
         <input_file_ref idref="fl-cd"/>
      </object_component>
      <object_component id="oc-d9">
         <name>.text</name>
         <load_address>0x3f40</load_address>
         <run_address>0x3f40</run_address>
         <size>0x62e</size>
         <input_file_ref idref="fl-c"/>
      </object_component>
      <object_component id="oc-f1">
         <name>.text</name>
         <load_address>0x4570</load_address>
         <run_address>0x4570</run_address>
         <size>0x49c</size>
         <input_file_ref idref="fl-d"/>
      </object_component>
      <object_component id="oc-109">
         <name>.text</name>
         <load_address>0x4a0c</load_address>
         <run_address>0x4a0c</run_address>
         <size>0x3c0</size>
         <input_file_ref idref="fl-8"/>
      </object_component>
      <object_component id="oc-38">
         <name>.text</name>
         <load_address>0x4dcc</load_address>
         <run_address>0x4dcc</run_address>
         <size>0x9c</size>
         <input_file_ref idref="fl-d5"/>
      </object_component>
      <object_component id="oc-8c">
         <name>.text</name>
         <load_address>0x4e68</load_address>
         <run_address>0x4e68</run_address>
         <size>0x7a</size>
         <input_file_ref idref="fl-d6"/>
      </object_component>
      <object_component id="oc-12">
         <name>.text:decompress:lzss:__TI_decompress_lzss</name>
         <load_address>0x4ee2</load_address>
         <run_address>0x4ee2</run_address>
         <size>0x68</size>
         <input_file_ref idref="fl-c9"/>
      </object_component>
      <object_component id="oc-df">
         <name>.text:atoi</name>
         <load_address>0x4f4c</load_address>
         <run_address>0x4f4c</run_address>
         <size>0x4c</size>
         <input_file_ref idref="fl-d0"/>
      </object_component>
      <object_component id="oc-124">
         <name>.text:__TI_auto_init_nobinit_nopinit:__TI_auto_init_nobinit_nopinit</name>
         <load_address>0x4f98</load_address>
         <run_address>0x4f98</run_address>
         <size>0x44</size>
         <input_file_ref idref="fl-c8"/>
      </object_component>
      <object_component id="oc-19e">
         <name>.text</name>
         <load_address>0x4fdc</load_address>
         <run_address>0x4fdc</run_address>
         <size>0x40</size>
         <input_file_ref idref="fl-cc"/>
      </object_component>
      <object_component id="oc-15b">
         <name>.text</name>
         <load_address>0x501c</load_address>
         <run_address>0x501c</run_address>
         <size>0x3e</size>
         <input_file_ref idref="fl-5"/>
      </object_component>
      <object_component id="oc-56">
         <name>.text:_c_int00_noargs:_c_int00_noargs</name>
         <load_address>0x505c</load_address>
         <run_address>0x505c</run_address>
         <size>0x38</size>
         <input_file_ref idref="fl-c7"/>
      </object_component>
      <object_component id="oc-e5">
         <name>.text:strcpy</name>
         <load_address>0x5094</load_address>
         <run_address>0x5094</run_address>
         <size>0x14</size>
         <input_file_ref idref="fl-d7"/>
      </object_component>
      <object_component id="oc-eb">
         <name>.text:strlen</name>
         <load_address>0x50a8</load_address>
         <run_address>0x50a8</run_address>
         <size>0x14</size>
         <input_file_ref idref="fl-d8"/>
      </object_component>
      <object_component id="oc-18">
         <name>.text:decompress:none:__TI_decompress_none</name>
         <load_address>0x50bc</load_address>
         <run_address>0x50bc</run_address>
         <size>0xe</size>
         <input_file_ref idref="fl-ca"/>
      </object_component>
      <object_component id="oc-4a">
         <name>.text:decompress:ZI:__TI_zero_init</name>
         <load_address>0x50ca</load_address>
         <run_address>0x50ca</run_address>
         <size>0xc</size>
         <input_file_ref idref="fl-cb"/>
      </object_component>
      <object_component id="oc-24">
         <name>.text</name>
         <load_address>0x50d6</load_address>
         <run_address>0x50d6</run_address>
         <size>0xc</size>
         <input_file_ref idref="fl-3"/>
      </object_component>
      <object_component id="oc-d8">
         <name>.text:SysCtlDelay</name>
         <load_address>0x50e2</load_address>
         <run_address>0x50e2</run_address>
         <size>0x6</size>
         <input_file_ref idref="fl-a"/>
      </object_component>
      <object_component id="oc-92">
         <name>.text:_system_pre_init</name>
         <load_address>0x50e8</load_address>
         <run_address>0x50e8</run_address>
         <size>0x4</size>
         <input_file_ref idref="fl-cf"/>
      </object_component>
      <object_component id="oc-118">
         <name>.text:abort:abort</name>
         <load_address>0x50ec</load_address>
         <run_address>0x50ec</run_address>
         <size>0x4</size>
         <input_file_ref idref="fl-d3"/>
      </object_component>
      <object_component id="oc-167">
         <name>.const:g_pppui32XTALtoVCO</name>
         <load_address>0x50f0</load_address>
         <run_address>0x50f0</run_address>
         <size>0x1b0</size>
         <input_file_ref idref="fl-a"/>
      </object_component>
      <object_component id="oc-18c">
         <name>.const:.string:_ctypes_</name>
         <load_address>0x52a0</load_address>
         <run_address>0x52a0</run_address>
         <size>0x101</size>
         <input_file_ref idref="fl-d1"/>
      </object_component>
      <object_component id="oc-179">
         <name>.const:g_ppui32GPIOIntMapBlizzard</name>
         <load_address>0x53a4</load_address>
         <run_address>0x53a4</run_address>
         <size>0xc0</size>
         <input_file_ref idref="fl-6"/>
      </object_component>
      <object_component id="oc-17c">
         <name>.const:g_ppui32GPIOIntMapSnowflake</name>
         <load_address>0x5464</load_address>
         <run_address>0x5464</run_address>
         <size>0xc0</size>
         <input_file_ref idref="fl-6"/>
      </object_component>
      <object_component id="oc-1be">
         <name>.const:g_pui32Regs</name>
         <load_address>0x5524</load_address>
         <run_address>0x5524</run_address>
         <size>0x9c</size>
         <input_file_ref idref="fl-8"/>
      </object_component>
      <object_component id="oc-17f">
         <name>.const:g_pui32GPIOBaseAddrs</name>
         <load_address>0x55c0</load_address>
         <run_address>0x55c0</run_address>
         <size>0x90</size>
         <input_file_ref idref="fl-6"/>
      </object_component>
      <object_component id="oc-161">
         <name>.const:g_pui32Xtals</name>
         <load_address>0x5650</load_address>
         <run_address>0x5650</run_address>
         <size>0x6c</size>
         <input_file_ref idref="fl-a"/>
      </object_component>
      <object_component id="oc-171">
         <name>.const:g_ppui32TimerIntMap</name>
         <load_address>0x56bc</load_address>
         <run_address>0x56bc</run_address>
         <size>0x60</size>
         <input_file_ref idref="fl-b"/>
      </object_component>
      <object_component id="oc-1ab">
         <name>.const:g_ppui32I2CIntMapSnowflake</name>
         <load_address>0x571c</load_address>
         <run_address>0x571c</run_address>
         <size>0x50</size>
         <input_file_ref idref="fl-7"/>
      </object_component>
      <object_component id="oc-174">
         <name>.const:g_ppui32TimerIntMapSnowflake</name>
         <load_address>0x576c</load_address>
         <run_address>0x576c</run_address>
         <size>0x40</size>
         <input_file_ref idref="fl-b"/>
      </object_component>
      <object_component id="oc-184">
         <name>.const:g_ppui32UARTIntMap</name>
         <load_address>0x57ac</load_address>
         <run_address>0x57ac</run_address>
         <size>0x40</size>
         <input_file_ref idref="fl-c"/>
      </object_component>
      <object_component id="oc-187">
         <name>.const:g_ppui32UARTIntMapSnowflake</name>
         <load_address>0x57ec</load_address>
         <run_address>0x57ec</run_address>
         <size>0x40</size>
         <input_file_ref idref="fl-c"/>
      </object_component>
      <object_component id="oc-1a8">
         <name>.const:g_ppui32I2CIntMap</name>
         <load_address>0x582c</load_address>
         <run_address>0x582c</run_address>
         <size>0x30</size>
         <input_file_ref idref="fl-7"/>
      </object_component>
      <object_component id="oc-158">
         <name>.const:g_sXTALtoMEMTIM</name>
         <load_address>0x585c</load_address>
         <run_address>0x585c</run_address>
         <size>0x30</size>
         <input_file_ref idref="fl-a"/>
      </object_component>
      <object_component id="oc-1bb">
         <name>.const:g_pui32Priority</name>
         <load_address>0x588c</load_address>
         <run_address>0x588c</run_address>
         <size>0x20</size>
         <input_file_ref idref="fl-8"/>
      </object_component>
      <object_component id="oc-1c4">
         <name>.const:g_pui32Dii16Regs</name>
         <load_address>0x58ac</load_address>
         <run_address>0x58ac</run_address>
         <size>0x14</size>
         <input_file_ref idref="fl-8"/>
      </object_component>
      <object_component id="oc-1c1">
         <name>.const:g_pui32EnRegs</name>
         <load_address>0x58c0</load_address>
         <run_address>0x58c0</run_address>
         <size>0x14</size>
         <input_file_ref idref="fl-8"/>
      </object_component>
      <object_component id="oc-1c7">
         <name>.const:g_pui32PendRegs</name>
         <load_address>0x58d4</load_address>
         <run_address>0x58d4</run_address>
         <size>0x14</size>
         <input_file_ref idref="fl-8"/>
      </object_component>
      <object_component id="oc-1ca">
         <name>.const:g_pui32UnpendRegs</name>
         <load_address>0x58e8</load_address>
         <run_address>0x58e8</run_address>
         <size>0x14</size>
         <input_file_ref idref="fl-8"/>
      </object_component>
      <object_component id="oc-227">
         <name>.const:.string</name>
         <load_address>0x58fc</load_address>
         <run_address>0x58fc</run_address>
         <size>0x12</size>
         <input_file_ref idref="fl-d"/>
      </object_component>
      <object_component id="oc-19b">
         <name>.const:g_ui32UARTBase</name>
         <load_address>0x5910</load_address>
         <run_address>0x5910</run_address>
         <size>0xc</size>
         <input_file_ref idref="fl-d"/>
      </object_component>
      <object_component id="oc-195">
         <name>.const:g_ui32UARTPeriph</name>
         <load_address>0x591c</load_address>
         <run_address>0x591c</run_address>
         <size>0xc</size>
         <input_file_ref idref="fl-d"/>
      </object_component>
      <object_component id="oc-164">
         <name>.const:g_pui32VCOFrequencies</name>
         <load_address>0x5928</load_address>
         <run_address>0x5928</run_address>
         <size>0x8</size>
         <input_file_ref idref="fl-a"/>
      </object_component>
      <object_component id="oc-1b0">
         <name>.const:.string</name>
         <load_address>0x5930</load_address>
         <run_address>0x5930</run_address>
         <size>0x6</size>
         <input_file_ref idref="fl-2"/>
      </object_component>
      <object_component id="oc-1a3">
         <name>.const</name>
         <load_address>0x5938</load_address>
         <run_address>0x5938</run_address>
         <size>0x4</size>
         <input_file_ref idref="fl-d"/>
      </object_component>
      <object_component id="oc-2a3">
         <name>.cinit..data.load</name>
         <load_address>0x5940</load_address>
         <run_address>0x5940</run_address>
         <size>0x15</size>
      </object_component>
      <object_component id="oc-2a0">
         <name>__TI_handler_table</name>
         <load_address>0x5958</load_address>
         <run_address>0x5958</run_address>
         <size>0xc</size>
      </object_component>
      <object_component id="oc-2a4">
         <name>.cinit..bss.load</name>
         <load_address>0x5968</load_address>
         <run_address>0x5968</run_address>
         <size>0x8</size>
      </object_component>
      <object_component id="oc-2a2">
         <name>.cinit..vtable.load</name>
         <load_address>0x5970</load_address>
         <run_address>0x5970</run_address>
         <size>0x8</size>
      </object_component>
      <object_component id="oc-2a1">
         <name>__TI_cinit_table</name>
         <load_address>0x5978</load_address>
         <run_address>0x5978</run_address>
         <size>0x18</size>
      </object_component>
      <object_component id="oc-1b8">
         <name>.vtable</name>
         <uninitialized>true</uninitialized>
         <run_address>0x20000000</run_address>
         <size>0x26c</size>
         <input_file_ref idref="fl-8"/>
      </object_component>
      <object_component id="oc-fe">
         <name>.data</name>
         <load_address>0x20000e00</load_address>
         <run_address>0x20000e00</run_address>
         <size>0x14</size>
         <input_file_ref idref="fl-2"/>
      </object_component>
      <object_component id="oc-198">
         <name>.data</name>
         <load_address>0x20000e14</load_address>
         <run_address>0x20000e14</run_address>
         <size>0x5</size>
         <input_file_ref idref="fl-d"/>
      </object_component>
      <object_component id="oc-1b3">
         <name>.bss:g_pui8OversampleFactor</name>
         <uninitialized>true</uninitialized>
         <run_address>0x20000bf8</run_address>
         <size>0x4</size>
         <input_file_ref idref="fl-4"/>
      </object_component>
      <object_component id="oc-101">
         <name>.common:pui32ADC0Value</name>
         <uninitialized>true</uninitialized>
         <run_address>0x20000bcc</run_address>
         <size>0x10</size>
      </object_component>
      <object_component id="oc-102">
         <name>.common:pui32ADC1Value</name>
         <uninitialized>true</uninitialized>
         <run_address>0x20000bdc</run_address>
         <size>0x10</size>
      </object_component>
      <object_component id="oc-10f">
         <name>.common:interout</name>
         <uninitialized>true</uninitialized>
         <run_address>0x20000adc</run_address>
         <size>0xf0</size>
      </object_component>
      <object_component id="oc-110">
         <name>.common:manout</name>
         <uninitialized>true</uninitialized>
         <run_address>0x200008fc</run_address>
         <size>0x1e0</size>
      </object_component>
      <object_component id="oc-111">
         <name>.common:final</name>
         <uninitialized>true</uninitialized>
         <run_address>0x2000026c</run_address>
         <size>0x690</size>
      </object_component>
      <object_component id="oc-fd">
         <name>.common:rbuf</name>
         <uninitialized>true</uninitialized>
         <run_address>0x20000bec</run_address>
         <size>0xc</size>
      </object_component>
      <object_component id="oc-21">
         <name>.stack</name>
         <uninitialized>true</uninitialized>
         <run_address>0x20000c00</run_address>
         <size>0x4</size>
         <input_file_ref idref="fl-c7"/>
      </object_component>
      <object_component id="oc-2a5">
         <name>.stack</name>
         <uninitialized>true</uninitialized>
         <run_address>0x20000c00</run_address>
         <size>0x0</size>
      </object_component>
      <object_component id="oc-b4">
         <name>.debug_info</name>
         <load_address>0x0</load_address>
         <run_address>0x0</run_address>
         <size>0xcd3</size>
         <input_file_ref idref="fl-2"/>
      </object_component>
      <object_component id="oc-ff">
         <name>.debug_info</name>
         <load_address>0xcd3</load_address>
         <run_address>0xcd3</run_address>
         <size>0x150</size>
         <input_file_ref idref="fl-2"/>
      </object_component>
      <object_component id="oc-99">
         <name>.debug_info</name>
         <load_address>0xe23</load_address>
         <run_address>0xe23</run_address>
         <size>0x1878</size>
         <input_file_ref idref="fl-2"/>
      </object_component>
      <object_component id="oc-6d">
         <name>.debug_info</name>
         <load_address>0x269b</load_address>
         <run_address>0x269b</run_address>
         <size>0x26b</size>
         <input_file_ref idref="fl-2"/>
      </object_component>
      <object_component id="oc-af">
         <name>.debug_info</name>
         <load_address>0x2906</load_address>
         <run_address>0x2906</run_address>
         <size>0x8b</size>
         <input_file_ref idref="fl-2"/>
      </object_component>
      <object_component id="oc-aa">
         <name>.debug_info</name>
         <load_address>0x2991</load_address>
         <run_address>0x2991</run_address>
         <size>0x297</size>
         <input_file_ref idref="fl-2"/>
      </object_component>
      <object_component id="oc-16b">
         <name>.debug_info</name>
         <load_address>0x2c28</load_address>
         <run_address>0x2c28</run_address>
         <size>0xef</size>
         <input_file_ref idref="fl-2"/>
      </object_component>
      <object_component id="oc-72">
         <name>.debug_info</name>
         <load_address>0x2d17</load_address>
         <run_address>0x2d17</run_address>
         <size>0xbb</size>
         <input_file_ref idref="fl-2"/>
      </object_component>
      <object_component id="oc-113">
         <name>.debug_info</name>
         <load_address>0x2dd2</load_address>
         <run_address>0x2dd2</run_address>
         <size>0x2c</size>
         <input_file_ref idref="fl-2"/>
      </object_component>
      <object_component id="oc-2c">
         <name>.debug_info</name>
         <load_address>0x2dfe</load_address>
         <run_address>0x2dfe</run_address>
         <size>0x2a2</size>
         <input_file_ref idref="fl-3"/>
      </object_component>
      <object_component id="oc-10">
         <name>.debug_info</name>
         <load_address>0x30a0</load_address>
         <run_address>0x30a0</run_address>
         <size>0xe1</size>
         <input_file_ref idref="fl-3"/>
      </object_component>
      <object_component id="oc-27">
         <name>.debug_info</name>
         <load_address>0x3181</load_address>
         <run_address>0x3181</run_address>
         <size>0x25d</size>
         <input_file_ref idref="fl-3"/>
      </object_component>
      <object_component id="oc-33">
         <name>.debug_info</name>
         <load_address>0x33de</load_address>
         <run_address>0x33de</run_address>
         <size>0x84</size>
         <input_file_ref idref="fl-3"/>
      </object_component>
      <object_component id="oc-1b7">
         <name>.debug_info</name>
         <load_address>0x3462</load_address>
         <run_address>0x3462</run_address>
         <size>0x31a</size>
         <input_file_ref idref="fl-4"/>
      </object_component>
      <object_component id="oc-1b4">
         <name>.debug_info</name>
         <load_address>0x377c</load_address>
         <run_address>0x377c</run_address>
         <size>0xeb</size>
         <input_file_ref idref="fl-4"/>
      </object_component>
      <object_component id="oc-105">
         <name>.debug_info</name>
         <load_address>0x3867</load_address>
         <run_address>0x3867</run_address>
         <size>0x2b83</size>
         <input_file_ref idref="fl-4"/>
      </object_component>
      <object_component id="oc-15d">
         <name>.debug_info</name>
         <load_address>0x63ea</load_address>
         <run_address>0x63ea</run_address>
         <size>0x348</size>
         <input_file_ref idref="fl-5"/>
      </object_component>
      <object_component id="oc-183">
         <name>.debug_info</name>
         <load_address>0x6732</load_address>
         <run_address>0x6732</run_address>
         <size>0x344</size>
         <input_file_ref idref="fl-6"/>
      </object_component>
      <object_component id="oc-17a">
         <name>.debug_info</name>
         <load_address>0x6a76</load_address>
         <run_address>0x6a76</run_address>
         <size>0xf4</size>
         <input_file_ref idref="fl-6"/>
      </object_component>
      <object_component id="oc-17d">
         <name>.debug_info</name>
         <load_address>0x6b6a</load_address>
         <run_address>0x6b6a</run_address>
         <size>0xf6</size>
         <input_file_ref idref="fl-6"/>
      </object_component>
      <object_component id="oc-180">
         <name>.debug_info</name>
         <load_address>0x6c60</load_address>
         <run_address>0x6c60</run_address>
         <size>0xe8</size>
         <input_file_ref idref="fl-6"/>
      </object_component>
      <object_component id="oc-d4">
         <name>.debug_info</name>
         <load_address>0x6d48</load_address>
         <run_address>0x6d48</run_address>
         <size>0x2f40</size>
         <input_file_ref idref="fl-6"/>
      </object_component>
      <object_component id="oc-1af">
         <name>.debug_info</name>
         <load_address>0x9c88</load_address>
         <run_address>0x9c88</run_address>
         <size>0x345</size>
         <input_file_ref idref="fl-7"/>
      </object_component>
      <object_component id="oc-1a9">
         <name>.debug_info</name>
         <load_address>0x9fcd</load_address>
         <run_address>0x9fcd</run_address>
         <size>0xe1</size>
         <input_file_ref idref="fl-7"/>
      </object_component>
      <object_component id="oc-1ac">
         <name>.debug_info</name>
         <load_address>0xa0ae</load_address>
         <run_address>0xa0ae</run_address>
         <size>0xf3</size>
         <input_file_ref idref="fl-7"/>
      </object_component>
      <object_component id="oc-f8">
         <name>.debug_info</name>
         <load_address>0xa1a1</load_address>
         <run_address>0xa1a1</run_address>
         <size>0x2c29</size>
         <input_file_ref idref="fl-7"/>
      </object_component>
      <object_component id="oc-1ce">
         <name>.debug_info</name>
         <load_address>0xcdca</load_address>
         <run_address>0xcdca</run_address>
         <size>0x331</size>
         <input_file_ref idref="fl-8"/>
      </object_component>
      <object_component id="oc-1bc">
         <name>.debug_info</name>
         <load_address>0xd0fb</load_address>
         <run_address>0xd0fb</run_address>
         <size>0xe3</size>
         <input_file_ref idref="fl-8"/>
      </object_component>
      <object_component id="oc-1bf">
         <name>.debug_info</name>
         <load_address>0xd1de</load_address>
         <run_address>0xd1de</run_address>
         <size>0xdb</size>
         <input_file_ref idref="fl-8"/>
      </object_component>
      <object_component id="oc-1c2">
         <name>.debug_info</name>
         <load_address>0xd2b9</load_address>
         <run_address>0xd2b9</run_address>
         <size>0xdf</size>
         <input_file_ref idref="fl-8"/>
      </object_component>
      <object_component id="oc-1c5">
         <name>.debug_info</name>
         <load_address>0xd398</load_address>
         <run_address>0xd398</run_address>
         <size>0xe5</size>
         <input_file_ref idref="fl-8"/>
      </object_component>
      <object_component id="oc-1c8">
         <name>.debug_info</name>
         <load_address>0xd47d</load_address>
         <run_address>0xd47d</run_address>
         <size>0xe3</size>
         <input_file_ref idref="fl-8"/>
      </object_component>
      <object_component id="oc-1cb">
         <name>.debug_info</name>
         <load_address>0xd560</load_address>
         <run_address>0xd560</run_address>
         <size>0xe7</size>
         <input_file_ref idref="fl-8"/>
      </object_component>
      <object_component id="oc-1b9">
         <name>.debug_info</name>
         <load_address>0xd647</load_address>
         <run_address>0xd647</run_address>
         <size>0xe4</size>
         <input_file_ref idref="fl-8"/>
      </object_component>
      <object_component id="oc-10d">
         <name>.debug_info</name>
         <load_address>0xd72b</load_address>
         <run_address>0xd72b</run_address>
         <size>0xd28</size>
         <input_file_ref idref="fl-8"/>
      </object_component>
      <object_component id="oc-170">
         <name>.debug_info</name>
         <load_address>0xe453</load_address>
         <run_address>0xe453</run_address>
         <size>0x3b6</size>
         <input_file_ref idref="fl-a"/>
      </object_component>
      <object_component id="oc-162">
         <name>.debug_info</name>
         <load_address>0xe809</load_address>
         <run_address>0xe809</run_address>
         <size>0xda</size>
         <input_file_ref idref="fl-a"/>
      </object_component>
      <object_component id="oc-168">
         <name>.debug_info</name>
         <load_address>0xe8e3</load_address>
         <run_address>0xe8e3</run_address>
         <size>0xe6</size>
         <input_file_ref idref="fl-a"/>
      </object_component>
      <object_component id="oc-159">
         <name>.debug_info</name>
         <load_address>0xe9c9</load_address>
         <run_address>0xe9c9</run_address>
         <size>0xe0</size>
         <input_file_ref idref="fl-a"/>
      </object_component>
      <object_component id="oc-165">
         <name>.debug_info</name>
         <load_address>0xeaa9</load_address>
         <run_address>0xeaa9</run_address>
         <size>0xed</size>
         <input_file_ref idref="fl-a"/>
      </object_component>
      <object_component id="oc-c7">
         <name>.debug_info</name>
         <load_address>0xeb96</load_address>
         <run_address>0xeb96</run_address>
         <size>0x2bf2</size>
         <input_file_ref idref="fl-a"/>
      </object_component>
      <object_component id="oc-1fa">
         <name>.debug_info</name>
         <load_address>0x11788</load_address>
         <run_address>0x11788</run_address>
         <size>0x51</size>
         <input_file_ref idref="fl-a"/>
      </object_component>
      <object_component id="oc-178">
         <name>.debug_info</name>
         <load_address>0x117d9</load_address>
         <run_address>0x117d9</run_address>
         <size>0x341</size>
         <input_file_ref idref="fl-b"/>
      </object_component>
      <object_component id="oc-172">
         <name>.debug_info</name>
         <load_address>0x11b1a</load_address>
         <run_address>0x11b1a</run_address>
         <size>0xe7</size>
         <input_file_ref idref="fl-b"/>
      </object_component>
      <object_component id="oc-175">
         <name>.debug_info</name>
         <load_address>0x11c01</load_address>
         <run_address>0x11c01</run_address>
         <size>0xf9</size>
         <input_file_ref idref="fl-b"/>
      </object_component>
      <object_component id="oc-cf">
         <name>.debug_info</name>
         <load_address>0x11cfa</load_address>
         <run_address>0x11cfa</run_address>
         <size>0x250b</size>
         <input_file_ref idref="fl-b"/>
      </object_component>
      <object_component id="oc-18b">
         <name>.debug_info</name>
         <load_address>0x14205</load_address>
         <run_address>0x14205</run_address>
         <size>0x336</size>
         <input_file_ref idref="fl-c"/>
      </object_component>
      <object_component id="oc-185">
         <name>.debug_info</name>
         <load_address>0x1453b</load_address>
         <run_address>0x1453b</run_address>
         <size>0xe4</size>
         <input_file_ref idref="fl-c"/>
      </object_component>
      <object_component id="oc-188">
         <name>.debug_info</name>
         <load_address>0x1461f</load_address>
         <run_address>0x1461f</run_address>
         <size>0xf6</size>
         <input_file_ref idref="fl-c"/>
      </object_component>
      <object_component id="oc-da">
         <name>.debug_info</name>
         <load_address>0x14715</load_address>
         <run_address>0x14715</run_address>
         <size>0x27b6</size>
         <input_file_ref idref="fl-c"/>
      </object_component>
      <object_component id="oc-1a7">
         <name>.debug_info</name>
         <load_address>0x16ecb</load_address>
         <run_address>0x16ecb</run_address>
         <size>0x3e2</size>
         <input_file_ref idref="fl-d"/>
      </object_component>
      <object_component id="oc-199">
         <name>.debug_info</name>
         <load_address>0x172ad</load_address>
         <run_address>0x172ad</run_address>
         <size>0xd9</size>
         <input_file_ref idref="fl-d"/>
      </object_component>
      <object_component id="oc-1a4">
         <name>.debug_info</name>
         <load_address>0x17386</load_address>
         <run_address>0x17386</run_address>
         <size>0xd3</size>
         <input_file_ref idref="fl-d"/>
      </object_component>
      <object_component id="oc-19c">
         <name>.debug_info</name>
         <load_address>0x17459</load_address>
         <run_address>0x17459</run_address>
         <size>0xe1</size>
         <input_file_ref idref="fl-d"/>
      </object_component>
      <object_component id="oc-196">
         <name>.debug_info</name>
         <load_address>0x1753a</load_address>
         <run_address>0x1753a</run_address>
         <size>0xe5</size>
         <input_file_ref idref="fl-d"/>
      </object_component>
      <object_component id="oc-f3">
         <name>.debug_info</name>
         <load_address>0x1761f</load_address>
         <run_address>0x1761f</run_address>
         <size>0x812</size>
         <input_file_ref idref="fl-d"/>
      </object_component>
      <object_component id="oc-22">
         <name>.debug_info</name>
         <load_address>0x17e31</load_address>
         <run_address>0x17e31</run_address>
         <size>0x100</size>
         <input_file_ref idref="fl-c7"/>
      </object_component>
      <object_component id="oc-5a">
         <name>.debug_info</name>
         <load_address>0x17f31</load_address>
         <run_address>0x17f31</run_address>
         <size>0x1a4</size>
         <input_file_ref idref="fl-c7"/>
      </object_component>
      <object_component id="oc-1da">
         <name>.debug_info</name>
         <load_address>0x180d5</load_address>
         <run_address>0x180d5</run_address>
         <size>0x547</size>
         <input_file_ref idref="fl-c8"/>
      </object_component>
      <object_component id="oc-126">
         <name>.debug_info</name>
         <load_address>0x1861c</load_address>
         <run_address>0x1861c</run_address>
         <size>0x19b</size>
         <input_file_ref idref="fl-c8"/>
      </object_component>
      <object_component id="oc-256">
         <name>.debug_info</name>
         <load_address>0x187b7</load_address>
         <run_address>0x187b7</run_address>
         <size>0x39</size>
         <input_file_ref idref="fl-c8"/>
      </object_component>
      <object_component id="oc-26d">
         <name>.debug_info</name>
         <load_address>0x187f0</load_address>
         <run_address>0x187f0</run_address>
         <size>0x39</size>
         <input_file_ref idref="fl-c8"/>
      </object_component>
      <object_component id="oc-25b">
         <name>.debug_info</name>
         <load_address>0x18829</load_address>
         <run_address>0x18829</run_address>
         <size>0x39</size>
         <input_file_ref idref="fl-c8"/>
      </object_component>
      <object_component id="oc-260">
         <name>.debug_info</name>
         <load_address>0x18862</load_address>
         <run_address>0x18862</run_address>
         <size>0xcd</size>
         <input_file_ref idref="fl-c8"/>
      </object_component>
      <object_component id="oc-7c">
         <name>.debug_info</name>
         <load_address>0x1892f</load_address>
         <run_address>0x1892f</run_address>
         <size>0x293</size>
         <input_file_ref idref="fl-c9"/>
      </object_component>
      <object_component id="oc-16">
         <name>.debug_info</name>
         <load_address>0x18bc2</load_address>
         <run_address>0x18bc2</run_address>
         <size>0x245</size>
         <input_file_ref idref="fl-c9"/>
      </object_component>
      <object_component id="oc-2e">
         <name>.debug_info</name>
         <load_address>0x18e07</load_address>
         <run_address>0x18e07</run_address>
         <size>0x60</size>
         <input_file_ref idref="fl-c9"/>
      </object_component>
      <object_component id="oc-b6">
         <name>.debug_info</name>
         <load_address>0x18e67</load_address>
         <run_address>0x18e67</run_address>
         <size>0x46</size>
         <input_file_ref idref="fl-c9"/>
      </object_component>
      <object_component id="oc-77">
         <name>.debug_info</name>
         <load_address>0x18ead</load_address>
         <run_address>0x18ead</run_address>
         <size>0x39</size>
         <input_file_ref idref="fl-c9"/>
      </object_component>
      <object_component id="oc-43">
         <name>.debug_info</name>
         <load_address>0x18ee6</load_address>
         <run_address>0x18ee6</run_address>
         <size>0x29d</size>
         <input_file_ref idref="fl-ca"/>
      </object_component>
      <object_component id="oc-19">
         <name>.debug_info</name>
         <load_address>0x19183</load_address>
         <run_address>0x19183</run_address>
         <size>0x1df</size>
         <input_file_ref idref="fl-ca"/>
      </object_component>
      <object_component id="oc-3e">
         <name>.debug_info</name>
         <load_address>0x19362</load_address>
         <run_address>0x19362</run_address>
         <size>0x46</size>
         <input_file_ref idref="fl-ca"/>
      </object_component>
      <object_component id="oc-7e">
         <name>.debug_info</name>
         <load_address>0x193a8</load_address>
         <run_address>0x193a8</run_address>
         <size>0x2c</size>
         <input_file_ref idref="fl-ca"/>
      </object_component>
      <object_component id="oc-8b">
         <name>.debug_info</name>
         <load_address>0x193d4</load_address>
         <run_address>0x193d4</run_address>
         <size>0x313</size>
         <input_file_ref idref="fl-cb"/>
      </object_component>
      <object_component id="oc-4c">
         <name>.debug_info</name>
         <load_address>0x196e7</load_address>
         <run_address>0x196e7</run_address>
         <size>0x1aa</size>
         <input_file_ref idref="fl-cb"/>
      </object_component>
      <object_component id="oc-86">
         <name>.debug_info</name>
         <load_address>0x19891</load_address>
         <run_address>0x19891</run_address>
         <size>0x46</size>
         <input_file_ref idref="fl-cb"/>
      </object_component>
      <object_component id="oc-bd">
         <name>.debug_info</name>
         <load_address>0x198d7</load_address>
         <run_address>0x198d7</run_address>
         <size>0x2c</size>
         <input_file_ref idref="fl-cb"/>
      </object_component>
      <object_component id="oc-1a1">
         <name>.debug_info</name>
         <load_address>0x19903</load_address>
         <run_address>0x19903</run_address>
         <size>0x13a</size>
         <input_file_ref idref="fl-cc"/>
      </object_component>
      <object_component id="oc-224">
         <name>.debug_info</name>
         <load_address>0x19a3d</load_address>
         <run_address>0x19a3d</run_address>
         <size>0x10d</size>
         <input_file_ref idref="fl-cd"/>
      </object_component>
      <object_component id="oc-93">
         <name>.debug_info</name>
         <load_address>0x19b4a</load_address>
         <run_address>0x19b4a</run_address>
         <size>0x148</size>
         <input_file_ref idref="fl-cf"/>
      </object_component>
      <object_component id="oc-190">
         <name>.debug_info</name>
         <load_address>0x19c92</load_address>
         <run_address>0x19c92</run_address>
         <size>0x2ae</size>
         <input_file_ref idref="fl-d0"/>
      </object_component>
      <object_component id="oc-e3">
         <name>.debug_info</name>
         <load_address>0x19f40</load_address>
         <run_address>0x19f40</run_address>
         <size>0x171</size>
         <input_file_ref idref="fl-d0"/>
      </object_component>
      <object_component id="oc-214">
         <name>.debug_info</name>
         <load_address>0x1a0b1</load_address>
         <run_address>0x1a0b1</run_address>
         <size>0xee</size>
         <input_file_ref idref="fl-d1"/>
      </object_component>
      <object_component id="oc-18d">
         <name>.debug_info</name>
         <load_address>0x1a19f</load_address>
         <run_address>0x1a19f</run_address>
         <size>0xfa</size>
         <input_file_ref idref="fl-d1"/>
      </object_component>
      <object_component id="oc-11c">
         <name>.debug_info</name>
         <load_address>0x1a299</load_address>
         <run_address>0x1a299</run_address>
         <size>0x117</size>
         <input_file_ref idref="fl-d3"/>
      </object_component>
      <object_component id="oc-3b">
         <name>.debug_info</name>
         <load_address>0x1a3b0</load_address>
         <run_address>0x1a3b0</run_address>
         <size>0x111</size>
         <input_file_ref idref="fl-d5"/>
      </object_component>
      <object_component id="oc-8d">
         <name>.debug_info</name>
         <load_address>0x1a4c1</load_address>
         <run_address>0x1a4c1</run_address>
         <size>0x13f</size>
         <input_file_ref idref="fl-d6"/>
      </object_component>
      <object_component id="oc-192">
         <name>.debug_info</name>
         <load_address>0x1a600</load_address>
         <run_address>0x1a600</run_address>
         <size>0x299</size>
         <input_file_ref idref="fl-d7"/>
      </object_component>
      <object_component id="oc-e7">
         <name>.debug_info</name>
         <load_address>0x1a899</load_address>
         <run_address>0x1a899</run_address>
         <size>0x231</size>
         <input_file_ref idref="fl-d7"/>
      </object_component>
      <object_component id="oc-194">
         <name>.debug_info</name>
         <load_address>0x1aaca</load_address>
         <run_address>0x1aaca</run_address>
         <size>0x284</size>
         <input_file_ref idref="fl-d8"/>
      </object_component>
      <object_component id="oc-ec">
         <name>.debug_info</name>
         <load_address>0x1ad4e</load_address>
         <run_address>0x1ad4e</run_address>
         <size>0x22a</size>
         <input_file_ref idref="fl-d8"/>
      </object_component>
      <object_component id="oc-2a6">
         <name>.debug_info</name>
         <load_address>0x1af78</load_address>
         <run_address>0x1af78</run_address>
         <size>0x97</size>
      </object_component>
      <object_component id="oc-157">
         <name>.debug_line</name>
         <load_address>0x0</load_address>
         <run_address>0x0</run_address>
         <size>0x172</size>
         <input_file_ref idref="fl-2"/>
      </object_component>
      <object_component id="oc-1b2">
         <name>.debug_line</name>
         <load_address>0x172</load_address>
         <run_address>0x172</run_address>
         <size>0x2d</size>
         <input_file_ref idref="fl-2"/>
      </object_component>
      <object_component id="oc-9c">
         <name>.debug_line</name>
         <load_address>0x19f</load_address>
         <run_address>0x19f</run_address>
         <size>0x643</size>
         <input_file_ref idref="fl-2"/>
      </object_component>
      <object_component id="oc-70">
         <name>.debug_line</name>
         <load_address>0x7e2</load_address>
         <run_address>0x7e2</run_address>
         <size>0x69</size>
         <input_file_ref idref="fl-2"/>
      </object_component>
      <object_component id="oc-b2">
         <name>.debug_line</name>
         <load_address>0x84b</load_address>
         <run_address>0x84b</run_address>
         <size>0x20</size>
         <input_file_ref idref="fl-2"/>
      </object_component>
      <object_component id="oc-ad">
         <name>.debug_line</name>
         <load_address>0x86b</load_address>
         <run_address>0x86b</run_address>
         <size>0x6d</size>
         <input_file_ref idref="fl-2"/>
      </object_component>
      <object_component id="oc-16e">
         <name>.debug_line</name>
         <load_address>0x8d8</load_address>
         <run_address>0x8d8</run_address>
         <size>0x69</size>
         <input_file_ref idref="fl-2"/>
      </object_component>
      <object_component id="oc-75">
         <name>.debug_line</name>
         <load_address>0x941</load_address>
         <run_address>0x941</run_address>
         <size>0x6a</size>
         <input_file_ref idref="fl-2"/>
      </object_component>
      <object_component id="oc-116">
         <name>.debug_line</name>
         <load_address>0x9ab</load_address>
         <run_address>0x9ab</run_address>
         <size>0x65</size>
         <input_file_ref idref="fl-2"/>
      </object_component>
      <object_component id="oc-6c">
         <name>.debug_line</name>
         <load_address>0xa10</load_address>
         <run_address>0xa10</run_address>
         <size>0x41</size>
         <input_file_ref idref="fl-3"/>
      </object_component>
      <object_component id="oc-2b">
         <name>.debug_line</name>
         <load_address>0xa51</load_address>
         <run_address>0xa51</run_address>
         <size>0x41</size>
         <input_file_ref idref="fl-3"/>
      </object_component>
      <object_component id="oc-26">
         <name>.debug_line</name>
         <load_address>0xa92</load_address>
         <run_address>0xa92</run_address>
         <size>0xa1</size>
         <input_file_ref idref="fl-3"/>
      </object_component>
      <object_component id="oc-36">
         <name>.debug_line</name>
         <load_address>0xb33</load_address>
         <run_address>0xb33</run_address>
         <size>0x20</size>
         <input_file_ref idref="fl-3"/>
      </object_component>
      <object_component id="oc-235">
         <name>.debug_line</name>
         <load_address>0xb53</load_address>
         <run_address>0xb53</run_address>
         <size>0x5b</size>
         <input_file_ref idref="fl-4"/>
      </object_component>
      <object_component id="oc-233">
         <name>.debug_line</name>
         <load_address>0xbae</load_address>
         <run_address>0xbae</run_address>
         <size>0x38</size>
         <input_file_ref idref="fl-4"/>
      </object_component>
      <object_component id="oc-104">
         <name>.debug_line</name>
         <load_address>0xbe6</load_address>
         <run_address>0xbe6</run_address>
         <size>0x5d9</size>
         <input_file_ref idref="fl-4"/>
      </object_component>
      <object_component id="oc-15c">
         <name>.debug_line</name>
         <load_address>0x11bf</load_address>
         <run_address>0x11bf</run_address>
         <size>0xdb</size>
         <input_file_ref idref="fl-5"/>
      </object_component>
      <object_component id="oc-20b">
         <name>.debug_line</name>
         <load_address>0x129a</load_address>
         <run_address>0x129a</run_address>
         <size>0x5b</size>
         <input_file_ref idref="fl-6"/>
      </object_component>
      <object_component id="oc-205">
         <name>.debug_line</name>
         <load_address>0x12f5</load_address>
         <run_address>0x12f5</run_address>
         <size>0x39</size>
         <input_file_ref idref="fl-6"/>
      </object_component>
      <object_component id="oc-207">
         <name>.debug_line</name>
         <load_address>0x132e</load_address>
         <run_address>0x132e</run_address>
         <size>0x39</size>
         <input_file_ref idref="fl-6"/>
      </object_component>
      <object_component id="oc-209">
         <name>.debug_line</name>
         <load_address>0x1367</load_address>
         <run_address>0x1367</run_address>
         <size>0x39</size>
         <input_file_ref idref="fl-6"/>
      </object_component>
      <object_component id="oc-d7">
         <name>.debug_line</name>
         <load_address>0x13a0</load_address>
         <run_address>0x13a0</run_address>
         <size>0x5fa</size>
         <input_file_ref idref="fl-6"/>
      </object_component>
      <object_component id="oc-231">
         <name>.debug_line</name>
         <load_address>0x199a</load_address>
         <run_address>0x199a</run_address>
         <size>0x5b</size>
         <input_file_ref idref="fl-7"/>
      </object_component>
      <object_component id="oc-22d">
         <name>.debug_line</name>
         <load_address>0x19f5</load_address>
         <run_address>0x19f5</run_address>
         <size>0x38</size>
         <input_file_ref idref="fl-7"/>
      </object_component>
      <object_component id="oc-22f">
         <name>.debug_line</name>
         <load_address>0x1a2d</load_address>
         <run_address>0x1a2d</run_address>
         <size>0x38</size>
         <input_file_ref idref="fl-7"/>
      </object_component>
      <object_component id="oc-fb">
         <name>.debug_line</name>
         <load_address>0x1a65</load_address>
         <run_address>0x1a65</run_address>
         <size>0x69b</size>
         <input_file_ref idref="fl-7"/>
      </object_component>
      <object_component id="oc-245">
         <name>.debug_line</name>
         <load_address>0x2100</load_address>
         <run_address>0x2100</run_address>
         <size>0x55</size>
         <input_file_ref idref="fl-8"/>
      </object_component>
      <object_component id="oc-239">
         <name>.debug_line</name>
         <load_address>0x2155</load_address>
         <run_address>0x2155</run_address>
         <size>0x3e</size>
         <input_file_ref idref="fl-8"/>
      </object_component>
      <object_component id="oc-23b">
         <name>.debug_line</name>
         <load_address>0x2193</load_address>
         <run_address>0x2193</run_address>
         <size>0x3e</size>
         <input_file_ref idref="fl-8"/>
      </object_component>
      <object_component id="oc-23d">
         <name>.debug_line</name>
         <load_address>0x21d1</load_address>
         <run_address>0x21d1</run_address>
         <size>0x3e</size>
         <input_file_ref idref="fl-8"/>
      </object_component>
      <object_component id="oc-23f">
         <name>.debug_line</name>
         <load_address>0x220f</load_address>
         <run_address>0x220f</run_address>
         <size>0x3e</size>
         <input_file_ref idref="fl-8"/>
      </object_component>
      <object_component id="oc-241">
         <name>.debug_line</name>
         <load_address>0x224d</load_address>
         <run_address>0x224d</run_address>
         <size>0x3e</size>
         <input_file_ref idref="fl-8"/>
      </object_component>
      <object_component id="oc-243">
         <name>.debug_line</name>
         <load_address>0x228b</load_address>
         <run_address>0x228b</run_address>
         <size>0x3e</size>
         <input_file_ref idref="fl-8"/>
      </object_component>
      <object_component id="oc-237">
         <name>.debug_line</name>
         <load_address>0x22c9</load_address>
         <run_address>0x22c9</run_address>
         <size>0x3e</size>
         <input_file_ref idref="fl-8"/>
      </object_component>
      <object_component id="oc-10c">
         <name>.debug_line</name>
         <load_address>0x2307</load_address>
         <run_address>0x2307</run_address>
         <size>0x2ef</size>
         <input_file_ref idref="fl-8"/>
      </object_component>
      <object_component id="oc-1f9">
         <name>.debug_line</name>
         <load_address>0x25f6</load_address>
         <run_address>0x25f6</run_address>
         <size>0xc8</size>
         <input_file_ref idref="fl-a"/>
      </object_component>
      <object_component id="oc-1f3">
         <name>.debug_line</name>
         <load_address>0x26be</load_address>
         <run_address>0x26be</run_address>
         <size>0x3b</size>
         <input_file_ref idref="fl-a"/>
      </object_component>
      <object_component id="oc-1f7">
         <name>.debug_line</name>
         <load_address>0x26f9</load_address>
         <run_address>0x26f9</run_address>
         <size>0x3b</size>
         <input_file_ref idref="fl-a"/>
      </object_component>
      <object_component id="oc-1f0">
         <name>.debug_line</name>
         <load_address>0x2734</load_address>
         <run_address>0x2734</run_address>
         <size>0x3b</size>
         <input_file_ref idref="fl-a"/>
      </object_component>
      <object_component id="oc-1f5">
         <name>.debug_line</name>
         <load_address>0x276f</load_address>
         <run_address>0x276f</run_address>
         <size>0x3b</size>
         <input_file_ref idref="fl-a"/>
      </object_component>
      <object_component id="oc-ca">
         <name>.debug_line</name>
         <load_address>0x27aa</load_address>
         <run_address>0x27aa</run_address>
         <size>0x99b</size>
         <input_file_ref idref="fl-a"/>
      </object_component>
      <object_component id="oc-1fc">
         <name>.debug_line</name>
         <load_address>0x3145</load_address>
         <run_address>0x3145</run_address>
         <size>0x3b</size>
         <input_file_ref idref="fl-a"/>
      </object_component>
      <object_component id="oc-203">
         <name>.debug_line</name>
         <load_address>0x3180</load_address>
         <run_address>0x3180</run_address>
         <size>0x5b</size>
         <input_file_ref idref="fl-b"/>
      </object_component>
      <object_component id="oc-1ff">
         <name>.debug_line</name>
         <load_address>0x31db</load_address>
         <run_address>0x31db</run_address>
         <size>0x3a</size>
         <input_file_ref idref="fl-b"/>
      </object_component>
      <object_component id="oc-201">
         <name>.debug_line</name>
         <load_address>0x3215</load_address>
         <run_address>0x3215</run_address>
         <size>0x3a</size>
         <input_file_ref idref="fl-b"/>
      </object_component>
      <object_component id="oc-cd">
         <name>.debug_line</name>
         <load_address>0x324f</load_address>
         <run_address>0x324f</run_address>
         <size>0x51b</size>
         <input_file_ref idref="fl-b"/>
      </object_component>
      <object_component id="oc-211">
         <name>.debug_line</name>
         <load_address>0x376a</load_address>
         <run_address>0x376a</run_address>
         <size>0x5b</size>
         <input_file_ref idref="fl-c"/>
      </object_component>
      <object_component id="oc-20d">
         <name>.debug_line</name>
         <load_address>0x37c5</load_address>
         <run_address>0x37c5</run_address>
         <size>0x39</size>
         <input_file_ref idref="fl-c"/>
      </object_component>
      <object_component id="oc-20f">
         <name>.debug_line</name>
         <load_address>0x37fe</load_address>
         <run_address>0x37fe</run_address>
         <size>0x39</size>
         <input_file_ref idref="fl-c"/>
      </object_component>
      <object_component id="oc-de">
         <name>.debug_line</name>
         <load_address>0x3837</load_address>
         <run_address>0x3837</run_address>
         <size>0x5b8</size>
         <input_file_ref idref="fl-c"/>
      </object_component>
      <object_component id="oc-22b">
         <name>.debug_line</name>
         <load_address>0x3def</load_address>
         <run_address>0x3def</run_address>
         <size>0x8e</size>
         <input_file_ref idref="fl-d"/>
      </object_component>
      <object_component id="oc-21e">
         <name>.debug_line</name>
         <load_address>0x3e7d</load_address>
         <run_address>0x3e7d</run_address>
         <size>0x3e</size>
         <input_file_ref idref="fl-d"/>
      </object_component>
      <object_component id="oc-229">
         <name>.debug_line</name>
         <load_address>0x3ebb</load_address>
         <run_address>0x3ebb</run_address>
         <size>0x3e</size>
         <input_file_ref idref="fl-d"/>
      </object_component>
      <object_component id="oc-220">
         <name>.debug_line</name>
         <load_address>0x3ef9</load_address>
         <run_address>0x3ef9</run_address>
         <size>0x3e</size>
         <input_file_ref idref="fl-d"/>
      </object_component>
      <object_component id="oc-21c">
         <name>.debug_line</name>
         <load_address>0x3f37</load_address>
         <run_address>0x3f37</run_address>
         <size>0x3e</size>
         <input_file_ref idref="fl-d"/>
      </object_component>
      <object_component id="oc-f5">
         <name>.debug_line</name>
         <load_address>0x3f75</load_address>
         <run_address>0x3f75</run_address>
         <size>0x28f</size>
         <input_file_ref idref="fl-d"/>
      </object_component>
      <object_component id="oc-69">
         <name>.debug_line</name>
         <load_address>0x4204</load_address>
         <run_address>0x4204</run_address>
         <size>0x33</size>
         <input_file_ref idref="fl-c7"/>
      </object_component>
      <object_component id="oc-58">
         <name>.debug_line</name>
         <load_address>0x4237</load_address>
         <run_address>0x4237</run_address>
         <size>0x56</size>
         <input_file_ref idref="fl-c7"/>
      </object_component>
      <object_component id="oc-255">
         <name>.debug_line</name>
         <load_address>0x428d</load_address>
         <run_address>0x428d</run_address>
         <size>0xb7</size>
         <input_file_ref idref="fl-c8"/>
      </object_component>
      <object_component id="oc-129">
         <name>.debug_line</name>
         <load_address>0x4344</load_address>
         <run_address>0x4344</run_address>
         <size>0x6c</size>
         <input_file_ref idref="fl-c8"/>
      </object_component>
      <object_component id="oc-259">
         <name>.debug_line</name>
         <load_address>0x43b0</load_address>
         <run_address>0x43b0</run_address>
         <size>0x2e</size>
         <input_file_ref idref="fl-c8"/>
      </object_component>
      <object_component id="oc-270">
         <name>.debug_line</name>
         <load_address>0x43de</load_address>
         <run_address>0x43de</run_address>
         <size>0x92</size>
         <input_file_ref idref="fl-c8"/>
      </object_component>
      <object_component id="oc-25e">
         <name>.debug_line</name>
         <load_address>0x4470</load_address>
         <run_address>0x4470</run_address>
         <size>0x8f</size>
         <input_file_ref idref="fl-c8"/>
      </object_component>
      <object_component id="oc-263">
         <name>.debug_line</name>
         <load_address>0x44ff</load_address>
         <run_address>0x44ff</run_address>
         <size>0x8b</size>
         <input_file_ref idref="fl-c8"/>
      </object_component>
      <object_component id="oc-bc">
         <name>.debug_line</name>
         <load_address>0x458a</load_address>
         <run_address>0x458a</run_address>
         <size>0x20</size>
         <input_file_ref idref="fl-c9"/>
      </object_component>
      <object_component id="oc-15">
         <name>.debug_line</name>
         <load_address>0x45aa</load_address>
         <run_address>0x45aa</run_address>
         <size>0xa9</size>
         <input_file_ref idref="fl-c9"/>
      </object_component>
      <object_component id="oc-31">
         <name>.debug_line</name>
         <load_address>0x4653</load_address>
         <run_address>0x4653</run_address>
         <size>0x3a</size>
         <input_file_ref idref="fl-c9"/>
      </object_component>
      <object_component id="oc-b9">
         <name>.debug_line</name>
         <load_address>0x468d</load_address>
         <run_address>0x468d</run_address>
         <size>0x92</size>
         <input_file_ref idref="fl-c9"/>
      </object_component>
      <object_component id="oc-7a">
         <name>.debug_line</name>
         <load_address>0x471f</load_address>
         <run_address>0x471f</run_address>
         <size>0x8e</size>
         <input_file_ref idref="fl-c9"/>
      </object_component>
      <object_component id="oc-84">
         <name>.debug_line</name>
         <load_address>0x47ad</load_address>
         <run_address>0x47ad</run_address>
         <size>0x20</size>
         <input_file_ref idref="fl-ca"/>
      </object_component>
      <object_component id="oc-1c">
         <name>.debug_line</name>
         <load_address>0x47cd</load_address>
         <run_address>0x47cd</run_address>
         <size>0x55</size>
         <input_file_ref idref="fl-ca"/>
      </object_component>
      <object_component id="oc-41">
         <name>.debug_line</name>
         <load_address>0x4822</load_address>
         <run_address>0x4822</run_address>
         <size>0x3a</size>
         <input_file_ref idref="fl-ca"/>
      </object_component>
      <object_component id="oc-81">
         <name>.debug_line</name>
         <load_address>0x485c</load_address>
         <run_address>0x485c</run_address>
         <size>0x8a</size>
         <input_file_ref idref="fl-ca"/>
      </object_component>
      <object_component id="oc-c3">
         <name>.debug_line</name>
         <load_address>0x48e6</load_address>
         <run_address>0x48e6</run_address>
         <size>0x9e</size>
         <input_file_ref idref="fl-cb"/>
      </object_component>
      <object_component id="oc-4f">
         <name>.debug_line</name>
         <load_address>0x4984</load_address>
         <run_address>0x4984</run_address>
         <size>0x4f</size>
         <input_file_ref idref="fl-cb"/>
      </object_component>
      <object_component id="oc-89">
         <name>.debug_line</name>
         <load_address>0x49d3</load_address>
         <run_address>0x49d3</run_address>
         <size>0x34</size>
         <input_file_ref idref="fl-cb"/>
      </object_component>
      <object_component id="oc-c0">
         <name>.debug_line</name>
         <load_address>0x4a07</load_address>
         <run_address>0x4a07</run_address>
         <size>0x8a</size>
         <input_file_ref idref="fl-cb"/>
      </object_component>
      <object_component id="oc-19f">
         <name>.debug_line</name>
         <load_address>0x4a91</load_address>
         <run_address>0x4a91</run_address>
         <size>0x5b</size>
         <input_file_ref idref="fl-cc"/>
      </object_component>
      <object_component id="oc-223">
         <name>.debug_line</name>
         <load_address>0x4aec</load_address>
         <run_address>0x4aec</run_address>
         <size>0x37</size>
         <input_file_ref idref="fl-cd"/>
      </object_component>
      <object_component id="oc-96">
         <name>.debug_line</name>
         <load_address>0x4b23</load_address>
         <run_address>0x4b23</run_address>
         <size>0x40</size>
         <input_file_ref idref="fl-cf"/>
      </object_component>
      <object_component id="oc-216">
         <name>.debug_line</name>
         <load_address>0x4b63</load_address>
         <run_address>0x4b63</run_address>
         <size>0x89</size>
         <input_file_ref idref="fl-d0"/>
      </object_component>
      <object_component id="oc-e2">
         <name>.debug_line</name>
         <load_address>0x4bec</load_address>
         <run_address>0x4bec</run_address>
         <size>0x63</size>
         <input_file_ref idref="fl-d0"/>
      </object_component>
      <object_component id="oc-268">
         <name>.debug_line</name>
         <load_address>0x4c4f</load_address>
         <run_address>0x4c4f</run_address>
         <size>0x20</size>
         <input_file_ref idref="fl-d1"/>
      </object_component>
      <object_component id="oc-213">
         <name>.debug_line</name>
         <load_address>0x4c6f</load_address>
         <run_address>0x4c6f</run_address>
         <size>0x2b</size>
         <input_file_ref idref="fl-d1"/>
      </object_component>
      <object_component id="oc-11a">
         <name>.debug_line</name>
         <load_address>0x4c9a</load_address>
         <run_address>0x4c9a</run_address>
         <size>0x3c</size>
         <input_file_ref idref="fl-d3"/>
      </object_component>
      <object_component id="oc-39">
         <name>.debug_line</name>
         <load_address>0x4cd6</load_address>
         <run_address>0x4cd6</run_address>
         <size>0x88</size>
         <input_file_ref idref="fl-d5"/>
      </object_component>
      <object_component id="oc-90">
         <name>.debug_line</name>
         <load_address>0x4d5e</load_address>
         <run_address>0x4d5e</run_address>
         <size>0x79</size>
         <input_file_ref idref="fl-d6"/>
      </object_component>
      <object_component id="oc-218">
         <name>.debug_line</name>
         <load_address>0x4dd7</load_address>
         <run_address>0x4dd7</run_address>
         <size>0x20</size>
         <input_file_ref idref="fl-d7"/>
      </object_component>
      <object_component id="oc-ea">
         <name>.debug_line</name>
         <load_address>0x4df7</load_address>
         <run_address>0x4df7</run_address>
         <size>0xa0</size>
         <input_file_ref idref="fl-d7"/>
      </object_component>
      <object_component id="oc-21a">
         <name>.debug_line</name>
         <load_address>0x4e97</load_address>
         <run_address>0x4e97</run_address>
         <size>0x20</size>
         <input_file_ref idref="fl-d8"/>
      </object_component>
      <object_component id="oc-ef">
         <name>.debug_line</name>
         <load_address>0x4eb7</load_address>
         <run_address>0x4eb7</run_address>
         <size>0xaa</size>
         <input_file_ref idref="fl-d8"/>
      </object_component>
      <object_component id="oc-9d">
         <name>.debug_frame</name>
         <load_address>0x0</load_address>
         <run_address>0x0</run_address>
         <size>0x238</size>
         <input_file_ref idref="fl-2"/>
      </object_component>
      <object_component id="oc-25">
         <name>.debug_frame</name>
         <load_address>0x238</load_address>
         <run_address>0x238</run_address>
         <size>0x90</size>
         <input_file_ref idref="fl-3"/>
      </object_component>
      <object_component id="oc-108">
         <name>.debug_frame</name>
         <load_address>0x2c8</load_address>
         <run_address>0x2c8</run_address>
         <size>0x450</size>
         <input_file_ref idref="fl-4"/>
      </object_component>
      <object_component id="oc-160">
         <name>.debug_frame</name>
         <load_address>0x718</load_address>
         <run_address>0x718</run_address>
         <size>0xbc</size>
         <input_file_ref idref="fl-5"/>
      </object_component>
      <object_component id="oc-d3">
         <name>.debug_frame</name>
         <load_address>0x7d4</load_address>
         <run_address>0x7d4</run_address>
         <size>0x52c</size>
         <input_file_ref idref="fl-6"/>
      </object_component>
      <object_component id="oc-fc">
         <name>.debug_frame</name>
         <load_address>0xd00</load_address>
         <run_address>0xd00</run_address>
         <size>0x578</size>
         <input_file_ref idref="fl-7"/>
      </object_component>
      <object_component id="oc-10a">
         <name>.debug_frame</name>
         <load_address>0x1278</load_address>
         <run_address>0x1278</run_address>
         <size>0x1d4</size>
         <input_file_ref idref="fl-8"/>
      </object_component>
      <object_component id="oc-cb">
         <name>.debug_frame</name>
         <load_address>0x144c</load_address>
         <run_address>0x144c</run_address>
         <size>0x5a8</size>
         <input_file_ref idref="fl-a"/>
      </object_component>
      <object_component id="oc-ce">
         <name>.debug_frame</name>
         <load_address>0x19f4</load_address>
         <run_address>0x19f4</run_address>
         <size>0x3f8</size>
         <input_file_ref idref="fl-b"/>
      </object_component>
      <object_component id="oc-dd">
         <name>.debug_frame</name>
         <load_address>0x1dec</load_address>
         <run_address>0x1dec</run_address>
         <size>0x4cc</size>
         <input_file_ref idref="fl-c"/>
      </object_component>
      <object_component id="oc-f6">
         <name>.debug_frame</name>
         <load_address>0x22b8</load_address>
         <run_address>0x22b8</run_address>
         <size>0x100</size>
         <input_file_ref idref="fl-d"/>
      </object_component>
      <object_component id="oc-57">
         <name>.debug_frame</name>
         <load_address>0x23b8</load_address>
         <run_address>0x23b8</run_address>
         <size>0x58</size>
         <input_file_ref idref="fl-c7"/>
      </object_component>
      <object_component id="oc-128">
         <name>.debug_frame</name>
         <load_address>0x2410</load_address>
         <run_address>0x2410</run_address>
         <size>0x5c</size>
         <input_file_ref idref="fl-c8"/>
      </object_component>
      <object_component id="oc-14">
         <name>.debug_frame</name>
         <load_address>0x246c</load_address>
         <run_address>0x246c</run_address>
         <size>0x60</size>
         <input_file_ref idref="fl-c9"/>
      </object_component>
      <object_component id="oc-1d">
         <name>.debug_frame</name>
         <load_address>0x24cc</load_address>
         <run_address>0x24cc</run_address>
         <size>0x54</size>
         <input_file_ref idref="fl-ca"/>
      </object_component>
      <object_component id="oc-4b">
         <name>.debug_frame</name>
         <load_address>0x2520</load_address>
         <run_address>0x2520</run_address>
         <size>0x54</size>
         <input_file_ref idref="fl-cb"/>
      </object_component>
      <object_component id="oc-97">
         <name>.debug_frame</name>
         <load_address>0x2574</load_address>
         <run_address>0x2574</run_address>
         <size>0x54</size>
         <input_file_ref idref="fl-cf"/>
      </object_component>
      <object_component id="oc-e0">
         <name>.debug_frame</name>
         <load_address>0x25c8</load_address>
         <run_address>0x25c8</run_address>
         <size>0x5c</size>
         <input_file_ref idref="fl-d0"/>
      </object_component>
      <object_component id="oc-119">
         <name>.debug_frame</name>
         <load_address>0x2624</load_address>
         <run_address>0x2624</run_address>
         <size>0x54</size>
         <input_file_ref idref="fl-d3"/>
      </object_component>
      <object_component id="oc-e6">
         <name>.debug_frame</name>
         <load_address>0x2678</load_address>
         <run_address>0x2678</run_address>
         <size>0x54</size>
         <input_file_ref idref="fl-d7"/>
      </object_component>
      <object_component id="oc-f0">
         <name>.debug_frame</name>
         <load_address>0x26cc</load_address>
         <run_address>0x26cc</run_address>
         <size>0x54</size>
         <input_file_ref idref="fl-d8"/>
      </object_component>
      <object_component id="oc-156">
         <name>.debug_abbrev</name>
         <load_address>0x0</load_address>
         <run_address>0x0</run_address>
         <size>0x104</size>
         <input_file_ref idref="fl-2"/>
      </object_component>
      <object_component id="oc-1b1">
         <name>.debug_abbrev</name>
         <load_address>0x104</load_address>
         <run_address>0x104</run_address>
         <size>0x29</size>
         <input_file_ref idref="fl-2"/>
      </object_component>
      <object_component id="oc-112">
         <name>.debug_abbrev</name>
         <load_address>0x12d</load_address>
         <run_address>0x12d</run_address>
         <size>0x113</size>
         <input_file_ref idref="fl-2"/>
      </object_component>
      <object_component id="oc-6f">
         <name>.debug_abbrev</name>
         <load_address>0x240</load_address>
         <run_address>0x240</run_address>
         <size>0x69</size>
         <input_file_ref idref="fl-2"/>
      </object_component>
      <object_component id="oc-b1">
         <name>.debug_abbrev</name>
         <load_address>0x2a9</load_address>
         <run_address>0x2a9</run_address>
         <size>0x1f</size>
         <input_file_ref idref="fl-2"/>
      </object_component>
      <object_component id="oc-ac">
         <name>.debug_abbrev</name>
         <load_address>0x2c8</load_address>
         <run_address>0x2c8</run_address>
         <size>0x5c</size>
         <input_file_ref idref="fl-2"/>
      </object_component>
      <object_component id="oc-16d">
         <name>.debug_abbrev</name>
         <load_address>0x324</load_address>
         <run_address>0x324</run_address>
         <size>0x24</size>
         <input_file_ref idref="fl-2"/>
      </object_component>
      <object_component id="oc-74">
         <name>.debug_abbrev</name>
         <load_address>0x348</load_address>
         <run_address>0x348</run_address>
         <size>0x24</size>
         <input_file_ref idref="fl-2"/>
      </object_component>
      <object_component id="oc-115">
         <name>.debug_abbrev</name>
         <load_address>0x36c</load_address>
         <run_address>0x36c</run_address>
         <size>0x24</size>
         <input_file_ref idref="fl-2"/>
      </object_component>
      <object_component id="oc-6b">
         <name>.debug_abbrev</name>
         <load_address>0x390</load_address>
         <run_address>0x390</run_address>
         <size>0x68</size>
         <input_file_ref idref="fl-3"/>
      </object_component>
      <object_component id="oc-2a">
         <name>.debug_abbrev</name>
         <load_address>0x3f8</load_address>
         <run_address>0x3f8</run_address>
         <size>0x29</size>
         <input_file_ref idref="fl-3"/>
      </object_component>
      <object_component id="oc-6a">
         <name>.debug_abbrev</name>
         <load_address>0x421</load_address>
         <run_address>0x421</run_address>
         <size>0x79</size>
         <input_file_ref idref="fl-3"/>
      </object_component>
      <object_component id="oc-35">
         <name>.debug_abbrev</name>
         <load_address>0x49a</load_address>
         <run_address>0x49a</run_address>
         <size>0x1f</size>
         <input_file_ref idref="fl-3"/>
      </object_component>
      <object_component id="oc-234">
         <name>.debug_abbrev</name>
         <load_address>0x4b9</load_address>
         <run_address>0x4b9</run_address>
         <size>0x6f</size>
         <input_file_ref idref="fl-4"/>
      </object_component>
      <object_component id="oc-232">
         <name>.debug_abbrev</name>
         <load_address>0x528</load_address>
         <run_address>0x528</run_address>
         <size>0x27</size>
         <input_file_ref idref="fl-4"/>
      </object_component>
      <object_component id="oc-1b6">
         <name>.debug_abbrev</name>
[...]
      </symbol>
      <symbol id="sm-587">
         <name>SysCtlResetCauseClear</name>
         <value>0x7f7</value>
         <object_component_ref idref="oc-c6"/>
      </symbol>
      <symbol id="sm-588">
         <name>SysCtlLDOSleepGet</name>
         <value>0x785</value>
         <object_component_ref idref="oc-c6"/>
      </symbol>
      <symbol id="sm-589">
         <name>SysCtlClockFreqSet</name>
         <value>0x8d5</value>
         <object_component_ref idref="oc-c6"/>
      </symbol>
      <symbol id="sm-58a">
         <name>SysCtlPeripheralReset</name>
         <value>0x481</value>
         <object_component_ref idref="oc-c6"/>
      </symbol>
      <symbol id="sm-602">
         <name>TimerMatchSet</name>
         <value>0x3d61</value>
         <object_component_ref idref="oc-cc"/>
      </symbol>
      <symbol id="sm-603">
         <name>TimerLoadSet</name>
         <value>0x3c81</value>
         <object_component_ref idref="oc-cc"/>
      </symbol>
      <symbol id="sm-604">
         <name>TimerDMAEventSet</name>
         <value>0x3ecb</value>
         <object_component_ref idref="oc-cc"/>
      </symbol>
      <symbol id="sm-605">
         <name>TimerADCEventSet</name>
         <value>0x3eab</value>
         <object_component_ref idref="oc-cc"/>
      </symbol>
      <symbol id="sm-606">
         <name>TimerPrescaleMatchGet</name>
         <value>0x3c65</value>
         <object_component_ref idref="oc-cc"/>
      </symbol>
      <symbol id="sm-607">
         <name>TimerPrescaleGet</name>
         <value>0x3c1b</value>
         <object_component_ref idref="oc-cc"/>
      </symbol>
      <symbol id="sm-608">
         <name>TimerControlLevel</name>
         <value>0x3a27</value>
         <object_component_ref idref="oc-cc"/>
      </symbol>
      <symbol id="sm-609">
         <name>TimerDisable</name>
         <value>0x398d</value>
         <object_component_ref idref="oc-cc"/>
      </symbol>
      <symbol id="sm-60a">
         <name>TimerUpdateMode</name>
         <value>0x3eeb</value>
         <object_component_ref idref="oc-cc"/>
      </symbol>
      <symbol id="sm-60b">
         <name>TimerIntRegister</name>
         <value>0x3df3</value>
         <object_component_ref idref="oc-cc"/>
      </symbol>
      <symbol id="sm-60c">
         <name>TimerMatchSet64</name>
         <value>0x3da7</value>
         <object_component_ref idref="oc-cc"/>
      </symbol>
      <symbol id="sm-60d">
         <name>TimerEnable</name>
         <value>0x396f</value>
         <object_component_ref idref="oc-cc"/>
      </symbol>
      <symbol id="sm-60e">
         <name>TimerLoadGet64</name>
         <value>0x3ce1</value>
         <object_component_ref idref="oc-cc"/>
      </symbol>
      <symbol id="sm-60f">
         <name>TimerIntUnregister</name>
         <value>0x3e1b</value>
         <object_component_ref idref="oc-cc"/>
      </symbol>
      <symbol id="sm-610">
         <name>TimerValueGet64</name>
         <value>0x3d2f</value>
         <object_component_ref idref="oc-cc"/>
      </symbol>
      <symbol id="sm-611">
         <name>TimerMatchGet</name>
         <value>0x3d8b</value>
         <object_component_ref idref="oc-cc"/>
      </symbol>
      <symbol id="sm-612">
         <name>TimerIntStatus</name>
         <value>0x3e69</value>
         <object_component_ref idref="oc-cc"/>
      </symbol>
      <symbol id="sm-613">
         <name>TimerClockSourceGet</name>
         <value>0x3be1</value>
         <object_component_ref idref="oc-cc"/>
      </symbol>
      <symbol id="sm-614">
         <name>TimerIntDisable</name>
         <value>0x3e51</value>
         <object_component_ref idref="oc-cc"/>
      </symbol>
      <symbol id="sm-615">
         <name>TimerValueGet</name>
         <value>0x3d13</value>
         <object_component_ref idref="oc-cc"/>
      </symbol>
      <symbol id="sm-616">
         <name>TimerControlTrigger</name>
         <value>0x3a5d</value>
         <object_component_ref idref="oc-cc"/>
      </symbol>
      <symbol id="sm-617">
         <name>TimerPrescaleSet</name>
         <value>0x3bf1</value>
         <object_component_ref idref="oc-cc"/>
      </symbol>
      <symbol id="sm-618">
         <name>TimerControlStall</name>
         <value>0x3af5</value>
         <object_component_ref idref="oc-cc"/>
      </symbol>
      <symbol id="sm-619">
         <name>TimerMatchGet64</name>
         <value>0x3dc1</value>
         <object_component_ref idref="oc-cc"/>
      </symbol>
      <symbol id="sm-61a">
         <name>TimerRTCEnable</name>
         <value>0x3b8b</value>
         <object_component_ref idref="oc-cc"/>
      </symbol>
      <symbol id="sm-61b">
         <name>TimerLoadGet</name>
         <value>0x3cab</value>
         <object_component_ref idref="oc-cc"/>
      </symbol>
      <symbol id="sm-61c">
         <name>TimerIntEnable</name>
         <value>0x3e39</value>
         <object_component_ref idref="oc-cc"/>
      </symbol>
      <symbol id="sm-61d">
         <name>TimerClockSourceSet</name>
         <value>0x3bb7</value>
         <object_component_ref idref="oc-cc"/>
      </symbol>
      <symbol id="sm-61e">
         <name>TimerLoadSet64</name>
         <value>0x3cc7</value>
         <object_component_ref idref="oc-cc"/>
      </symbol>
      <symbol id="sm-61f">
         <name>TimerDMAEventGet</name>
         <value>0x3edd</value>
         <object_component_ref idref="oc-cc"/>
      </symbol>
      <symbol id="sm-620">
         <name>TimerRTCDisable</name>
         <value>0x3ba1</value>
         <object_component_ref idref="oc-cc"/>
      </symbol>
      <symbol id="sm-621">
         <name>TimerADCEventGet</name>
         <value>0x3ebd</value>
         <object_component_ref idref="oc-cc"/>
      </symbol>
      <symbol id="sm-622">
         <name>TimerPrescaleMatchSet</name>
         <value>0x3c37</value>
         <object_component_ref idref="oc-cc"/>
      </symbol>
      <symbol id="sm-623">
         <name>TimerControlWaitOnTrigger</name>
         <value>0x3b2b</value>
         <object_component_ref idref="oc-cc"/>
      </symbol>
      <symbol id="sm-624">
         <name>TimerConfigure</name>
         <value>0x39ab</value>
         <object_component_ref idref="oc-cc"/>
      </symbol>
      <symbol id="sm-625">
         <name>TimerControlEvent</name>
         <value>0x3acb</value>
         <object_component_ref idref="oc-cc"/>
      </symbol>
      <symbol id="sm-626">
         <name>TimerIntClear</name>
         <value>0x3e87</value>
         <object_component_ref idref="oc-cc"/>
      </symbol>
      <symbol id="sm-627">
         <name>TimerSynchronize</name>
         <value>0x3e99</value>
         <object_component_ref idref="oc-cc"/>
      </symbol>
      <symbol id="sm-69a">
         <name>UARTClockSourceGet</name>
         <value>0x44af</value>
         <object_component_ref idref="oc-d9"/>
      </symbol>
      <symbol id="sm-69b">
         <name>UARTCharPutNonBlocking</name>
         <value>0x4321</value>
         <object_component_ref idref="oc-d9"/>
      </symbol>
      <symbol id="sm-69c">
         <name>UARTDMAEnable</name>
         <value>0x4449</value>
         <object_component_ref idref="oc-d9"/>
      </symbol>
      <symbol id="sm-69d">
         <name>UARTTxIntModeSet</name>
         <value>0x4285</value>
         <object_component_ref idref="oc-d9"/>
      </symbol>
      <symbol id="sm-69e">
         <name>UARTFIFODisable</name>
         <value>0x4133</value>
         <object_component_ref idref="oc-d9"/>
      </symbol>
      <symbol id="sm-69f">
         <name>UARTIntUnregister</name>
         <value>0x43c9</value>
         <object_component_ref idref="oc-d9"/>
      </symbol>
      <symbol id="sm-6a0">
         <name>UARTRxErrorClear</name>
         <value>0x448b</value>
         <object_component_ref idref="oc-d9"/>
      </symbol>
      <symbol id="sm-6a1">
         <name>UARTModemControlSet</name>
         <value>0x41d5</value>
         <object_component_ref idref="oc-d9"/>
      </symbol>
      <symbol id="sm-6a2">
         <name>UARTFlowControlSet</name>
         <value>0x4257</value>
         <object_component_ref idref="oc-d9"/>
      </symbol>
      <symbol id="sm-6a3">
         <name>UARTConfigSetExpClk</name>
         <value>0x400d</value>
         <object_component_ref idref="oc-d9"/>
      </symbol>
      <symbol id="sm-6a4">
         <name>UARTSmartCardDisable</name>
         <value>0x41bf</value>
         <object_component_ref idref="oc-d9"/>
      </symbol>
      <symbol id="sm-6a5">
         <name>UARTDisable</name>
         <value>0x40f3</value>
         <object_component_ref idref="oc-d9"/>
      </symbol>
      <symbol id="sm-6a6">
         <name>UART9BitDisable</name>
         <value>0x44d5</value>
         <object_component_ref idref="oc-d9"/>
      </symbol>
      <symbol id="sm-6a7">
         <name>UARTFIFOLevelGet</name>
         <value>0x3fe5</value>
         <object_component_ref idref="oc-d9"/>
      </symbol>
      <symbol id="sm-6a8">
         <name>UARTBusy</name>
         <value>0x438d</value>
         <object_component_ref idref="oc-d9"/>
      </symbol>
      <symbol id="sm-6a9">
         <name>UARTDisableSIR</name>
         <value>0x4177</value>
         <object_component_ref idref="oc-d9"/>
      </symbol>
      <symbol id="sm-6aa">
         <name>UARTLoopbackEnable</name>
         <value>0x4559</value>
         <object_component_ref idref="oc-d9"/>
      </symbol>
      <symbol id="sm-6ab">
         <name>UARTIntEnable</name>
         <value>0x43e9</value>
         <object_component_ref idref="oc-d9"/>
      </symbol>
      <symbol id="sm-6ac">
         <name>UARTCharsAvail</name>
         <value>0x42b3</value>
         <object_component_ref idref="oc-d9"/>
      </symbol>
      <symbol id="sm-6ad">
         <name>UARTCharGetNonBlocking</name>
         <value>0x42ef</value>
         <object_component_ref idref="oc-d9"/>
      </symbol>
      <symbol id="sm-6ae">
         <name>UARTClockSourceSet</name>
         <value>0x449b</value>
         <object_component_ref idref="oc-d9"/>
      </symbol>
      <symbol id="sm-6af">
         <name>UARTTxIntModeGet</name>
         <value>0x42a1</value>
         <object_component_ref idref="oc-d9"/>
      </symbol>
      <symbol id="sm-6b0">
         <name>UARTModemStatusGet</name>
         <value>0x4243</value>
         <object_component_ref idref="oc-d9"/>
      </symbol>
      <symbol id="sm-6b1">
         <name>UARTIntDisable</name>
         <value>0x4401</value>
         <object_component_ref idref="oc-d9"/>
      </symbol>
      <symbol id="sm-6b2">
         <name>UARTCharPut</name>
         <value>0x4345</value>
         <object_component_ref idref="oc-d9"/>
      </symbol>
      <symbol id="sm-6b3">
         <name>UARTParityModeSet</name>
         <value>0x3f9f</value>
         <object_component_ref idref="oc-d9"/>
      </symbol>
      <symbol id="sm-6b4">
         <name>UARTRxErrorGet</name>
         <value>0x4479</value>
         <object_component_ref idref="oc-d9"/>
      </symbol>
      <symbol id="sm-6b5">
         <name>UARTConfigGetExpClk</name>
         <value>0x4083</value>
         <object_component_ref idref="oc-d9"/>
      </symbol>
      <symbol id="sm-6b6">
         <name>UARTEnableSIR</name>
         <value>0x4149</value>
         <object_component_ref idref="oc-d9"/>
      </symbol>
      <symbol id="sm-6b7">
         <name>UARTEnable</name>
         <value>0x40cf</value>
         <object_component_ref idref="oc-d9"/>
      </symbol>
      <symbol id="sm-6b8">
         <name>UART9BitAddrSend</name>
         <value>0x4511</value>
         <object_component_ref idref="oc-d9"/>
      </symbol>
      <symbol id="sm-6b9">
         <name>UARTModemControlGet</name>
         <value>0x4231</value>
         <object_component_ref idref="oc-d9"/>
      </symbol>
      <symbol id="sm-6ba">
         <name>UARTSmartCardEnable</name>
         <value>0x418d</value>
         <object_component_ref idref="oc-d9"/>
      </symbol>
      <symbol id="sm-6bb">
         <name>UARTFlowControlGet</name>
         <value>0x4273</value>
         <object_component_ref idref="oc-d9"/>
      </symbol>
      <symbol id="sm-6bc">
         <name>UARTFIFOEnable</name>
         <value>0x411d</value>
         <object_component_ref idref="oc-d9"/>
      </symbol>
      <symbol id="sm-6bd">
         <name>UARTIntClear</name>
         <value>0x4437</value>
         <object_component_ref idref="oc-d9"/>
      </symbol>
      <symbol id="sm-6be">
         <name>UARTIntStatus</name>
         <value>0x4419</value>
         <object_component_ref idref="oc-d9"/>
      </symbol>
      <symbol id="sm-6bf">
         <name>UARTDMADisable</name>
         <value>0x4461</value>
         <object_component_ref idref="oc-d9"/>
      </symbol>
      <symbol id="sm-6c0">
         <name>UART9BitEnable</name>
         <value>0x44bf</value>
         <object_component_ref idref="oc-d9"/>
      </symbol>
      <symbol id="sm-6c1">
         <name>UARTSpaceAvail</name>
         <value>0x42d1</value>
         <object_component_ref idref="oc-d9"/>
      </symbol>
      <symbol id="sm-6c2">
         <name>UARTCharGet</name>
         <value>0x430b</value>
         <object_component_ref idref="oc-d9"/>
      </symbol>
      <symbol id="sm-6c3">
         <name>UARTFIFOLevelSet</name>
         <value>0x3fcd</value>
         <object_component_ref idref="oc-d9"/>
      </symbol>
      <symbol id="sm-6c4">
         <name>UARTModemControlClear</name>
         <value>0x420d</value>
         <object_component_ref idref="oc-d9"/>
      </symbol>
      <symbol id="sm-6c5">
         <name>UARTParityModeGet</name>
         <value>0x3fbb</value>
         <object_component_ref idref="oc-d9"/>
      </symbol>
      <symbol id="sm-6c6">
         <name>UARTIntRegister</name>
         <value>0x43ab</value>
         <object_component_ref idref="oc-d9"/>
      </symbol>
      <symbol id="sm-6c7">
         <name>UARTBreakCtl</name>
         <value>0x4363</value>
         <object_component_ref idref="oc-d9"/>
      </symbol>
      <symbol id="sm-6c8">
         <name>UART9BitAddrSet</name>
         <value>0x44eb</value>
         <object_component_ref idref="oc-d9"/>
      </symbol>
      <symbol id="sm-737">
         <name>UARTgetc</name>
         <value>0x46b7</value>
         <object_component_ref idref="oc-f1"/>
      </symbol>
      <symbol id="sm-738">
         <name>UARTgets</name>
         <value>0x45fd</value>
         <object_component_ref idref="oc-f1"/>
      </symbol>
      <symbol id="sm-739">
         <name>UARTStdioConfig</name>
         <value>0x4571</value>
         <object_component_ref idref="oc-f1"/>
      </symbol>
      <symbol id="sm-73a">
         <name>UARTwrite</name>
         <value>0x45b7</value>
         <object_component_ref idref="oc-f1"/>
      </symbol>
      <symbol id="sm-73b">
         <name>UARTprintf</name>
         <value>0x49d7</value>
         <object_component_ref idref="oc-f1"/>
      </symbol>
      <symbol id="sm-73c">
         <name>UARTvprintf</name>
         <value>0x46dd</value>
         <object_component_ref idref="oc-f1"/>
      </symbol>
      <symbol id="sm-74f">
         <name>__stack</name>
         <value>0x20000c00</value>
         <object_component_ref idref="oc-21"/>
      </symbol>
      <symbol id="sm-750">
         <name>_c_int00_noargs</name>
         <value>0x505d</value>
         <object_component_ref idref="oc-56"/>
      </symbol>
      <symbol id="sm-778">
         <name>__TI_auto_init_nobinit_nopinit</name>
         <value>0x4f99</value>
         <object_component_ref idref="oc-124"/>
      </symbol>
      <symbol id="sm-79b">
         <name>__TI_decompress_lzss</name>
         <value>0x4ee3</value>
         <object_component_ref idref="oc-12"/>
      </symbol>
      <symbol id="sm-7b2">
         <name>__TI_decompress_none</name>
         <value>0x50bd</value>
         <object_component_ref idref="oc-18"/>
      </symbol>
      <symbol id="sm-7c9">
         <name>__TI_zero_init</name>
         <value>0x50cb</value>
         <object_component_ref idref="oc-4a"/>
      </symbol>
      <symbol id="sm-7d8">
         <name>__aeabi_uidivmod</name>
         <value>0x4fdd</value>
         <object_component_ref idref="oc-19e"/>
      </symbol>
      <symbol id="sm-7d9">
         <name>__aeabi_uidiv</name>
         <value>0x4fdd</value>
         <object_component_ref idref="oc-19e"/>
      </symbol>
      <symbol id="sm-7e3">
         <name>__aeabi_idiv0</name>
         <value>0x3f3f</value>
         <object_component_ref idref="oc-221"/>
      </symbol>
      <symbol id="sm-7e4">
         <name>__aeabi_ldiv0</name>
         <value>0x3f3f</value>
         <object_component_ref idref="oc-221"/>
      </symbol>
      <symbol id="sm-7ef">
         <name>_system_pre_init</name>
         <value>0x50e9</value>
         <object_component_ref idref="oc-92"/>
      </symbol>
      <symbol id="sm-805">
         <name>atoi</name>
         <value>0x4f4d</value>
         <object_component_ref idref="oc-df"/>
      </symbol>
      <symbol id="sm-810">
         <name>_ctypes_</name>
         <value>0x52a0</value>
         <object_component_ref idref="oc-18c"/>
      </symbol>
      <symbol id="sm-81c">
         <name>C$$EXIT</name>
         <value>0x50ed</value>
         <object_component_ref idref="oc-118"/>
      </symbol>
      <symbol id="sm-81d">
         <name>abort</name>
         <value>0x50ed</value>
         <object_component_ref idref="oc-118"/>
      </symbol>
      <symbol id="sm-839">
         <name>memcpy</name>
         <value>0x4dcd</value>
         <object_component_ref idref="oc-38"/>
      </symbol>
      <symbol id="sm-83a">
         <name>__aeabi_memcpy</name>
         <value>0x4dcd</value>
         <object_component_ref idref="oc-38"/>
      </symbol>
      <symbol id="sm-83b">
         <name>__aeabi_memcpy8</name>
         <value>0x4dcd</value>
         <object_component_ref idref="oc-38"/>
      </symbol>
      <symbol id="sm-83c">
         <name>__aeabi_memcpy4</name>
         <value>0x4dcd</value>
         <object_component_ref idref="oc-38"/>
      </symbol>
      <symbol id="sm-84b">
         <name>__aeabi_memset</name>
         <value>0x4e6b</value>
         <object_component_ref idref="oc-8c"/>
      </symbol>
      <symbol id="sm-84c">
         <name>memset</name>
         <value>0x4e71</value>
         <object_component_ref idref="oc-8c"/>
      </symbol>
      <symbol id="sm-84d">
         <name>__aeabi_memset8</name>
         <value>0x4e6b</value>
         <object_component_ref idref="oc-8c"/>
      </symbol>
      <symbol id="sm-84e">
         <name>__aeabi_memset4</name>
         <value>0x4e6b</value>
         <object_component_ref idref="oc-8c"/>
      </symbol>
      <symbol id="sm-84f">
         <name>__aeabi_memclr8</name>
         <value>0x4e69</value>
         <object_component_ref idref="oc-8c"/>
      </symbol>
      <symbol id="sm-850">
         <name>__aeabi_memclr4</name>
         <value>0x4e69</value>
         <object_component_ref idref="oc-8c"/>
      </symbol>
      <symbol id="sm-851">
         <name>__aeabi_memclr</name>
         <value>0x4e69</value>
         <object_component_ref idref="oc-8c"/>
      </symbol>
      <symbol id="sm-85f">
         <name>strcpy</name>
         <value>0x5095</value>
         <object_component_ref idref="oc-e5"/>
      </symbol>
      <symbol id="sm-86d">
         <name>strlen</name>
         <value>0x50a9</value>
         <object_component_ref idref="oc-eb"/>
      </symbol>
      <symbol id="sm-86e">
         <name>__TI_static_base__</name>
         <value>0x0</value>
      </symbol>
      <symbol id="sm-871">
         <name>__mpu_init</name>
         <value>0x0</value>
      </symbol>
      <symbol id="sm-872">
         <name>_system_post_cinit</name>
         <value>0x0</value>
      </symbol>
   </symbol_table>
   <title>Link successful</title>
</link_info>
