******************************************************************************
                  TI ARM Linker PC v18.1.1                     
******************************************************************************
>> Linked Tue Jul 24 13:19:25 2018

OUTPUT FILE NAME:   <SSL_Controller.out>
ENTRY POINT SYMBOL: "_c_int00_noargs"  address: 00005015


MEMORY CONFIGURATION

         name            origin    length      used     unused   attr    fill
----------------------  --------  ---------  --------  --------  ----  --------
  FLASH                 00000000   00040000  00005930  0003a6d0  R  X
  SRAM                  20000000   00008000  00000e16  000071ea  RW X


SEGMENT ALLOCATION MAP

run origin  load origin   length   init length attrs members
----------  ----------- ---------- ----------- ----- -------
00000000    00000000    00005930   00005930    r-x
  00000000    00000000    0000026c   0000026c    r-- .intvecs
  0000026c    0000026c    00004e28   00004e28    r-x .text
  00005094    00005094    0000084c   0000084c    r-- .const
  000058e0    000058e0    00000050   00000050    r-- .cinit
20000000    20000000    00000e19   00000000    rw-
  20000000    20000000    0000026c   00000000    rw- .vtable
  2000026c    2000026c    00000991   00000000    rw- .bss
  20000c00    20000c00    00000200   00000000    rw- .stack
  20000e00    20000e00    00000019   00000000    rw- .data


SECTION ALLOCATION MAP

 output                                  attributes/
section   page    origin      length       input sections
--------  ----  ----------  ----------   ----------------
.intvecs   0    00000000    0000026c     
                  00000000    0000026c     tm4c123gh6pm_startup_ccs.obj (.intvecs)

.text      0    0000026c    00004e28     
                  0000026c    00000f60     sysctl.obj (.text)
                  000011cc    00000cd8     main.obj (.text)
                  00001ea4    00000b40     gpio.obj (.text)
                  000029e4    000007d8     adc.obj (.text)
                  000031bc    000006f8     i2c.obj (.text)
                  000038b4    00000642     timer.obj (.text)
                  00003ef6    00000002     rtsv7M4_T_le_v4SPD16_eabi.lib : div0.asm.obj (.text)
                  00003ef8    0000062e     uart.obj (.text)
                  00004526    00000002     --HOLE-- [fill = 0]
                  00004528    0000049c     uartstdio.obj (.text)
                  000049c4    000003c0     interrupt.obj (.text)
                  00004d84    0000009c     rtsv7M4_T_le_v4SPD16_eabi.lib : memcpy_t2.asm.obj (.text)
                  00004e20    0000007a                                   : memset_t2.asm.obj (.text)
                  00004e9a    00000068                                   : copy_decompress_lzss.c.obj (.text:decompress:lzss:__TI_decompress_lzss)
                  00004f02    00000002     --HOLE-- [fill = 0]
                  00004f04    0000004c                                   : atoi.c.obj (.text:atoi)
                  00004f50    00000044                                   : autoinit.c.obj (.text:__TI_auto_init_nobinit_nopinit:__TI_auto_init_nobinit_nopinit)
                  00004f94    00000040                                   : u_divt2.asm.obj (.text)
                  00004fd4    0000003e     cpu.obj (.text)
                  00005012    00000002     --HOLE-- [fill = 0]
                  00005014    00000038     rtsv7M4_T_le_v4SPD16_eabi.lib : boot_cortex_m.c.obj (.text:_c_int00_noargs:_c_int00_noargs)
                  0000504c    00000014                                   : strlen.c.obj (.text:strlen)
                  00005060    0000000e                                   : copy_decompress_none.c.obj (.text:decompress:none:__TI_decompress_none)
                  0000506e    0000000c                                   : copy_zero_init.c.obj (.text:decompress:ZI:__TI_zero_init)
                  0000507a    0000000c     tm4c123gh6pm_startup_ccs.obj (.text)
                  00005086    00000006     sysctl.obj (.text:SysCtlDelay)
                  0000508c    00000004     rtsv7M4_T_le_v4SPD16_eabi.lib : pre_init.c.obj (.text:_system_pre_init)
                  00005090    00000004                                   : exit.c.obj (.text:abort:abort)

.const     0    00005094    0000084c     
                  00005094    000001b0     sysctl.obj (.const:g_pppui32XTALtoVCO)
                  00005244    00000101     rtsv7M4_T_le_v4SPD16_eabi.lib : ctype.c.obj (.const:.string:_ctypes_)
                  00005345    00000003     --HOLE-- [fill = 0]
                  00005348    000000c0     gpio.obj (.const:g_ppui32GPIOIntMapBlizzard)
                  00005408    000000c0     gpio.obj (.const:g_ppui32GPIOIntMapSnowflake)
                  000054c8    0000009c     interrupt.obj (.const:g_pui32Regs)
                  00005564    00000090     gpio.obj (.const:g_pui32GPIOBaseAddrs)
                  000055f4    0000006c     sysctl.obj (.const:g_pui32Xtals)
                  00005660    00000060     timer.obj (.const:g_ppui32TimerIntMap)
                  000056c0    00000050     i2c.obj (.const:g_ppui32I2CIntMapSnowflake)
                  00005710    00000040     timer.obj (.const:g_ppui32TimerIntMapSnowflake)
                  00005750    00000040     uart.obj (.const:g_ppui32UARTIntMap)
                  00005790    00000040     uart.obj (.const:g_ppui32UARTIntMapSnowflake)
                  000057d0    00000030     i2c.obj (.const:g_ppui32I2CIntMap)
                  00005800    00000030     sysctl.obj (.const:g_sXTALtoMEMTIM)
                  00005830    00000020     interrupt.obj (.const:g_pui32Priority)
                  00005850    00000014     interrupt.obj (.const:g_pui32Dii16Regs)
                  00005864    00000014     interrupt.obj (.const:g_pui32EnRegs)
                  00005878    00000014     interrupt.obj (.const:g_pui32PendRegs)
                  0000588c    00000014     interrupt.obj (.const:g_pui32UnpendRegs)
                  000058a0    00000012     uartstdio.obj (.const:.string)
                  000058b2    00000002     --HOLE-- [fill = 0]
                  000058b4    0000000c     uartstdio.obj (.const:g_ui32UARTBase)
                  000058c0    0000000c     uartstdio.obj (.const:g_ui32UARTPeriph)
                  000058cc    00000008     sysctl.obj (.const:g_pui32VCOFrequencies)
                  000058d4    00000006     main.obj (.const:.string)
                  000058da    00000002     --HOLE-- [fill = 0]
                  000058dc    00000004     uartstdio.obj (.const)

.cinit     0    000058e0    00000050     
                  000058e0    00000015     (.cinit..data.load) [load image, compression = lzss]
                  000058f5    00000003     --HOLE-- [fill = 0]
                  000058f8    0000000c     (__TI_handler_table)
                  00005904    00000004     --HOLE-- [fill = 0]
                  00005908    00000008     (.cinit..bss.load) [load image, compression = zero_init]
                  00005910    00000008     (.cinit..vtable.load) [load image, compression = zero_init]
                  00005918    00000018     (__TI_cinit_table)

.init_array 
*          0    00000000    00000000     UNINITIALIZED

.vtable    0    20000000    0000026c     UNINITIALIZED
                  20000000    0000026c     interrupt.obj (.vtable)

.bss       0    2000026c    00000991     UNINITIALIZED
                  2000026c    00000690     (.common:final)
                  200008fc    000001e0     (.common:manout)
                  20000adc    000000f0     (.common:interout)
                  20000bcc    00000010     (.common:pui32ADC0Value)
                  20000bdc    00000010     (.common:pui32ADC1Value)
                  20000bec    0000000c     (.common:rbuf)
                  20000bf8    00000004     adc.obj (.bss:g_pui8OversampleFactor)
                  20000bfc    00000001     (.common:k)

.data      0    20000e00    00000019     UNINITIALIZED
                  20000e00    00000014     main.obj (.data)
                  20000e14    00000005     uartstdio.obj (.data)

.stack     0    20000c00    00000200     UNINITIALIZED
                  20000c00    00000004     rtsv7M4_T_le_v4SPD16_eabi.lib : boot_cortex_m.c.obj (.stack)
                  20000c04    000001fc     --HOLE--

MODULE SUMMARY

       Module                         code    ro data   rw data
       ------                         ----    -------   -------
    .\
       main.obj                       3288    6         2465   
       tm4c123gh6pm_startup_ccs.obj   12      620       0      
    +--+------------------------------+-------+---------+---------+
       Total:                         3300    626       2465   
                                                               
    .\Peripherals\
       sysctl.obj                     3942    596       0      
       gpio.obj                       2880    528       0      
       adc.obj                        2008    0         4      
       i2c.obj                        1784    128       0      
       interrupt.obj                  960     268       620    
       timer.obj                      1602    160       0      
       uart.obj                       1582    128       0      
       uartstdio.obj                  1180    46        5      
       cpu.obj                        62      0         0      
    +--+------------------------------+-------+---------+---------+
       Total:                         16000   1854      629    
                                                               
    C:\ti\ccsv8\tools\compiler\ti-cgt-arm_18.1.1.LTS\lib\rtsv7M4_T_le_v4SPD16_eabi.lib
       ctype.c.obj                    0       257       0      
       memcpy_t2.asm.obj              156     0         0      
       memset_t2.asm.obj              122     0         0      
       copy_decompress_lzss.c.obj     104     0         0      
       atoi.c.obj                     76      0         0      
       autoinit.c.obj                 68      0         0      
       u_divt2.asm.obj                64      0         0      
       boot_cortex_m.c.obj            56      0         0      
       strlen.c.obj                   20      0         0      
       copy_decompress_none.c.obj     14      0         0      
       copy_zero_init.c.obj           12      0         0      
       exit.c.obj                     4       0         0      
       pre_init.c.obj                 4       0         0      
       div0.asm.obj                   2       0         0      
    +--+------------------------------+-------+---------+---------+
       Total:                         702     257       0      
                                                               
       Stack:                         0       0         512    
       Linker Generated:              0       73        0      
    +--+------------------------------+-------+---------+---------+
       Grand Total:                   20002   2810      3606   


LINKER GENERATED COPY TABLES

__TI_cinit_table @ 00005918 records: 3, size/record: 8, table size: 24
	.data: load addr=000058e0, load size=00000015 bytes, run addr=20000e00, run size=00000019 bytes, compression=lzss
	.bss: load addr=00005908, load size=00000008 bytes, run addr=2000026c, run size=00000991 bytes, compression=zero_init
	.vtable: load addr=00005910, load size=00000008 bytes, run addr=20000000, run size=0000026c bytes, compression=zero_init


LINKER GENERATED HANDLER TABLE

__TI_handler_table @ 000058f8 records: 3, size/record: 4, table size: 12
	index: 0, handler: __TI_zero_init
	index: 1, handler: __TI_decompress_lzss
	index: 2, handler: __TI_decompress_none


GLOBAL SYMBOLS: SORTED ALPHABETICALLY BY Name 

address   name                              
-------   ----                              
00003133  ADCBusy                           
0000317b  ADCClockConfigGet                 
00003151  ADCClockConfigSet                 
00002f51  ADCComparatorConfigure            
00003021  ADCComparatorIntClear             
00002fd7  ADCComparatorIntDisable           
00002ff5  ADCComparatorIntEnable            
00003013  ADCComparatorIntStatus            
00002f6d  ADCComparatorRegionSet            
00002f91  ADCComparatorReset                
00002f1f  ADCHardwareOversampleConfigure    
00002b1f  ADCIntClear                       
0000309b  ADCIntClearEx                     
00002a85  ADCIntDisable                     
00003033  ADCIntDisableEx                   
00002aa1  ADCIntEnable                      
0000304b  ADCIntEnableEx                    
00002a3f  ADCIntRegister                    
00002ac7  ADCIntStatus                      
00003069  ADCIntStatusEx                    
00002a67  ADCIntUnregister                  
000030ed  ADCPhaseDelayGet                  
000030db  ADCPhaseDelaySet                  
00002d91  ADCProcessorTrigger               
000030c9  ADCReferenceGet                   
000030ad  ADCReferenceSet                   
00002b69  ADCSequenceConfigure              
00003117  ADCSequenceDMADisable             
000030fb  ADCSequenceDMAEnable              
00002d4f  ADCSequenceDataGet                
00002b4f  ADCSequenceDisable                
00002b35  ADCSequenceEnable                 
00002cf3  ADCSequenceOverflow               
00002d0b  ADCSequenceOverflowClear          
00002c05  ADCSequenceStepConfigure          
00002d21  ADCSequenceUnderflow              
00002d39  ADCSequenceUnderflowClear         
00002db5  ADCSoftwareOversampleConfigure    
00002eb1  ADCSoftwareOversampleDataGet      
00002df1  ADCSoftwareOversampleStepConfigure
00005091  C$$EXIT                           
00005009  CPUbasepriGet                     
00004ffb  CPUbasepriSet                     
00004fd5  CPUcpsid                          
00004feb  CPUcpsie                          
00004fe1  CPUprimask                        
00004ff7  CPUwfi                            
000029bf  GPIOADCTriggerDisable             
000029a1  GPIOADCTriggerEnable              
00002983  GPIODMATriggerDisable             
00002965  GPIODMATriggerEnable              
00001f5f  GPIODirModeGet                    
00001f03  GPIODirModeSet                    
000024c7  GPIOIntClear                      
0000248b  GPIOIntDisable                    
00002471  GPIOIntEnable                     
000024db  GPIOIntRegister                   
000024a5  GPIOIntStatus                     
0000204f  GPIOIntTypeGet                    
00001fab  GPIOIntTypeSet                    
000024f9  GPIOIntUnregister                 
0000231f  GPIOPadConfigGet                  
000020e5  GPIOPadConfigSet                  
00002907  GPIOPinConfigure                  
00002513  GPIOPinRead                       
0000254b  GPIOPinTypeADC                    
0000256f  GPIOPinTypeCAN                    
00002593  GPIOPinTypeComparator             
000025b7  GPIOPinTypeComparatorOutput       
000025db  GPIOPinTypeDIVSCLK                
000025ff  GPIOPinTypeEPI                    
00002623  GPIOPinTypeEthernetLED            
00002647  GPIOPinTypeEthernetMII            
0000266b  GPIOPinTypeGPIOInput              
0000268f  GPIOPinTypeGPIOOutput             
000026b3  GPIOPinTypeGPIOOutputOD           
000026d7  GPIOPinTypeHibernateRTCCLK        
000026fb  GPIOPinTypeI2C                    
0000271f  GPIOPinTypeI2CSCL                 
00002743  GPIOPinTypeLCD                    
00002767  GPIOPinTypeOneWire                
0000278b  GPIOPinTypePWM                    
000027af  GPIOPinTypeQEI                    
000027d3  GPIOPinTypeSSI                    
000027f7  GPIOPinTypeTimer                  
0000281b  GPIOPinTypeTrace                  
0000283f  GPIOPinTypeUART                   
00002863  GPIOPinTypeUSBAnalog              
00002887  GPIOPinTypeUSBDigital             
000028ab  GPIOPinTypeWakeHigh               
000028d1  GPIOPinTypeWakeLow                
000028f7  GPIOPinWakeStatus                 
0000252b  GPIOPinWrite                      
000037b3  I2CFIFODataGet                    
000037cd  I2CFIFODataGetNonBlocking         
00003769  I2CFIFODataPut                    
0000378b  I2CFIFODataPutNonBlocking         
00003759  I2CFIFOStatus                     
0000334d  I2CIntRegister                    
0000336b  I2CIntUnregister                  
0000388f  I2CLoopbackEnable                 
00003809  I2CMasterBurstCountGet            
000037f3  I2CMasterBurstLengthSet           
000035b1  I2CMasterBusBusy                  
00003599  I2CMasterBusy                     
000035c9  I2CMasterControl                  
0000361d  I2CMasterDataGet                  
00003607  I2CMasterDataPut                  
00003319  I2CMasterDisable                  
000032e5  I2CMasterEnable                   
000035db  I2CMasterErr                      
00003817  I2CMasterGlitchFilterConfigSet    
0000321b  I2CMasterInitExpClk               
00003513  I2CMasterIntClear                 
00003531  I2CMasterIntClearEx               
000033df  I2CMasterIntDisable               
000033ef  I2CMasterIntDisableEx             
00003385  I2CMasterIntEnable                
00003395  I2CMasterIntEnableEx              
00003439  I2CMasterIntStatus                
0000347d  I2CMasterIntStatusEx              
0000358b  I2CMasterLineStateGet             
00003569  I2CMasterSlaveAddrSet             
0000362b  I2CMasterTimeoutSet               
00001575  I2CReceive                        
00003719  I2CRxFIFOConfigSet                
00003741  I2CRxFIFOFlush                    
00001489  I2CSend                           
0000363d  I2CSlaveACKOverride               
0000366f  I2CSlaveACKValueSet               
000032a7  I2CSlaveAddressSet                
000036c9  I2CSlaveDataGet                   
000036b1  I2CSlaveDataPut                   
0000332f  I2CSlaveDisable                   
000032fb  I2CSlaveEnable                    
0000387d  I2CSlaveFIFODisable               
00003865  I2CSlaveFIFOEnable                
0000328d  I2CSlaveInit                      
00003543  I2CSlaveIntClear                  
00003555  I2CSlaveIntClearEx                
00003407  I2CSlaveIntDisable                
0000341f  I2CSlaveIntDisableEx              
000033ad  I2CSlaveIntEnable                 
000033c5  I2CSlaveIntEnableEx               
000034a9  I2CSlaveIntStatus                 
000034f1  I2CSlaveIntStatusEx               
000036a1  I2CSlaveStatus                    
000036d9  I2CTxFIFOConfigSet                
00003701  I2CTxFIFOFlush                    
000013eb  InitConsole_A                     
00001427  InitI2C0                          
00004b85  IntDisable                        
00004b13  IntEnable                         
00004bf7  IntIsEnabled                      
000049d7  IntMasterDisable                  
000049c7  IntMasterEnable                   
00004ced  IntPendClear                      
00004c7d  IntPendSet                        
00004aef  IntPriorityGet                    
00004a67  IntPriorityGroupingGet            
00004a4d  IntPriorityGroupingSet            
00004d47  IntPriorityMaskGet                
00004d3b  IntPriorityMaskSet                
00004a9f  IntPrioritySet                    
000049e7  IntRegister                       
00004d4f  IntTrigger                        
00004a39  IntUnregister                     
00001811  LED_brightness                    
00001a29  LED_startup                       
20000e08  Period                            
0000507b  ResetISR                          
00001189  SysCtlAltClkConfig                
000008d5  SysCtlClockFreqSet                
00000d79  SysCtlClockGet                    
0000116d  SysCtlClockOutConfig              
00000ba9  SysCtlClockSet                    
000007d5  SysCtlDeepSleep                   
00000f3d  SysCtlDeepSleepClockConfigSet     
00000f1f  SysCtlDeepSleepClockSet           
000007b5  SysCtlDeepSleepPowerSet           
00005087  SysCtlDelay                       
00000363  SysCtlFlashSectorSizeGet          
00000337  SysCtlFlashSizeGet                
00001013  SysCtlGPIOAHBDisable              
00000ff7  SysCtlGPIOAHBEnable               
00000749  SysCtlIntClear                    
00000731  SysCtlIntDisable                  
0000071d  SysCtlIntEnable                   
000006f5  SysCtlIntRegister                 
00000759  SysCtlIntStatus                   
0000070d  SysCtlIntUnregister               
0000079b  SysCtlLDODeepSleepGet             
0000078b  SysCtlLDODeepSleepSet             
00000785  SysCtlLDOSleepGet                 
00000775  SysCtlLDOSleepSet                 
0000080b  SysCtlMOSCConfigSet               
00001151  SysCtlNMIClear                    
0000113d  SysCtlNMIStatus                   
00000821  SysCtlPIOSCCalibrate              
00000fe1  SysCtlPWMClockGet                 
00000fc7  SysCtlPWMClockSet                 
000006a1  SysCtlPeripheralClockGating       
00000659  SysCtlPeripheralDeepSleepDisable  
00000609  SysCtlPeripheralDeepSleepEnable   
00000545  SysCtlPeripheralDisable           
00000509  SysCtlPeripheralEnable            
00000445  SysCtlPeripheralPowerOff          
00000409  SysCtlPeripheralPowerOn           
00000389  SysCtlPeripheralPresent           
000003c9  SysCtlPeripheralReady             
00000481  SysCtlPeripheralReset             
000005cd  SysCtlPeripheralSleepDisable      
00000589  SysCtlPeripheralSleepEnable       
000007c5  SysCtlReset                       
00000881  SysCtlResetBehaviorGet            
00000871  SysCtlResetBehaviorSet            
000007f7  SysCtlResetCauseClear             
000007f1  SysCtlResetCauseGet               
0000032d  SysCtlSRAMSizeGet                 
000007cd  SysCtlSleep                       
000007a1  SysCtlSleepPowerSet               
0000103b  SysCtlUSBPLLDisable               
0000102f  SysCtlUSBPLLEnable                
00001081  SysCtlVCOGet                      
00001069  SysCtlVoltageEventClear           
0000104d  SysCtlVoltageEventConfig          
0000105d  SysCtlVoltageEventStatus          
00003e75  TimerADCEventGet                  
00003e63  TimerADCEventSet                  
00003b99  TimerClockSourceGet               
00003b6f  TimerClockSourceSet               
00003963  TimerConfigure                    
00003a83  TimerControlEvent                 
000039df  TimerControlLevel                 
00003aad  TimerControlStall                 
00003a15  TimerControlTrigger               
00003ae3  TimerControlWaitOnTrigger         
00003e95  TimerDMAEventGet                  
00003e83  TimerDMAEventSet                  
00003945  TimerDisable                      
00003927  TimerEnable                       
00003e3f  TimerIntClear                     
00003e09  TimerIntDisable                   
00003df1  TimerIntEnable                    
00003dab  TimerIntRegister                  
00003e21  TimerIntStatus                    
00003dd3  TimerIntUnregister                
00003c63  TimerLoadGet                      
00003c99  TimerLoadGet64                    
00003c39  TimerLoadSet                      
00003c7f  TimerLoadSet64                    
00003d43  TimerMatchGet                     
00003d79  TimerMatchGet64                   
00003d19  TimerMatchSet                     
00003d5f  TimerMatchSet64                   
00003bd3  TimerPrescaleGet                  
00003c1d  TimerPrescaleMatchGet             
00003bef  TimerPrescaleMatchSet             
00003ba9  TimerPrescaleSet                  
00003b59  TimerRTCDisable                   
00003b43  TimerRTCEnable                    
00003e51  TimerSynchronize                  
00003ea3  TimerUpdateMode                   
00003ccb  TimerValueGet                     
00003ce7  TimerValueGet64                   
000044c9  UART9BitAddrSend                  
000044a3  UART9BitAddrSet                   
0000448d  UART9BitDisable                   
00004477  UART9BitEnable                    
0000431b  UARTBreakCtl                      
00004345  UARTBusy                          
000042c3  UARTCharGet                       
000042a7  UARTCharGetNonBlocking            
000042fd  UARTCharPut                       
000042d9  UARTCharPutNonBlocking            
0000426b  UARTCharsAvail                    
00004467  UARTClockSourceGet                
00004453  UARTClockSourceSet                
0000403b  UARTConfigGetExpClk               
00003fc5  UARTConfigSetExpClk               
00004419  UARTDMADisable                    
00004401  UARTDMAEnable                     
000040ab  UARTDisable                       
0000412f  UARTDisableSIR                    
00004087  UARTEnable                        
00004101  UARTEnableSIR                     
000040eb  UARTFIFODisable                   
000040d5  UARTFIFOEnable                    
00003f9d  UARTFIFOLevelGet                  
00003f85  UARTFIFOLevelSet                  
0000422b  UARTFlowControlGet                
0000420f  UARTFlowControlSet                
000043ef  UARTIntClear                      
000043b9  UARTIntDisable                    
000043a1  UARTIntEnable                     
00004363  UARTIntRegister                   
000043d1  UARTIntStatus                     
00004381  UARTIntUnregister                 
00004511  UARTLoopbackEnable                
000041c5  UARTModemControlClear             
000041e9  UARTModemControlGet               
0000418d  UARTModemControlSet               
000041fb  UARTModemStatusGet                
00003f73  UARTParityModeGet                 
00003f57  UARTParityModeSet                 
00004443  UARTRxErrorClear                  
00004431  UARTRxErrorGet                    
00004177  UARTSmartCardDisable              
00004145  UARTSmartCardEnable               
00004289  UARTSpaceAvail                    
00004529  UARTStdioConfig                   
00004259  UARTTxIntModeGet                  
0000423d  UARTTxIntModeSet                  
00001245  UART_handler                      
0000466f  UARTgetc                          
000045b5  UARTgets                          
0000498f  UARTprintf                        
00004695  UARTvprintf                       
0000456f  UARTwrite                         
20000e00  __STACK_END                       
00000200  __STACK_SIZE                      
20000e00  __STACK_TOP                       
00005918  __TI_CINIT_Base                   
00005930  __TI_CINIT_Limit                  
000058f8  __TI_Handler_Table_Base           
00005904  __TI_Handler_Table_Limit          
00004f51  __TI_auto_init_nobinit_nopinit    
00004e9b  __TI_decompress_lzss              
00005061  __TI_decompress_none              
ffffffff  __TI_pprof_out_hndl               
ffffffff  __TI_prof_data_size               
ffffffff  __TI_prof_data_start              
00000000  __TI_static_base__                
0000506f  __TI_zero_init                    
00003ef7  __aeabi_idiv0                     
00003ef7  __aeabi_ldiv0                     
00004e21  __aeabi_memclr                    
00004e21  __aeabi_memclr4                   
00004e21  __aeabi_memclr8                   
00004d85  __aeabi_memcpy                    
00004d85  __aeabi_memcpy4                   
00004d85  __aeabi_memcpy8                   
00004e23  __aeabi_memset                    
00004e23  __aeabi_memset4                   
00004e23  __aeabi_memset8                   
00004f95  __aeabi_uidiv                     
00004f95  __aeabi_uidivmod                  
ffffffff  __binit__                         
ffffffff  __c_args__                        
UNDEFED   __mpu_init                        
20000c00  __stack                           
00005015  _c_int00_noargs                   
00005244  _ctypes_                          
UNDEFED   _system_post_cinit                
0000508d  _system_pre_init                  
00005091  abort                             
00001679  adc_init                          
00004f05  atoi                              
ffffffff  binit                             
20000e04  chiptemp                          
20000e10  data_1                            
20000e02  div1add                           
2000026c  final                             
20000e00  flg1                              
20000e01  flg2                              
00001bfd  foo                               
20000000  g_pfnRAMVectors                   
00000000  g_pfnVectors                      
0000179d  get_adc_data                      
00001ac5  interleaver                       
20000adc  interout                          
20000bfc  k                                 
00001de5  main                              
00001b5d  manchester                        
200008fc  manout                            
00004d85  memcpy                            
00004e29  memset                            
000011cd  power_on                          
20000bcc  pui32ADC0Value                    
20000bdc  pui32ADC1Value                    
20000bec  rbuf                              
00001d11  send_vlc_data                     
0000504d  strlen                            
00001a63  timer_init                        
00001a89  us_delay                          


GLOBAL SYMBOLS: SORTED BY Symbol Address 

address   name                              
-------   ----                              
00000000  __TI_static_base__                
00000000  g_pfnVectors                      
00000200  __STACK_SIZE                      
0000032d  SysCtlSRAMSizeGet                 
00000337  SysCtlFlashSizeGet                
00000363  SysCtlFlashSectorSizeGet          
00000389  SysCtlPeripheralPresent           
000003c9  SysCtlPeripheralReady             
00000409  SysCtlPeripheralPowerOn           
00000445  SysCtlPeripheralPowerOff          
00000481  SysCtlPeripheralReset             
00000509  SysCtlPeripheralEnable            
00000545  SysCtlPeripheralDisable           
00000589  SysCtlPeripheralSleepEnable       
000005cd  SysCtlPeripheralSleepDisable      
00000609  SysCtlPeripheralDeepSleepEnable   
00000659  SysCtlPeripheralDeepSleepDisable  
000006a1  SysCtlPeripheralClockGating       
000006f5  SysCtlIntRegister                 
0000070d  SysCtlIntUnregister               
0000071d  SysCtlIntEnable                   
00000731  SysCtlIntDisable                  
00000749  SysCtlIntClear                    
00000759  SysCtlIntStatus                   
00000775  SysCtlLDOSleepSet                 
00000785  SysCtlLDOSleepGet                 
0000078b  SysCtlLDODeepSleepSet             
0000079b  SysCtlLDODeepSleepGet             
000007a1  SysCtlSleepPowerSet               
000007b5  SysCtlDeepSleepPowerSet           
000007c5  SysCtlReset                       
000007cd  SysCtlSleep                       
000007d5  SysCtlDeepSleep                   
000007f1  SysCtlResetCauseGet               
000007f7  SysCtlResetCauseClear             
0000080b  SysCtlMOSCConfigSet               
00000821  SysCtlPIOSCCalibrate              
00000871  SysCtlResetBehaviorSet            
00000881  SysCtlResetBehaviorGet            
000008d5  SysCtlClockFreqSet                
00000ba9  SysCtlClockSet                    
00000d79  SysCtlClockGet                    
00000f1f  SysCtlDeepSleepClockSet           
00000f3d  SysCtlDeepSleepClockConfigSet     
00000fc7  SysCtlPWMClockSet                 
00000fe1  SysCtlPWMClockGet                 
00000ff7  SysCtlGPIOAHBEnable               
00001013  SysCtlGPIOAHBDisable              
0000102f  SysCtlUSBPLLEnable                
0000103b  SysCtlUSBPLLDisable               
0000104d  SysCtlVoltageEventConfig          
0000105d  SysCtlVoltageEventStatus          
00001069  SysCtlVoltageEventClear           
00001081  SysCtlVCOGet                      
0000113d  SysCtlNMIStatus                   
00001151  SysCtlNMIClear                    
0000116d  SysCtlClockOutConfig              
00001189  SysCtlAltClkConfig                
000011cd  power_on                          
00001245  UART_handler                      
000013eb  InitConsole_A                     
00001427  InitI2C0                          
00001489  I2CSend                           
00001575  I2CReceive                        
00001679  adc_init                          
0000179d  get_adc_data                      
00001811  LED_brightness                    
00001a29  LED_startup                       
00001a63  timer_init                        
00001a89  us_delay                          
00001ac5  interleaver                       
00001b5d  manchester                        
00001bfd  foo                               
00001d11  send_vlc_data                     
00001de5  main                              
00001f03  GPIODirModeSet                    
00001f5f  GPIODirModeGet                    
00001fab  GPIOIntTypeSet                    
0000204f  GPIOIntTypeGet                    
000020e5  GPIOPadConfigSet                  
0000231f  GPIOPadConfigGet                  
00002471  GPIOIntEnable                     
0000248b  GPIOIntDisable                    
000024a5  GPIOIntStatus                     
000024c7  GPIOIntClear                      
000024db  GPIOIntRegister                   
000024f9  GPIOIntUnregister                 
00002513  GPIOPinRead                       
0000252b  GPIOPinWrite                      
0000254b  GPIOPinTypeADC                    
0000256f  GPIOPinTypeCAN                    
00002593  GPIOPinTypeComparator             
000025b7  GPIOPinTypeComparatorOutput       
000025db  GPIOPinTypeDIVSCLK                
000025ff  GPIOPinTypeEPI                    
00002623  GPIOPinTypeEthernetLED            
00002647  GPIOPinTypeEthernetMII            
0000266b  GPIOPinTypeGPIOInput              
0000268f  GPIOPinTypeGPIOOutput             
000026b3  GPIOPinTypeGPIOOutputOD           
000026d7  GPIOPinTypeHibernateRTCCLK        
000026fb  GPIOPinTypeI2C                    
0000271f  GPIOPinTypeI2CSCL                 
00002743  GPIOPinTypeLCD                    
00002767  GPIOPinTypeOneWire                
0000278b  GPIOPinTypePWM                    
000027af  GPIOPinTypeQEI                    
000027d3  GPIOPinTypeSSI                    
000027f7  GPIOPinTypeTimer                  
0000281b  GPIOPinTypeTrace                  
0000283f  GPIOPinTypeUART                   
00002863  GPIOPinTypeUSBAnalog              
00002887  GPIOPinTypeUSBDigital             
000028ab  GPIOPinTypeWakeHigh               
000028d1  GPIOPinTypeWakeLow                
000028f7  GPIOPinWakeStatus                 
00002907  GPIOPinConfigure                  
00002965  GPIODMATriggerEnable              
00002983  GPIODMATriggerDisable             
000029a1  GPIOADCTriggerEnable              
000029bf  GPIOADCTriggerDisable             
00002a3f  ADCIntRegister                    
00002a67  ADCIntUnregister                  
00002a85  ADCIntDisable                     
00002aa1  ADCIntEnable                      
00002ac7  ADCIntStatus                      
00002b1f  ADCIntClear                       
00002b35  ADCSequenceEnable                 
00002b4f  ADCSequenceDisable                
00002b69  ADCSequenceConfigure              
00002c05  ADCSequenceStepConfigure          
00002cf3  ADCSequenceOverflow               
00002d0b  ADCSequenceOverflowClear          
00002d21  ADCSequenceUnderflow              
00002d39  ADCSequenceUnderflowClear         
00002d4f  ADCSequenceDataGet                
00002d91  ADCProcessorTrigger               
00002db5  ADCSoftwareOversampleConfigure    
00002df1  ADCSoftwareOversampleStepConfigure
00002eb1  ADCSoftwareOversampleDataGet      
00002f1f  ADCHardwareOversampleConfigure    
00002f51  ADCComparatorConfigure            
00002f6d  ADCComparatorRegionSet            
00002f91  ADCComparatorReset                
00002fd7  ADCComparatorIntDisable           
00002ff5  ADCComparatorIntEnable            
00003013  ADCComparatorIntStatus            
00003021  ADCComparatorIntClear             
00003033  ADCIntDisableEx                   
0000304b  ADCIntEnableEx                    
00003069  ADCIntStatusEx                    
0000309b  ADCIntClearEx                     
000030ad  ADCReferenceSet                   
000030c9  ADCReferenceGet                   
000030db  ADCPhaseDelaySet                  
000030ed  ADCPhaseDelayGet                  
000030fb  ADCSequenceDMAEnable              
00003117  ADCSequenceDMADisable             
00003133  ADCBusy                           
00003151  ADCClockConfigSet                 
0000317b  ADCClockConfigGet                 
0000321b  I2CMasterInitExpClk               
0000328d  I2CSlaveInit                      
000032a7  I2CSlaveAddressSet                
000032e5  I2CMasterEnable                   
000032fb  I2CSlaveEnable                    
00003319  I2CMasterDisable                  
0000332f  I2CSlaveDisable                   
0000334d  I2CIntRegister                    
0000336b  I2CIntUnregister                  
00003385  I2CMasterIntEnable                
00003395  I2CMasterIntEnableEx              
000033ad  I2CSlaveIntEnable                 
000033c5  I2CSlaveIntEnableEx               
000033df  I2CMasterIntDisable               
000033ef  I2CMasterIntDisableEx             
00003407  I2CSlaveIntDisable                
0000341f  I2CSlaveIntDisableEx              
00003439  I2CMasterIntStatus                
0000347d  I2CMasterIntStatusEx              
000034a9  I2CSlaveIntStatus                 
000034f1  I2CSlaveIntStatusEx               
00003513  I2CMasterIntClear                 
00003531  I2CMasterIntClearEx               
00003543  I2CSlaveIntClear                  
00003555  I2CSlaveIntClearEx                
00003569  I2CMasterSlaveAddrSet             
0000358b  I2CMasterLineStateGet             
00003599  I2CMasterBusy                     
000035b1  I2CMasterBusBusy                  
000035c9  I2CMasterControl                  
000035db  I2CMasterErr                      
00003607  I2CMasterDataPut                  
0000361d  I2CMasterDataGet                  
0000362b  I2CMasterTimeoutSet               
0000363d  I2CSlaveACKOverride               
0000366f  I2CSlaveACKValueSet               
000036a1  I2CSlaveStatus                    
000036b1  I2CSlaveDataPut                   
000036c9  I2CSlaveDataGet                   
000036d9  I2CTxFIFOConfigSet                
00003701  I2CTxFIFOFlush                    
00003719  I2CRxFIFOConfigSet                
00003741  I2CRxFIFOFlush                    
00003759  I2CFIFOStatus                     
00003769  I2CFIFODataPut                    
0000378b  I2CFIFODataPutNonBlocking         
000037b3  I2CFIFODataGet                    
000037cd  I2CFIFODataGetNonBlocking         
000037f3  I2CMasterBurstLengthSet           
00003809  I2CMasterBurstCountGet            
00003817  I2CMasterGlitchFilterConfigSet    
00003865  I2CSlaveFIFOEnable                
0000387d  I2CSlaveFIFODisable               
0000388f  I2CLoopbackEnable                 
00003927  TimerEnable                       
00003945  TimerDisable                      
00003963  TimerConfigure                    
000039df  TimerControlLevel                 
00003a15  TimerControlTrigger               
00003a83  TimerControlEvent                 
00003aad  TimerControlStall                 
00003ae3  TimerControlWaitOnTrigger         
00003b43  TimerRTCEnable                    
00003b59  TimerRTCDisable                   
00003b6f  TimerClockSourceSet               
00003b99  TimerClockSourceGet               
00003ba9  TimerPrescaleSet                  
00003bd3  TimerPrescaleGet                  
00003bef  TimerPrescaleMatchSet             
00003c1d  TimerPrescaleMatchGet             
00003c39  TimerLoadSet                      
00003c63  TimerLoadGet                      
00003c7f  TimerLoadSet64                    
00003c99  TimerLoadGet64                    
00003ccb  TimerValueGet                     
00003ce7  TimerValueGet64                   
00003d19  TimerMatchSet                     
00003d43  TimerMatchGet                     
00003d5f  TimerMatchSet64                   
00003d79  TimerMatchGet64                   
00003dab  TimerIntRegister                  
00003dd3  TimerIntUnregister                
00003df1  TimerIntEnable                    
00003e09  TimerIntDisable                   
00003e21  TimerIntStatus                    
00003e3f  TimerIntClear                     
00003e51  TimerSynchronize                  
00003e63  TimerADCEventSet                  
00003e75  TimerADCEventGet                  
00003e83  TimerDMAEventSet                  
00003e95  TimerDMAEventGet                  
00003ea3  TimerUpdateMode                   
00003ef7  __aeabi_idiv0                     
00003ef7  __aeabi_ldiv0                     
00003f57  UARTParityModeSet                 
00003f73  UARTParityModeGet                 
00003f85  UARTFIFOLevelSet                  
00003f9d  UARTFIFOLevelGet                  
00003fc5  UARTConfigSetExpClk               
0000403b  UARTConfigGetExpClk               
00004087  UARTEnable                        
000040ab  UARTDisable                       
000040d5  UARTFIFOEnable                    
000040eb  UARTFIFODisable                   
00004101  UARTEnableSIR                     
0000412f  UARTDisableSIR                    
00004145  UARTSmartCardEnable               
00004177  UARTSmartCardDisable              
0000418d  UARTModemControlSet               
000041c5  UARTModemControlClear             
000041e9  UARTModemControlGet               
000041fb  UARTModemStatusGet                
0000420f  UARTFlowControlSet                
0000422b  UARTFlowControlGet                
0000423d  UARTTxIntModeSet                  
00004259  UARTTxIntModeGet                  
0000426b  UARTCharsAvail                    
00004289  UARTSpaceAvail                    
000042a7  UARTCharGetNonBlocking            
000042c3  UARTCharGet                       
000042d9  UARTCharPutNonBlocking            
000042fd  UARTCharPut                       
0000431b  UARTBreakCtl                      
00004345  UARTBusy                          
00004363  UARTIntRegister                   
00004381  UARTIntUnregister                 
000043a1  UARTIntEnable                     
000043b9  UARTIntDisable                    
000043d1  UARTIntStatus                     
000043ef  UARTIntClear                      
00004401  UARTDMAEnable                     
00004419  UARTDMADisable                    
00004431  UARTRxErrorGet                    
00004443  UARTRxErrorClear                  
00004453  UARTClockSourceSet                
00004467  UARTClockSourceGet                
00004477  UART9BitEnable                    
0000448d  UART9BitDisable                   
000044a3  UART9BitAddrSet                   
000044c9  UART9BitAddrSend                  
00004511  UARTLoopbackEnable                
00004529  UARTStdioConfig                   
0000456f  UARTwrite                         
000045b5  UARTgets                          
0000466f  UARTgetc                          
00004695  UARTvprintf                       
0000498f  UARTprintf                        
000049c7  IntMasterEnable                   
000049d7  IntMasterDisable                  
000049e7  IntRegister                       
00004a39  IntUnregister                     
00004a4d  IntPriorityGroupingSet            
00004a67  IntPriorityGroupingGet            
00004a9f  IntPrioritySet                    
00004aef  IntPriorityGet                    
00004b13  IntEnable                         
00004b85  IntDisable                        
00004bf7  IntIsEnabled                      
00004c7d  IntPendSet                        
00004ced  IntPendClear                      
00004d3b  IntPriorityMaskSet                
00004d47  IntPriorityMaskGet                
00004d4f  IntTrigger                        
00004d85  __aeabi_memcpy                    
00004d85  __aeabi_memcpy4                   
00004d85  __aeabi_memcpy8                   
00004d85  memcpy                            
00004e21  __aeabi_memclr                    
00004e21  __aeabi_memclr4                   
00004e21  __aeabi_memclr8                   
00004e23  __aeabi_memset                    
00004e23  __aeabi_memset4                   
00004e23  __aeabi_memset8                   
00004e29  memset                            
00004e9b  __TI_decompress_lzss              
00004f05  atoi                              
00004f51  __TI_auto_init_nobinit_nopinit    
00004f95  __aeabi_uidiv                     
00004f95  __aeabi_uidivmod                  
00004fd5  CPUcpsid                          
00004fe1  CPUprimask                        
00004feb  CPUcpsie                          
00004ff7  CPUwfi                            
00004ffb  CPUbasepriSet                     
00005009  CPUbasepriGet                     
00005015  _c_int00_noargs                   
0000504d  strlen                            
00005061  __TI_decompress_none              
0000506f  __TI_zero_init                    
0000507b  ResetISR                          
00005087  SysCtlDelay                       
0000508d  _system_pre_init                  
00005091  C$$EXIT                           
00005091  abort                             
00005244  _ctypes_                          
000058f8  __TI_Handler_Table_Base           
00005904  __TI_Handler_Table_Limit          
00005918  __TI_CINIT_Base                   
00005930  __TI_CINIT_Limit                  
20000000  g_pfnRAMVectors                   
2000026c  final                             
200008fc  manout                            
20000adc  interout                          
20000bcc  pui32ADC0Value                    
20000bdc  pui32ADC1Value                    
20000bec  rbuf                              
20000bfc  k                                 
20000c00  __stack                           
20000e00  __STACK_END                       
20000e00  __STACK_TOP                       
20000e00  flg1                              
20000e01  flg2                              
20000e02  div1add                           
20000e04  chiptemp                          
20000e08  Period                            
20000e10  data_1                            
ffffffff  __TI_pprof_out_hndl               
ffffffff  __TI_prof_data_size               
ffffffff  __TI_prof_data_start              
ffffffff  __binit__                         
ffffffff  __c_args__                        
ffffffff  binit                             
UNDEFED   __mpu_init                        
UNDEFED   _system_post_cinit                

[385 symbols]
